main.c:638:13:draw_visualizer_front_base	32	static
main.c:644:13:draw_visualizer_prepare_front_buffers	8	static
main.c:1728:6:tmr1test	0	static
main.c:1022:13:midi_send_channel_panic	48	static
main.c:1683:13:app_shutdown	24	static
main.c:515:13:visualizer_draw_grid_full	48	static
main.c:394:13:visualizer_back_rect_logical.constprop	48	static
main.c:784:13:midi_tx_enqueue_urgent_bytes	40	static
main.c:892:13:midi_limiter_steal_note	56	static
main.c:1629:6:midi_player_update_us.part.0	72	static
main.c:1063:6:midi_send_gm_reset	16	static
main.c:1401:10:midi_player_get_duration_ms	48	static
main.c:1486:10:midi_player_get_duration_us	56	static
main.c:1571:6:midi_player_init	48	static
main.c:1624:6:midi_player_set_translator	0	static
main.c:1629:6:midi_player_update_us	0	static
main.c:1674:6:midi_player_update_50hz	0	static
main.c:1693:6:setup	56	static
main.c:1701:6:vbl_interrupt_handler	0	static
main.c:1718:6:vbl_counter	32	static
main.c:1751:5:main	192	static
