main.c:306:13:draw_visualizer_grid	24	static
main.c:375:13:draw_visualizer_keyboard	32	static
main.c:772:13:midi_send_channel_panic	48	static
main.c:1244:13:app_shutdown	8	static
main.c:642:13:midi_limiter_steal_note	56	static
main.c:534:13:midi_tx_enqueue_urgent_bytes	40	static
main.c:1191:6:midi_player_update_us.part.0	72	static
main.c:813:6:midi_send_gm_reset	16	static
main.c:1133:6:midi_player_init	48	static
main.c:1186:6:midi_player_set_translator	0	static
main.c:1191:6:midi_player_update_us	0	static
main.c:1235:6:midi_player_update_50hz	0	static
main.c:1251:6:setup	56	static
main.c:1259:6:vbl_interrupt_handler	0	static
main.c:1264:5:main	80	static
