main.c:592:13:draw_visualizer_front_base	32	static
main.c:1138:13:midi_translator_send_direct	16	static
main.c:1862:6:tmr1test	0	static
main.c:1161:13:midi_send_channel_panic	48	static
main.c:1208:13:midi_wait_for_startup_bytes	24	static
main.c:1781:13:app_shutdown.part.0	24	static
main.c:663:13:parse_translator_switch.part.0	16	static
main.c:829:13:read_translator_config_path	80	static
main.c:1197:13:midi_wait_for_synth_ready.part.0	16	static
main.c:889:13:write_translator_config.constprop	40	static
main.c:794:13:find_translator_arg.constprop	24	static
main.c:469:13:visualizer_draw_grid_full	48	static
main.c:348:13:visualizer_back_rect_logical.constprop	48	static
main.c:1132:13:midi_translator_send_queued	56	static
main.c:1730:6:midi_player_update_us.part.0	72	static
main.c:1176:6:midi_send_gm_reset	16	static
main.c:1502:10:midi_player_get_duration_ms	48	static
main.c:1587:10:midi_player_get_duration_us	56	static
main.c:1672:6:midi_player_init	48	static
main.c:1725:6:midi_player_set_translator	0	static
main.c:1730:6:midi_player_update_us	0	static
main.c:1775:6:midi_player_update_50hz	0	static
main.c:1827:6:setup	32	static
main.c:1835:6:vbl_interrupt_handler	0	static
main.c:1852:6:vbl_counter	32	static
main.c:1885:5:main	224	static
