main.c:374:16:midi_effective_velocity	16	static
main.c:1758:13:the50hzISR	8	static
main.c:1124:13:ui_select_program_delta	16	static
main.c:818:13:ui_box.constprop	32	static
main.c:826:13:ui_button_draw	88	static
main.c:859:13:ui_panel	32	static
main.c:408:13:midi_update_all_active_volume	24	static
main.c:826:13:ui_button_draw.constprop	56	static
main.c:1372:13:ui_draw_home	144	static
main.c:552:13:midi_process_events	48	static
main.c:1619:13:ui_redraw_backbuffer	168	static
main.c:281:13:midi_rx_byte	24	static
main.c:1771:5:main	296	static
