main.c:484:13:midi_out_packet3	16	static
main.c:672:16:sid_find_voice_source	16	static
main.c:704:16:midi_effective_velocity	20	static
main.c:891:17:seq_beat_ticks	0	static
main.c:1452:16:midi_channel_active_count	8	static
main.c:1560:13:ui_box	32	static
main.c:1750:13:ui_panel	32	static
main.c:1759:13:ui_value_bar	32	static
main.c:1831:16:vm_program_length	0	static
main.c:1853:13:ui_clamp_vm_scroll	8	static
main.c:1867:13:ui_scroll_vm	16	static
main.c:1993:13:ui_vm_editor_field_delta	0	static
main.c:2724:13:ui_draw_cursor	32	static
main.c:3921:17:ui_hash_step	0	static
main.c:2082:13:ui_vm_editor_clear_ram_patch	8	static
main.c:845:13:sid_midi_all_notes_off_event	24	static
main.c:1285:13:midi_process_ui_requests	16	static
main.c:858:13:sid_midi_all_notes_off_source	24	static
main.c:729:13:midi_update_active_channel_volume	24	static
main.c:738:13:midi_update_all_active_volume	16	static
main.c:1493:13:midi_set_global_gain	0	static
main.c:1549:13:ui_set_status	8	static
main.c:2142:16:ui_name_has_ext	24	static
main.c:2169:16:ui_file_kind_from_name	8	static
main.c:2532:13:ui_keyboard_move_caret	16	static
main.c:2426:13:ui_file_refresh	120	static
main.c:503:13:seq_midi_out_note_off	0	static
main.c:512:13:seq_midi_out_all_notes_off	8	static
main.c:873:13:sid_midi_all_notes_off	16	static
main.c:916:13:seq_stop_playback_notes	8	static
main.c:1053:13:seq_stop_transport	16	static
main.c:549:13:midi_queue_event	20	static
main.c:748:13:ui_note_channel_used	8	static
main.c:766:13:sid_midi_note_on_program_source	32	static
main.c:1172:13:sid_midi_pitch_bend_event	24	static
main.c:1882:13:ui_vm_editor_clamp_selection	8	static
main.c:2008:13:ui_vm_editor_adjust	8	static
main.c:4244:13:the50hzISR	24	static
main.c:813:13:sid_midi_note_off_source	24	static
main.c:2122:16:ui_project_ensure_dir	24	static
main.c:2745:13:ui_select_program_delta	4	static
main.c:2297:16:ui_project_save_path.constprop	56	static
main.c:2259:16:ui_program_save_path.constprop	40	static
main.c:2180:13:ui_file_make_path.constprop	24	static
main.c:2548:13:ui_keyboard_commit_save	24	static
main.c:2571:13:ui_load_selected_file	48	static
main.c:1601:13:ui_event_push.constprop	12	static
main.c:609:13:midi_rx_byte	16	static
main.c:1590:27:ui_button_hit	20	static
main.c:898:17:seq_grid_ticks	8	static
main.c:906:17:seq_quantize_tick	8	static
main.c:1148:13:seq_set_position_from_drag	8	static
main.c:1238:13:midi_process_events	56	static
main.c:925:13:seq_metronome_click	24	static
main.c:1068:13:seq_update_transport	56	static
main.c:1039:13:seq_begin_count_in	8	static
main.c:1658:13:ui_create_button	80	static
main.c:3404:13:ui_draw_home	152	static
main.c:4006:13:ui_redraw_backbuffer	184	static
main.c:4262:5:main	184	static
