sid_app_runtime.inc:1:13:midi_out_packet3	16	static
sid_app_runtime.inc:11:13:seq_midi_out_note_on	0	static
sid_app_runtime.inc:274:16:sid_find_voice_source	16	static
sid_app_runtime.inc:306:16:midi_effective_velocity	20	static
sid_app_runtime.inc:493:17:seq_beat_ticks	0	static
sid_app_runtime.inc:543:17:seq_note_end_tick	0	static
sid_app_runtime.inc:548:12:seq_order_compare_start	8	static
sid_app_runtime.inc:562:12:seq_order_compare_end	16	static
sid_app_runtime.inc:576:13:seq_playback_mark_dirty	0	static
sid_app_runtime.inc:938:13:seq_set_bpm	0	static
sid_app_ui_base.inc:51:16:midi_channel_active_count	8	static
sid_app_ui_base.inc:159:13:ui_box	32	static
sid_app_ui_base.inc:172:13:ui_button_register	16	static
sid_app_ui_base.inc:347:13:ui_panel	32	static
sid_app_ui_base.inc:356:13:ui_value_bar	32	static
sid_app_ui_base.inc:428:16:vm_program_length	0	static
sid_app_ui_base.inc:450:13:ui_clamp_vm_scroll	8	static
sid_app_ui_base.inc:464:13:ui_scroll_vm	16	static
sid_app_storage.inc:471:17:ui_seq_tick_to_midi_tick	16	static
sid_app_storage.inc:484:17:ui_seq_note_end_midi_tick	16	static
sid_app_storage.inc:534:16:ui_midi_find_next_time	48	static
sid_app_storage.inc:673:17:ui_midi_import_tick_to_seq	16	static
sid_app_storage.inc:766:13:ui_midi_import_close_open_notes	24	static
sid_app_input.inc:131:13:ui_draw_cursor	48	static
sid_app_draw.inc:623:17:ui_hash_step	0	static
sid_app_runtime.inc:119:13:seq_clear_note_storage	8	static
sid_app_ui_base.inc:679:13:ui_vm_editor_clear_ram_patch	8	static
sid_app_runtime.inc:62:16:seq_reserve_notes	48	static
sid_app_ui_base.inc:148:13:ui_set_status	8	static
sid_app_storage.inc:1193:13:ui_file_add_entry	16	static
sid_app_draw.inc:945:13:ui_draw_seq_overlay	104	static
sid_app_runtime.inc:447:13:sid_midi_all_notes_off_event	24	static
sid_app_runtime.inc:1059:13:midi_process_ui_requests	16	static
sid_app_runtime.inc:460:13:sid_midi_all_notes_off_source	24	static
sid_app_runtime.inc:331:13:midi_update_active_channel_volume	24	static
sid_app_runtime.inc:340:13:midi_update_all_active_volume	16	static
sid_app_ui_base.inc:92:13:midi_set_global_gain	0	static
sid_app_runtime.inc:642:16:seq_playback_sync	24	static
sid_app_storage.inc:29:16:ui_name_has_ext	24	static
sid_app_storage.inc:1360:13:ui_keyboard_move_caret	16	static
sid_app_runtime.inc:20:13:seq_midi_out_program	16	static
sid_app_runtime.inc:33:13:seq_midi_out_note_off	0	static
sid_app_runtime.inc:42:13:seq_midi_out_all_notes_off	8	static
sid_app_runtime.inc:475:13:sid_midi_all_notes_off	16	static
sid_app_runtime.inc:518:13:seq_stop_playback_notes	8	static
sid_app_runtime.inc:819:13:seq_stop_transport	16	static
sid_app_runtime.inc:151:13:midi_queue_event	20	static
sid_app_runtime.inc:350:13:ui_note_channel_used	8	static
sid_app_runtime.inc:368:13:sid_midi_note_on_program_source	32	static
sid_app_runtime.inc:527:13:seq_metronome_click	24	static
sid_app_runtime.inc:804:13:seq_begin_count_in	16	static
sid_app_runtime.inc:946:13:sid_midi_pitch_bend_event	24	static
sid_app_ui_base.inc:479:13:ui_vm_editor_clamp_selection	8	static
sid_app_ui_base.inc:605:13:ui_vm_editor_adjust	8	static
sid_app_storage.inc:715:13:ui_midi_import_note_off.part.0	32	static
sid_app_draw.inc:1028:13:flip_front_buffer	4	static
sid_app_storage.inc:353:13:ui_midi_import_progress_add	96	static
main.c:574:13:the50hzISR	24	static
sid_app_storage.inc:1:16:ui_project_ensure_dir	24	static
sid_app_input.inc:161:13:ui_select_program_delta	4	static
sid_app_runtime.inc:415:13:sid_midi_note_off_source	24	static
sid_app_runtime.inc:835:13:seq_update_transport	72	static
sid_app_storage.inc:409:16:ui_file_read_exact.constprop	24	static
sid_app_storage.inc:431:16:ui_file_read_be16.constprop	16	static
sid_app_storage.inc:442:16:ui_file_read_be32.constprop	16	static
sid_app_storage.inc:456:16:ui_file_skip.constprop	48	static
sid_app_storage.inc:305:16:ui_file_write_exact.constprop	32	static
sid_app_storage.inc:318:16:ui_file_write_u8.constprop	16	static
sid_app_storage.inc:492:16:ui_midi_write_varlen.constprop	24	static
sid_app_storage.inc:515:16:ui_midi_write_channel_event.constprop	24	static
sid_app_storage.inc:342:16:ui_file_write_be32.constprop	16	static
sid_app_storage.inc:267:16:ui_song_save_path.constprop	40	static
sid_app_storage.inc:226:16:ui_project_save_path.constprop	56	static
sid_app_storage.inc:188:16:ui_program_save_path.constprop	40	static
sid_app_ui_base.inc:200:13:ui_event_push.constprop	12	static
sid_app_runtime.inc:211:13:midi_rx_byte	16	static
sid_app_ui_base.inc:189:27:ui_button_hit	20	static
sid_app_storage.inc:685:16:ui_midi_read_varlen.constprop	24	static
sid_app_runtime.inc:500:17:seq_grid_ticks	8	static
sid_app_runtime.inc:508:17:seq_quantize_tick	8	static
sid_app_runtime.inc:1012:13:midi_process_events	56	static
sid_app_runtime.inc:920:13:seq_set_position_from_drag	8	static
sid_app_storage.inc:78:13:ui_file_make_path.constprop	32	static
sid_app_storage.inc:1217:13:ui_file_refresh	136	static
sid_app_ui_base.inc:256:13:ui_create_button	80	static
sid_app_draw.inc:28:13:ui_draw_home	152	static
sid_app_draw.inc:375:13:ui_draw_confirm_modal.part.0	32	static
sid_app_draw.inc:570:13:ui_draw_dialog	112	static
sid_app_draw.inc:274:13:ui_draw_seq	168	static
sid_app_draw.inc:715:13:ui_redraw_backbuffer	176	static
sid_app_storage.inc:1401:13:ui_load_selected_file	176	static
sid_app_storage.inc:563:16:ui_midi_export_path.constprop	88	static
sid_app_storage.inc:1376:13:ui_keyboard_commit_save	24	static
main.c:592:5:main	240	static
