main.c:416:16:midi_effective_velocity	16	static
main.c:441:13:midi_update_active_channel_volume	16	static
main.c:2292:13:the50hzISR	8	static
main.c:1455:13:ui_select_program_delta	16	static
main.c:898:13:ui_box.constprop	32	static
main.c:906:13:ui_button_draw.constprop	80	static
main.c:906:13:ui_button_draw	88	static
main.c:973:13:ui_panel	32	static
main.c:1821:13:ui_draw_home	144	static
main.c:450:13:midi_update_all_active_volume	24	static
main.c:617:13:midi_process_events	56	static
main.c:1104:13:ui_vm_editor_clamp_selection	8	static
main.c:1230:13:ui_vm_editor_adjust	8	static
main.c:2163:13:ui_redraw_backbuffer	184	static
main.c:323:13:midi_rx_byte	24	static
main.c:2309:5:main	200	static
