syscalls.c:62:5:ExitCode	0	static
syscalls.c:92:6:doPrintTest	0	static
syscalls.c:96:6:doWriteTest	0	static
syscalls.c:104:6:initMalloc	0	static
syscalls.c:116:5:applet_entry	16	static
syscalls.c:124:5:_write	24	static
syscalls.c:142:5:_write_r	16	static
syscalls.c:147:5:_read	8	static
syscalls.c:152:5:_close	0	static
syscalls.c:156:5:_fstat	0	static
syscalls.c:161:5:_lseek	0	static
syscalls.c:176:7:_sbrk	8	static
syscalls.c:202:7:_sbrk_r	8	static
syscalls.c:210:5:_isatty	0	static
unistd.h:18:6:_exit	0	static
syscalls.c:219:5:_getpid	0	static
syscalls.c:223:5:_kill	0	static
