sb3dentity.c:2238:16:sb3dPointInTriangle3D	88	static
sb3dentity.c:2007:13:sb3dBuildWorldVertsCache.isra.0	0	static
sb3dentity.c:2036:13:sb3dBuildTriBoundsCache.isra.0	12	static
sb3dentity.c:2061:13:sb3dBuildMeshBoundsFromTriBounds	16	static
sb3dentity.c:260:6:normalizeEntity.part.0	8	static
sb3dentity.c:310:6:entityRotation.part.0	80	static
sb3dentity.c:2203:16:sb3dSegmentTriangleHit	88	static
sb3dentity.c:1315:5:entityCollisionTestSphereMeshDetailed.part.0	352	static
sb3dentity.c:11:5:entityIdValid	0	static
sb3dentity.c:20:6:freeMesh	8	static
sb3dentity.c:52:6:entityLocalToWorld	48	static
sb3dentity.c:65:7:meshComputeBoundsRadius	0	static
sb3dentity.c:86:5:entityWorldSpawn	40	static
sb3dentity.c:111:6:entityWorldDestroy	8	static
sb3dentity.c:131:6:entitySetPosition	24	static
sb3dentity.c:139:6:entitySetPositionAbs	24	static
sb3dentity.c:145:6:entityMove	24	static
sb3dentity.c:152:6:entityGetPosition	32	static
sb3dentity.c:161:6:entityGetForward	32	static
sb3dentity.c:169:6:entityGetRight	32	static
sb3dentity.c:178:6:entityGetUp	32	static
sb3dentity.c:188:6:entityMoveForward	24	static
sb3dentity.c:199:6:entityMoveRight	24	static
sb3dentity.c:209:6:entityMoveUp	24	static
sb3dentity.c:222:6:entityColour	0	static
sb3dentity.c:233:6:meshColour	0	static
sb3dentity.c:242:6:entityColourFace	0	static
sb3dentity.c:252:6:meshColourFace	0	static
sb3dentity.c:260:6:normalizeEntity	0	static
sb3dentity.c:274:6:entityResetAxes	0	static
sb3dentity.c:284:6:entityTurnLocal	24	static
sb3dentity.c:310:6:entityRotation	0	static
sb3dentity.c:383:6:entityTurnGlobal	64	static
sb3dentity.c:416:6:createBox	440	static
sb3dentity.c:479:6:createSphere	192	static
sb3dentity.c:524:6:createPlane	168	static
sb3dentity.c:578:6:createCylinder	168	static
sb3dentity.c:661:6:createCone	168	static
sb3dentity.c:721:6:createPyramid	144	static
sb3dentity.c:769:6:createTorus	192	static
sb3dentity.c:820:6:meshSetVertex	24	static
sb3dentity.c:828:6:meshOffsetVertex	24	static
sb3dentity.c:836:6:meshGetVertex	32	static
sb3dentity.c:845:6:meshSetVertexRecalc	32	static
sb3dentity.c:854:6:meshOffsetVertexRecalc	32	static
sb3dentity.c:863:6:meshResetFromSource	20	static
sb3dentity.c:882:6:meshDeformWaveY	72	static
sb3dentity.c:895:6:meshDeformWavePlaneY	48	static
sb3dentity.c:918:6:copyMesh	48	static
sb3dentity.c:963:6:entityFollowCameraXZ	4	static
sb3dentity.c:983:6:entityLookAt	64	static
sb3dentity.c:1028:6:positionLookAt	80	static
sb3dentity.c:1065:6:entityLookAtPosition	80	static
sb3dentity.c:1098:6:entitySetBasis	40	static
sb3dentity.c:1163:6:entityAlignToHit	16	static
sb3dentity.c:1179:6:entityAllowHit	0	static
sb3dentity.c:1188:6:entityVisible	0	static
sb3dentity.c:1198:6:entityEnableCollision	0	static
sb3dentity.c:1211:6:entitySetCollisionType	0	static
sb3dentity.c:1220:6:entitySetCollisionRadius	0	static
sb3dentity.c:1231:6:entitySetCollisionHalfSize	16	static
sb3dentity.c:1315:5:entityCollisionTestSphereMeshDetailed	16	static
sb3dentity.c:1450:5:entityCollisionTestSphereMesh	24	static
sb3dentity.c:1457:5:entityCollisionTestSphereSphere	16	static
sb3dentity.c:1490:5:entityCollisionTestAABBAABB	16	static
sb3dentity.c:1542:5:entityCollisionTestSphereAABB	16	static
sb3dentity.c:1599:5:entityCollisionTest	24	static
sb3dentity.c:1653:5:entityCollision	40	static
sb3dentity.c:1684:5:entityMoveWithCollision	192	static
sb3dentity.c:2350:9:entityIntersectTest	424	static
sb3dentity.c:2562:9:entitySweepRaycastTest	64	static
sb3dentity.c:2749:6:entityMoveTowardsPosition	24	static
sb3dentity.c:2788:6:entityMoveTowardsEntity	16	static
sb3dentity.c:2798:7:entityDistanceToPosition	16	static
sb3dentity.c:2811:7:entityDistanceToEntity	0	static
sb3dentity.c:2826:9:entityHasLineOfSightToPosition	120	static
sb3dentity.c:2908:9:entityHasLineOfSightToEntity	104	static
sb3dentity.c:3000:6:meshScale	16	static
sb3dentity.c:3015:6:meshRecalcBounds	0	static
sb3dentity.c:3021:6:meshAnchorToBounds	32	static
sb3dentity.c:3076:6:meshTranslate	16	static
sb3dentity.c:3093:6:entityTranslate	32	static
sb3dentity.c:3130:6:meshSeparateTriangles	72	static
sb3dentity.c:3180:6:refaceMesh	32	static
sb3dentity.c:3209:6:entityMatchOrientation	12	static
sb3dentity.c:3225:6:entityMatchOrientationCamera	12	static
