sb3drender.c:1811:12:sb3d_clipLineToScreen	48	static
sb3drender.c:3401:16:sb3dPointInTriangle3D	88	static
sb3drender.c:3267:13:sb3dBuildWorldVertsCache.isra.0	0	static
sb3drender.c:3296:13:sb3dBuildTriBoundsCache.isra.0	12	static
sb3drender.c:3321:13:sb3dBuildMeshBoundsFromTriBounds	16	static
sb3drender.c:3366:16:sb3dSegmentTriangleHit	88	static
sb3drender.c:60:6:setDefaultRenderMode	0	static
sb3drender.c:69:6:enableFlatMode	0	static
sb3drender.c:70:6:enableTwoShade	0	static
sb3drender.c:71:6:enableWireFrame	0	static
sb3drender.c:164:6:initClipScratch	8	static
sb3drender.c:174:5:clipTriangleToFrustum	64	static
sb3drender.c:425:6:submitClippedTri	96	static
sb3drender.c:494:5:projectPoint	16	static
sb3drender.c:507:5:clipLineToNearPlane	0	static
sb3drender.c:528:6:resetRenderList	0	static
sb3drender.c:577:5:getRenderTriCount	0	static
sb3drender.c:593:6:drawFakeHorizonDots	120	static
sb3drender.c:686:6:drawFakeSkyDots	120	static
sb3drender.c:764:6:drawFakeHorizonTex	200	static
sb3drender.c:1201:6:drawFakeHorizonSkyTex	176	static
sb3drender.c:1519:6:drawFakeHorizonGroundTex	128	static
sb3drender.c:1715:6:drawFakeHorizon	104	static
sb3drender.c:1866:6:drawFakeHorizonGrid	216	static
sb3drender.c:2250:6:submitEntitySolid	336	static
sb3drender.c:563:6:submitWorldEntities	16	static
sb3drender.c:2104:6:Render3D	72	static
sb3drender.c:2712:6:drawWorldLine	160	static
sb3drender.c:2726:6:drawEntity	56	static
sb3drender.c:2738:6:drawEntitySolid	0	static
sb3drender.c:3018:5:sb3dRaycastWorld	120	static
sb3drender.c:3185:5:sb3dRaycastFromCamera	0	static
sb3drender.c:3513:9:entityIntersectTest	424	static
sb3drender.c:3736:9:entitySweepRaycastTest	168	static
