sb3dentity.c:2228:16:sb3dPointInTriangle3D	88	static
sb3dentity.c:1997:13:sb3dBuildWorldVertsCache.isra.0	0	static
sb3dentity.c:2026:13:sb3dBuildTriBoundsCache.isra.0	12	static
sb3dentity.c:2051:13:sb3dBuildMeshBoundsFromTriBounds	16	static
sb3dentity.c:2193:16:sb3dSegmentTriangleHit	88	static
sb3dentity.c:328:6:entityRotation.part.0	80	static
sb3dentity.c:1305:5:entityCollisionTestSphereMeshDetailed.part.0	352	static
sb3dentity.c:11:5:entityIdValid	0	static
sb3dentity.c:20:6:freeMesh	8	static
sb3dentity.c:52:6:entityLocalToWorld	48	static
sb3dentity.c:65:7:meshComputeBoundsRadius	0	static
sb3dentity.c:86:5:entityWorldSpawn	40	static
sb3dentity.c:111:6:entityWorldDestroy	8	static
sb3dentity.c:131:6:entitySetPosition	24	static
sb3dentity.c:139:6:entitySetPositionAbs	24	static
sb3dentity.c:145:6:entityMove	24	static
sb3dentity.c:152:6:entityGetPosition	32	static
sb3dentity.c:161:6:entityGetForward	32	static
sb3dentity.c:169:6:entityGetRight	32	static
sb3dentity.c:178:6:entityGetUp	32	static
sb3dentity.c:188:6:entityMoveForward	24	static
sb3dentity.c:199:6:entityMoveRight	24	static
sb3dentity.c:209:6:entityMoveUp	24	static
sb3dentity.c:222:6:entityColour	0	static
sb3dentity.c:233:6:meshColour	0	static
sb3dentity.c:242:6:entityColourFace	0	static
sb3dentity.c:252:6:meshColourFace	0	static
sb3dentity.c:286:6:entityTurn	72	static
sb3dentity.c:328:6:entityRotation	0	static
sb3dentity.c:404:6:createBox	440	static
sb3dentity.c:467:6:createSphere	192	static
sb3dentity.c:512:6:createPlane	168	static
sb3dentity.c:566:6:createCylinder	168	static
sb3dentity.c:649:6:createCone	168	static
sb3dentity.c:709:6:createPyramid	144	static
sb3dentity.c:757:6:createTorus	192	static
sb3dentity.c:808:6:meshSetVertex	24	static
sb3dentity.c:816:6:meshOffsetVertex	24	static
sb3dentity.c:824:6:meshGetVertex	32	static
sb3dentity.c:833:6:meshSetVertexRecalc	32	static
sb3dentity.c:842:6:meshOffsetVertexRecalc	32	static
sb3dentity.c:851:6:meshResetFromSource	20	static
sb3dentity.c:870:6:meshDeformWaveY	72	static
sb3dentity.c:883:6:meshDeformWavePlaneY	48	static
sb3dentity.c:906:6:copyMesh	48	static
sb3dentity.c:972:6:entityLookAtEntity	64	static
sb3dentity.c:1017:6:LookAtPointToPoint	80	static
sb3dentity.c:1054:6:entityLookAtPosition	80	static
sb3dentity.c:1153:6:entityAlignToHit	24	static
sb3dentity.c:1169:6:entityAllowHit	0	static
sb3dentity.c:1178:6:entityVisible	0	static
sb3dentity.c:1188:6:entityEnableCollision	0	static
sb3dentity.c:1201:6:entitySetCollisionType	0	static
sb3dentity.c:1210:6:entitySetCollisionRadius	0	static
sb3dentity.c:1221:6:entitySetCollisionHalfSize	16	static
sb3dentity.c:1305:5:entityCollisionTestSphereMeshDetailed	16	static
sb3dentity.c:1440:5:entityCollisionTestSphereMesh	24	static
sb3dentity.c:1447:5:entityCollisionTestSphereSphere	16	static
sb3dentity.c:1480:5:entityCollisionTestAABBAABB	16	static
sb3dentity.c:1532:5:entityCollisionTestSphereAABB	16	static
sb3dentity.c:1589:5:entityCollisionTest	24	static
sb3dentity.c:1643:5:entityCollision	40	static
sb3dentity.c:1674:5:entityMoveWithCollision	192	static
sb3dentity.c:2340:9:entityIntersectTest	424	static
sb3dentity.c:2552:9:entitySweepRaycastTest	64	static
sb3dentity.c:2739:6:entityMoveTowardsPosition	24	static
sb3dentity.c:2778:6:entityMoveTowardsEntity	16	static
sb3dentity.c:2788:7:entityDistanceToPosition	16	static
sb3dentity.c:2801:7:entityDistanceToEntity	0	static
sb3dentity.c:2816:9:entityHasLineOfSightToPosition	120	static
sb3dentity.c:2898:9:entityHasLineOfSightToEntity	104	static
sb3dentity.c:2990:6:meshScale	16	static
sb3dentity.c:3005:6:meshRecalcBounds	0	static
sb3dentity.c:3011:6:meshAnchorToBounds	32	static
sb3dentity.c:3066:6:meshTranslate	16	static
sb3dentity.c:3083:6:entityTranslate	32	static
sb3dentity.c:3120:6:meshSeparateTriangles	72	static
sb3dentity.c:3170:6:refaceMesh	32	static
sb3dentity.c:3199:6:entityMatchOrientation	12	static
sb3dentity.c:3215:6:entityMatchOrientationCamera	12	static
