sb3dentity.c:2211:16:sb3dPointInTriangle3D	88	static
sb3dentity.c:1980:13:sb3dBuildWorldVertsCache.isra.0	0	static
sb3dentity.c:2009:13:sb3dBuildTriBoundsCache.isra.0	12	static
sb3dentity.c:2034:13:sb3dBuildMeshBoundsFromTriBounds	16	static
sb3dentity.c:233:6:normalizeEntity.part.0	8	static
sb3dentity.c:283:6:entityRotation.part.0	80	static
sb3dentity.c:2176:16:sb3dSegmentTriangleHit	88	static
sb3dentity.c:1288:5:entityCollisionTestSphereMeshDetailed.part.0	352	static
sb3dentity.c:11:5:entityIdValid	0	static
sb3dentity.c:35:6:entityLocalToWorld	48	static
sb3dentity.c:48:7:meshComputeBoundsRadius	0	static
sb3dentity.c:69:5:entityWorldSpawn	40	static
sb3dentity.c:97:6:entityWorldDestroy	8	static
sb3dentity.c:117:6:entitySetPosition	24	static
sb3dentity.c:124:6:entityMove	24	static
sb3dentity.c:131:6:entityGetPosition	32	static
sb3dentity.c:140:6:entityGetForward	32	static
sb3dentity.c:148:6:entityGetRight	32	static
sb3dentity.c:157:6:entityGetUp	32	static
sb3dentity.c:167:6:entityMoveForward	24	static
sb3dentity.c:178:6:entityMoveRight	24	static
sb3dentity.c:188:6:entityMoveUp	24	static
sb3dentity.c:201:6:entityColour	0	static
sb3dentity.c:212:6:meshColour	0	static
sb3dentity.c:221:6:entityColourFace	0	static
sb3dentity.c:233:6:normalizeEntity	0	static
sb3dentity.c:247:6:entityResetAxes	0	static
sb3dentity.c:257:6:entityTurnLocal	24	static
sb3dentity.c:283:6:entityRotation	0	static
sb3dentity.c:356:6:entityTurnGlobal	64	static
sb3dentity.c:389:6:createBox	440	static
sb3dentity.c:452:6:createSphere	192	static
sb3dentity.c:497:6:createPlane	168	static
sb3dentity.c:551:6:createCylinder	168	static
sb3dentity.c:634:6:createCone	168	static
sb3dentity.c:694:6:createPyramid	144	static
sb3dentity.c:742:6:createTorus	192	static
sb3dentity.c:793:6:meshSetVertex	24	static
sb3dentity.c:801:6:meshOffsetVertex	24	static
sb3dentity.c:809:6:meshGetVertex	32	static
sb3dentity.c:818:6:meshSetVertexRecalc	32	static
sb3dentity.c:827:6:meshOffsetVertexRecalc	32	static
sb3dentity.c:836:6:meshResetFromSource	20	static
sb3dentity.c:855:6:meshDeformWaveY	72	static
sb3dentity.c:868:6:meshDeformWavePlaneY	48	static
sb3dentity.c:891:6:copyMesh	48	static
sb3dentity.c:936:6:entityFollowCameraXZ	4	static
sb3dentity.c:956:6:entityLookAt	64	static
sb3dentity.c:1001:6:positionLookAt	80	static
sb3dentity.c:1038:6:entityLookAtPosition	80	static
sb3dentity.c:1071:6:entitySetBasis	40	static
sb3dentity.c:1136:6:entityAlignToHit	16	static
sb3dentity.c:1152:6:entityAllowHit	0	static
sb3dentity.c:1161:6:entityVisible	0	static
sb3dentity.c:1171:6:entityEnableCollision	0	static
sb3dentity.c:1184:6:entitySetCollisionType	0	static
sb3dentity.c:1193:6:entitySetCollisionRadius	0	static
sb3dentity.c:1204:6:entitySetCollisionHalfSize	16	static
sb3dentity.c:1288:5:entityCollisionTestSphereMeshDetailed	16	static
sb3dentity.c:1423:5:entityCollisionTestSphereMesh	24	static
sb3dentity.c:1430:5:entityCollisionTestSphereSphere	16	static
sb3dentity.c:1463:5:entityCollisionTestAABBAABB	16	static
sb3dentity.c:1515:5:entityCollisionTestSphereAABB	16	static
sb3dentity.c:1572:5:entityCollisionTest	24	static
sb3dentity.c:1626:5:entityCollision	40	static
sb3dentity.c:1657:5:entityMoveWithCollision	192	static
sb3dentity.c:2323:9:entityIntersectTest	424	static
sb3dentity.c:2535:9:entitySweepRaycastTest	64	static
