sb3dgfx.c:39:6:initDepthBandMem	8	static
sb3dgfx.c:43:6:beginDepthBand	0	static
sb3dgfx.c:59:5:getDepthBandY0	0	static
sb3dgfx.c:64:5:getDepthBandY1	0	static
sb3dgfx.c:70:6:set3DRenderBuffer	0	static
sb3dgfx.c:94:6:putPixel	0	static
sb3dgfx.c:101:6:drawLine	56	static
sb3dgfx.c:151:6:resetRand	0	static
sb3dgfx.c:161:9:shadeColor	0	static
sb3dgfx.c:231:6:fillTriangleFlat	152	static
sb3dgfx.c:589:6:fillTriangleDitherBayer	184	static
sb3dgfx.c:1003:6:fillTriangleDitherBayerT	184	static
sb3dgfx.c:1456:6:fillTriangleDitherBayer2Mode	168	static
