sb3dentity.c:1226:13:closestPointOnTriangle	216	static
sb3dentity.c:219:6:normalizeEntity.part.0	8	static
sb3dentity.c:269:6:entityRotation.part.0	80	static
sb3dentity.c:11:5:entityIdValid	0	static
sb3dentity.c:22:6:entityLocalToWorld	88	static
sb3dentity.c:1280:5:entityCollisionTestSphereMeshDetailed.part.0	160	static
sb3dentity.c:34:7:meshComputeBoundsRadius	0	static
sb3dentity.c:55:5:entityWorldSpawn	40	static
sb3dentity.c:83:6:entityWorldDestroy	8	static
sb3dentity.c:103:6:entitySetPosition	24	static
sb3dentity.c:110:6:entityMove	24	static
sb3dentity.c:117:6:entityGetPosition	32	static
sb3dentity.c:126:6:entityGetForward	32	static
sb3dentity.c:134:6:entityGetRight	32	static
sb3dentity.c:143:6:entityGetUp	32	static
sb3dentity.c:153:6:entityMoveForward	24	static
sb3dentity.c:164:6:entityMoveRight	24	static
sb3dentity.c:174:6:entityMoveUp	24	static
sb3dentity.c:187:6:entityColour	0	static
sb3dentity.c:198:6:meshColour	0	static
sb3dentity.c:207:6:entityColourFace	0	static
sb3dentity.c:219:6:normalizeEntity	0	static
sb3dentity.c:233:6:entityResetAxes	0	static
sb3dentity.c:243:6:entityTurnLocal	24	static
sb3dentity.c:269:6:entityRotation	0	static
sb3dentity.c:342:6:entityTurnGlobal	64	static
sb3dentity.c:375:6:createBox	440	static
sb3dentity.c:438:6:createSphere	192	static
sb3dentity.c:483:6:createPlane	168	static
sb3dentity.c:537:6:createCylinder	168	static
sb3dentity.c:620:6:createCone	168	static
sb3dentity.c:680:6:createPyramid	144	static
sb3dentity.c:728:6:createTorus	192	static
sb3dentity.c:779:6:meshSetVertex	24	static
sb3dentity.c:787:6:meshOffsetVertex	24	static
sb3dentity.c:795:6:meshGetVertex	32	static
sb3dentity.c:804:6:meshSetVertexRecalc	32	static
sb3dentity.c:813:6:meshOffsetVertexRecalc	32	static
sb3dentity.c:822:6:meshResetFromSource	20	static
sb3dentity.c:841:6:meshDeformWaveY	72	static
sb3dentity.c:854:6:meshDeformWavePlaneY	48	static
sb3dentity.c:877:6:copyMesh	48	static
sb3dentity.c:922:6:entityFollowCameraXZ	4	static
sb3dentity.c:942:6:entityLookAt	64	static
sb3dentity.c:987:6:positionLookAt	80	static
sb3dentity.c:1024:6:entityLookAtPosition	80	static
sb3dentity.c:1057:6:entitySetBasis	40	static
sb3dentity.c:1122:6:entityAlignToHit	16	static
sb3dentity.c:1138:6:entityAllowHit	0	static
sb3dentity.c:1147:6:entityVisible	0	static
sb3dentity.c:1157:6:entityEnableCollision	0	static
sb3dentity.c:1170:6:entitySetCollisionType	0	static
sb3dentity.c:1179:6:entitySetCollisionRadius	0	static
sb3dentity.c:1190:6:entitySetCollisionHalfSize	16	static
sb3dentity.c:1280:5:entityCollisionTestSphereMeshDetailed	16	static
sb3dentity.c:1415:5:entityCollisionTestSphereMesh	24	static
sb3dentity.c:1420:5:entityCollisionTestSphereMesh_OLD	104	static
sb3dentity.c:1505:5:entityCollisionTestSphereSphere	16	static
sb3dentity.c:1538:5:entityCollisionTestAABBAABB	16	static
sb3dentity.c:1590:5:entityCollisionTestSphereAABB	16	static
sb3dentity.c:1647:5:entityCollisionTest	24	static
sb3dentity.c:1701:5:entityCollision	40	static
sb3dentity.c:1732:5:entityMoveWithCollision	160	static
