sb3drender.c:1841:12:sb3d_clipLineToScreen	48	static
sb3drender.c:455:6:submitClippedTri.constprop	88	static
sb3drender.c:3265:6:sb3dParticlesRender.part.0	456	static
sb3drender.c:60:6:setDefaultRenderMode	0	static
sb3drender.c:69:6:enableFlatMode	0	static
sb3drender.c:70:6:enableTwoShade	0	static
sb3drender.c:71:6:enableWireFrame	0	static
sb3drender.c:173:6:initClipScratch	8	static
sb3drender.c:204:5:clipTriangleToFrustum_MOVED_TO_API	64	static
sb3drender.c:455:6:submitClippedTri	96	static
sb3drender.c:524:5:projectPoint	16	static
sb3drender.c:537:5:clipLineToNearPlane	0	static
sb3drender.c:558:6:resetRenderList	0	static
sb3drender.c:607:5:getRenderTriCount	0	static
sb3drender.c:623:6:drawFakeHorizonDots	120	static
sb3drender.c:716:6:drawFakeSkyDots	120	static
sb3drender.c:794:6:drawFakeHorizonTex	200	static
sb3drender.c:1231:6:drawFakeHorizonSkyTex	176	static
sb3drender.c:1549:6:drawFakeHorizonGroundTex	128	static
sb3drender.c:1745:6:drawFakeHorizon	104	static
sb3drender.c:1896:6:drawFakeHorizonGrid	216	static
sb3drender.c:2280:6:submitEntitySolid	376	static
sb3drender.c:593:6:submitWorldEntities	16	static
sb3drender.c:2134:6:Render3D	72	static
sb3drender.c:2742:6:drawWorldLine	160	static
sb3drender.c:2756:6:drawEntity	56	static
sb3drender.c:2768:6:drawEntitySolid	0	static
sb3drender.c:2954:5:sb3dRaycastWorld	192	static
sb3drender.c:3121:5:sb3dRaycastFromCamera	0	static
sb3drender.c:3157:6:sb3dParticlesClear	16	static
sb3drender.c:3173:5:sb3dParticleSpawnQuad	24	static
sb3drender.c:3208:6:sb3dParticleSetPosition	16	static
sb3drender.c:3215:6:sb3dParticleSetSize	0	static
sb3drender.c:3223:6:sb3dParticleSetLightStrength	0	static
sb3drender.c:3234:6:sb3dParticleSetShade	0	static
sb3drender.c:3245:6:sb3dParticleSetColor	0	static
sb3drender.c:3252:6:sb3dParticleSetEmission	0	static
sb3drender.c:3259:6:sb3dParticleEnable	0	static
sb3drender.c:3265:6:sb3dParticlesRender	0	static
