sb3dgfx.c:118:6:initDepthBandMem	8	static
sb3dgfx.c:128:6:beginDepthBand	0	static
sb3dgfx.c:144:5:getDepthBandY0	0	static
sb3dgfx.c:149:5:getDepthBandY1	0	static
sb3dgfx.c:155:6:set3DRenderBuffer	0	static
sb3dgfx.c:179:6:putPixel	0	static
sb3dgfx.c:186:6:drawLine	56	static
sb3dgfx.c:236:6:resetRand	0	static
sb3dgfx.c:246:9:shadeColor	0	static
sb3dgfx.c:316:6:fillTriangleFlat	160	static
sb3dgfx.c:674:6:fillTriangleDitherBayer	192	static
sb3dgfx.c:1088:6:fillTriangleDitherBayerT	200	static
sb3dgfx.c:1541:6:fillTriangleDitherBayer2Mode	184	static
