sb3drender.c:1861:12:sb3d_clipLineToScreen	48	static
sb3drender.c:2152:6:Render3DFlatMode	48	static
sb3drender.c:2174:6:Render3DStandard	56	static
sb3drender.c:2209:6:Render3DTwoShade	48	static
sb3drender.c:2231:6:Render3DWireFrame	40	static
sb3drender.c:474:6:submitClippedTri.constprop	96	static
sb3drender.c:3314:6:sb3dParticlesRender.part.0	456	static
sb3drender.c:62:6:setDefaultRenderMode	0	static
sb3drender.c:67:6:setRenderMode	0	static
sb3drender.c:186:6:initClipScratch	8	static
sb3drender.c:474:6:submitClippedTri	96	static
sb3drender.c:546:5:projectPoint	16	static
sb3drender.c:559:5:clipLineToNearPlane	0	static
sb3drender.c:629:5:getRenderTriCount	0	static
sb3drender.c:645:6:drawFakeHorizonDots	120	static
sb3drender.c:736:6:drawFakeSkyDots	120	static
sb3drender.c:814:6:drawFakeHorizonTex	200	static
sb3drender.c:1251:6:drawFakeHorizonSkyTex	176	static
sb3drender.c:1569:6:drawFakeHorizonGroundTex	128	static
sb3drender.c:1765:6:drawFakeHorizon	104	static
sb3drender.c:1916:6:drawFakeHorizonGrid	216	static
sb3drender.c:2322:6:submitEntitySolid	384	static
sb3drender.c:615:6:submitWorldEntities	16	static
sb3drender.c:2256:6:Render3D	16	static
sb3drender.c:2796:6:drawWorldLine	160	static
sb3drender.c:2810:6:drawEntity	56	static
sb3drender.c:3003:5:sb3dRaycastWorld	192	static
sb3drender.c:3170:5:sb3dRaycastFromCamera	0	static
sb3drender.c:3206:6:sb3dParticlesClear	16	static
sb3drender.c:3222:5:sb3dParticleSpawnQuad	24	static
sb3drender.c:3257:6:sb3dParticleSetPosition	16	static
sb3drender.c:3264:6:sb3dParticleSetSize	0	static
sb3drender.c:3272:6:sb3dParticleSetLightStrength	0	static
sb3drender.c:3283:6:sb3dParticleSetShade	0	static
sb3drender.c:3294:6:sb3dParticleSetColor	0	static
sb3drender.c:3301:6:sb3dParticleSetEmission	0	static
sb3drender.c:3308:6:sb3dParticleEnable	0	static
sb3drender.c:3314:6:sb3dParticlesRender	0	static
