sb3dentity.c:1123:13:closestPointOnTriangle	216	static
sb3dentity.c:184:6:normalizeEntity.part.0	8	static
sb3dentity.c:234:6:entityRotation.part.0	80	static
sb3dentity.c:22:6:entityLocalToWorld	88	static
sb3dentity.c:1177:5:entityCollisionTestSphereMeshDetailed.part.0	168	static
sb3dentity.c:34:7:meshComputeBoundsRadius	0	static
sb3dentity.c:55:5:entityWorldSpawn	32	static
sb3dentity.c:82:6:entityWorldDestroy	8	static
sb3dentity.c:101:6:entitySetPosition	16	static
sb3dentity.c:107:6:entityMove	24	static
sb3dentity.c:113:6:entityGetPosition	32	static
sb3dentity.c:121:6:entityMoveForward	24	static
sb3dentity.c:131:6:entityMoveRight	24	static
sb3dentity.c:140:6:entityMoveUp	24	static
sb3dentity.c:152:6:entityColour	0	static
sb3dentity.c:172:6:entityColourFace	0	static
sb3dentity.c:184:6:normalizeEntity	0	static
sb3dentity.c:198:6:entityResetAxes	0	static
sb3dentity.c:208:6:entityTurnLocal	24	static
sb3dentity.c:234:6:entityRotation	0	static
sb3dentity.c:307:6:entityTurnGlobal	64	static
sb3dentity.c:340:6:createBox	440	static
sb3dentity.c:403:6:createSphere	192	static
sb3dentity.c:448:6:createPlane	168	static
sb3dentity.c:502:6:createCylinder	168	static
sb3dentity.c:585:6:createCone	168	static
sb3dentity.c:645:6:createPyramid	144	static
sb3dentity.c:693:6:createTorus	192	static
sb3dentity.c:744:6:meshSetVertex	24	static
sb3dentity.c:752:6:meshOffsetVertex	24	static
sb3dentity.c:760:6:meshGetVertex	32	static
sb3dentity.c:769:6:meshSetVertexRecalc	32	static
sb3dentity.c:778:6:meshOffsetVertexRecalc	32	static
sb3dentity.c:787:6:meshResetFromSource	20	static
sb3dentity.c:806:6:meshDeformWaveY	72	static
sb3dentity.c:819:6:meshDeformWavePlaneY	48	static
sb3dentity.c:842:6:copyMesh	48	static
sb3dentity.c:887:6:entityFollowCameraXZ	8	static
sb3dentity.c:907:6:entityLookAt	64	static
sb3dentity.c:954:6:entitySetBasis	48	static
sb3dentity.c:1019:6:entityAlignToHit	16	static
sb3dentity.c:1035:6:entityAllowHit	0	static
sb3dentity.c:1044:6:entityVisible	0	static
sb3dentity.c:1054:6:entityEnableCollision	0	static
sb3dentity.c:1067:6:entitySetCollisionType	0	static
sb3dentity.c:1076:6:entitySetCollisionRadius	0	static
sb3dentity.c:1087:6:entitySetCollisionHalfSize	16	static
sb3dentity.c:1177:5:entityCollisionTestSphereMeshDetailed	16	static
sb3dentity.c:1312:5:entityCollisionTestSphereMesh	24	static
sb3dentity.c:1317:5:entityCollisionTestSphereMesh_OLD	104	static
sb3dentity.c:1402:5:entityCollisionTestSphereSphere	16	static
sb3dentity.c:1435:5:entityCollisionTestAABBAABB	16	static
sb3dentity.c:1487:5:entityCollisionTestSphereAABB	16	static
sb3dentity.c:1544:5:entityCollisionTest	24	static
sb3dentity.c:1598:5:entityCollision	32	static
sb3dentity.c:1629:5:entityMoveWithCollision	168	static
