sb3drender.c:1732:12:sb3d_clipLineToScreen	48	static
sb3drender.c:60:6:setDefaultRenderMode	0	static
sb3drender.c:69:6:enableFlatMode	0	static
sb3drender.c:70:6:enableTwoShade	0	static
sb3drender.c:71:6:enableWireFrame	0	static
sb3drender.c:164:6:initClipScratch	8	static
sb3drender.c:174:5:clipTriangleToFrustum	64	static
sb3drender.c:425:6:submitClippedTri	96	static
sb3drender.c:494:5:projectPoint	16	static
sb3drender.c:507:5:clipLineToNearPlane	0	static
sb3drender.c:528:6:resetRenderList	0	static
sb3drender.c:577:5:getRenderTriCount	0	static
sb3drender.c:593:6:drawFakeHorizonDots	120	static
sb3drender.c:685:6:drawFakeHorizonTex	200	static
sb3drender.c:1122:6:drawFakeHorizonSkyTex	176	static
sb3drender.c:1440:6:drawFakeHorizonGroundTex	128	static
sb3drender.c:1636:6:drawFakeHorizon	104	static
sb3drender.c:1787:6:drawFakeHorizonGrid	216	static
sb3drender.c:2171:6:submitEntitySolid	336	static
sb3drender.c:563:6:submitWorldEntities	16	static
sb3drender.c:2025:6:Render3D	72	static
sb3drender.c:2633:6:drawWorldLine	160	static
sb3drender.c:2647:6:drawEntity	56	static
sb3drender.c:2659:6:drawEntitySolid	0	static
sb3drender.c:2939:5:sb3dRaycastWorld	120	static
sb3drender.c:3106:5:sb3dRaycastFromCamera	0	static
