sb3dentity.c:1219:13:closestPointOnTriangle	216	static
sb3dentity.c:212:6:normalizeEntity.part.0	8	static
sb3dentity.c:262:6:entityRotation.part.0	80	static
sb3dentity.c:22:6:entityLocalToWorld	88	static
sb3dentity.c:1273:5:entityCollisionTestSphereMeshDetailed.part.0	168	static
sb3dentity.c:34:7:meshComputeBoundsRadius	0	static
sb3dentity.c:55:5:entityWorldSpawn	32	static
sb3dentity.c:82:6:entityWorldDestroy	8	static
sb3dentity.c:101:6:entitySetPosition	16	static
sb3dentity.c:107:6:entityMove	24	static
sb3dentity.c:113:6:entityGetPosition	32	static
sb3dentity.c:122:6:entityGetForward	32	static
sb3dentity.c:130:6:entityGetRight	32	static
sb3dentity.c:139:6:entityGetUp	32	static
sb3dentity.c:149:6:entityMoveForward	24	static
sb3dentity.c:159:6:entityMoveRight	24	static
sb3dentity.c:168:6:entityMoveUp	24	static
sb3dentity.c:180:6:entityColour	0	static
sb3dentity.c:191:6:meshColour	0	static
sb3dentity.c:200:6:entityColourFace	0	static
sb3dentity.c:212:6:normalizeEntity	0	static
sb3dentity.c:226:6:entityResetAxes	0	static
sb3dentity.c:236:6:entityTurnLocal	24	static
sb3dentity.c:262:6:entityRotation	0	static
sb3dentity.c:335:6:entityTurnGlobal	64	static
sb3dentity.c:368:6:createBox	440	static
sb3dentity.c:431:6:createSphere	192	static
sb3dentity.c:476:6:createPlane	168	static
sb3dentity.c:530:6:createCylinder	168	static
sb3dentity.c:613:6:createCone	168	static
sb3dentity.c:673:6:createPyramid	144	static
sb3dentity.c:721:6:createTorus	192	static
sb3dentity.c:772:6:meshSetVertex	24	static
sb3dentity.c:780:6:meshOffsetVertex	24	static
sb3dentity.c:788:6:meshGetVertex	32	static
sb3dentity.c:797:6:meshSetVertexRecalc	32	static
sb3dentity.c:806:6:meshOffsetVertexRecalc	32	static
sb3dentity.c:815:6:meshResetFromSource	20	static
sb3dentity.c:834:6:meshDeformWaveY	72	static
sb3dentity.c:847:6:meshDeformWavePlaneY	48	static
sb3dentity.c:870:6:copyMesh	48	static
sb3dentity.c:915:6:entityFollowCameraXZ	8	static
sb3dentity.c:935:6:entityLookAt	64	static
sb3dentity.c:980:6:positionLookAt	80	static
sb3dentity.c:1017:6:entityLookAtPosition	80	static
sb3dentity.c:1050:6:entitySetBasis	48	static
sb3dentity.c:1115:6:entityAlignToHit	16	static
sb3dentity.c:1131:6:entityAllowHit	0	static
sb3dentity.c:1140:6:entityVisible	0	static
sb3dentity.c:1150:6:entityEnableCollision	0	static
sb3dentity.c:1163:6:entitySetCollisionType	0	static
sb3dentity.c:1172:6:entitySetCollisionRadius	0	static
sb3dentity.c:1183:6:entitySetCollisionHalfSize	16	static
sb3dentity.c:1273:5:entityCollisionTestSphereMeshDetailed	16	static
sb3dentity.c:1408:5:entityCollisionTestSphereMesh	24	static
sb3dentity.c:1413:5:entityCollisionTestSphereMesh_OLD	104	static
sb3dentity.c:1498:5:entityCollisionTestSphereSphere	16	static
sb3dentity.c:1531:5:entityCollisionTestAABBAABB	16	static
sb3dentity.c:1583:5:entityCollisionTestSphereAABB	16	static
sb3dentity.c:1640:5:entityCollisionTest	24	static
sb3dentity.c:1694:5:entityCollision	32	static
sb3dentity.c:1725:5:entityMoveWithCollision	168	static
