syscalls.c:55:6:disable_irq	0	static,ignoring_inline_asm
syscalls.c:60:6:enable_irq	0	static,ignoring_inline_asm
syscalls.c:87:5:ExitCode	0	static
syscalls.c:94:6:doPrintTest	8	static
syscalls.c:98:6:doWriteTest	8	static
syscalls.c:106:6:initMalloc	0	static
syscalls.c:118:5:applet_entry	16	static
syscalls.c:126:5:_write	24	static
syscalls.c:144:5:_write_r	24	static
syscalls.c:149:5:_read	8	static
syscalls.c:154:5:_close	0	static
syscalls.c:158:5:_fstat	0	static
syscalls.c:163:5:_lseek	0	static
syscalls.c:178:7:_sbrk	8	static
syscalls.c:204:7:_sbrk_r	8	static
syscalls.c:212:5:_isatty	0	static
unistd.h:18:6:_exit	0	static
syscalls.c:221:5:_getpid	0	static
syscalls.c:225:5:_kill	0	static
