main.c:510:13:on_menu_about	4	static
main.c:365:13:set_status	40	static
main.c:383:13:set_paused_state	16	static
main.c:398:13:app_shutdown	16	static
main.c:519:24:editor_proc	8	static
main.c:357:13:clear_demo	32	static
main.c:461:13:on_clear_clicked	0	static
main.c:501:13:on_menu_clear	0	static
main.c:483:13:on_menu_pause	16	static
main.c:439:13:on_pause_clicked	16	static
main.c:472:13:on_close_clicked	16	static
main.c:293:13:draw_random_shape	88	static
main.c:428:13:on_timer_tick	32	static
main.c:492:13:on_menu_burst	32	static
main.c:450:13:on_burst_clicked	32	static
main.c:647:5:main	72	static
