Archive member included to satisfy reference by file (symbol)

sb3dlibrary.a(sb3dmaterial.o)
                              compiled/project/main.o (meshSetMaterial)
sb3dlibrary.a(sb3dgfx.o)      compiled/project/main.o (initDepthBandMem)
sb3dlibrary.a(sb3dmath.o)     compiled/project/main.o (vec3)
sb3dlibrary.a(sb3dparticles.o)
                              compiled/project/main.o (sb3dParticlesClear)
sb3dlibrary.a(sb3dworld.o)    compiled/project/main.o (worldClear)
sb3dlibrary.a(sb3dcamera.o)   compiled/project/main.o (cameraNormalize)
sb3dlibrary.a(sb3dentity.o)   compiled/project/main.o (entityWorldSpawn)
sb3dlibrary.a(sb3dlights.o)   compiled/project/main.o (buildLightingCLUT)
sb3dlibrary.a(sb3drender.o)   compiled/project/main.o (setDefaultRenderMode)
sb3dlibrary.a(3dloader.o)     compiled/project/main.o (loadMeshSB3D)
/opt/st/stm32cubeide_1.6.0/plugins/com.st.stm32cube.ide.mcu.externaltools.gnu-tools-for-stm32.9-2020-q2-update.linux64_1.5.0.202011040924/tools/bin/../lib/gcc/arm-none-eabi/9.3.1/../../../../arm-none-eabi/lib/thumb/v7e-m+dp/hard/libc_nano.a(lib_a-errno.o)
                              compiled/../../_coreapi_/syscalls.o (__errno)
/opt/st/stm32cubeide_1.6.0/plugins/com.st.stm32cube.ide.mcu.externaltools.gnu-tools-for-stm32.9-2020-q2-update.linux64_1.5.0.202011040924/tools/bin/../lib/gcc/arm-none-eabi/9.3.1/../../../../arm-none-eabi/lib/thumb/v7e-m+dp/hard/libc_nano.a(lib_a-exit.o)
                              /opt/st/stm32cubeide_1.6.0/plugins/com.st.stm32cube.ide.mcu.externaltools.gnu-tools-for-stm32.9-2020-q2-update.linux64_1.5.0.202011040924/tools/bin/../lib/gcc/arm-none-eabi/9.3.1/../../../../arm-none-eabi/lib/thumb/v7e-m+dp/hard/crt0.o (exit)
/opt/st/stm32cubeide_1.6.0/plugins/com.st.stm32cube.ide.mcu.externaltools.gnu-tools-for-stm32.9-2020-q2-update.linux64_1.5.0.202011040924/tools/bin/../lib/gcc/arm-none-eabi/9.3.1/../../../../arm-none-eabi/lib/thumb/v7e-m+dp/hard/libc_nano.a(lib_a-fclose.o)
                              sb3dlibrary.a(3dloader.o) (fclose)
/opt/st/stm32cubeide_1.6.0/plugins/com.st.stm32cube.ide.mcu.externaltools.gnu-tools-for-stm32.9-2020-q2-update.linux64_1.5.0.202011040924/tools/bin/../lib/gcc/arm-none-eabi/9.3.1/../../../../arm-none-eabi/lib/thumb/v7e-m+dp/hard/libc_nano.a(lib_a-fflush.o)
                              /opt/st/stm32cubeide_1.6.0/plugins/com.st.stm32cube.ide.mcu.externaltools.gnu-tools-for-stm32.9-2020-q2-update.linux64_1.5.0.202011040924/tools/bin/../lib/gcc/arm-none-eabi/9.3.1/../../../../arm-none-eabi/lib/thumb/v7e-m+dp/hard/libc_nano.a(lib_a-fclose.o) (__sflush_r)
/opt/st/stm32cubeide_1.6.0/plugins/com.st.stm32cube.ide.mcu.externaltools.gnu-tools-for-stm32.9-2020-q2-update.linux64_1.5.0.202011040924/tools/bin/../lib/gcc/arm-none-eabi/9.3.1/../../../../arm-none-eabi/lib/thumb/v7e-m+dp/hard/libc_nano.a(lib_a-findfp.o)
                              /opt/st/stm32cubeide_1.6.0/plugins/com.st.stm32cube.ide.mcu.externaltools.gnu-tools-for-stm32.9-2020-q2-update.linux64_1.5.0.202011040924/tools/bin/../lib/gcc/arm-none-eabi/9.3.1/../../../../arm-none-eabi/lib/thumb/v7e-m+dp/hard/libc_nano.a(lib_a-fclose.o) (__sfp_lock_acquire)
/opt/st/stm32cubeide_1.6.0/plugins/com.st.stm32cube.ide.mcu.externaltools.gnu-tools-for-stm32.9-2020-q2-update.linux64_1.5.0.202011040924/tools/bin/../lib/gcc/arm-none-eabi/9.3.1/../../../../arm-none-eabi/lib/thumb/v7e-m+dp/hard/libc_nano.a(lib_a-fwalk.o)
                              /opt/st/stm32cubeide_1.6.0/plugins/com.st.stm32cube.ide.mcu.externaltools.gnu-tools-for-stm32.9-2020-q2-update.linux64_1.5.0.202011040924/tools/bin/../lib/gcc/arm-none-eabi/9.3.1/../../../../arm-none-eabi/lib/thumb/v7e-m+dp/hard/libc_nano.a(lib_a-findfp.o) (_fwalk)
/opt/st/stm32cubeide_1.6.0/plugins/com.st.stm32cube.ide.mcu.externaltools.gnu-tools-for-stm32.9-2020-q2-update.linux64_1.5.0.202011040924/tools/bin/../lib/gcc/arm-none-eabi/9.3.1/../../../../arm-none-eabi/lib/thumb/v7e-m+dp/hard/libc_nano.a(lib_a-impure.o)
                              /opt/st/stm32cubeide_1.6.0/plugins/com.st.stm32cube.ide.mcu.externaltools.gnu-tools-for-stm32.9-2020-q2-update.linux64_1.5.0.202011040924/tools/bin/../lib/gcc/arm-none-eabi/9.3.1/../../../../arm-none-eabi/lib/thumb/v7e-m+dp/hard/libc_nano.a(lib_a-exit.o) (_global_impure_ptr)
/opt/st/stm32cubeide_1.6.0/plugins/com.st.stm32cube.ide.mcu.externaltools.gnu-tools-for-stm32.9-2020-q2-update.linux64_1.5.0.202011040924/tools/bin/../lib/gcc/arm-none-eabi/9.3.1/../../../../arm-none-eabi/lib/thumb/v7e-m+dp/hard/libc_nano.a(lib_a-init.o)
                              /opt/st/stm32cubeide_1.6.0/plugins/com.st.stm32cube.ide.mcu.externaltools.gnu-tools-for-stm32.9-2020-q2-update.linux64_1.5.0.202011040924/tools/bin/../lib/gcc/arm-none-eabi/9.3.1/../../../../arm-none-eabi/lib/thumb/v7e-m+dp/hard/crt0.o (__libc_init_array)
[...]
Memory Configuration

Name             Origin             Length             Attributes
APPLET           0x00000000d0050000 0x00000000005b0000 xr
*default*        0x0000000000000000 0xffffffffffffffff

Linker script and memory map

LOAD /opt/st/stm32cubeide_1.6.0/plugins/com.st.stm32cube.ide.mcu.externaltools.gnu-tools-for-stm32.9-2020-q2-update.linux64_1.5.0.202011040924/tools/bin/../lib/gcc/arm-none-eabi/9.3.1/thumb/v7e-m+dp/hard/crti.o
LOAD /opt/st/stm32cubeide_1.6.0/plugins/com.st.stm32cube.ide.mcu.externaltools.gnu-tools-for-stm32.9-2020-q2-update.linux64_1.5.0.202011040924/tools/bin/../lib/gcc/arm-none-eabi/9.3.1/thumb/v7e-m+dp/hard/crtbegin.o
LOAD /opt/st/stm32cubeide_1.6.0/plugins/com.st.stm32cube.ide.mcu.externaltools.gnu-tools-for-stm32.9-2020-q2-update.linux64_1.5.0.202011040924/tools/bin/../lib/gcc/arm-none-eabi/9.3.1/../../../../arm-none-eabi/lib/thumb/v7e-m+dp/hard/crt0.o
LOAD compiled/../../_coreapi_/graphics/graphics.o
LOAD compiled/../../_coreapi_/syscalls.o
LOAD compiled/../../_coreapi_/audio/audio.o
LOAD compiled/../../_coreapi_/apis.o
LOAD compiled/project/splinerail.o
LOAD compiled/project/resources.o
LOAD compiled/project/gfx.o
LOAD compiled/project/main.o
LOAD sb3dlibrary.a
START GROUP
LOAD /opt/st/stm32cubeide_1.6.0/plugins/com.st.stm32cube.ide.mcu.externaltools.gnu-tools-for-stm32.9-2020-q2-update.linux64_1.5.0.202011040924/tools/bin/../lib/gcc/arm-none-eabi/9.3.1/../../../../arm-none-eabi/lib/thumb/v7e-m+dp/hard/libc_nano.a
LOAD /opt/st/stm32cubeide_1.6.0/plugins/com.st.stm32cube.ide.mcu.externaltools.gnu-tools-for-stm32.9-2020-q2-update.linux64_1.5.0.202011040924/tools/bin/../lib/gcc/arm-none-eabi/9.3.1/../../../../arm-none-eabi/lib/thumb/v7e-m+dp/hard/libm.a
END GROUP
START GROUP
LOAD /opt/st/stm32cubeide_1.6.0/plugins/com.st.stm32cube.ide.mcu.externaltools.gnu-tools-for-stm32.9-2020-q2-update.linux64_1.5.0.202011040924/tools/bin/../lib/gcc/arm-none-eabi/9.3.1/thumb/v7e-m+dp/hard/libgcc.a
LOAD /opt/st/stm32cubeide_1.6.0/plugins/com.st.stm32cube.ide.mcu.externaltools.gnu-tools-for-stm32.9-2020-q2-update.linux64_1.5.0.202011040924/tools/bin/../lib/gcc/arm-none-eabi/9.3.1/../../../../arm-none-eabi/lib/thumb/v7e-m+dp/hard/libc_nano.a
END GROUP
START GROUP
LOAD /opt/st/stm32cubeide_1.6.0/plugins/com.st.stm32cube.ide.mcu.externaltools.gnu-tools-for-stm32.9-2020-q2-update.linux64_1.5.0.202011040924/tools/bin/../lib/gcc/arm-none-eabi/9.3.1/thumb/v7e-m+dp/hard/libgcc.a
LOAD /opt/st/stm32cubeide_1.6.0/plugins/com.st.stm32cube.ide.mcu.externaltools.gnu-tools-for-stm32.9-2020-q2-update.linux64_1.5.0.202011040924/tools/bin/../lib/gcc/arm-none-eabi/9.3.1/../../../../arm-none-eabi/lib/thumb/v7e-m+dp/hard/libc_nano.a
LOAD /opt/st/stm32cubeide_1.6.0/plugins/com.st.stm32cube.ide.mcu.externaltools.gnu-tools-for-stm32.9-2020-q2-update.linux64_1.5.0.202011040924/tools/bin/../lib/gcc/arm-none-eabi/9.3.1/../../../../arm-none-eabi/lib/thumb/v7e-m+dp/hard/libnosys.a
END GROUP
START GROUP
LOAD /opt/st/stm32cubeide_1.6.0/plugins/com.st.stm32cube.ide.mcu.externaltools.gnu-tools-for-stm32.9-2020-q2-update.linux64_1.5.0.202011040924/tools/bin/../lib/gcc/arm-none-eabi/9.3.1/thumb/v7e-m+dp/hard/libgcc.a
LOAD /opt/st/stm32cubeide_1.6.0/plugins/com.st.stm32cube.ide.mcu.externaltools.gnu-tools-for-stm32.9-2020-q2-update.linux64_1.5.0.202011040924/tools/bin/../lib/gcc/arm-none-eabi/9.3.1/../../../../arm-none-eabi/lib/thumb/v7e-m+dp/hard/libc_nano.a
LOAD /opt/st/stm32cubeide_1.6.0/plugins/com.st.stm32cube.ide.mcu.externaltools.gnu-tools-for-stm32.9-2020-q2-update.linux64_1.5.0.202011040924/tools/bin/../lib/gcc/arm-none-eabi/9.3.1/../../../../arm-none-eabi/lib/thumb/v7e-m+dp/hard/libnosys.a
END GROUP
LOAD /opt/st/stm32cubeide_1.6.0/plugins/com.st.stm32cube.ide.mcu.externaltools.gnu-tools-for-stm32.9-2020-q2-update.linux64_1.5.0.202011040924/tools/bin/../lib/gcc/arm-none-eabi/9.3.1/thumb/v7e-m+dp/hard/crtend.o
LOAD /opt/st/stm32cubeide_1.6.0/plugins/com.st.stm32cube.ide.mcu.externaltools.gnu-tools-for-stm32.9-2020-q2-update.linux64_1.5.0.202011040924/tools/bin/../lib/gcc/arm-none-eabi/9.3.1/thumb/v7e-m+dp/hard/crtn.o
                0x00000000d0000000                _offset = 0xd0000000
                0x0000000000600000                _maxramavail = 0x600000
                0x0000000000050000                _largest_modfile = 0x50000
                0x0000000000000000                _largest_resource = 0x0
                0x0000000000050000                _startram = (((_largest_modfile + _largest_resource) + 0x1f) & 0xffffffffffffffe0)
                0x00000000d0050000                _applet_origin = (_offset + _startram)
                0x00000000005b0000                _applet_length = (_maxramavail - _startram)
                0x0000000000000001                ASSERT ((_startram < _maxramavail), Reserved space exceeds SDRAM size!)
                0x0000000000000001                ASSERT ((_applet_length > 0x0), No RAM left for applet after reserving music/resource space!)
                0x0000000000000200                _api_count = 0x200
                0x0000000000001000                _api_size = (0x8 * _api_count)
                0x000000002001f000                _api_location = (0x20020000 - _api_size)
                0x00000000d0050000                _appstart = ORIGIN (APPLET)
                0x0000000000002000                _stack_size = 0x2000
                [!provide]                        PROVIDE (__app_start = _appstart)
                0x000000002001f000                PROVIDE (__sidbox_api_location = _api_location)
                0x00000000d0050000                . = _appstart

.header         0x00000000d0050000       0x10
                0x00000000d0050000                . = ALIGN (0x4)
 *(.header)
 .header        0x00000000d0050000        0x8 compiled/../../_coreapi_/syscalls.o
                0x00000000d0050000                sdex_header
                0x00000000d0050008                . = ALIGN (0x4)
                0x00000000d0050008        0x4 LONG 0xd0050000 _appstart
                0x00000000d005000c        0x4 LONG 0xb3ed0 (__stack_end__ - _appstart)

.text           0x00000000d0050010     0xd488
                0x00000000d0050010                . = ALIGN (0x4)
 *(.text.applet_entry)
 .text.applet_entry
                0x00000000d0050010       0x2c compiled/../../_coreapi_/syscalls.o
                0x00000000d0050010                applet_entry
 *(.text*)
 .text.initMalloc
                0x00000000d005003c       0x18 compiled/../../_coreapi_/syscalls.o
                0x00000000d005003c                initMalloc
 .text._write_r
                0x00000000d0050054       0x60 compiled/../../_coreapi_/syscalls.o
                0x00000000d0050054                _write_r
 .text._read    0x00000000d00500b4       0x14 compiled/../../_coreapi_/syscalls.o
                0x00000000d00500b4                _read
 .text._close   0x00000000d00500c8        0x8 compiled/../../_coreapi_/syscalls.o
                0x00000000d00500c8                _close
 .text._fstat   0x00000000d00500d0        0xc compiled/../../_coreapi_/syscalls.o
                0x00000000d00500d0                _fstat
 .text._lseek   0x00000000d00500dc        0x4 compiled/../../_coreapi_/syscalls.o
                0x00000000d00500dc                _lseek
 .text._sbrk_r  0x00000000d00500e0       0x40 compiled/../../_coreapi_/syscalls.o
                0x00000000d00500e0                _sbrk_r
 .text._isatty  0x00000000d0050120        0x4 compiled/../../_coreapi_/syscalls.o
                0x00000000d0050120                _isatty
 .text._exit    0x00000000d0050124        0x4 compiled/../../_coreapi_/syscalls.o
                0x00000000d0050124                _exit
 .text._getpid  0x00000000d0050128        0x4 compiled/../../_coreapi_/syscalls.o
                0x00000000d0050128                _getpid
 .text._kill    0x00000000d005012c        0x8 compiled/../../_coreapi_/syscalls.o
                0x00000000d005012c                _kill
 .text.LoadSFX  0x00000000d0050134      0x110 compiled/../../_coreapi_/audio/audio.o
                0x00000000d0050134                LoadSFX
 .text.sr_steer_camera_to_tangent
                0x00000000d0050244      0x158 compiled/project/splinerail.o
 .text.sr_segment_dir
                0x00000000d005039c      0x12c compiled/project/splinerail.o
 .text.splineRailBuildTable
                0x00000000d00504c8       0xc8 compiled/project/splinerail.o
                0x00000000d00504c8                splineRailBuildTable
 .text.splineRailDistanceToT
                0x00000000d0050590       0xec compiled/project/splinerail.o
                0x00000000d0050590                splineRailDistanceToT
 .text.splineRailSamplePos
                0x00000000d005067c      0x12c compiled/project/splinerail.o
                0x00000000d005067c                splineRailSamplePos
 .text.splineRailSampleTangent
                0x00000000d00507a8      0x1cc compiled/project/splinerail.o
                0x00000000d00507a8                splineRailSampleTangent
 .text.splineRailInit
                0x00000000d0050974       0x5c compiled/project/splinerail.o
                0x00000000d0050974                splineRailInit
 .text.splineRailSetTuning
                0x00000000d00509d0       0x10 compiled/project/splinerail.o
                0x00000000d00509d0                splineRailSetTuning
 .text.splineRailSetBanking
                0x00000000d00509e0       0x10 compiled/project/splinerail.o
                0x00000000d00509e0                splineRailSetBanking
 .text.splineRailUpdate
                0x00000000d00509f0      0x3cc compiled/project/splinerail.o
                0x00000000d00509f0                splineRailUpdate
 .text.splineRailGetCurrentNode
                0x00000000d0050dbc       0x28 compiled/project/splinerail.o
                0x00000000d0050dbc                splineRailGetCurrentNode
 .text.initSystem
                0x00000000d0050de4      0x114 compiled/project/main.o
                0x00000000d0050de4                initSystem
 .text.weatherLightning
                0x00000000d0050ef8      0x344 compiled/project/main.o
                0x00000000d0050ef8                weatherLightning
 .text.InitLasers
                0x00000000d005123c      0x15c compiled/project/main.o
                0x00000000d005123c                InitLasers
 .text.FireTurret
                0x00000000d0051398      0x120 compiled/project/main.o
                0x00000000d0051398                FireTurret
 .text.UpdateTurretTest.part.0
                0x00000000d00514b8       0xbc compiled/project/main.o
 .text.FirePlayerLaser
                0x00000000d0051574      0x2e0 compiled/project/main.o
                0x00000000d0051574                FirePlayerLaser
 .text.UpdateLasers
                0x00000000d0051854       0xdc compiled/project/main.o
                0x00000000d0051854                UpdateLasers
 .text.startup.main
                0x00000000d0051930     0x157c compiled/project/main.o
                0x00000000d0051930                main
 .text.meshSetDefaultMaterial
                0x00000000d0052eac       0x18 sb3dlibrary.a(sb3dmaterial.o)
                0x00000000d0052eac                meshSetDefaultMaterial
 .text.meshSetMaterial
                0x00000000d0052ec4       0x18 sb3dlibrary.a(sb3dmaterial.o)
                0x00000000d0052ec4                meshSetMaterial
 .text.initDepthBandMem
                0x00000000d0052edc       0x2c sb3dlibrary.a(sb3dgfx.o)
                0x00000000d0052edc                initDepthBandMem
 .text.beginDepthBand
                0x00000000d0052f08       0x48 sb3dlibrary.a(sb3dgfx.o)
                0x00000000d0052f08                beginDepthBand
 .text.set3DRenderBuffer
                0x00000000d0052f50        0xc sb3dlibrary.a(sb3dgfx.o)
                0x00000000d0052f50                set3DRenderBuffer
 .text.putPixel
                0x00000000d0052f5c       0x20 sb3dlibrary.a(sb3dgfx.o)
                0x00000000d0052f5c                putPixel
 .text.drawLine
                0x00000000d0052f7c       0x9c sb3dlibrary.a(sb3dgfx.o)
                0x00000000d0052f7c                drawLine
 .text.shadeColor
                0x00000000d0053018       0x20 sb3dlibrary.a(sb3dgfx.o)
                0x00000000d0053018                shadeColor
 .text.fillTriangleFlat
                0x00000000d0053038      0x86c sb3dlibrary.a(sb3dgfx.o)
                0x00000000d0053038                fillTriangleFlat
 .text.fillTriangleDitherBayer
                0x00000000d00538a4      0xa30 sb3dlibrary.a(sb3dgfx.o)
                0x00000000d00538a4                fillTriangleDitherBayer
 .text.fillTriangleDitherBayerT
                0x00000000d00542d4      0xa94 sb3dlibrary.a(sb3dgfx.o)
                0x00000000d00542d4                fillTriangleDitherBayerT
 .text.fillTriangleDitherBayer2Mode
                0x00000000d0054d68      0xa24 sb3dlibrary.a(sb3dgfx.o)
                0x00000000d0054d68                fillTriangleDitherBayer2Mode
 .text.vec3Add  0x00000000d005578c       0x14 sb3dlibrary.a(sb3dmath.o)
                0x00000000d005578c                vec3Add
 .text.vec3Scale
                0x00000000d00557a0       0x14 sb3dlibrary.a(sb3dmath.o)
                0x00000000d00557a0                vec3Scale
 .text.vec3Dot  0x00000000d00557b4       0x18 sb3dlibrary.a(sb3dmath.o)
                0x00000000d00557b4                vec3Dot
 .text.vec3Cross
                0x00000000d00557cc       0x2c sb3dlibrary.a(sb3dmath.o)
                0x00000000d00557cc                vec3Cross
 .text.vec3Normalize
                0x00000000d00557f8       0xa0 sb3dlibrary.a(sb3dmath.o)
                0x00000000d00557f8                vec3Normalize
 .text.rotateAroundAxis
                0x00000000d0055898      0x160 sb3dlibrary.a(sb3dmath.o)
                0x00000000d0055898                rotateAroundAxis
 .text.vec3     0x00000000d00559f8        0x8 sb3dlibrary.a(sb3dmath.o)
                0x00000000d00559f8                vec3
 .text.degrees  0x00000000d0055a00       0x10 sb3dlibrary.a(sb3dmath.o)
                0x00000000d0055a00                degrees
 .text.powfxt   0x00000000d0055a10       0xf4 sb3dlibrary.a(sb3dmath.o)
                0x00000000d0055a10                powfxt
 .text.sb3dParticlesClear
                0x00000000d0055b04       0x44 sb3dlibrary.a(sb3dparticles.o)
                0x00000000d0055b04                sb3dParticlesClear
 .text.sb3dParticlesRender
                0x00000000d0055b48      0x5b4 sb3dlibrary.a(sb3dparticles.o)
                0x00000000d0055b48                sb3dParticlesRender
 .text.worldClear
                0x00000000d00560fc       0x10 sb3dlibrary.a(sb3dworld.o)
                0x00000000d00560fc                worldClear
 .text.cameraNormalize
                0x00000000d005610c       0xac sb3dlibrary.a(sb3dcamera.o)
                0x00000000d005610c                cameraNormalize
 .text.cameraCreate
                0x00000000d00561b8       0x14 sb3dlibrary.a(sb3dcamera.o)
                0x00000000d00561b8                cameraCreate
 .text.cameraSetPosition
                0x00000000d00561cc       0x20 sb3dlibrary.a(sb3dcamera.o)
                0x00000000d00561cc                cameraSetPosition
 .text.cameraRotate
                0x00000000d00561ec      0x1b8 sb3dlibrary.a(sb3dcamera.o)
                0x00000000d00561ec                cameraRotate
 .text.cameraGetRotation
                0x00000000d00563a4      0x160 sb3dlibrary.a(sb3dcamera.o)
                0x00000000d00563a4                cameraGetRotation
 .text.cameraTurn
                0x00000000d0056504      0x294 sb3dlibrary.a(sb3dcamera.o)
                0x00000000d0056504                cameraTurn
 .text.worldToCamera
                0x00000000d0056798       0xcc sb3dlibrary.a(sb3dcamera.o)
                0x00000000d0056798                worldToCamera
 .text.cameraSetRange
                0x00000000d0056864       0x58 sb3dlibrary.a(sb3dcamera.o)
                0x00000000d0056864                cameraSetRange
 .text.cameraMove
                0x00000000d00568bc       0x70 sb3dlibrary.a(sb3dcamera.o)
                0x00000000d00568bc                cameraMove
 .text.normalizeEntity.part.0
                0x00000000d005692c       0xac sb3dlibrary.a(sb3dentity.o)
 .text.entityRotation.part.0
                0x00000000d00569d8      0x450 sb3dlibrary.a(sb3dentity.o)
 .text.entityIdValid
                0x00000000d0056e28       0x24 sb3dlibrary.a(sb3dentity.o)
                0x00000000d0056e28                entityIdValid
 .text.meshComputeBoundsRadius
                0x00000000d0056e4c       0x4c sb3dlibrary.a(sb3dentity.o)
                0x00000000d0056e4c                meshComputeBoundsRadius
 .text.entityWorldSpawn
                0x00000000d0056e98       0x8c sb3dlibrary.a(sb3dentity.o)
                0x00000000d0056e98                entityWorldSpawn
 .text.entitySetPosition
                0x00000000d0056f24       0x40 sb3dlibrary.a(sb3dentity.o)
                0x00000000d0056f24                entitySetPosition
 .text.entityGetPosition
                0x00000000d0056f64       0x3c sb3dlibrary.a(sb3dentity.o)
                0x00000000d0056f64                entityGetPosition
 .text.entityGetForward
                0x00000000d0056fa0       0x44 sb3dlibrary.a(sb3dentity.o)
                0x00000000d0056fa0                entityGetForward
 .text.entityMoveForward
                0x00000000d0056fe4       0x6c sb3dlibrary.a(sb3dentity.o)
                0x00000000d0056fe4                entityMoveForward
 .text.meshColour
                0x00000000d0057050       0x1c sb3dlibrary.a(sb3dentity.o)
                0x00000000d0057050                meshColour
 .text.entityTurnLocal
                0x00000000d005706c      0x1a0 sb3dlibrary.a(sb3dentity.o)
                0x00000000d005706c                entityTurnLocal
 .text.entityRotation
                0x00000000d005720c       0x20 sb3dlibrary.a(sb3dentity.o)
                0x00000000d005720c                entityRotation
 .text.createBox
                0x00000000d005722c      0x300 sb3dlibrary.a(sb3dentity.o)
                0x00000000d005722c                createBox
 .text.copyMesh
                0x00000000d005752c      0x120 sb3dlibrary.a(sb3dentity.o)
                0x00000000d005752c                copyMesh
 .text.entityLookAtPosition
                0x00000000d005764c       0xd8 sb3dlibrary.a(sb3dentity.o)
                0x00000000d005764c                entityLookAtPosition
 .text.entityAllowHit
                0x00000000d0057724       0x34 sb3dlibrary.a(sb3dentity.o)
                0x00000000d0057724                entityAllowHit
 .text.entityVisible
                0x00000000d0057758       0x34 sb3dlibrary.a(sb3dentity.o)
                0x00000000d0057758                entityVisible
 .text.buildLightingCLUT
                0x00000000d005778c      0x43c sb3dlibrary.a(sb3dlights.o)
                0x00000000d005778c                buildLightingCLUT
 .text.brightnessToShadeF
                0x00000000d0057bc8       0x30 sb3dlibrary.a(sb3dlights.o)
                0x00000000d0057bc8                brightnessToShadeF
 .text.lightSetRanges
                0x00000000d0057bf8       0x28 sb3dlibrary.a(sb3dlights.o)
                0x00000000d0057bf8                lightSetRanges
 .text.lightsGet
                0x00000000d0057c20        0x8 sb3dlibrary.a(sb3dlights.o)
                0x00000000d0057c20                lightsGet
 .text.lightsGetCount
                0x00000000d0057c28        0xc sb3dlibrary.a(sb3dlights.o)
                0x00000000d0057c28                lightsGetCount
 .text.lightsClear
                0x00000000d0057c34        0xc sb3dlibrary.a(sb3dlights.o)
                0x00000000d0057c34                lightsClear
 .text.lightEnable
                0x00000000d0057c40       0x1c sb3dlibrary.a(sb3dlights.o)
                0x00000000d0057c40                lightEnable
 .text.addPointLight
                0x00000000d0057c5c       0x78 sb3dlibrary.a(sb3dlights.o)
                0x00000000d0057c5c                addPointLight
 .text.addDirectionalLight
                0x00000000d0057cd4       0x60 sb3dlibrary.a(sb3dlights.o)
                0x00000000d0057cd4                addDirectionalLight
 .text.lightSetPosition
                0x00000000d0057d34       0x38 sb3dlibrary.a(sb3dlights.o)
                0x00000000d0057d34                lightSetPosition
 .text.lightSetIntensity
                0x00000000d0057d6c       0x20 sb3dlibrary.a(sb3dlights.o)
                0x00000000d0057d6c                lightSetIntensity
 .text.setDefaultRenderMode
                0x00000000d0057d8c       0x1c sb3dlibrary.a(sb3drender.o)
                0x00000000d0057d8c                setDefaultRenderMode
 .text.enableFlatMode
                0x00000000d0057da8        0xc sb3dlibrary.a(sb3drender.o)
                0x00000000d0057da8                enableFlatMode
 .text.clipTriangleToFrustum
                0x00000000d0057db4      0x8c0 sb3dlibrary.a(sb3drender.o)
                0x00000000d0057db4                clipTriangleToFrustum
 .text.submitClippedTri
                0x00000000d0058674      0x288 sb3dlibrary.a(sb3drender.o)
                0x00000000d0058674                submitClippedTri
 .text.getRenderTriCount
                0x00000000d00588fc        0xc sb3dlibrary.a(sb3drender.o)
                0x00000000d00588fc                getRenderTriCount
 .text.drawFakeHorizonDots
                0x00000000d0058908      0x230 sb3dlibrary.a(sb3drender.o)
                0x00000000d0058908                drawFakeHorizonDots
 .text.drawFakeSkyDots
                0x00000000d0058b38      0x1ec sb3dlibrary.a(sb3drender.o)
                0x00000000d0058b38                drawFakeSkyDots
 .text.drawFakeHorizon
                0x00000000d0058d24      0x2a4 sb3dlibrary.a(sb3drender.o)
                0x00000000d0058d24                drawFakeHorizon
 .text.submitEntitySolid
                0x00000000d0058fc8      0xbec sb3dlibrary.a(sb3drender.o)
                0x00000000d0058fc8                submitEntitySolid
 .text.submitWorldEntities
                0x00000000d0059bb4      0x100 sb3dlibrary.a(sb3drender.o)
                0x00000000d0059bb4                submitWorldEntities
 .text.Render3D
                0x00000000d0059cb4      0x2b0 sb3dlibrary.a(sb3drender.o)
                0x00000000d0059cb4                Render3D
 .text.entitySweepRaycastTest
                0x00000000d0059f64      0x534 sb3dlibrary.a(sb3drender.o)
                0x00000000d0059f64                entitySweepRaycastTest
 .text.freeMesh
                0x00000000d005a498       0x34 sb3dlibrary.a(3dloader.o)
                0x00000000d005a498                freeMesh
 .text.loadMeshSB3D
                0x00000000d005a4cc      0x400 sb3dlibrary.a(3dloader.o)
                0x00000000d005a4cc                loadMeshSB3D
 .text.__errno  0x00000000d005a8cc        0xc /opt/st/stm32cubeide_1.6.0/plugins/com.st.stm32cube.ide.mcu.externaltools.gnu-tools-for-stm32.9-2020-q2-update.linux64_1.5.0.202011040924/tools/bin/../lib/gcc/arm-none-eabi/9.3.1/../../../../arm-none-eabi/lib/thumb/v7e-m+dp/hard/libc_nano.a(lib_a-errno.o)
                0x00000000d005a8cc                __errno
 .text._fclose_r
                0x00000000d005a8d8       0xd8 /opt/st/stm32cubeide_1.6.0/plugins/com.st.stm32cube.ide.mcu.externaltools.gnu-tools-for-stm32.9-2020-q2-update.linux64_1.5.0.202011040924/tools/bin/../lib/gcc/arm-none-eabi/9.3.1/../../../../arm-none-eabi/lib/thumb/v7e-m+dp/hard/libc_nano.a(lib_a-fclose.o)
                0x00000000d005a8d8                _fclose_r
 .text.fclose   0x00000000d005a9b0       0x10 /opt/st/stm32cubeide_1.6.0/plugins/com.st.stm32cube.ide.mcu.externaltools.gnu-tools-for-stm32.9-2020-q2-update.linux64_1.5.0.202011040924/tools/bin/../lib/gcc/arm-none-eabi/9.3.1/../../../../arm-none-eabi/lib/thumb/v7e-m+dp/hard/libc_nano.a(lib_a-fclose.o)
                0x00000000d005a9b0                fclose
 .text.__sflush_r
                0x00000000d005a9c0      0x10c /opt/st/stm32cubeide_1.6.0/plugins/com.st.stm32cube.ide.mcu.externaltools.gnu-tools-for-stm32.9-2020-q2-update.linux64_1.5.0.202011040924/tools/bin/../lib/gcc/arm-none-eabi/9.3.1/../../../../arm-none-eabi/lib/thumb/v7e-m+dp/hard/libc_nano.a(lib_a-fflush.o)
                0x00000000d005a9c0                __sflush_r
 .text._fflush_r
                0x00000000d005aacc       0x78 /opt/st/stm32cubeide_1.6.0/plugins/com.st.stm32cube.ide.mcu.externaltools.gnu-tools-for-stm32.9-2020-q2-update.linux64_1.5.0.202011040924/tools/bin/../lib/gcc/arm-none-eabi/9.3.1/../../../../arm-none-eabi/lib/thumb/v7e-m+dp/hard/libc_nano.a(lib_a-fflush.o)
                0x00000000d005aacc                _fflush_r
 .text.std      0x00000000d005ab44       0x48 /opt/st/stm32cubeide_1.6.0/plugins/com.st.stm32cube.ide.mcu.externaltools.gnu-tools-for-stm32.9-2020-q2-update.linux64_1.5.0.202011040924/tools/bin/../lib/gcc/arm-none-eabi/9.3.1/../../../../arm-none-eabi/lib/thumb/v7e-m+dp/hard/libc_nano.a(lib_a-findfp.o)
 .text._cleanup_r
                0x00000000d005ab8c        0xc /opt/st/stm32cubeide_1.6.0/plugins/com.st.stm32cube.ide.mcu.externaltools.gnu-tools-for-stm32.9-2020-q2-update.linux64_1.5.0.202011040924/tools/bin/../lib/gcc/arm-none-eabi/9.3.1/../../../../arm-none-eabi/lib/thumb/v7e-m+dp/hard/libc_nano.a(lib_a-findfp.o)
                0x00000000d005ab8c                _cleanup_r
 .text.__sfmoreglue
                0x00000000d005ab98       0x2c /opt/st/stm32cubeide_1.6.0/plugins/com.st.stm32cube.ide.mcu.externaltools.gnu-tools-for-stm32.9-2020-q2-update.linux64_1.5.0.202011040924/tools/bin/../lib/gcc/arm-none-eabi/9.3.1/../../../../arm-none-eabi/lib/thumb/v7e-m+dp/hard/libc_nano.a(lib_a-findfp.o)
                0x00000000d005ab98                __sfmoreglue
 .text.__sfp_lock_acquire
                0x00000000d005abc4        0xc /opt/st/stm32cubeide_1.6.0/plugins/com.st.stm32cube.ide.mcu.externaltools.gnu-tools-for-stm32.9-2020-q2-update.linux64_1.5.0.202011040924/tools/bin/../lib/gcc/arm-none-eabi/9.3.1/../../../../arm-none-eabi/lib/thumb/v7e-m+dp/hard/libc_nano.a(lib_a-findfp.o)
                0x00000000d005abc4                __sfp_lock_acquire
 .text.__sfp_lock_release
                0x00000000d005abd0        0xc /opt/st/stm32cubeide_1.6.0/plugins/com.st.stm32cube.ide.mcu.externaltools.gnu-tools-for-stm32.9-2020-q2-update.linux64_1.5.0.202011040924/tools/bin/../lib/gcc/arm-none-eabi/9.3.1/../../../../arm-none-eabi/lib/thumb/v7e-m+dp/hard/libc_nano.a(lib_a-findfp.o)
                0x00000000d005abd0                __sfp_lock_release
 .text.__sinit_lock_acquire
                0x00000000d005abdc        0xc /opt/st/stm32cubeide_1.6.0/plugins/com.st.stm32cube.ide.mcu.externaltools.gnu-tools-for-stm32.9-2020-q2-update.linux64_1.5.0.202011040924/tools/bin/../lib/gcc/arm-none-eabi/9.3.1/../../../../arm-none-eabi/lib/thumb/v7e-m+dp/hard/libc_nano.a(lib_a-findfp.o)
                0x00000000d005abdc                __sinit_lock_acquire
 .text.__sinit_lock_release
                0x00000000d005abe8        0xc /opt/st/stm32cubeide_1.6.0/plugins/com.st.stm32cube.ide.mcu.externaltools.gnu-tools-for-stm32.9-2020-q2-update.linux64_1.5.0.202011040924/tools/bin/../lib/gcc/arm-none-eabi/9.3.1/../../../../arm-none-eabi/lib/thumb/v7e-m+dp/hard/libc_nano.a(lib_a-findfp.o)
                0x00000000d005abe8                __sinit_lock_release
 .text.__sinit  0x00000000d005abf4       0x70 /opt/st/stm32cubeide_1.6.0/plugins/com.st.stm32cube.ide.mcu.externaltools.gnu-tools-for-stm32.9-2020-q2-update.linux64_1.5.0.202011040924/tools/bin/../lib/gcc/arm-none-eabi/9.3.1/../../../../arm-none-eabi/lib/thumb/v7e-m+dp/hard/libc_nano.a(lib_a-findfp.o)
                0x00000000d005abf4                __sinit
 .text.__sfp    0x00000000d005ac64       0x8c /opt/st/stm32cubeide_1.6.0/plugins/com.st.stm32cube.ide.mcu.externaltools.gnu-tools-for-stm32.9-2020-q2-update.linux64_1.5.0.202011040924/tools/bin/../lib/gcc/arm-none-eabi/9.3.1/../../../../arm-none-eabi/lib/thumb/v7e-m+dp/hard/libc_nano.a(lib_a-findfp.o)
                0x00000000d005ac64                __sfp
 .text._fwalk_reent
                0x00000000d005acf0       0x3e /opt/st/stm32cubeide_1.6.0/plugins/com.st.stm32cube.ide.mcu.externaltools.gnu-tools-for-stm32.9-2020-q2-update.linux64_1.5.0.202011040924/tools/bin/../lib/gcc/arm-none-eabi/9.3.1/../../../../arm-none-eabi/lib/thumb/v7e-m+dp/hard/libc_nano.a(lib_a-fwalk.o)
                0x00000000d005acf0                _fwalk_reent
 .text.__retarget_lock_init_recursive
                0x00000000d005ad2e        0x2 /opt/st/stm32cubeide_1.6.0/plugins/com.st.stm32cube.ide.mcu.externaltools.gnu-tools-for-stm32.9-2020-q2-update.linux64_1.5.0.202011040924/tools/bin/../lib/gcc/arm-none-eabi/9.3.1/../../../../arm-none-eabi/lib/thumb/v7e-m+dp/hard/libc_nano.a(lib_a-lock.o)
                0x00000000d005ad2e                __retarget_lock_init_recursive
 .text.__retarget_lock_close_recursive
                0x00000000d005ad30        0x2 /opt/st/stm32cubeide_1.6.0/plugins/com.st.stm32cube.ide.mcu.externaltools.gnu-tools-for-stm32.9-2020-q2-update.linux64_1.5.0.202011040924/tools/bin/../lib/gcc/arm-none-eabi/9.3.1/../../../../arm-none-eabi/lib/thumb/v7e-m+dp/hard/libc_nano.a(lib_a-lock.o)
                0x00000000d005ad30                __retarget_lock_close_recursive
 .text.__retarget_lock_acquire_recursive
                0x00000000d005ad32        0x2 /opt/st/stm32cubeide_1.6.0/plugins/com.st.stm32cube.ide.mcu.externaltools.gnu-tools-for-stm32.9-2020-q2-update.linux64_1.5.0.202011040924/tools/bin/../lib/gcc/arm-none-eabi/9.3.1/../../../../arm-none-eabi/lib/thumb/v7e-m+dp/hard/libc_nano.a(lib_a-lock.o)
                0x00000000d005ad32                __retarget_lock_acquire_recursive
 .text.__retarget_lock_release_recursive
                0x00000000d005ad34        0x2 /opt/st/stm32cubeide_1.6.0/plugins/com.st.stm32cube.ide.mcu.externaltools.gnu-tools-for-stm32.9-2020-q2-update.linux64_1.5.0.202011040924/tools/bin/../lib/gcc/arm-none-eabi/9.3.1/../../../../arm-none-eabi/lib/thumb/v7e-m+dp/hard/libc_nano.a(lib_a-lock.o)
                0x00000000d005ad34                __retarget_lock_release_recursive
 *fill*         0x00000000d005ad36        0x2 
 .text.malloc   0x00000000d005ad38       0x10 /opt/st/stm32cubeide_1.6.0/plugins/com.st.stm32cube.ide.mcu.externaltools.gnu-tools-for-stm32.9-2020-q2-update.linux64_1.5.0.202011040924/tools/bin/../lib/gcc/arm-none-eabi/9.3.1/../../../../arm-none-eabi/lib/thumb/v7e-m+dp/hard/libc_nano.a(lib_a-malloc.o)
                0x00000000d005ad38                malloc
 .text.free     0x00000000d005ad48       0x10 /opt/st/stm32cubeide_1.6.0/plugins/com.st.stm32cube.ide.mcu.externaltools.gnu-tools-for-stm32.9-2020-q2-update.linux64_1.5.0.202011040924/tools/bin/../lib/gcc/arm-none-eabi/9.3.1/../../../../arm-none-eabi/lib/thumb/v7e-m+dp/hard/libc_nano.a(lib_a-malloc.o)
                0x00000000d005ad48                free
 .text.memcmp   0x00000000d005ad58       0x1c /opt/st/stm32cubeide_1.6.0/plugins/com.st.stm32cube.ide.mcu.externaltools.gnu-tools-for-stm32.9-2020-q2-update.linux64_1.5.0.202011040924/tools/bin/../lib/gcc/arm-none-eabi/9.3.1/../../../../arm-none-eabi/lib/thumb/v7e-m+dp/hard/libc_nano.a(lib_a-memcmp.o)
                0x00000000d005ad58                memcmp
 .text.memcpy   0x00000000d005ad74       0x1c /opt/st/stm32cubeide_1.6.0/plugins/com.st.stm32cube.ide.mcu.externaltools.gnu-tools-for-stm32.9-2020-q2-update.linux64_1.5.0.202011040924/tools/bin/../lib/gcc/arm-none-eabi/9.3.1/../../../../arm-none-eabi/lib/thumb/v7e-m+dp/hard/libc_nano.a(lib_a-memcpy-stub.o)
                0x00000000d005ad74                memcpy
 .text.memset   0x00000000d005ad90       0x10 /opt/st/stm32cubeide_1.6.0/plugins/com.st.stm32cube.ide.mcu.externaltools.gnu-tools-for-stm32.9-2020-q2-update.linux64_1.5.0.202011040924/tools/bin/../lib/gcc/arm-none-eabi/9.3.1/../../../../arm-none-eabi/lib/thumb/v7e-m+dp/hard/libc_nano.a(lib_a-memset.o)
                0x00000000d005ad90                memset
 .text._free_r  0x00000000d005ada0       0xa0 /opt/st/stm32cubeide_1.6.0/plugins/com.st.stm32cube.ide.mcu.externaltools.gnu-tools-for-stm32.9-2020-q2-update.linux64_1.5.0.202011040924/tools/bin/../lib/gcc/arm-none-eabi/9.3.1/../../../../arm-none-eabi/lib/thumb/v7e-m+dp/hard/libc_nano.a(lib_a-nano-freer.o)
                0x00000000d005ada0                _free_r
 .text._malloc_r
                0x00000000d005ae40       0xb4 /opt/st/stm32cubeide_1.6.0/plugins/com.st.stm32cube.ide.mcu.externaltools.gnu-tools-for-stm32.9-2020-q2-update.linux64_1.5.0.202011040924/tools/bin/../lib/gcc/arm-none-eabi/9.3.1/../../../../arm-none-eabi/lib/thumb/v7e-m+dp/hard/libc_nano.a(lib_a-nano-mallocr.o)
                0x00000000d005ae40                _malloc_r
 .text.rand     0x00000000d005aef4       0x80 /opt/st/stm32cubeide_1.6.0/plugins/com.st.stm32cube.ide.mcu.externaltools.gnu-tools-for-stm32.9-2020-q2-update.linux64_1.5.0.202011040924/tools/bin/../lib/gcc/arm-none-eabi/9.3.1/../../../../arm-none-eabi/lib/thumb/v7e-m+dp/hard/libc_nano.a(lib_a-rand.o)
                0x00000000d005aef4                rand
 .text.setbuf   0x00000000d005af74       0x10 /opt/st/stm32cubeide_1.6.0/plugins/com.st.stm32cube.ide.mcu.externaltools.gnu-tools-for-stm32.9-2020-q2-update.linux64_1.5.0.202011040924/tools/bin/../lib/gcc/arm-none-eabi/9.3.1/../../../../arm-none-eabi/lib/thumb/v7e-m+dp/hard/libc_nano.a(lib_a-setbuf.o)
                0x00000000d005af74                setbuf
 .text.setvbuf  0x00000000d005af84      0x18c /opt/st/stm32cubeide_1.6.0/plugins/com.st.stm32cube.ide.mcu.externaltools.gnu-tools-for-stm32.9-2020-q2-update.linux64_1.5.0.202011040924/tools/bin/../lib/gcc/arm-none-eabi/9.3.1/../../../../arm-none-eabi/lib/thumb/v7e-m+dp/hard/libc_nano.a(lib_a-setvbuf.o)
                0x00000000d005af84                setvbuf
 .text.sprintf  0x00000000d005b110       0x40 /opt/st/stm32cubeide_1.6.0/plugins/com.st.stm32cube.ide.mcu.externaltools.gnu-tools-for-stm32.9-2020-q2-update.linux64_1.5.0.202011040924/tools/bin/../lib/gcc/arm-none-eabi/9.3.1/../../../../arm-none-eabi/lib/thumb/v7e-m+dp/hard/libc_nano.a(lib_a-sprintf.o)
                0x00000000d005b110                sprintf
                0x00000000d005b110                siprintf
 .text.__sread  0x00000000d005b150       0x22 /opt/st/stm32cubeide_1.6.0/plugins/com.st.stm32cube.ide.mcu.externaltools.gnu-tools-for-stm32.9-2020-q2-update.linux64_1.5.0.202011040924/tools/bin/../lib/gcc/arm-none-eabi/9.3.1/../../../../arm-none-eabi/lib/thumb/v7e-m+dp/hard/libc_nano.a(lib_a-stdio.o)
                0x00000000d005b150                __sread
 .text.__swrite
                0x00000000d005b172       0x38 /opt/st/stm32cubeide_1.6.0/plugins/com.st.stm32cube.ide.mcu.externaltools.gnu-tools-for-stm32.9-2020-q2-update.linux64_1.5.0.202011040924/tools/bin/../lib/gcc/arm-none-eabi/9.3.1/../../../../arm-none-eabi/lib/thumb/v7e-m+dp/hard/libc_nano.a(lib_a-stdio.o)
                0x00000000d005b172                __swrite
 .text.__sseek  0x00000000d005b1aa       0x24 /opt/st/stm32cubeide_1.6.0/plugins/com.st.stm32cube.ide.mcu.externaltools.gnu-tools-for-stm32.9-2020-q2-update.linux64_1.5.0.202011040924/tools/bin/../lib/gcc/arm-none-eabi/9.3.1/../../../../arm-none-eabi/lib/thumb/v7e-m+dp/hard/libc_nano.a(lib_a-stdio.o)
                0x00000000d005b1aa                __sseek
 .text.__sclose
                0x00000000d005b1ce        0x8 /opt/st/stm32cubeide_1.6.0/plugins/com.st.stm32cube.ide.mcu.externaltools.gnu-tools-for-stm32.9-2020-q2-update.linux64_1.5.0.202011040924/tools/bin/../lib/gcc/arm-none-eabi/9.3.1/../../../../arm-none-eabi/lib/thumb/v7e-m+dp/hard/libc_nano.a(lib_a-stdio.o)
                0x00000000d005b1ce                __sclose
 *fill*         0x00000000d005b1d6        0x2 
 .text.__assert_func
                0x00000000d005b1d8       0x3c /opt/st/stm32cubeide_1.6.0/plugins/com.st.stm32cube.ide.mcu.externaltools.gnu-tools-for-stm32.9-2020-q2-update.linux64_1.5.0.202011040924/tools/bin/../lib/gcc/arm-none-eabi/9.3.1/../../../../arm-none-eabi/lib/thumb/v7e-m+dp/hard/libc_nano.a(lib_a-assert.o)
                0x00000000d005b1d8                __assert_func
 .text._close_r
                0x00000000d005b214       0x20 /opt/st/stm32cubeide_1.6.0/plugins/com.st.stm32cube.ide.mcu.externaltools.gnu-tools-for-stm32.9-2020-q2-update.linux64_1.5.0.202011040924/tools/bin/../lib/gcc/arm-none-eabi/9.3.1/../../../../arm-none-eabi/lib/thumb/v7e-m+dp/hard/libc_nano.a(lib_a-closer.o)
                0x00000000d005b214                _close_r
 .text.fprintf  0x00000000d005b234       0x24 /opt/st/stm32cubeide_1.6.0/plugins/com.st.stm32cube.ide.mcu.externaltools.gnu-tools-for-stm32.9-2020-q2-update.linux64_1.5.0.202011040924/tools/bin/../lib/gcc/arm-none-eabi/9.3.1/../../../../arm-none-eabi/lib/thumb/v7e-m+dp/hard/libc_nano.a(lib_a-fprintf.o)
                0x00000000d005b234                fprintf
                0x00000000d005b234                fiprintf
 .text._lseek_r
                0x00000000d005b258       0x24 /opt/st/stm32cubeide_1.6.0/plugins/com.st.stm32cube.ide.mcu.externaltools.gnu-tools-for-stm32.9-2020-q2-update.linux64_1.5.0.202011040924/tools/bin/../lib/gcc/arm-none-eabi/9.3.1/../../../../arm-none-eabi/lib/thumb/v7e-m+dp/hard/libc_nano.a(lib_a-lseekr.o)
                0x00000000d005b258                _lseek_r
 .text.__swhatbuf_r
                0x00000000d005b27c       0x48 /opt/st/stm32cubeide_1.6.0/plugins/com.st.stm32cube.ide.mcu.externaltools.gnu-tools-for-stm32.9-2020-q2-update.linux64_1.5.0.202011040924/tools/bin/../lib/gcc/arm-none-eabi/9.3.1/../../../../arm-none-eabi/lib/thumb/v7e-m+dp/hard/libc_nano.a(lib_a-makebuf.o)
                0x00000000d005b27c                __swhatbuf_r
 .text.__smakebuf_r
                0x00000000d005b2c4       0x80 /opt/st/stm32cubeide_1.6.0/plugins/com.st.stm32cube.ide.mcu.externaltools.gnu-tools-for-stm32.9-2020-q2-update.linux64_1.5.0.202011040924/tools/bin/../lib/gcc/arm-none-eabi/9.3.1/../../../../arm-none-eabi/lib/thumb/v7e-m+dp/hard/libc_nano.a(lib_a-makebuf.o)
                0x00000000d005b2c4                __smakebuf_r
 .text.__malloc_lock
                0x00000000d005b344        0xc /opt/st/stm32cubeide_1.6.0/plugins/com.st.stm32cube.ide.mcu.externaltools.gnu-tools-for-stm32.9-2020-q2-update.linux64_1.5.0.202011040924/tools/bin/../lib/gcc/arm-none-eabi/9.3.1/../../../../arm-none-eabi/lib/thumb/v7e-m+dp/hard/libc_nano.a(lib_a-mlock.o)
                0x00000000d005b344                __malloc_lock
 .text.__malloc_unlock
                0x00000000d005b350        0xc /opt/st/stm32cubeide_1.6.0/plugins/com.st.stm32cube.ide.mcu.externaltools.gnu-tools-for-stm32.9-2020-q2-update.linux64_1.5.0.202011040924/tools/bin/../lib/gcc/arm-none-eabi/9.3.1/../../../../arm-none-eabi/lib/thumb/v7e-m+dp/hard/libc_nano.a(lib_a-mlock.o)
                0x00000000d005b350                __malloc_unlock
 .text._realloc_r
                0x00000000d005b35c       0x4c /opt/st/stm32cubeide_1.6.0/plugins/com.st.stm32cube.ide.mcu.externaltools.gnu-tools-for-stm32.9-2020-q2-update.linux64_1.5.0.202011040924/tools/bin/../lib/gcc/arm-none-eabi/9.3.1/../../../../arm-none-eabi/lib/thumb/v7e-m+dp/hard/libc_nano.a(lib_a-nano-reallocr.o)
                0x00000000d005b35c                _realloc_r
 .text.__ssputs_r
                0x00000000d005b3a8       0xb6 /opt/st/stm32cubeide_1.6.0/plugins/com.st.stm32cube.ide.mcu.externaltools.gnu-tools-for-stm32.9-2020-q2-update.linux64_1.5.0.202011040924/tools/bin/../lib/gcc/arm-none-eabi/9.3.1/../../../../arm-none-eabi/lib/thumb/v7e-m+dp/hard/libc_nano.a(lib_a-nano-svfprintf.o)
                0x00000000d005b3a8                __ssputs_r
 *fill*         0x00000000d005b45e        0x2 
 .text._svfprintf_r
                0x00000000d005b460      0x200 /opt/st/stm32cubeide_1.6.0/plugins/com.st.stm32cube.ide.mcu.externaltools.gnu-tools-for-stm32.9-2020-q2-update.linux64_1.5.0.202011040924/tools/bin/../lib/gcc/arm-none-eabi/9.3.1/../../../../arm-none-eabi/lib/thumb/v7e-m+dp/hard/libc_nano.a(lib_a-nano-svfprintf.o)
                0x00000000d005b460                _svfprintf_r
                0x00000000d005b460                _svfiprintf_r
 .text.__sfputc_r
                0x00000000d005b660       0x2e /opt/st/stm32cubeide_1.6.0/plugins/com.st.stm32cube.ide.mcu.externaltools.gnu-tools-for-stm32.9-2020-q2-update.linux64_1.5.0.202011040924/tools/bin/../lib/gcc/arm-none-eabi/9.3.1/../../../../arm-none-eabi/lib/thumb/v7e-m+dp/hard/libc_nano.a(lib_a-nano-vfprintf.o)
 .text.__sfputs_r
                0x00000000d005b68e       0x24 /opt/st/stm32cubeide_1.6.0/plugins/com.st.stm32cube.ide.mcu.externaltools.gnu-tools-for-stm32.9-2020-q2-update.linux64_1.5.0.202011040924/tools/bin/../lib/gcc/arm-none-eabi/9.3.1/../../../../arm-none-eabi/lib/thumb/v7e-m+dp/hard/libc_nano.a(lib_a-nano-vfprintf.o)
                0x00000000d005b68e                __sfputs_r
 *fill*         0x00000000d005b6b2        0x2 
 .text._vfprintf_r
                0x00000000d005b6b4      0x260 /opt/st/stm32cubeide_1.6.0/plugins/com.st.stm32cube.ide.mcu.externaltools.gnu-tools-for-stm32.9-2020-q2-update.linux64_1.5.0.202011040924/tools/bin/../lib/gcc/arm-none-eabi/9.3.1/../../../../arm-none-eabi/lib/thumb/v7e-m+dp/hard/libc_nano.a(lib_a-nano-vfprintf.o)
                0x00000000d005b6b4                _vfiprintf_r
                0x00000000d005b6b4                _vfprintf_r
 .text._printf_common
                0x00000000d005b914       0xda /opt/st/stm32cubeide_1.6.0/plugins/com.st.stm32cube.ide.mcu.externaltools.gnu-tools-for-stm32.9-2020-q2-update.linux64_1.5.0.202011040924/tools/bin/../lib/gcc/arm-none-eabi/9.3.1/../../../../arm-none-eabi/lib/thumb/v7e-m+dp/hard/libc_nano.a(lib_a-nano-vfprintf_i.o)
                0x00000000d005b914                _printf_common
 *fill*         0x00000000d005b9ee        0x2 
 .text._printf_i
                0x00000000d005b9f0      0x24c /opt/st/stm32cubeide_1.6.0/plugins/com.st.stm32cube.ide.mcu.externaltools.gnu-tools-for-stm32.9-2020-q2-update.linux64_1.5.0.202011040924/tools/bin/../lib/gcc/arm-none-eabi/9.3.1/../../../../arm-none-eabi/lib/thumb/v7e-m+dp/hard/libc_nano.a(lib_a-nano-vfprintf_i.o)
                0x00000000d005b9f0                _printf_i
 .text._read_r  0x00000000d005bc3c       0x24 /opt/st/stm32cubeide_1.6.0/plugins/com.st.stm32cube.ide.mcu.externaltools.gnu-tools-for-stm32.9-2020-q2-update.linux64_1.5.0.202011040924/tools/bin/../lib/gcc/arm-none-eabi/9.3.1/../../../../arm-none-eabi/lib/thumb/v7e-m+dp/hard/libc_nano.a(lib_a-readr.o)
                0x00000000d005bc3c                _read_r
 .text.__swbuf_r
                0x00000000d005bc60       0xa4 /opt/st/stm32cubeide_1.6.0/plugins/com.st.stm32cube.ide.mcu.externaltools.gnu-tools-for-stm32.9-2020-q2-update.linux64_1.5.0.202011040924/tools/bin/../lib/gcc/arm-none-eabi/9.3.1/../../../../arm-none-eabi/lib/thumb/v7e-m+dp/hard/libc_nano.a(lib_a-wbuf.o)
                0x00000000d005bc60                __swbuf_r
 .text.__swsetup_r
                0x00000000d005bd04       0xdc /opt/st/stm32cubeide_1.6.0/plugins/com.st.stm32cube.ide.mcu.externaltools.gnu-tools-for-stm32.9-2020-q2-update.linux64_1.5.0.202011040924/tools/bin/../lib/gcc/arm-none-eabi/9.3.1/../../../../arm-none-eabi/lib/thumb/v7e-m+dp/hard/libc_nano.a(lib_a-wsetup.o)
                0x00000000d005bd04                __swsetup_r
 .text.abort    0x00000000d005bde0        0xe /opt/st/stm32cubeide_1.6.0/plugins/com.st.stm32cube.ide.mcu.externaltools.gnu-tools-for-stm32.9-2020-q2-update.linux64_1.5.0.202011040924/tools/bin/../lib/gcc/arm-none-eabi/9.3.1/../../../../arm-none-eabi/lib/thumb/v7e-m+dp/hard/libc_nano.a(lib_a-abort.o)
                0x00000000d005bde0                abort
 *fill*         0x00000000d005bdee        0x2 
 .text._fstat_r
                0x00000000d005bdf0       0x24 /opt/st/stm32cubeide_1.6.0/plugins/com.st.stm32cube.ide.mcu.externaltools.gnu-tools-for-stm32.9-2020-q2-update.linux64_1.5.0.202011040924/tools/bin/../lib/gcc/arm-none-eabi/9.3.1/../../../../arm-none-eabi/lib/thumb/v7e-m+dp/hard/libc_nano.a(lib_a-fstatr.o)
                0x00000000d005bdf0                _fstat_r
 .text._isatty_r
                0x00000000d005be14       0x20 /opt/st/stm32cubeide_1.6.0/plugins/com.st.stm32cube.ide.mcu.externaltools.gnu-tools-for-stm32.9-2020-q2-update.linux64_1.5.0.202011040924/tools/bin/../lib/gcc/arm-none-eabi/9.3.1/../../../../arm-none-eabi/lib/thumb/v7e-m+dp/hard/libc_nano.a(lib_a-isattyr.o)
                0x00000000d005be14                _isatty_r
 *fill*         0x00000000d005be34        0xc 
 .text          0x00000000d005be40       0xa0 /opt/st/stm32cubeide_1.6.0/plugins/com.st.stm32cube.ide.mcu.externaltools.gnu-tools-for-stm32.9-2020-q2-update.linux64_1.5.0.202011040924/tools/bin/../lib/gcc/arm-none-eabi/9.3.1/../../../../arm-none-eabi/lib/thumb/v7e-m+dp/hard/libc_nano.a(lib_a-memchr.o)
                0x00000000d005be40                memchr
 .text.memmove  0x00000000d005bee0       0x34 /opt/st/stm32cubeide_1.6.0/plugins/com.st.stm32cube.ide.mcu.externaltools.gnu-tools-for-stm32.9-2020-q2-update.linux64_1.5.0.202011040924/tools/bin/../lib/gcc/arm-none-eabi/9.3.1/../../../../arm-none-eabi/lib/thumb/v7e-m+dp/hard/libc_nano.a(lib_a-memmove.o)
                0x00000000d005bee0                memmove
 .text._malloc_usable_size_r
                0x00000000d005bf14       0x10 /opt/st/stm32cubeide_1.6.0/plugins/com.st.stm32cube.ide.mcu.externaltools.gnu-tools-for-stm32.9-2020-q2-update.linux64_1.5.0.202011040924/tools/bin/../lib/gcc/arm-none-eabi/9.3.1/../../../../arm-none-eabi/lib/thumb/v7e-m+dp/hard/libc_nano.a(lib_a-nano-msizer.o)
                0x00000000d005bf14                _malloc_usable_size_r
 .text._raise_r
                0x00000000d005bf24       0x50 /opt/st/stm32cubeide_1.6.0/plugins/com.st.stm32cube.ide.mcu.externaltools.gnu-tools-for-stm32.9-2020-q2-update.linux64_1.5.0.202011040924/tools/bin/../lib/gcc/arm-none-eabi/9.3.1/../../../../arm-none-eabi/lib/thumb/v7e-m+dp/hard/libc_nano.a(lib_a-signal.o)
                0x00000000d005bf24                _raise_r
 .text.raise    0x00000000d005bf74       0x10 /opt/st/stm32cubeide_1.6.0/plugins/com.st.stm32cube.ide.mcu.externaltools.gnu-tools-for-stm32.9-2020-q2-update.linux64_1.5.0.202011040924/tools/bin/../lib/gcc/arm-none-eabi/9.3.1/../../../../arm-none-eabi/lib/thumb/v7e-m+dp/hard/libc_nano.a(lib_a-signal.o)
                0x00000000d005bf74                raise
 .text._kill_r  0x00000000d005bf84       0x24 /opt/st/stm32cubeide_1.6.0/plugins/com.st.stm32cube.ide.mcu.externaltools.gnu-tools-for-stm32.9-2020-q2-update.linux64_1.5.0.202011040924/tools/bin/../lib/gcc/arm-none-eabi/9.3.1/../../../../arm-none-eabi/lib/thumb/v7e-m+dp/hard/libc_nano.a(lib_a-signalr.o)
                0x00000000d005bf84                _kill_r
 .text._getpid_r
                0x00000000d005bfa8        0x4 /opt/st/stm32cubeide_1.6.0/plugins/com.st.stm32cube.ide.mcu.externaltools.gnu-tools-for-stm32.9-2020-q2-update.linux64_1.5.0.202011040924/tools/bin/../lib/gcc/arm-none-eabi/9.3.1/../../../../arm-none-eabi/lib/thumb/v7e-m+dp/hard/libc_nano.a(lib_a-signalr.o)
                0x00000000d005bfa8                _getpid_r
 .text.sinf_poly
                0x00000000d005bfac       0x54 /opt/st/stm32cubeide_1.6.0/plugins/com.st.stm32cube.ide.mcu.externaltools.gnu-tools-for-stm32.9-2020-q2-update.linux64_1.5.0.202011040924/tools/bin/../lib/gcc/arm-none-eabi/9.3.1/../../../../arm-none-eabi/lib/thumb/v7e-m+dp/hard/libm.a(lib_a-cosf.o)
 .text.cosf     0x00000000d005c000      0x128 /opt/st/stm32cubeide_1.6.0/plugins/com.st.stm32cube.ide.mcu.externaltools.gnu-tools-for-stm32.9-2020-q2-update.linux64_1.5.0.202011040924/tools/bin/../lib/gcc/arm-none-eabi/9.3.1/../../../../arm-none-eabi/lib/thumb/v7e-m+dp/hard/libm.a(lib_a-cosf.o)
                0x00000000d005c000                cosf
 .text.with_errnof
                0x00000000d005c128       0x16 /opt/st/stm32cubeide_1.6.0/plugins/com.st.stm32cube.ide.mcu.externaltools.gnu-tools-for-stm32.9-2020-q2-update.linux64_1.5.0.202011040924/tools/bin/../lib/gcc/arm-none-eabi/9.3.1/../../../../arm-none-eabi/lib/thumb/v7e-m+dp/hard/libm.a(lib_a-math_errf.o)
 .text.xflowf   0x00000000d005c13e       0x16 /opt/st/stm32cubeide_1.6.0/plugins/com.st.stm32cube.ide.mcu.externaltools.gnu-tools-for-stm32.9-2020-q2-update.linux64_1.5.0.202011040924/tools/bin/../lib/gcc/arm-none-eabi/9.3.1/../../../../arm-none-eabi/lib/thumb/v7e-m+dp/hard/libm.a(lib_a-math_errf.o)
 .text.__math_uflowf
                0x00000000d005c154        0xc /opt/st/stm32cubeide_1.6.0/plugins/com.st.stm32cube.ide.mcu.externaltools.gnu-tools-for-stm32.9-2020-q2-update.linux64_1.5.0.202011040924/tools/bin/../lib/gcc/arm-none-eabi/9.3.1/../../../../arm-none-eabi/lib/thumb/v7e-m+dp/hard/libm.a(lib_a-math_errf.o)
                0x00000000d005c154                __math_uflowf
 .text.__math_may_uflowf
                0x00000000d005c160        0xc /opt/st/stm32cubeide_1.6.0/plugins/com.st.stm32cube.ide.mcu.externaltools.gnu-tools-for-stm32.9-2020-q2-update.linux64_1.5.0.202011040924/tools/bin/../lib/gcc/arm-none-eabi/9.3.1/../../../../arm-none-eabi/lib/thumb/v7e-m+dp/hard/libm.a(lib_a-math_errf.o)
                0x00000000d005c160                __math_may_uflowf
 .text.__math_oflowf
                0x00000000d005c16c        0xc /opt/st/stm32cubeide_1.6.0/plugins/com.st.stm32cube.ide.mcu.externaltools.gnu-tools-for-stm32.9-2020-q2-update.linux64_1.5.0.202011040924/tools/bin/../lib/gcc/arm-none-eabi/9.3.1/../../../../arm-none-eabi/lib/thumb/v7e-m+dp/hard/libm.a(lib_a-math_errf.o)
                0x00000000d005c16c                __math_oflowf
 .text.__math_divzerof
                0x00000000d005c178       0x20 /opt/st/stm32cubeide_1.6.0/plugins/com.st.stm32cube.ide.mcu.externaltools.gnu-tools-for-stm32.9-2020-q2-update.linux64_1.5.0.202011040924/tools/bin/../lib/gcc/arm-none-eabi/9.3.1/../../../../arm-none-eabi/lib/thumb/v7e-m+dp/hard/libm.a(lib_a-math_errf.o)
                0x00000000d005c178                __math_divzerof
 .text.__math_invalidf
                0x00000000d005c198       0x1e /opt/st/stm32cubeide_1.6.0/plugins/com.st.stm32cube.ide.mcu.externaltools.gnu-tools-for-stm32.9-2020-q2-update.linux64_1.5.0.202011040924/tools/bin/../lib/gcc/arm-none-eabi/9.3.1/../../../../arm-none-eabi/lib/thumb/v7e-m+dp/hard/libm.a(lib_a-math_errf.o)
                0x00000000d005c198                __math_invalidf
 *fill*         0x00000000d005c1b6        0x2 
 .text.expf     0x00000000d005c1b8       0xec /opt/st/stm32cubeide_1.6.0/plugins/com.st.stm32cube.ide.mcu.externaltools.gnu-tools-for-stm32.9-2020-q2-update.linux64_1.5.0.202011040924/tools/bin/../lib/gcc/arm-none-eabi/9.3.1/../../../../arm-none-eabi/lib/thumb/v7e-m+dp/hard/libm.a(lib_a-sf_exp.o)
                0x00000000d005c1b8                expf
 .text.logf     0x00000000d005c2a4       0xcc /opt/st/stm32cubeide_1.6.0/plugins/com.st.stm32cube.ide.mcu.externaltools.gnu-tools-for-stm32.9-2020-q2-update.linux64_1.5.0.202011040924/tools/bin/../lib/gcc/arm-none-eabi/9.3.1/../../../../arm-none-eabi/lib/thumb/v7e-m+dp/hard/libm.a(lib_a-sf_log.o)
                0x00000000d005c2a4                logf
 .text.sinf_poly
                0x00000000d005c370       0x54 /opt/st/stm32cubeide_1.6.0/plugins/com.st.stm32cube.ide.mcu.externaltools.gnu-tools-for-stm32.9-2020-q2-update.linux64_1.5.0.202011040924/tools/bin/../lib/gcc/arm-none-eabi/9.3.1/../../../../arm-none-eabi/lib/thumb/v7e-m+dp/hard/libm.a(lib_a-sinf.o)
 *fill*         0x00000000d005c3c4        0x4 
 .text.sinf     0x00000000d005c3c8      0x140 /opt/st/stm32cubeide_1.6.0/plugins/com.st.stm32cube.ide.mcu.externaltools.gnu-tools-for-stm32.9-2020-q2-update.linux64_1.5.0.202011040924/tools/bin/../lib/gcc/arm-none-eabi/9.3.1/../../../../arm-none-eabi/lib/thumb/v7e-m+dp/hard/libm.a(lib_a-sinf.o)
                0x00000000d005c3c8                sinf
 .text.atan2f   0x00000000d005c508        0x4 /opt/st/stm32cubeide_1.6.0/plugins/com.st.stm32cube.ide.mcu.externaltools.gnu-tools-for-stm32.9-2020-q2-update.linux64_1.5.0.202011040924/tools/bin/../lib/gcc/arm-none-eabi/9.3.1/../../../../arm-none-eabi/lib/thumb/v7e-m+dp/hard/libm.a(lib_a-wf_atan2.o)
                0x00000000d005c508                atan2f
 .text.__ieee754_atan2f
                0x00000000d005c50c      0x13c /opt/st/stm32cubeide_1.6.0/plugins/com.st.stm32cube.ide.mcu.externaltools.gnu-tools-for-stm32.9-2020-q2-update.linux64_1.5.0.202011040924/tools/bin/../lib/gcc/arm-none-eabi/9.3.1/../../../../arm-none-eabi/lib/thumb/v7e-m+dp/hard/libm.a(lib_a-ef_atan2.o)
                0x00000000d005c50c                __ieee754_atan2f
 .text.atanf    0x00000000d005c648      0x1a8 /opt/st/stm32cubeide_1.6.0/plugins/com.st.stm32cube.ide.mcu.externaltools.gnu-tools-for-stm32.9-2020-q2-update.linux64_1.5.0.202011040924/tools/bin/../lib/gcc/arm-none-eabi/9.3.1/../../../../arm-none-eabi/lib/thumb/v7e-m+dp/hard/libm.a(lib_a-sf_atan.o)
                0x00000000d005c648                atanf
 .text.fabsf    0x00000000d005c7f0        0xe /opt/st/stm32cubeide_1.6.0/plugins/com.st.stm32cube.ide.mcu.externaltools.gnu-tools-for-stm32.9-2020-q2-update.linux64_1.5.0.202011040924/tools/bin/../lib/gcc/arm-none-eabi/9.3.1/../../../../arm-none-eabi/lib/thumb/v7e-m+dp/hard/libm.a(lib_a-sf_fabs.o)
                0x00000000d005c7f0                fabsf
 *fill*         0x00000000d005c7fe        0x2 
 .text          0x00000000d005c800      0x378 /opt/st/stm32cubeide_1.6.0/plugins/com.st.stm32cube.ide.mcu.externaltools.gnu-tools-for-stm32.9-2020-q2-update.linux64_1.5.0.202011040924/tools/bin/../lib/gcc/arm-none-eabi/9.3.1/thumb/v7e-m+dp/hard/libgcc.a(_arm_addsubdf3.o)
                0x00000000d005c800                __aeabi_drsub
                0x00000000d005c808                __aeabi_dsub
                0x00000000d005c808                __subdf3
                0x00000000d005c80c                __adddf3
                0x00000000d005c80c                __aeabi_dadd
                0x00000000d005ca84                __aeabi_ui2d
                0x00000000d005ca84                __floatunsidf
                0x00000000d005caa4                __floatsidf
                0x00000000d005caa4                __aeabi_i2d
                0x00000000d005cac8                __extendsfdf2
                0x00000000d005cac8                __aeabi_f2d
                0x00000000d005cb0c                __aeabi_ul2d
                0x00000000d005cb0c                __floatundidf
                0x00000000d005cb1c                __floatdidf
                0x00000000d005cb1c                __aeabi_l2d
 *(.rodata*)
 .rodata.LoadSFX.str1.4
                0x00000000d005cb78        0xd compiled/../../_coreapi_/audio/audio.o
 *fill*         0x00000000d005cb85        0x3 
 .rodata.goIntro.str1.4
                0x00000000d005cb88       0x13 compiled/project/main.o
 *fill*         0x00000000d005cb9b        0x1 
 .rodata.main.str1.4
                0x00000000d005cb9c       0xb3 compiled/project/main.o
 *fill*         0x00000000d005cc4f        0x1 
 .rodata        0x00000000d005cc50       0x60 compiled/project/main.o
 .rodata.museumRail.9431
                0x00000000d005ccb0      0x1b8 compiled/project/main.o
 .rodata.bayer4x4
                0x00000000d005ce68       0x10 sb3dlibrary.a(sb3dgfx.o)
 *fill*         0x00000000d005ce78        0x8 
 .rodata        0x00000000d005ce80       0x60 sb3dlibrary.a(sb3dcamera.o)
 .rodata        0x00000000d005cee0       0x88 sb3dlibrary.a(sb3dentity.o)
 .rodata.__sf_fake_stderr
                0x00000000d005cf68       0x20 /opt/st/stm32cubeide_1.6.0/plugins/com.st.stm32cube.ide.mcu.externaltools.gnu-tools-for-stm32.9-2020-q2-update.linux64_1.5.0.202011040924/tools/bin/../lib/gcc/arm-none-eabi/9.3.1/../../../../arm-none-eabi/lib/thumb/v7e-m+dp/hard/libc_nano.a(lib_a-findfp.o)
                0x00000000d005cf68                __sf_fake_stderr
 .rodata.__sf_fake_stdin
                0x00000000d005cf88       0x20 /opt/st/stm32cubeide_1.6.0/plugins/com.st.stm32cube.ide.mcu.externaltools.gnu-tools-for-stm32.9-2020-q2-update.linux64_1.5.0.202011040924/tools/bin/../lib/gcc/arm-none-eabi/9.3.1/../../../../arm-none-eabi/lib/thumb/v7e-m+dp/hard/libc_nano.a(lib_a-findfp.o)
                0x00000000d005cf88                __sf_fake_stdin
 .rodata.__sf_fake_stdout
                0x00000000d005cfa8       0x20 /opt/st/stm32cubeide_1.6.0/plugins/com.st.stm32cube.ide.mcu.externaltools.gnu-tools-for-stm32.9-2020-q2-update.linux64_1.5.0.202011040924/tools/bin/../lib/gcc/arm-none-eabi/9.3.1/../../../../arm-none-eabi/lib/thumb/v7e-m+dp/hard/libc_nano.a(lib_a-findfp.o)
                0x00000000d005cfa8                __sf_fake_stdout
 .rodata._global_impure_ptr
                0x00000000d005cfc8        0x4 /opt/st/stm32cubeide_1.6.0/plugins/com.st.stm32cube.ide.mcu.externaltools.gnu-tools-for-stm32.9-2020-q2-update.linux64_1.5.0.202011040924/tools/bin/../lib/gcc/arm-none-eabi/9.3.1/../../../../arm-none-eabi/lib/thumb/v7e-m+dp/hard/libc_nano.a(lib_a-impure.o)
                0x00000000d005cfc8                _global_impure_ptr
 .rodata.srand.str1.1
                0x00000000d005cfcc       0x76 /opt/st/stm32cubeide_1.6.0/plugins/com.st.stm32cube.ide.mcu.externaltools.gnu-tools-for-stm32.9-2020-q2-update.linux64_1.5.0.202011040924/tools/bin/../lib/gcc/arm-none-eabi/9.3.1/../../../../arm-none-eabi/lib/thumb/v7e-m+dp/hard/libc_nano.a(lib_a-rand.o)
 .rodata.__assert_func.str1.1
                0x00000000d005d042       0x3c /opt/st/stm32cubeide_1.6.0/plugins/com.st.stm32cube.ide.mcu.externaltools.gnu-tools-for-stm32.9-2020-q2-update.linux64_1.5.0.202011040924/tools/bin/../lib/gcc/arm-none-eabi/9.3.1/../../../../arm-none-eabi/lib/thumb/v7e-m+dp/hard/libc_nano.a(lib_a-assert.o)
                                         0x3d (size before relaxing)
 .rodata._svfprintf_r.str1.1
                0x00000000d005d07e       0x11 /opt/st/stm32cubeide_1.6.0/plugins/com.st.stm32cube.ide.mcu.externaltools.gnu-tools-for-stm32.9-2020-q2-update.linux64_1.5.0.202011040924/tools/bin/../lib/gcc/arm-none-eabi/9.3.1/../../../../arm-none-eabi/lib/thumb/v7e-m+dp/hard/libc_nano.a(lib_a-nano-svfprintf.o)
 .rodata._vfprintf_r.str1.1
                0x00000000d005d08f       0x11 /opt/st/stm32cubeide_1.6.0/plugins/com.st.stm32cube.ide.mcu.externaltools.gnu-tools-for-stm32.9-2020-q2-update.linux64_1.5.0.202011040924/tools/bin/../lib/gcc/arm-none-eabi/9.3.1/../../../../arm-none-eabi/lib/thumb/v7e-m+dp/hard/libc_nano.a(lib_a-nano-vfprintf.o)
 .rodata._printf_i.str1.1
                0x00000000d005d08f       0x22 /opt/st/stm32cubeide_1.6.0/plugins/com.st.stm32cube.ide.mcu.externaltools.gnu-tools-for-stm32.9-2020-q2-update.linux64_1.5.0.202011040924/tools/bin/../lib/gcc/arm-none-eabi/9.3.1/../../../../arm-none-eabi/lib/thumb/v7e-m+dp/hard/libc_nano.a(lib_a-nano-vfprintf_i.o)
 *fill*         0x00000000d005d0b1        0x7 
 .rodata.__exp2f_data
                0x00000000d005d0b8      0x148 /opt/st/stm32cubeide_1.6.0/plugins/com.st.stm32cube.ide.mcu.externaltools.gnu-tools-for-stm32.9-2020-q2-update.linux64_1.5.0.202011040924/tools/bin/../lib/gcc/arm-none-eabi/9.3.1/../../../../arm-none-eabi/lib/thumb/v7e-m+dp/hard/libm.a(lib_a-sf_exp2_data.o)
                0x00000000d005d0b8                __exp2f_data
 .rodata.__logf_data
                0x00000000d005d200      0x120 /opt/st/stm32cubeide_1.6.0/plugins/com.st.stm32cube.ide.mcu.externaltools.gnu-tools-for-stm32.9-2020-q2-update.linux64_1.5.0.202011040924/tools/bin/../lib/gcc/arm-none-eabi/9.3.1/../../../../arm-none-eabi/lib/thumb/v7e-m+dp/hard/libm.a(lib_a-sf_log_data.o)
                0x00000000d005d200                __logf_data
 .rodata.__inv_pio4
                0x00000000d005d320       0x60 /opt/st/stm32cubeide_1.6.0/plugins/com.st.stm32cube.ide.mcu.externaltools.gnu-tools-for-stm32.9-2020-q2-update.linux64_1.5.0.202011040924/tools/bin/../lib/gcc/arm-none-eabi/9.3.1/../../../../arm-none-eabi/lib/thumb/v7e-m+dp/hard/libm.a(lib_a-sincosf_data.o)
                0x00000000d005d320                __inv_pio4
 .rodata.__sincosf_table
                0x00000000d005d380       0xe0 /opt/st/stm32cubeide_1.6.0/plugins/com.st.stm32cube.ide.mcu.externaltools.gnu-tools-for-stm32.9-2020-q2-update.linux64_1.5.0.202011040924/tools/bin/../lib/gcc/arm-none-eabi/9.3.1/../../../../arm-none-eabi/lib/thumb/v7e-m+dp/hard/libm.a(lib_a-sincosf_data.o)
                0x00000000d005d380                __sincosf_table
 .rodata.CSWTCH.8
                0x00000000d005d460        0xc /opt/st/stm32cubeide_1.6.0/plugins/com.st.stm32cube.ide.mcu.externaltools.gnu-tools-for-stm32.9-2020-q2-update.linux64_1.5.0.202011040924/tools/bin/../lib/gcc/arm-none-eabi/9.3.1/../../../../arm-none-eabi/lib/thumb/v7e-m+dp/hard/libm.a(lib_a-ef_atan2.o)
 .rodata.CSWTCH.9
                0x00000000d005d46c        0xc /opt/st/stm32cubeide_1.6.0/plugins/com.st.stm32cube.ide.mcu.externaltools.gnu-tools-for-stm32.9-2020-q2-update.linux64_1.5.0.202011040924/tools/bin/../lib/gcc/arm-none-eabi/9.3.1/../../../../arm-none-eabi/lib/thumb/v7e-m+dp/hard/libm.a(lib_a-ef_atan2.o)
 .rodata.atanhi
                0x00000000d005d478       0x10 /opt/st/stm32cubeide_1.6.0/plugins/com.st.stm32cube.ide.mcu.externaltools.gnu-tools-for-stm32.9-2020-q2-update.linux64_1.5.0.202011040924/tools/bin/../lib/gcc/arm-none-eabi/9.3.1/../../../../arm-none-eabi/lib/thumb/v7e-m+dp/hard/libm.a(lib_a-sf_atan.o)
 .rodata.atanlo
                0x00000000d005d488       0x10 /opt/st/stm32cubeide_1.6.0/plugins/com.st.stm32cube.ide.mcu.externaltools.gnu-tools-for-stm32.9-2020-q2-update.linux64_1.5.0.202011040924/tools/bin/../lib/gcc/arm-none-eabi/9.3.1/../../../../arm-none-eabi/lib/thumb/v7e-m+dp/hard/libm.a(lib_a-sf_atan.o)

.glue_7         0x00000000d005d498        0x0
 .glue_7        0x00000000d005d498        0x0 linker stubs

.glue_7t        0x00000000d005d498        0x0
 .glue_7t       0x00000000d005d498        0x0 linker stubs

.vfp11_veneer   0x00000000d005d498        0x0
 .vfp11_veneer  0x00000000d005d498        0x0 linker stubs

.v4_bx          0x00000000d005d498        0x0
 .v4_bx         0x00000000d005d498        0x0 linker stubs

.init           0x00000000d005d498        0x4
 .init          0x00000000d005d498        0x4 /opt/st/stm32cubeide_1.6.0/plugins/com.st.stm32cube.ide.mcu.externaltools.gnu-tools-for-stm32.9-2020-q2-update.linux64_1.5.0.202011040924/tools/bin/../lib/gcc/arm-none-eabi/9.3.1/thumb/v7e-m+dp/hard/crti.o
                0x00000000d005d498                _init

.fini           0x00000000d005d49c        0x4
 .fini          0x00000000d005d49c        0x4 /opt/st/stm32cubeide_1.6.0/plugins/com.st.stm32cube.ide.mcu.externaltools.gnu-tools-for-stm32.9-2020-q2-update.linux64_1.5.0.202011040924/tools/bin/../lib/gcc/arm-none-eabi/9.3.1/thumb/v7e-m+dp/hard/crti.o
                0x00000000d005d49c                _fini

.iplt           0x00000000d005d4a0        0x0
 .iplt          0x00000000d005d4a0        0x0 compiled/../../_coreapi_/syscalls.o

.rel.dyn        0x00000000d005d4a0        0x0
 .rel.iplt      0x00000000d005d4a0        0x0 compiled/../../_coreapi_/syscalls.o

.data           0x00000000d005d4a0     0x24b0
 *(.data*)
 .data.c64cat   0x00000000d005d4a0     0x1000 compiled/project/resources.o
                0x00000000d005d4a0                c64cat
 .data.targetr  0x00000000d005e4a0     0x1000 compiled/project/resources.o
                0x00000000d005e4a0                targetr
 .data.clut     0x00000000d005f4a0      0x400 compiled/project/gfx.o
                0x00000000d005f4a0                clut
 .data.idleTimer.9219
                0x00000000d005f8a0        0x4 compiled/project/main.o
 .data.nextSndCharge.9464
                0x00000000d005f8a4        0x1 compiled/project/main.o
 *fill*         0x00000000d005f8a5        0x3 
 .data.rng.9217
                0x00000000d005f8a8        0x4 compiled/project/main.o
 .data.strout.9477
                0x00000000d005f8ac       0x40 compiled/project/main.o
 .data._impure_ptr
                0x00000000d005f8ec        0x4 /opt/st/stm32cubeide_1.6.0/plugins/com.st.stm32cube.ide.mcu.externaltools.gnu-tools-for-stm32.9-2020-q2-update.linux64_1.5.0.202011040924/tools/bin/../lib/gcc/arm-none-eabi/9.3.1/../../../../arm-none-eabi/lib/thumb/v7e-m+dp/hard/libc_nano.a(lib_a-impure.o)
                0x00000000d005f8ec                _impure_ptr
 .data.impure_data
                0x00000000d005f8f0       0x60 /opt/st/stm32cubeide_1.6.0/plugins/com.st.stm32cube.ide.mcu.externaltools.gnu-tools-for-stm32.9-2020-q2-update.linux64_1.5.0.202011040924/tools/bin/../lib/gcc/arm-none-eabi/9.3.1/../../../../arm-none-eabi/lib/thumb/v7e-m+dp/hard/libc_nano.a(lib_a-impure.o)

.igot.plt       0x00000000d005f950        0x0
 .igot.plt      0x00000000d005f950        0x0 compiled/../../_coreapi_/syscalls.o

.bss            0x00000000d005f960    0xa2570
                0x00000000d005f960                __bss_start__ = .
 *(.bss*)
 .bss.heap_end_u
                0x00000000d005f960        0x4 compiled/../../_coreapi_/syscalls.o
 .bss.in_write.7321
                0x00000000d005f964        0x4 compiled/../../_coreapi_/syscalls.o
 .bss.altThund.9465
                0x00000000d005f968        0x1 compiled/project/main.o
 *fill*         0x00000000d005f969       0x17 
 .bss.cam       0x00000000d005f980       0x60 compiled/project/main.o
 .bss.carrier0  0x00000000d005f9e0        0x4 compiled/project/main.o
 .bss.currentIntensity.9222
                0x00000000d005f9e4        0x4 compiled/project/main.o
 .bss.flashIntensity.9221
                0x00000000d005f9e8        0x4 compiled/project/main.o
 .bss.flashesRemaining.9223
                0x00000000d005f9ec        0x4 compiled/project/main.o
 .bss.fpsFrac.9473
                0x00000000d005f9f0        0x4 compiled/project/main.o
 .bss.fpsFrames.9471
                0x00000000d005f9f4        0x4 compiled/project/main.o
 .bss.fpsTimer.9470
                0x00000000d005f9f8        0x4 compiled/project/main.o
 .bss.fpsWhole.9472
                0x00000000d005f9fc        0x4 compiled/project/main.o
 .bss.gdb       0x00000000d005fa00        0x1 compiled/project/main.o
                0x00000000d005fa00                gdb
 *fill*         0x00000000d005fa01        0x3 
 .bss.hitCube0  0x00000000d005fa04        0x4 compiled/project/main.o
 .bss.island0   0x00000000d005fa08        0x4 compiled/project/main.o
 .bss.joyfireLatch.9460
                0x00000000d005fa0c        0x4 compiled/project/main.o
 .bss.lwpt.9480
                0x00000000d005fa10        0x1 compiled/project/main.o
 .bss.sndside   0x00000000d005fa11        0x1 compiled/project/main.o
 *fill*         0x00000000d005fa12        0x2 
 .bss.state.9218
                0x00000000d005fa14        0x4 compiled/project/main.o
 .bss.stateTimer.9220
                0x00000000d005fa18        0x4 compiled/project/main.o
 .bss.targetRollVisual.9483
                0x00000000d005fa1c        0x4 compiled/project/main.o
 .bss.thundOn.9462
                0x00000000d005fa20        0x2 compiled/project/main.o
 *fill*         0x00000000d005fa22        0x2 
 .bss.thundTime.9463
                0x00000000d005fa24        0x8 compiled/project/main.o
 .bss.ticka.9474
                0x00000000d005fa2c        0x4 compiled/project/main.o
 .bss.tickr.9476
                0x00000000d005fa30        0x4 compiled/project/main.o
 .bss.turret0   0x00000000d005fa34        0x4 compiled/project/main.o
 .bss.turretBurstShotsLeft
                0x00000000d005fa38        0x2 compiled/project/main.o
 .bss.turretShotTimer
                0x00000000d005fa3a        0x2 compiled/project/main.o
 .bss.g_depthBandY0
                0x00000000d005fa3c        0x4 sb3dlibrary.a(sb3dgfx.o)
 .bss.g_depthBandY1
                0x00000000d005fa40        0x4 sb3dlibrary.a(sb3dgfx.o)
 .bss.g_depthBufferBand
                0x00000000d005fa44        0x4 sb3dlibrary.a(sb3dgfx.o)
 *fill*         0x00000000d005fa48       0x18 
 .bss.g_quadParticles
                0x00000000d005fa60     0x2000 sb3dlibrary.a(sb3dparticles.o)
 .bss.g_lightCount
                0x00000000d0061a60        0x4 sb3dlibrary.a(sb3dlights.o)
 *fill*         0x00000000d0061a64       0x1c 
 .bss.g_lights  0x00000000d0061a80      0x200 sb3dlibrary.a(sb3dlights.o)
 .bss.g_camVertsCache
                0x00000000d0061c80     0xc000 sb3dlibrary.a(sb3drender.o)
 .bss.g_clipScratchA
                0x00000000d006dc80        0x4 sb3dlibrary.a(sb3drender.o)
 .bss.g_clipScratchB
                0x00000000d006dc84        0x4 sb3dlibrary.a(sb3drender.o)
 .bss.g_flatMode
                0x00000000d006dc88        0x4 sb3dlibrary.a(sb3drender.o)
 .bss.g_renderTriCount
                0x00000000d006dc8c        0x4 sb3dlibrary.a(sb3drender.o)
 *fill*         0x00000000d006dc90       0x10 
 .bss.g_renderTris
                0x00000000d006dca0    0x80000 sb3dlibrary.a(sb3drender.o)
 .bss.g_twoshadeMode
                0x00000000d00edca0        0x4 sb3dlibrary.a(sb3drender.o)
 .bss.g_wireframe
                0x00000000d00edca4        0x4 sb3dlibrary.a(sb3drender.o)
 *fill*         0x00000000d00edca8       0x18 
 .bss.g_worldVertsCache
                0x00000000d00edcc0     0xc000 sb3dlibrary.a(sb3drender.o)
 .bss.__malloc_free_list
                0x00000000d00f9cc0        0x4 /opt/st/stm32cubeide_1.6.0/plugins/com.st.stm32cube.ide.mcu.externaltools.gnu-tools-for-stm32.9-2020-q2-update.linux64_1.5.0.202011040924/tools/bin/../lib/gcc/arm-none-eabi/9.3.1/../../../../arm-none-eabi/lib/thumb/v7e-m+dp/hard/libc_nano.a(lib_a-nano-mallocr.o)
                0x00000000d00f9cc0                __malloc_free_list
 .bss.__malloc_sbrk_start
                0x00000000d00f9cc4        0x4 /opt/st/stm32cubeide_1.6.0/plugins/com.st.stm32cube.ide.mcu.externaltools.gnu-tools-for-stm32.9-2020-q2-update.linux64_1.5.0.202011040924/tools/bin/../lib/gcc/arm-none-eabi/9.3.1/../../../../arm-none-eabi/lib/thumb/v7e-m+dp/hard/libc_nano.a(lib_a-nano-mallocr.o)
                0x00000000d00f9cc4                __malloc_sbrk_start
 *(COMMON)
 COMMON         0x00000000d00f9cc8        0x4 compiled/../../_coreapi_/syscalls.o
                0x00000000d00f9cc8                heap_size
 *fill*         0x00000000d00f9ccc       0x14 
 COMMON         0x00000000d00f9ce0      0x1d0 compiled/project/main.o
                0x00000000d00f9ce0                LaserBlast
                0x00000000d00f9d20                HosGround
                0x00000000d00f9d40                pewpew
                0x00000000d00f9d60                backbitmap
                0x00000000d00f9d80                thund1
                0x00000000d00f9d84                SeaDots
                0x00000000d00f9da0                thund2
                0x00000000d00f9da4                HosSky
                0x00000000d00f9da8                sampleLen
                0x00000000d00f9dac                Lasers
                0x00000000d00f9ddc                HosHorizonLine
                0x00000000d00f9de0                bm2
                0x00000000d00f9e00                bm1
                0x00000000d00f9e20                mantaeng
                0x00000000d00f9e40                PlayerLaser
                0x00000000d00f9e80                CameraLasers
 COMMON         0x00000000d00f9eb0        0x4 sb3dlibrary.a(sb3dgfx.o)
                0x00000000d00f9eb0                drawbuffer
 *fill*         0x00000000d00f9eb4        0xc 
 COMMON         0x00000000d00f9ec0     0x8000 sb3dlibrary.a(sb3dworld.o)
                0x00000000d00f9ec0                worldEntities
 COMMON         0x00000000d0101ec0        0x9 /opt/st/stm32cubeide_1.6.0/plugins/com.st.stm32cube.ide.mcu.externaltools.gnu-tools-for-stm32.9-2020-q2-update.linux64_1.5.0.202011040924/tools/bin/../lib/gcc/arm-none-eabi/9.3.1/../../../../arm-none-eabi/lib/thumb/v7e-m+dp/hard/libc_nano.a(lib_a-lock.o)
                0x00000000d0101ec0                __lock___atexit_recursive_mutex
                0x00000000d0101ec1                __lock___arc4random_mutex
                0x00000000d0101ec2                __lock___env_recursive_mutex
                0x00000000d0101ec3                __lock___sinit_recursive_mutex
                0x00000000d0101ec4                __lock___malloc_recursive_mutex
                0x00000000d0101ec5                __lock___at_quick_exit_mutex
                0x00000000d0101ec6                __lock___dd_hash_mutex
                0x00000000d0101ec7                __lock___tz_mutex
                0x00000000d0101ec8                __lock___sfp_recursive_mutex
 *fill*         0x00000000d0101ec9        0x3 
 COMMON         0x00000000d0101ecc        0x4 /opt/st/stm32cubeide_1.6.0/plugins/com.st.stm32cube.ide.mcu.externaltools.gnu-tools-for-stm32.9-2020-q2-update.linux64_1.5.0.202011040924/tools/bin/../lib/gcc/arm-none-eabi/9.3.1/../../../../arm-none-eabi/lib/thumb/v7e-m+dp/hard/libc_nano.a(lib_a-reent.o)
                0x00000000d0101ecc                errno
                0x00000000d0101ed0                __bss_end__ = .

.stack          0x00000000d0101ed0     0x2000
                0x00000000d0101ed0                . = ALIGN (0x8)
                0x00000000d0101ed0                __stack_start__ = .
                0x00000000d0103ed0                . = (. + _stack_size)
 *fill*         0x00000000d0101ed0     0x2000 
                0x00000000d0103ed0                . = ALIGN (0x8)
                0x00000000d0103ed0                __stack_end__ = .

.rodata
 *(.rodata*)
                [!provide]                        PROVIDE (__app_end_clear = __stack_end__)
                [!provide]                        PROVIDE (_estack = __stack_end__)
                0x00000000d0103ed0                _end = .
                0x00000000d0103ed0                __app_end = .
OUTPUT(compiled/applet.elf elf32-littlearm)
LOAD linker stubs

.ARM.attributes
                0x0000000000000000       0x2e
 .ARM.attributes
                0x0000000000000000       0x1e /opt/st/stm32cubeide_1.6.0/plugins/com.st.stm32cube.ide.mcu.externaltools.gnu-tools-for-stm32.9-2020-q2-update.linux64_1.5.0.202011040924/tools/bin/../lib/gcc/arm-none-eabi/9.3.1/thumb/v7e-m+dp/hard/crti.o
 .ARM.attributes
                0x000000000000001e       0x2c compiled/../../_coreapi_/syscalls.o
 .ARM.attributes
                0x000000000000004a       0x2c compiled/../../_coreapi_/audio/audio.o
 .ARM.attributes
                0x0000000000000076       0x2c compiled/project/splinerail.o
 .ARM.attributes
                0x00000000000000a2       0x31 compiled/project/resources.o
 .ARM.attributes
                0x00000000000000d3       0x31 compiled/project/gfx.o
 .ARM.attributes
                0x0000000000000104       0x2c compiled/project/main.o
 .ARM.attributes
                0x0000000000000130       0x2c sb3dlibrary.a(sb3dmaterial.o)
 .ARM.attributes
                0x000000000000015c       0x2c sb3dlibrary.a(sb3dgfx.o)
 .ARM.attributes
                0x0000000000000188       0x2c sb3dlibrary.a(sb3dmath.o)
 .ARM.attributes
                0x00000000000001b4       0x2c sb3dlibrary.a(sb3dparticles.o)
 .ARM.attributes
                0x00000000000001e0       0x2c sb3dlibrary.a(sb3dworld.o)
 .ARM.attributes
                0x000000000000020c       0x2c sb3dlibrary.a(sb3dcamera.o)
 .ARM.attributes
                0x0000000000000238       0x2c sb3dlibrary.a(sb3dentity.o)
 .ARM.attributes
                0x0000000000000264       0x2c sb3dlibrary.a(sb3dlights.o)
 .ARM.attributes
                0x0000000000000290       0x2c sb3dlibrary.a(sb3drender.o)
 .ARM.attributes
                0x00000000000002bc       0x2c sb3dlibrary.a(3dloader.o)
 .ARM.attributes
                0x00000000000002e8       0x32 /opt/st/stm32cubeide_1.6.0/plugins/com.st.stm32cube.ide.mcu.externaltools.gnu-tools-for-stm32.9-2020-q2-update.linux64_1.5.0.202011040924/tools/bin/../lib/gcc/arm-none-eabi/9.3.1/../../../../arm-none-eabi/lib/thumb/v7e-m+dp/hard/libc_nano.a(lib_a-errno.o)
 .ARM.attributes
                0x000000000000031a       0x32 /opt/st/stm32cubeide_1.6.0/plugins/com.st.stm32cube.ide.mcu.externaltools.gnu-tools-for-stm32.9-2020-q2-update.linux64_1.5.0.202011040924/tools/bin/../lib/gcc/arm-none-eabi/9.3.1/../../../../arm-none-eabi/lib/thumb/v7e-m+dp/hard/libc_nano.a(lib_a-fclose.o)
 .ARM.attributes
                0x000000000000034c       0x32 /opt/st/stm32cubeide_1.6.0/plugins/com.st.stm32cube.ide.mcu.externaltools.gnu-tools-for-stm32.9-2020-q2-update.linux64_1.5.0.202011040924/tools/bin/../lib/gcc/arm-none-eabi/9.3.1/../../../../arm-none-eabi/lib/thumb/v7e-m+dp/hard/libc_nano.a(lib_a-fflush.o)
 .ARM.attributes
                0x000000000000037e       0x32 /opt/st/stm32cubeide_1.6.0/plugins/com.st.stm32cube.ide.mcu.externaltools.gnu-tools-for-stm32.9-2020-q2-update.linux64_1.5.0.202011040924/tools/bin/../lib/gcc/arm-none-eabi/9.3.1/../../../../arm-none-eabi/lib/thumb/v7e-m+dp/hard/libc_nano.a(lib_a-findfp.o)
 .ARM.attributes
                0x00000000000003b0       0x32 /opt/st/stm32cubeide_1.6.0/plugins/com.st.stm32cube.ide.mcu.externaltools.gnu-tools-for-stm32.9-2020-q2-update.linux64_1.5.0.202011040924/tools/bin/../lib/gcc/arm-none-eabi/9.3.1/../../../../arm-none-eabi/lib/thumb/v7e-m+dp/hard/libc_nano.a(lib_a-fwalk.o)
 .ARM.attributes
                0x00000000000003e2       0x30 /opt/st/stm32cubeide_1.6.0/plugins/com.st.stm32cube.ide.mcu.externaltools.gnu-tools-for-stm32.9-2020-q2-update.linux64_1.5.0.202011040924/tools/bin/../lib/gcc/arm-none-eabi/9.3.1/../../../../arm-none-eabi/lib/thumb/v7e-m+dp/hard/libc_nano.a(lib_a-impure.o)
 .ARM.attributes
                0x0000000000000412       0x32 /opt/st/stm32cubeide_1.6.0/plugins/com.st.stm32cube.ide.mcu.externaltools.gnu-tools-for-stm32.9-2020-q2-update.linux64_1.5.0.202011040924/tools/bin/../lib/gcc/arm-none-eabi/9.3.1/../../../../arm-none-eabi/lib/thumb/v7e-m+dp/hard/libc_nano.a(lib_a-lock.o)
 .ARM.attributes
                0x0000000000000444       0x32 /opt/st/stm32cubeide_1.6.0/plugins/com.st.stm32cube.ide.mcu.externaltools.gnu-tools-for-stm32.9-2020-q2-update.linux64_1.5.0.202011040924/tools/bin/../lib/gcc/arm-none-eabi/9.3.1/../../../../arm-none-eabi/lib/thumb/v7e-m+dp/hard/libc_nano.a(lib_a-malloc.o)
 .ARM.attributes
                0x0000000000000476       0x32 /opt/st/stm32cubeide_1.6.0/plugins/com.st.stm32cube.ide.mcu.externaltools.gnu-tools-for-stm32.9-2020-q2-update.linux64_1.5.0.202011040924/tools/bin/../lib/gcc/arm-none-eabi/9.3.1/../../../../arm-none-eabi/lib/thumb/v7e-m+dp/hard/libc_nano.a(lib_a-memcmp.o)
 .ARM.attributes
                0x00000000000004a8       0x32 /opt/st/stm32cubeide_1.6.0/plugins/com.st.stm32cube.ide.mcu.externaltools.gnu-tools-for-stm32.9-2020-q2-update.linux64_1.5.0.202011040924/tools/bin/../lib/gcc/arm-none-eabi/9.3.1/../../../../arm-none-eabi/lib/thumb/v7e-m+dp/hard/libc_nano.a(lib_a-memcpy-stub.o)
 .ARM.attributes
                0x00000000000004da       0x32 /opt/st/stm32cubeide_1.6.0/plugins/com.st.stm32cube.ide.mcu.externaltools.gnu-tools-for-stm32.9-2020-q2-update.linux64_1.5.0.202011040924/tools/bin/../lib/gcc/arm-none-eabi/9.3.1/../../../../arm-none-eabi/lib/thumb/v7e-m+dp/hard/libc_nano.a(lib_a-memset.o)
 .ARM.attributes
                0x000000000000050c       0x32 /opt/st/stm32cubeide_1.6.0/plugins/com.st.stm32cube.ide.mcu.externaltools.gnu-tools-for-stm32.9-2020-q2-update.linux64_1.5.0.202011040924/tools/bin/../lib/gcc/arm-none-eabi/9.3.1/../../../../arm-none-eabi/lib/thumb/v7e-m+dp/hard/libc_nano.a(lib_a-nano-freer.o)
 .ARM.attributes
                0x000000000000053e       0x32 /opt/st/stm32cubeide_1.6.0/plugins/com.st.stm32cube.ide.mcu.externaltools.gnu-tools-for-stm32.9-2020-q2-update.linux64_1.5.0.202011040924/tools/bin/../lib/gcc/arm-none-eabi/9.3.1/../../../../arm-none-eabi/lib/thumb/v7e-m+dp/hard/libc_nano.a(lib_a-nano-mallocr.o)
 .ARM.attributes
                0x0000000000000570       0x32 /opt/st/stm32cubeide_1.6.0/plugins/com.st.stm32cube.ide.mcu.externaltools.gnu-tools-for-stm32.9-2020-q2-update.linux64_1.5.0.202011040924/tools/bin/../lib/gcc/arm-none-eabi/9.3.1/../../../../arm-none-eabi/lib/thumb/v7e-m+dp/hard/libc_nano.a(lib_a-rand.o)
 .ARM.attributes
                0x00000000000005a2       0x32 /opt/st/stm32cubeide_1.6.0/plugins/com.st.stm32cube.ide.mcu.externaltools.gnu-tools-for-stm32.9-2020-q2-update.linux64_1.5.0.202011040924/tools/bin/../lib/gcc/arm-none-eabi/9.3.1/../../../../arm-none-eabi/lib/thumb/v7e-m+dp/hard/libc_nano.a(lib_a-setbuf.o)
 .ARM.attributes
                0x00000000000005d4       0x32 /opt/st/stm32cubeide_1.6.0/plugins/com.st.stm32cube.ide.mcu.externaltools.gnu-tools-for-stm32.9-2020-q2-update.linux64_1.5.0.202011040924/tools/bin/../lib/gcc/arm-none-eabi/9.3.1/../../../../arm-none-eabi/lib/thumb/v7e-m+dp/hard/libc_nano.a(lib_a-setvbuf.o)
 .ARM.attributes
                0x0000000000000606       0x32 /opt/st/stm32cubeide_1.6.0/plugins/com.st.stm32cube.ide.mcu.externaltools.gnu-tools-for-stm32.9-2020-q2-update.linux64_1.5.0.202011040924/tools/bin/../lib/gcc/arm-none-eabi/9.3.1/../../../../arm-none-eabi/lib/thumb/v7e-m+dp/hard/libc_nano.a(lib_a-sprintf.o)
 .ARM.attributes
                0x0000000000000638       0x32 /opt/st/stm32cubeide_1.6.0/plugins/com.st.stm32cube.ide.mcu.externaltools.gnu-tools-for-stm32.9-2020-q2-update.linux64_1.5.0.202011040924/tools/bin/../lib/gcc/arm-none-eabi/9.3.1/../../../../arm-none-eabi/lib/thumb/v7e-m+dp/hard/libc_nano.a(lib_a-stdio.o)
 .ARM.attributes
                0x000000000000066a       0x32 /opt/st/stm32cubeide_1.6.0/plugins/com.st.stm32cube.ide.mcu.externaltools.gnu-tools-for-stm32.9-2020-q2-update.linux64_1.5.0.202011040924/tools/bin/../lib/gcc/arm-none-eabi/9.3.1/../../../../arm-none-eabi/lib/thumb/v7e-m+dp/hard/libc_nano.a(lib_a-assert.o)
 .ARM.attributes
                0x000000000000069c       0x32 /opt/st/stm32cubeide_1.6.0/plugins/com.st.stm32cube.ide.mcu.externaltools.gnu-tools-for-stm32.9-2020-q2-update.linux64_1.5.0.202011040924/tools/bin/../lib/gcc/arm-none-eabi/9.3.1/../../../../arm-none-eabi/lib/thumb/v7e-m+dp/hard/libc_nano.a(lib_a-closer.o)
 .ARM.attributes
                0x00000000000006ce       0x32 /opt/st/stm32cubeide_1.6.0/plugins/com.st.stm32cube.ide.mcu.externaltools.gnu-tools-for-stm32.9-2020-q2-update.linux64_1.5.0.202011040924/tools/bin/../lib/gcc/arm-none-eabi/9.3.1/../../../../arm-none-eabi/lib/thumb/v7e-m+dp/hard/libc_nano.a(lib_a-fprintf.o)
 .ARM.attributes
                0x0000000000000700       0x32 /opt/st/stm32cubeide_1.6.0/plugins/com.st.stm32cube.ide.mcu.externaltools.gnu-tools-for-stm32.9-2020-q2-update.linux64_1.5.0.202011040924/tools/bin/../lib/gcc/arm-none-eabi/9.3.1/../../../../arm-none-eabi/lib/thumb/v7e-m+dp/hard/libc_nano.a(lib_a-lseekr.o)
 .ARM.attributes
                0x0000000000000732       0x32 /opt/st/stm32cubeide_1.6.0/plugins/com.st.stm32cube.ide.mcu.externaltools.gnu-tools-for-stm32.9-2020-q2-update.linux64_1.5.0.202011040924/tools/bin/../lib/gcc/arm-none-eabi/9.3.1/../../../../arm-none-eabi/lib/thumb/v7e-m+dp/hard/libc_nano.a(lib_a-makebuf.o)
 .ARM.attributes
                0x0000000000000764       0x32 /opt/st/stm32cubeide_1.6.0/plugins/com.st.stm32cube.ide.mcu.externaltools.gnu-tools-for-stm32.9-2020-q2-update.linux64_1.5.0.202011040924/tools/bin/../lib/gcc/arm-none-eabi/9.3.1/../../../../arm-none-eabi/lib/thumb/v7e-m+dp/hard/libc_nano.a(lib_a-mlock.o)
 .ARM.attributes
                0x0000000000000796       0x32 /opt/st/stm32cubeide_1.6.0/plugins/com.st.stm32cube.ide.mcu.externaltools.gnu-tools-for-stm32.9-2020-q2-update.linux64_1.5.0.202011040924/tools/bin/../lib/gcc/arm-none-eabi/9.3.1/../../../../arm-none-eabi/lib/thumb/v7e-m+dp/hard/libc_nano.a(lib_a-nano-reallocr.o)
 .ARM.attributes
                0x00000000000007c8       0x32 /opt/st/stm32cubeide_1.6.0/plugins/com.st.stm32cube.ide.mcu.externaltools.gnu-tools-for-stm32.9-2020-q2-update.linux64_1.5.0.202011040924/tools/bin/../lib/gcc/arm-none-eabi/9.3.1/../../../../arm-none-eabi/lib/thumb/v7e-m+dp/hard/libc_nano.a(lib_a-nano-svfprintf.o)
 .ARM.attributes
                0x00000000000007fa       0x32 /opt/st/stm32cubeide_1.6.0/plugins/com.st.stm32cube.ide.mcu.externaltools.gnu-tools-for-stm32.9-2020-q2-update.linux64_1.5.0.202011040924/tools/bin/../lib/gcc/arm-none-eabi/9.3.1/../../../../arm-none-eabi/lib/thumb/v7e-m+dp/hard/libc_nano.a(lib_a-nano-vfprintf.o)
 .ARM.attributes
                0x000000000000082c       0x32 /opt/st/stm32cubeide_1.6.0/plugins/com.st.stm32cube.ide.mcu.externaltools.gnu-tools-for-stm32.9-2020-q2-update.linux64_1.5.0.202011040924/tools/bin/../lib/gcc/arm-none-eabi/9.3.1/../../../../arm-none-eabi/lib/thumb/v7e-m+dp/hard/libc_nano.a(lib_a-nano-vfprintf_i.o)
 .ARM.attributes
                0x000000000000085e       0x32 /opt/st/stm32cubeide_1.6.0/plugins/com.st.stm32cube.ide.mcu.externaltools.gnu-tools-for-stm32.9-2020-q2-update.linux64_1.5.0.202011040924/tools/bin/../lib/gcc/arm-none-eabi/9.3.1/../../../../arm-none-eabi/lib/thumb/v7e-m+dp/hard/libc_nano.a(lib_a-readr.o)
 .ARM.attributes
                0x0000000000000890       0x32 /opt/st/stm32cubeide_1.6.0/plugins/com.st.stm32cube.ide.mcu.externaltools.gnu-tools-for-stm32.9-2020-q2-update.linux64_1.5.0.202011040924/tools/bin/../lib/gcc/arm-none-eabi/9.3.1/../../../../arm-none-eabi/lib/thumb/v7e-m+dp/hard/libc_nano.a(lib_a-reent.o)
 .ARM.attributes
                0x00000000000008c2       0x32 /opt/st/stm32cubeide_1.6.0/plugins/com.st.stm32cube.ide.mcu.externaltools.gnu-tools-for-stm32.9-2020-q2-update.linux64_1.5.0.202011040924/tools/bin/../lib/gcc/arm-none-eabi/9.3.1/../../../../arm-none-eabi/lib/thumb/v7e-m+dp/hard/libc_nano.a(lib_a-wbuf.o)
 .ARM.attributes
                0x00000000000008f4       0x32 /opt/st/stm32cubeide_1.6.0/plugins/com.st.stm32cube.ide.mcu.externaltools.gnu-tools-for-stm32.9-2020-q2-update.linux64_1.5.0.202011040924/tools/bin/../lib/gcc/arm-none-eabi/9.3.1/../../../../arm-none-eabi/lib/thumb/v7e-m+dp/hard/libc_nano.a(lib_a-wsetup.o)
 .ARM.attributes
                0x0000000000000926       0x32 /opt/st/stm32cubeide_1.6.0/plugins/com.st.stm32cube.ide.mcu.externaltools.gnu-tools-for-stm32.9-2020-q2-update.linux64_1.5.0.202011040924/tools/bin/../lib/gcc/arm-none-eabi/9.3.1/../../../../arm-none-eabi/lib/thumb/v7e-m+dp/hard/libc_nano.a(lib_a-abort.o)
 .ARM.attributes
                0x0000000000000958       0x32 /opt/st/stm32cubeide_1.6.0/plugins/com.st.stm32cube.ide.mcu.externaltools.gnu-tools-for-stm32.9-2020-q2-update.linux64_1.5.0.202011040924/tools/bin/../lib/gcc/arm-none-eabi/9.3.1/../../../../arm-none-eabi/lib/thumb/v7e-m+dp/hard/libc_nano.a(lib_a-fstatr.o)
 .ARM.attributes
                0x000000000000098a       0x32 /opt/st/stm32cubeide_1.6.0/plugins/com.st.stm32cube.ide.mcu.externaltools.gnu-tools-for-stm32.9-2020-q2-update.linux64_1.5.0.202011040924/tools/bin/../lib/gcc/arm-none-eabi/9.3.1/../../../../arm-none-eabi/lib/thumb/v7e-m+dp/hard/libc_nano.a(lib_a-isattyr.o)
 .ARM.attributes
                0x00000000000009bc       0x1c /opt/st/stm32cubeide_1.6.0/plugins/com.st.stm32cube.ide.mcu.externaltools.gnu-tools-for-stm32.9-2020-q2-update.linux64_1.5.0.202011040924/tools/bin/../lib/gcc/arm-none-eabi/9.3.1/../../../../arm-none-eabi/lib/thumb/v7e-m+dp/hard/libc_nano.a(lib_a-memchr.o)
 .ARM.attributes
                0x00000000000009d8       0x32 /opt/st/stm32cubeide_1.6.0/plugins/com.st.stm32cube.ide.mcu.externaltools.gnu-tools-for-stm32.9-2020-q2-update.linux64_1.5.0.202011040924/tools/bin/../lib/gcc/arm-none-eabi/9.3.1/../../../../arm-none-eabi/lib/thumb/v7e-m+dp/hard/libc_nano.a(lib_a-memmove.o)
 .ARM.attributes
                0x0000000000000a0a       0x32 /opt/st/stm32cubeide_1.6.0/plugins/com.st.stm32cube.ide.mcu.externaltools.gnu-tools-for-stm32.9-2020-q2-update.linux64_1.5.0.202011040924/tools/bin/../lib/gcc/arm-none-eabi/9.3.1/../../../../arm-none-eabi/lib/thumb/v7e-m+dp/hard/libc_nano.a(lib_a-nano-msizer.o)
 .ARM.attributes
                0x0000000000000a3c       0x32 /opt/st/stm32cubeide_1.6.0/plugins/com.st.stm32cube.ide.mcu.externaltools.gnu-tools-for-stm32.9-2020-q2-update.linux64_1.5.0.202011040924/tools/bin/../lib/gcc/arm-none-eabi/9.3.1/../../../../arm-none-eabi/lib/thumb/v7e-m+dp/hard/libc_nano.a(lib_a-signal.o)
 .ARM.attributes
                0x0000000000000a6e       0x32 /opt/st/stm32cubeide_1.6.0/plugins/com.st.stm32cube.ide.mcu.externaltools.gnu-tools-for-stm32.9-2020-q2-update.linux64_1.5.0.202011040924/tools/bin/../lib/gcc/arm-none-eabi/9.3.1/../../../../arm-none-eabi/lib/thumb/v7e-m+dp/hard/libc_nano.a(lib_a-signalr.o)
 .ARM.attributes
                0x0000000000000aa0       0x32 /opt/st/stm32cubeide_1.6.0/plugins/com.st.stm32cube.ide.mcu.externaltools.gnu-tools-for-stm32.9-2020-q2-update.linux64_1.5.0.202011040924/tools/bin/../lib/gcc/arm-none-eabi/9.3.1/../../../../arm-none-eabi/lib/thumb/v7e-m+dp/hard/libm.a(lib_a-cosf.o)
 .ARM.attributes
                0x0000000000000ad2       0x32 /opt/st/stm32cubeide_1.6.0/plugins/com.st.stm32cube.ide.mcu.externaltools.gnu-tools-for-stm32.9-2020-q2-update.linux64_1.5.0.202011040924/tools/bin/../lib/gcc/arm-none-eabi/9.3.1/../../../../arm-none-eabi/lib/thumb/v7e-m+dp/hard/libm.a(lib_a-math_errf.o)
 .ARM.attributes
                0x0000000000000b04       0x32 /opt/st/stm32cubeide_1.6.0/plugins/com.st.stm32cube.ide.mcu.externaltools.gnu-tools-for-stm32.9-2020-q2-update.linux64_1.5.0.202011040924/tools/bin/../lib/gcc/arm-none-eabi/9.3.1/../../../../arm-none-eabi/lib/thumb/v7e-m+dp/hard/libm.a(lib_a-sf_exp.o)
 .ARM.attributes
                0x0000000000000b36       0x30 /opt/st/stm32cubeide_1.6.0/plugins/com.st.stm32cube.ide.mcu.externaltools.gnu-tools-for-stm32.9-2020-q2-update.linux64_1.5.0.202011040924/tools/bin/../lib/gcc/arm-none-eabi/9.3.1/../../../../arm-none-eabi/lib/thumb/v7e-m+dp/hard/libm.a(lib_a-sf_exp2_data.o)
 .ARM.attributes
                0x0000000000000b66       0x32 /opt/st/stm32cubeide_1.6.0/plugins/com.st.stm32cube.ide.mcu.externaltools.gnu-tools-for-stm32.9-2020-q2-update.linux64_1.5.0.202011040924/tools/bin/../lib/gcc/arm-none-eabi/9.3.1/../../../../arm-none-eabi/lib/thumb/v7e-m+dp/hard/libm.a(lib_a-sf_log.o)
 .ARM.attributes
                0x0000000000000b98       0x30 /opt/st/stm32cubeide_1.6.0/plugins/com.st.stm32cube.ide.mcu.externaltools.gnu-tools-for-stm32.9-2020-q2-update.linux64_1.5.0.202011040924/tools/bin/../lib/gcc/arm-none-eabi/9.3.1/../../../../arm-none-eabi/lib/thumb/v7e-m+dp/hard/libm.a(lib_a-sf_log_data.o)
 .ARM.attributes
                0x0000000000000bc8       0x30 /opt/st/stm32cubeide_1.6.0/plugins/com.st.stm32cube.ide.mcu.externaltools.gnu-tools-for-stm32.9-2020-q2-update.linux64_1.5.0.202011040924/tools/bin/../lib/gcc/arm-none-eabi/9.3.1/../../../../arm-none-eabi/lib/thumb/v7e-m+dp/hard/libm.a(lib_a-sincosf_data.o)
 .ARM.attributes
                0x0000000000000bf8       0x32 /opt/st/stm32cubeide_1.6.0/plugins/com.st.stm32cube.ide.mcu.externaltools.gnu-tools-for-stm32.9-2020-q2-update.linux64_1.5.0.202011040924/tools/bin/../lib/gcc/arm-none-eabi/9.3.1/../../../../arm-none-eabi/lib/thumb/v7e-m+dp/hard/libm.a(lib_a-sinf.o)
 .ARM.attributes
                0x0000000000000c2a       0x32 /opt/st/stm32cubeide_1.6.0/plugins/com.st.stm32cube.ide.mcu.externaltools.gnu-tools-for-stm32.9-2020-q2-update.linux64_1.5.0.202011040924/tools/bin/../lib/gcc/arm-none-eabi/9.3.1/../../../../arm-none-eabi/lib/thumb/v7e-m+dp/hard/libm.a(lib_a-wf_atan2.o)
 .ARM.attributes
                0x0000000000000c5c       0x32 /opt/st/stm32cubeide_1.6.0/plugins/com.st.stm32cube.ide.mcu.externaltools.gnu-tools-for-stm32.9-2020-q2-update.linux64_1.5.0.202011040924/tools/bin/../lib/gcc/arm-none-eabi/9.3.1/../../../../arm-none-eabi/lib/thumb/v7e-m+dp/hard/libm.a(lib_a-ef_atan2.o)
 .ARM.attributes
                0x0000000000000c8e       0x32 /opt/st/stm32cubeide_1.6.0/plugins/com.st.stm32cube.ide.mcu.externaltools.gnu-tools-for-stm32.9-2020-q2-update.linux64_1.5.0.202011040924/tools/bin/../lib/gcc/arm-none-eabi/9.3.1/../../../../arm-none-eabi/lib/thumb/v7e-m+dp/hard/libm.a(lib_a-sf_atan.o)
 .ARM.attributes
                0x0000000000000cc0       0x32 /opt/st/stm32cubeide_1.6.0/plugins/com.st.stm32cube.ide.mcu.externaltools.gnu-tools-for-stm32.9-2020-q2-update.linux64_1.5.0.202011040924/tools/bin/../lib/gcc/arm-none-eabi/9.3.1/../../../../arm-none-eabi/lib/thumb/v7e-m+dp/hard/libm.a(lib_a-sf_fabs.o)
 .ARM.attributes
                0x0000000000000cf2       0x1e /opt/st/stm32cubeide_1.6.0/plugins/com.st.stm32cube.ide.mcu.externaltools.gnu-tools-for-stm32.9-2020-q2-update.linux64_1.5.0.202011040924/tools/bin/../lib/gcc/arm-none-eabi/9.3.1/thumb/v7e-m+dp/hard/libgcc.a(_arm_addsubdf3.o)

.comment        0x0000000000000000       0x53
 .comment       0x0000000000000000       0x53 compiled/../../_coreapi_/syscalls.o
                                         0x54 (size before relaxing)
 .comment       0x0000000000000053       0x54 compiled/../../_coreapi_/audio/audio.o
 .comment       0x0000000000000053       0x54 compiled/project/splinerail.o
 .comment       0x0000000000000053       0x54 compiled/project/resources.o
 .comment       0x0000000000000053       0x54 compiled/project/gfx.o
 .comment       0x0000000000000053       0x54 compiled/project/main.o
 .comment       0x0000000000000053       0x54 sb3dlibrary.a(sb3dmaterial.o)
 .comment       0x0000000000000053       0x54 sb3dlibrary.a(sb3dgfx.o)
 .comment       0x0000000000000053       0x54 sb3dlibrary.a(sb3dmath.o)
 .comment       0x0000000000000053       0x54 sb3dlibrary.a(sb3dparticles.o)
 .comment       0x0000000000000053       0x54 sb3dlibrary.a(sb3dworld.o)
 .comment       0x0000000000000053       0x54 sb3dlibrary.a(sb3dcamera.o)
 .comment       0x0000000000000053       0x54 sb3dlibrary.a(sb3dentity.o)
 .comment       0x0000000000000053       0x54 sb3dlibrary.a(sb3dlights.o)
 .comment       0x0000000000000053       0x54 sb3dlibrary.a(sb3drender.o)
 .comment       0x0000000000000053       0x54 sb3dlibrary.a(3dloader.o)

.debug_frame    0x0000000000000000      0xedc
 .debug_frame   0x0000000000000000       0x20 /opt/st/stm32cubeide_1.6.0/plugins/com.st.stm32cube.ide.mcu.externaltools.gnu-tools-for-stm32.9-2020-q2-update.linux64_1.5.0.202011040924/tools/bin/../lib/gcc/arm-none-eabi/9.3.1/../../../../arm-none-eabi/lib/thumb/v7e-m+dp/hard/libc_nano.a(lib_a-errno.o)
 .debug_frame   0x0000000000000020       0x3c /opt/st/stm32cubeide_1.6.0/plugins/com.st.stm32cube.ide.mcu.externaltools.gnu-tools-for-stm32.9-2020-q2-update.linux64_1.5.0.202011040924/tools/bin/../lib/gcc/arm-none-eabi/9.3.1/../../../../arm-none-eabi/lib/thumb/v7e-m+dp/hard/libc_nano.a(lib_a-fclose.o)
 .debug_frame   0x000000000000005c       0x5c /opt/st/stm32cubeide_1.6.0/plugins/com.st.stm32cube.ide.mcu.externaltools.gnu-tools-for-stm32.9-2020-q2-update.linux64_1.5.0.202011040924/tools/bin/../lib/gcc/arm-none-eabi/9.3.1/../../../../arm-none-eabi/lib/thumb/v7e-m+dp/hard/libc_nano.a(lib_a-fflush.o)