Archive member included to satisfy reference by file (symbol)

/home/kbox/sidbox-applet-compiler/tools/bin/../lib/gcc/arm-none-eabi/9.3.1/../../../../arm-none-eabi/lib/thumb/v7e-m+dp/hard/libc_nano.a(lib_a-errno.o)
                              compiled/syscalls.o (__errno)
/home/kbox/sidbox-applet-compiler/tools/bin/../lib/gcc/arm-none-eabi/9.3.1/../../../../arm-none-eabi/lib/thumb/v7e-m+dp/hard/libc_nano.a(lib_a-exit.o)
                              /home/kbox/sidbox-applet-compiler/tools/bin/../lib/gcc/arm-none-eabi/9.3.1/../../../../arm-none-eabi/lib/thumb/v7e-m+dp/hard/crt0.o (exit)
/home/kbox/sidbox-applet-compiler/tools/bin/../lib/gcc/arm-none-eabi/9.3.1/../../../../arm-none-eabi/lib/thumb/v7e-m+dp/hard/libc_nano.a(lib_a-impure.o)
                              /home/kbox/sidbox-applet-compiler/tools/bin/../lib/gcc/arm-none-eabi/9.3.1/../../../../arm-none-eabi/lib/thumb/v7e-m+dp/hard/libc_nano.a(lib_a-exit.o) (_global_impure_ptr)
/home/kbox/sidbox-applet-compiler/tools/bin/../lib/gcc/arm-none-eabi/9.3.1/../../../../arm-none-eabi/lib/thumb/v7e-m+dp/hard/libc_nano.a(lib_a-init.o)
                              /home/kbox/sidbox-applet-compiler/tools/bin/../lib/gcc/arm-none-eabi/9.3.1/../../../../arm-none-eabi/lib/thumb/v7e-m+dp/hard/crt0.o (__libc_init_array)
/home/kbox/sidbox-applet-compiler/tools/bin/../lib/gcc/arm-none-eabi/9.3.1/../../../../arm-none-eabi/lib/thumb/v7e-m+dp/hard/libc_nano.a(lib_a-memset.o)
                              /home/kbox/sidbox-applet-compiler/tools/bin/../lib/gcc/arm-none-eabi/9.3.1/../../../../arm-none-eabi/lib/thumb/v7e-m+dp/hard/crt0.o (memset)
/home/kbox/sidbox-applet-compiler/tools/bin/../lib/gcc/arm-none-eabi/9.3.1/../../../../arm-none-eabi/lib/thumb/v7e-m+dp/hard/libc_nano.a(lib_a-setbuf.o)
                              compiled/syscalls.o (setbuf)
/home/kbox/sidbox-applet-compiler/tools/bin/../lib/gcc/arm-none-eabi/9.3.1/../../../../arm-none-eabi/lib/thumb/v7e-m+dp/hard/libc_nano.a(lib_a-setvbuf.o)
                              /home/kbox/sidbox-applet-compiler/tools/bin/../lib/gcc/arm-none-eabi/9.3.1/../../../../arm-none-eabi/lib/thumb/v7e-m+dp/hard/libc_nano.a(lib_a-setbuf.o) (setvbuf)
/home/kbox/sidbox-applet-compiler/tools/bin/../lib/gcc/arm-none-eabi/9.3.1/../../../../arm-none-eabi/lib/thumb/v7e-m+dp/hard/libc_nano.a(lib_a-fflush.o)
                              /home/kbox/sidbox-applet-compiler/tools/bin/../lib/gcc/arm-none-eabi/9.3.1/../../../../arm-none-eabi/lib/thumb/v7e-m+dp/hard/libc_nano.a(lib_a-setvbuf.o) (_fflush_r)
/home/kbox/sidbox-applet-compiler/tools/bin/../lib/gcc/arm-none-eabi/9.3.1/../../../../arm-none-eabi/lib/thumb/v7e-m+dp/hard/libc_nano.a(lib_a-findfp.o)
                              /home/kbox/sidbox-applet-compiler/tools/bin/../lib/gcc/arm-none-eabi/9.3.1/../../../../arm-none-eabi/lib/thumb/v7e-m+dp/hard/libc_nano.a(lib_a-setvbuf.o) (__sinit)
/home/kbox/sidbox-applet-compiler/tools/bin/../lib/gcc/arm-none-eabi/9.3.1/../../../../arm-none-eabi/lib/thumb/v7e-m+dp/hard/libc_nano.a(lib_a-fwalk.o)
                              /home/kbox/sidbox-applet-compiler/tools/bin/../lib/gcc/arm-none-eabi/9.3.1/../../../../arm-none-eabi/lib/thumb/v7e-m+dp/hard/libc_nano.a(lib_a-findfp.o) (_fwalk)
/home/kbox/sidbox-applet-compiler/tools/bin/../lib/gcc/arm-none-eabi/9.3.1/../../../../arm-none-eabi/lib/thumb/v7e-m+dp/hard/libc_nano.a(lib_a-lock.o)
                              /home/kbox/sidbox-applet-compiler/tools/bin/../lib/gcc/arm-none-eabi/9.3.1/../../../../arm-none-eabi/lib/thumb/v7e-m+dp/hard/libc_nano.a(lib_a-findfp.o) (__retarget_lock_init_recursive)
/home/kbox/sidbox-applet-compiler/tools/bin/../lib/gcc/arm-none-eabi/9.3.1/../../../../arm-none-eabi/lib/thumb/v7e-m+dp/hard/libc_nano.a(lib_a-makebuf.o)
                              /home/kbox/sidbox-applet-compiler/tools/bin/../lib/gcc/arm-none-eabi/9.3.1/../../../../arm-none-eabi/lib/thumb/v7e-m+dp/hard/libc_nano.a(lib_a-setvbuf.o) (__swhatbuf_r)
/home/kbox/sidbox-applet-compiler/tools/bin/../lib/gcc/arm-none-eabi/9.3.1/../../../../arm-none-eabi/lib/thumb/v7e-m+dp/hard/libc_nano.a(lib_a-malloc.o)
                              /home/kbox/sidbox-applet-compiler/tools/bin/../lib/gcc/arm-none-eabi/9.3.1/../../../../arm-none-eabi/lib/thumb/v7e-m+dp/hard/libc_nano.a(lib_a-setvbuf.o) (malloc)
/home/kbox/sidbox-applet-compiler/tools/bin/../lib/gcc/arm-none-eabi/9.3.1/../../../../arm-none-eabi/lib/thumb/v7e-m+dp/hard/libc_nano.a(lib_a-nano-freer.o)
                              /home/kbox/sidbox-applet-compiler/tools/bin/../lib/gcc/arm-none-eabi/9.3.1/../../../../arm-none-eabi/lib/thumb/v7e-m+dp/hard/libc_nano.a(lib_a-setvbuf.o) (_free_r)
/home/kbox/sidbox-applet-compiler/tools/bin/../lib/gcc/arm-none-eabi/9.3.1/../../../../arm-none-eabi/lib/thumb/v7e-m+dp/hard/libc_nano.a(lib_a-nano-mallocr.o)
                              /home/kbox/sidbox-applet-compiler/tools/bin/../lib/gcc/arm-none-eabi/9.3.1/../../../../arm-none-eabi/lib/thumb/v7e-m+dp/hard/libc_nano.a(lib_a-findfp.o) (_malloc_r)
/home/kbox/sidbox-applet-compiler/tools/bin/../lib/gcc/arm-none-eabi/9.3.1/../../../../arm-none-eabi/lib/thumb/v7e-m+dp/hard/libc_nano.a(lib_a-stdio.o)
                              /home/kbox/sidbox-applet-compiler/tools/bin/../lib/gcc/arm-none-eabi/9.3.1/../../../../arm-none-eabi/lib/thumb/v7e-m+dp/hard/libc_nano.a(lib_a-findfp.o) (__sread)
/home/kbox/sidbox-applet-compiler/tools/bin/../lib/gcc/arm-none-eabi/9.3.1/../../../../arm-none-eabi/lib/thumb/v7e-m+dp/hard/libc_nano.a(lib_a-closer.o)
                              /home/kbox/sidbox-applet-compiler/tools/bin/../lib/gcc/arm-none-eabi/9.3.1/../../../../arm-none-eabi/lib/thumb/v7e-m+dp/hard/libc_nano.a(lib_a-stdio.o) (_close_r)
/home/kbox/sidbox-applet-compiler/tools/bin/../lib/gcc/arm-none-eabi/9.3.1/../../../../arm-none-eabi/lib/thumb/v7e-m+dp/hard/libc_nano.a(lib_a-fstatr.o)
                              /home/kbox/sidbox-applet-compiler/tools/bin/../lib/gcc/arm-none-eabi/9.3.1/../../../../arm-none-eabi/lib/thumb/v7e-m+dp/hard/libc_nano.a(lib_a-makebuf.o) (_fstat_r)
/home/kbox/sidbox-applet-compiler/tools/bin/../lib/gcc/arm-none-eabi/9.3.1/../../../../arm-none-eabi/lib/thumb/v7e-m+dp/hard/libc_nano.a(lib_a-isattyr.o)
                              /home/kbox/sidbox-applet-compiler/tools/bin/../lib/gcc/arm-none-eabi/9.3.1/../../../../arm-none-eabi/lib/thumb/v7e-m+dp/hard/libc_nano.a(lib_a-makebuf.o) (_isatty_r)
/home/kbox/sidbox-applet-compiler/tools/bin/../lib/gcc/arm-none-eabi/9.3.1/../../../../arm-none-eabi/lib/thumb/v7e-m+dp/hard/libc_nano.a(lib_a-lseekr.o)
                              /home/kbox/sidbox-applet-compiler/tools/bin/../lib/gcc/arm-none-eabi/9.3.1/../../../../arm-none-eabi/lib/thumb/v7e-m+dp/hard/libc_nano.a(lib_a-stdio.o) (_lseek_r)
/home/kbox/sidbox-applet-compiler/tools/bin/../lib/gcc/arm-none-eabi/9.3.1/../../../../arm-none-eabi/lib/thumb/v7e-m+dp/hard/libc_nano.a(lib_a-mlock.o)
                              /home/kbox/sidbox-applet-compiler/tools/bin/../lib/gcc/arm-none-eabi/9.3.1/../../../../arm-none-eabi/lib/thumb/v7e-m+dp/hard/libc_nano.a(lib_a-nano-freer.o) (__malloc_lock)
/home/kbox/sidbox-applet-compiler/tools/bin/../lib/gcc/arm-none-eabi/9.3.1/../../../../arm-none-eabi/lib/thumb/v7e-m+dp/hard/libc_nano.a(lib_a-readr.o)
                              /home/kbox/sidbox-applet-compiler/tools/bin/../lib/gcc/arm-none-eabi/9.3.1/../../../../arm-none-eabi/lib/thumb/v7e-m+dp/hard/libc_nano.a(lib_a-stdio.o) (_read_r)
/home/kbox/sidbox-applet-compiler/tools/bin/../lib/gcc/arm-none-eabi/9.3.1/../../../../arm-none-eabi/lib/thumb/v7e-m+dp/hard/libc_nano.a(lib_a-reent.o)
                              /home/kbox/sidbox-applet-compiler/tools/bin/../lib/gcc/arm-none-eabi/9.3.1/../../../../arm-none-eabi/lib/thumb/v7e-m+dp/hard/libc_nano.a(lib_a-closer.o) (errno)

Allocating common symbols
Common symbol       size              file

__lock___atexit_recursive_mutex
                    0x1               /home/kbox/sidbox-applet-compiler/tools/bin/../lib/gcc/arm-none-eabi/9.3.1/../../../../arm-none-eabi/lib/thumb/v7e-m+dp/hard/libc_nano.a(lib_a-lock.o)
heap_size           0x4               compiled/syscalls.o
__lock___arc4random_mutex
                    0x1               /home/kbox/sidbox-applet-compiler/tools/bin/../lib/gcc/arm-none-eabi/9.3.1/../../../../arm-none-eabi/lib/thumb/v7e-m+dp/hard/libc_nano.a(lib_a-lock.o)
errno               0x4               /home/kbox/sidbox-applet-compiler/tools/bin/../lib/gcc/arm-none-eabi/9.3.1/../../../../arm-none-eabi/lib/thumb/v7e-m+dp/hard/libc_nano.a(lib_a-reent.o)
__lock___env_recursive_mutex
                    0x1               /home/kbox/sidbox-applet-compiler/tools/bin/../lib/gcc/arm-none-eabi/9.3.1/../../../../arm-none-eabi/lib/thumb/v7e-m+dp/hard/libc_nano.a(lib_a-lock.o)
__lock___sinit_recursive_mutex
                    0x1               /home/kbox/sidbox-applet-compiler/tools/bin/../lib/gcc/arm-none-eabi/9.3.1/../../../../arm-none-eabi/lib/thumb/v7e-m+dp/hard/libc_nano.a(lib_a-lock.o)
__lock___malloc_recursive_mutex
                    0x1               /home/kbox/sidbox-applet-compiler/tools/bin/../lib/gcc/arm-none-eabi/9.3.1/../../../../arm-none-eabi/lib/thumb/v7e-m+dp/hard/libc_nano.a(lib_a-lock.o)
__lock___at_quick_exit_mutex
                    0x1               /home/kbox/sidbox-applet-compiler/tools/bin/../lib/gcc/arm-none-eabi/9.3.1/../../../../arm-none-eabi/lib/thumb/v7e-m+dp/hard/libc_nano.a(lib_a-lock.o)
__lock___dd_hash_mutex
                    0x1               /home/kbox/sidbox-applet-compiler/tools/bin/../lib/gcc/arm-none-eabi/9.3.1/../../../../arm-none-eabi/lib/thumb/v7e-m+dp/hard/libc_nano.a(lib_a-lock.o)
__lock___tz_mutex   0x1               /home/kbox/sidbox-applet-compiler/tools/bin/../lib/gcc/arm-none-eabi/9.3.1/../../../../arm-none-eabi/lib/thumb/v7e-m+dp/hard/libc_nano.a(lib_a-lock.o)
__lock___sfp_recursive_mutex
                    0x1               /home/kbox/sidbox-applet-compiler/tools/bin/../lib/gcc/arm-none-eabi/9.3.1/../../../../arm-none-eabi/lib/thumb/v7e-m+dp/hard/libc_nano.a(lib_a-lock.o)

Discarded input sections

 .text          0x0000000000000000        0x0 /home/kbox/sidbox-applet-compiler/tools/bin/../lib/gcc/arm-none-eabi/9.3.1/thumb/v7e-m+dp/hard/crti.o
 .data          0x0000000000000000        0x0 /home/kbox/sidbox-applet-compiler/tools/bin/../lib/gcc/arm-none-eabi/9.3.1/thumb/v7e-m+dp/hard/crti.o
 .bss           0x0000000000000000        0x0 /home/kbox/sidbox-applet-compiler/tools/bin/../lib/gcc/arm-none-eabi/9.3.1/thumb/v7e-m+dp/hard/crti.o
 .text          0x0000000000000000       0x40 /home/kbox/sidbox-applet-compiler/tools/bin/../lib/gcc/arm-none-eabi/9.3.1/thumb/v7e-m+dp/hard/crtbegin.o
 .data          0x0000000000000000        0x4 /home/kbox/sidbox-applet-compiler/tools/bin/../lib/gcc/arm-none-eabi/9.3.1/thumb/v7e-m+dp/hard/crtbegin.o
 .bss           0x0000000000000000       0x1c /home/kbox/sidbox-applet-compiler/tools/bin/../lib/gcc/arm-none-eabi/9.3.1/thumb/v7e-m+dp/hard/crtbegin.o
 .init_array    0x0000000000000000        0x4 /home/kbox/sidbox-applet-compiler/tools/bin/../lib/gcc/arm-none-eabi/9.3.1/thumb/v7e-m+dp/hard/crtbegin.o
 .fini_array    0x0000000000000000        0x4 /home/kbox/sidbox-applet-compiler/tools/bin/../lib/gcc/arm-none-eabi/9.3.1/thumb/v7e-m+dp/hard/crtbegin.o
 .eh_frame      0x0000000000000000        0x0 /home/kbox/sidbox-applet-compiler/tools/bin/../lib/gcc/arm-none-eabi/9.3.1/thumb/v7e-m+dp/hard/crtbegin.o
 .ARM.attributes
                0x0000000000000000       0x32 /home/kbox/sidbox-applet-compiler/tools/bin/../lib/gcc/arm-none-eabi/9.3.1/thumb/v7e-m+dp/hard/crtbegin.o
 .text          0x0000000000000000       0x7c /home/kbox/sidbox-applet-compiler/tools/bin/../lib/gcc/arm-none-eabi/9.3.1/../../../../arm-none-eabi/lib/thumb/v7e-m+dp/hard/crt0.o
 .data          0x0000000000000000        0x0 /home/kbox/sidbox-applet-compiler/tools/bin/../lib/gcc/arm-none-eabi/9.3.1/../../../../arm-none-eabi/lib/thumb/v7e-m+dp/hard/crt0.o
 .bss           0x0000000000000000        0x0 /home/kbox/sidbox-applet-compiler/tools/bin/../lib/gcc/arm-none-eabi/9.3.1/../../../../arm-none-eabi/lib/thumb/v7e-m+dp/hard/crt0.o
 .ARM.extab     0x0000000000000000        0x0 /home/kbox/sidbox-applet-compiler/tools/bin/../lib/gcc/arm-none-eabi/9.3.1/../../../../arm-none-eabi/lib/thumb/v7e-m+dp/hard/crt0.o
 .ARM.exidx     0x0000000000000000       0x10 /home/kbox/sidbox-applet-compiler/tools/bin/../lib/gcc/arm-none-eabi/9.3.1/../../../../arm-none-eabi/lib/thumb/v7e-m+dp/hard/crt0.o
 .ARM.attributes
                0x0000000000000000       0x1c /home/kbox/sidbox-applet-compiler/tools/bin/../lib/gcc/arm-none-eabi/9.3.1/../../../../arm-none-eabi/lib/thumb/v7e-m+dp/hard/crt0.o
 .text          0x0000000000000000        0x0 compiled/apis.o
 .data          0x0000000000000000        0x0 compiled/apis.o
 .bss           0x0000000000000000        0x0 compiled/apis.o
 .text.randomi  0x0000000000000000       0x24 compiled/apis.o
 .text.urandomi
                0x0000000000000000       0x24 compiled/apis.o
 .text.urandomseed
                0x0000000000000000        0xc compiled/apis.o
 .text.stringcmp
                0x0000000000000000       0x44 compiled/apis.o
 .data._Randseed
                0x0000000000000000        0x4 compiled/apis.o
 .comment       0x0000000000000000       0x54 compiled/apis.o
 .ARM.attributes
                0x0000000000000000       0x2c compiled/apis.o
 .text          0x0000000000000000        0x0 compiled/syscalls.o
 .data          0x0000000000000000        0x0 compiled/syscalls.o
 .bss           0x0000000000000000        0x0 compiled/syscalls.o
 .text.disable_irq
                0x0000000000000000        0x4 compiled/syscalls.o
 .text.enable_irq
                0x0000000000000000        0x4 compiled/syscalls.o
 .text.ExitCode
                0x0000000000000000        0x4 compiled/syscalls.o
 .rodata.doPrintTest.str1.4
                0x0000000000000000        0xf compiled/syscalls.o
 .text.doPrintTest
                0x0000000000000000       0x2c compiled/syscalls.o
 .rodata.doWriteTest.str1.4
                0x0000000000000000        0xf compiled/syscalls.o
 .text.doWriteTest
                0x0000000000000000       0x30 compiled/syscalls.o
 .text.initMalloc
                0x0000000000000000       0x18 compiled/syscalls.o
 .text._write   0x0000000000000000       0x5c compiled/syscalls.o
 .text._sbrk    0x0000000000000000       0x40 compiled/syscalls.o
 .text._isatty  0x0000000000000000        0x4 compiled/syscalls.o
 .text._exit    0x0000000000000000        0x4 compiled/syscalls.o
 .text._getpid  0x0000000000000000        0x4 compiled/syscalls.o
 .text._kill    0x0000000000000000        0x8 compiled/syscalls.o
 .bss.ExitTimer
                0x0000000000000000        0x4 compiled/syscalls.o
 .data.heap_base
                0x0000000000000000        0x4 compiled/syscalls.o
 .thestart      0x0000000000000000        0x4 compiled/syscalls.o
 COMMON         0x0000000000000000        0x4 compiled/syscalls.o
 .text          0x0000000000000000        0x0 compiled/project/sid_midi_programs.o
 .data          0x0000000000000000        0x0 compiled/project/sid_midi_programs.o
 .bss           0x0000000000000000        0x0 compiled/project/sid_midi_programs.o
 .data.sid_soundfont_bank
                0x0000000000000000      0x200 compiled/project/sid_midi_programs.o
 .rodata.prg_acoustic_piano
                0x0000000000000000       0x18 compiled/project/sid_midi_programs.o
 .rodata.prg_church_organ
                0x0000000000000000        0xc compiled/project/sid_midi_programs.o
 .rodata.prg_default_fallback
                0x0000000000000000        0xc compiled/project/sid_midi_programs.o
 .rodata.prg_distortion_guitar
                0x0000000000000000       0x20 compiled/project/sid_midi_programs.o
 .rodata.prg_gunshot
                0x0000000000000000        0xc compiled/project/sid_midi_programs.o
 .rodata.prg_honkytonk_piano
                0x0000000000000000       0x14 compiled/project/sid_midi_programs.o
 .rodata.prg_hubbard_pwm_lead
                0x0000000000000000       0x2c compiled/project/sid_midi_programs.o
 .rodata.prg_lead_square
                0x0000000000000000       0x20 compiled/project/sid_midi_programs.o
 .rodata.prg_synth_bass_1
                0x0000000000000000       0x10 compiled/project/sid_midi_programs.o
 .comment       0x0000000000000000       0x54 compiled/project/sid_midi_programs.o
 .ARM.attributes
                0x0000000000000000       0x31 compiled/project/sid_midi_programs.o
 .text          0x0000000000000000        0x0 compiled/project/sid_midi_soundfont.o
 .data          0x0000000000000000        0x0 compiled/project/sid_midi_soundfont.o
 .bss           0x0000000000000000        0x0 compiled/project/sid_midi_soundfont.o
 .text.sid_midi_isr
                0x0000000000000000      0x108 compiled/project/sid_midi_soundfont.o
 .bss.voices    0x0000000000000000       0x90 compiled/project/sid_midi_soundfont.o
 .comment       0x0000000000000000       0x54 compiled/project/sid_midi_soundfont.o
 .ARM.attributes
                0x0000000000000000       0x2c compiled/project/sid_midi_soundfont.o
 .text          0x0000000000000000        0x0 compiled/project/main.o
 .data          0x0000000000000000        0x0 compiled/project/main.o
 .bss           0x0000000000000000        0x0 compiled/project/main.o
 .text          0x0000000000000000        0x0 /home/kbox/sidbox-applet-compiler/tools/bin/../lib/gcc/arm-none-eabi/9.3.1/../../../../arm-none-eabi/lib/thumb/v7e-m+dp/hard/libc_nano.a(lib_a-errno.o)
 .data          0x0000000000000000        0x0 /home/kbox/sidbox-applet-compiler/tools/bin/../lib/gcc/arm-none-eabi/9.3.1/../../../../arm-none-eabi/lib/thumb/v7e-m+dp/hard/libc_nano.a(lib_a-errno.o)
 .bss           0x0000000000000000        0x0 /home/kbox/sidbox-applet-compiler/tools/bin/../lib/gcc/arm-none-eabi/9.3.1/../../../../arm-none-eabi/lib/thumb/v7e-m+dp/hard/libc_nano.a(lib_a-errno.o)
 .text          0x0000000000000000        0x0 /home/kbox/sidbox-applet-compiler/tools/bin/../lib/gcc/arm-none-eabi/9.3.1/../../../../arm-none-eabi/lib/thumb/v7e-m+dp/hard/libc_nano.a(lib_a-exit.o)
 .data          0x0000000000000000        0x0 /home/kbox/sidbox-applet-compiler/tools/bin/../lib/gcc/arm-none-eabi/9.3.1/../../../../arm-none-eabi/lib/thumb/v7e-m+dp/hard/libc_nano.a(lib_a-exit.o)
 .bss           0x0000000000000000        0x0 /home/kbox/sidbox-applet-compiler/tools/bin/../lib/gcc/arm-none-eabi/9.3.1/../../../../arm-none-eabi/lib/thumb/v7e-m+dp/hard/libc_nano.a(lib_a-exit.o)
 .text.exit     0x0000000000000000       0x28 /home/kbox/sidbox-applet-compiler/tools/bin/../lib/gcc/arm-none-eabi/9.3.1/../../../../arm-none-eabi/lib/thumb/v7e-m+dp/hard/libc_nano.a(lib_a-exit.o)
 .debug_frame   0x0000000000000000       0x28 /home/kbox/sidbox-applet-compiler/tools/bin/../lib/gcc/arm-none-eabi/9.3.1/../../../../arm-none-eabi/lib/thumb/v7e-m+dp/hard/libc_nano.a(lib_a-exit.o)
 .ARM.attributes
                0x0000000000000000       0x32 /home/kbox/sidbox-applet-compiler/tools/bin/../lib/gcc/arm-none-eabi/9.3.1/../../../../arm-none-eabi/lib/thumb/v7e-m+dp/hard/libc_nano.a(lib_a-exit.o)
 .text          0x0000000000000000        0x0 /home/kbox/sidbox-applet-compiler/tools/bin/../lib/gcc/arm-none-eabi/9.3.1/../../../../arm-none-eabi/lib/thumb/v7e-m+dp/hard/libc_nano.a(lib_a-impure.o)
 .data          0x0000000000000000        0x0 /home/kbox/sidbox-applet-compiler/tools/bin/../lib/gcc/arm-none-eabi/9.3.1/../../../../arm-none-eabi/lib/thumb/v7e-m+dp/hard/libc_nano.a(lib_a-impure.o)
 .bss           0x0000000000000000        0x0 /home/kbox/sidbox-applet-compiler/tools/bin/../lib/gcc/arm-none-eabi/9.3.1/../../../../arm-none-eabi/lib/thumb/v7e-m+dp/hard/libc_nano.a(lib_a-impure.o)
 .text          0x0000000000000000        0x0 /home/kbox/sidbox-applet-compiler/tools/bin/../lib/gcc/arm-none-eabi/9.3.1/../../../../arm-none-eabi/lib/thumb/v7e-m+dp/hard/libc_nano.a(lib_a-init.o)
 .data          0x0000000000000000        0x0 /home/kbox/sidbox-applet-compiler/tools/bin/../lib/gcc/arm-none-eabi/9.3.1/../../../../arm-none-eabi/lib/thumb/v7e-m+dp/hard/libc_nano.a(lib_a-init.o)
 .bss           0x0000000000000000        0x0 /home/kbox/sidbox-applet-compiler/tools/bin/../lib/gcc/arm-none-eabi/9.3.1/../../../../arm-none-eabi/lib/thumb/v7e-m+dp/hard/libc_nano.a(lib_a-init.o)
 .text.__libc_init_array
                0x0000000000000000       0x48 /home/kbox/sidbox-applet-compiler/tools/bin/../lib/gcc/arm-none-eabi/9.3.1/../../../../arm-none-eabi/lib/thumb/v7e-m+dp/hard/libc_nano.a(lib_a-init.o)
 .debug_frame   0x0000000000000000       0x2c /home/kbox/sidbox-applet-compiler/tools/bin/../lib/gcc/arm-none-eabi/9.3.1/../../../../arm-none-eabi/lib/thumb/v7e-m+dp/hard/libc_nano.a(lib_a-init.o)
 .ARM.attributes
                0x0000000000000000       0x32 /home/kbox/sidbox-applet-compiler/tools/bin/../lib/gcc/arm-none-eabi/9.3.1/../../../../arm-none-eabi/lib/thumb/v7e-m+dp/hard/libc_nano.a(lib_a-init.o)
 .text          0x0000000000000000        0x0 /home/kbox/sidbox-applet-compiler/tools/bin/../lib/gcc/arm-none-eabi/9.3.1/../../../../arm-none-eabi/lib/thumb/v7e-m+dp/hard/libc_nano.a(lib_a-memset.o)
 .data          0x0000000000000000        0x0 /home/kbox/sidbox-applet-compiler/tools/bin/../lib/gcc/arm-none-eabi/9.3.1/../../../../arm-none-eabi/lib/thumb/v7e-m+dp/hard/libc_nano.a(lib_a-memset.o)
 .bss           0x0000000000000000        0x0 /home/kbox/sidbox-applet-compiler/tools/bin/../lib/gcc/arm-none-eabi/9.3.1/../../../../arm-none-eabi/lib/thumb/v7e-m+dp/hard/libc_nano.a(lib_a-memset.o)
 .text          0x0000000000000000        0x0 /home/kbox/sidbox-applet-compiler/tools/bin/../lib/gcc/arm-none-eabi/9.3.1/../../../../arm-none-eabi/lib/thumb/v7e-m+dp/hard/libc_nano.a(lib_a-setbuf.o)
 .data          0x0000000000000000        0x0 /home/kbox/sidbox-applet-compiler/tools/bin/../lib/gcc/arm-none-eabi/9.3.1/../../../../arm-none-eabi/lib/thumb/v7e-m+dp/hard/libc_nano.a(lib_a-setbuf.o)
 .bss           0x0000000000000000        0x0 /home/kbox/sidbox-applet-compiler/tools/bin/../lib/gcc/arm-none-eabi/9.3.1/../../../../arm-none-eabi/lib/thumb/v7e-m+dp/hard/libc_nano.a(lib_a-setbuf.o)
 .text          0x0000000000000000        0x0 /home/kbox/sidbox-applet-compiler/tools/bin/../lib/gcc/arm-none-eabi/9.3.1/../../../../arm-none-eabi/lib/thumb/v7e-m+dp/hard/libc_nano.a(lib_a-setvbuf.o)
 .data          0x0000000000000000        0x0 /home/kbox/sidbox-applet-compiler/tools/bin/../lib/gcc/arm-none-eabi/9.3.1/../../../../arm-none-eabi/lib/thumb/v7e-m+dp/hard/libc_nano.a(lib_a-setvbuf.o)
 .bss           0x0000000000000000        0x0 /home/kbox/sidbox-applet-compiler/tools/bin/../lib/gcc/arm-none-eabi/9.3.1/../../../../arm-none-eabi/lib/thumb/v7e-m+dp/hard/libc_nano.a(lib_a-setvbuf.o)
 .text          0x0000000000000000        0x0 /home/kbox/sidbox-applet-compiler/tools/bin/../lib/gcc/arm-none-eabi/9.3.1/../../../../arm-none-eabi/lib/thumb/v7e-m+dp/hard/libc_nano.a(lib_a-fflush.o)
 .data          0x0000000000000000        0x0 /home/kbox/sidbox-applet-compiler/tools/bin/../lib/gcc/arm-none-eabi/9.3.1/../../../../arm-none-eabi/lib/thumb/v7e-m+dp/hard/libc_nano.a(lib_a-fflush.o)
 .bss           0x0000000000000000        0x0 /home/kbox/sidbox-applet-compiler/tools/bin/../lib/gcc/arm-none-eabi/9.3.1/../../../../arm-none-eabi/lib/thumb/v7e-m+dp/hard/libc_nano.a(lib_a-fflush.o)
 .text.fflush   0x0000000000000000       0x24 /home/kbox/sidbox-applet-compiler/tools/bin/../lib/gcc/arm-none-eabi/9.3.1/../../../../arm-none-eabi/lib/thumb/v7e-m+dp/hard/libc_nano.a(lib_a-fflush.o)
 .text          0x0000000000000000        0x0 /home/kbox/sidbox-applet-compiler/tools/bin/../lib/gcc/arm-none-eabi/9.3.1/../../../../arm-none-eabi/lib/thumb/v7e-m+dp/hard/libc_nano.a(lib_a-findfp.o)
 .data          0x0000000000000000        0x0 /home/kbox/sidbox-applet-compiler/tools/bin/../lib/gcc/arm-none-eabi/9.3.1/../../../../arm-none-eabi/lib/thumb/v7e-m+dp/hard/libc_nano.a(lib_a-findfp.o)
 .bss           0x0000000000000000        0x0 /home/kbox/sidbox-applet-compiler/tools/bin/../lib/gcc/arm-none-eabi/9.3.1/../../../../arm-none-eabi/lib/thumb/v7e-m+dp/hard/libc_nano.a(lib_a-findfp.o)
 .text.__fp_lock
                0x0000000000000000       0x18 /home/kbox/sidbox-applet-compiler/tools/bin/../lib/gcc/arm-none-eabi/9.3.1/../../../../arm-none-eabi/lib/thumb/v7e-m+dp/hard/libc_nano.a(lib_a-findfp.o)
 .text.__fp_unlock
                0x0000000000000000       0x18 /home/kbox/sidbox-applet-compiler/tools/bin/../lib/gcc/arm-none-eabi/9.3.1/../../../../arm-none-eabi/lib/thumb/v7e-m+dp/hard/libc_nano.a(lib_a-findfp.o)
 .text._cleanup
                0x0000000000000000        0xc /home/kbox/sidbox-applet-compiler/tools/bin/../lib/gcc/arm-none-eabi/9.3.1/../../../../arm-none-eabi/lib/thumb/v7e-m+dp/hard/libc_nano.a(lib_a-findfp.o)
 .text.__fp_lock_all
                0x0000000000000000       0x1c /home/kbox/sidbox-applet-compiler/tools/bin/../lib/gcc/arm-none-eabi/9.3.1/../../../../arm-none-eabi/lib/thumb/v7e-m+dp/hard/libc_nano.a(lib_a-findfp.o)
 .text.__fp_unlock_all
                0x0000000000000000       0x1c /home/kbox/sidbox-applet-compiler/tools/bin/../lib/gcc/arm-none-eabi/9.3.1/../../../../arm-none-eabi/lib/thumb/v7e-m+dp/hard/libc_nano.a(lib_a-findfp.o)
 .text          0x0000000000000000        0x0 /home/kbox/sidbox-applet-compiler/tools/bin/../lib/gcc/arm-none-eabi/9.3.1/../../../../arm-none-eabi/lib/thumb/v7e-m+dp/hard/libc_nano.a(lib_a-fwalk.o)
 .data          0x0000000000000000        0x0 /home/kbox/sidbox-applet-compiler/tools/bin/../lib/gcc/arm-none-eabi/9.3.1/../../../../arm-none-eabi/lib/thumb/v7e-m+dp/hard/libc_nano.a(lib_a-fwalk.o)
 .bss           0x0000000000000000        0x0 /home/kbox/sidbox-applet-compiler/tools/bin/../lib/gcc/arm-none-eabi/9.3.1/../../../../arm-none-eabi/lib/thumb/v7e-m+dp/hard/libc_nano.a(lib_a-fwalk.o)
 .text._fwalk   0x0000000000000000       0x3a /home/kbox/sidbox-applet-compiler/tools/bin/../lib/gcc/arm-none-eabi/9.3.1/../../../../arm-none-eabi/lib/thumb/v7e-m+dp/hard/libc_nano.a(lib_a-fwalk.o)
 .text          0x0000000000000000        0x0 /home/kbox/sidbox-applet-compiler/tools/bin/../lib/gcc/arm-none-eabi/9.3.1/../../../../arm-none-eabi/lib/thumb/v7e-m+dp/hard/libc_nano.a(lib_a-lock.o)
 .data          0x0000000000000000        0x0 /home/kbox/sidbox-applet-compiler/tools/bin/../lib/gcc/arm-none-eabi/9.3.1/../../../../arm-none-eabi/lib/thumb/v7e-m+dp/hard/libc_nano.a(lib_a-lock.o)
 .bss           0x0000000000000000        0x0 /home/kbox/sidbox-applet-compiler/tools/bin/../lib/gcc/arm-none-eabi/9.3.1/../../../../arm-none-eabi/lib/thumb/v7e-m+dp/hard/libc_nano.a(lib_a-lock.o)
 .text.__retarget_lock_init
                0x0000000000000000        0x2 /home/kbox/sidbox-applet-compiler/tools/bin/../lib/gcc/arm-none-eabi/9.3.1/../../../../arm-none-eabi/lib/thumb/v7e-m+dp/hard/libc_nano.a(lib_a-lock.o)
 .text.__retarget_lock_close
                0x0000000000000000        0x2 /home/kbox/sidbox-applet-compiler/tools/bin/../lib/gcc/arm-none-eabi/9.3.1/../../../../arm-none-eabi/lib/thumb/v7e-m+dp/hard/libc_nano.a(lib_a-lock.o)
 .text.__retarget_lock_close_recursive
                0x0000000000000000        0x2 /home/kbox/sidbox-applet-compiler/tools/bin/../lib/gcc/arm-none-eabi/9.3.1/../../../../arm-none-eabi/lib/thumb/v7e-m+dp/hard/libc_nano.a(lib_a-lock.o)
 .text.__retarget_lock_acquire
                0x0000000000000000        0x2 /home/kbox/sidbox-applet-compiler/tools/bin/../lib/gcc/arm-none-eabi/9.3.1/../../../../arm-none-eabi/lib/thumb/v7e-m+dp/hard/libc_nano.a(lib_a-lock.o)
 .text.__retarget_lock_try_acquire
                0x0000000000000000        0x4 /home/kbox/sidbox-applet-compiler/tools/bin/../lib/gcc/arm-none-eabi/9.3.1/../../../../arm-none-eabi/lib/thumb/v7e-m+dp/hard/libc_nano.a(lib_a-lock.o)
 .text.__retarget_lock_try_acquire_recursive
                0x0000000000000000        0x4 /home/kbox/sidbox-applet-compiler/tools/bin/../lib/gcc/arm-none-eabi/9.3.1/../../../../arm-none-eabi/lib/thumb/v7e-m+dp/hard/libc_nano.a(lib_a-lock.o)
 .text.__retarget_lock_release
                0x0000000000000000        0x2 /home/kbox/sidbox-applet-compiler/tools/bin/../lib/gcc/arm-none-eabi/9.3.1/../../../../arm-none-eabi/lib/thumb/v7e-m+dp/hard/libc_nano.a(lib_a-lock.o)
 .text          0x0000000000000000        0x0 /home/kbox/sidbox-applet-compiler/tools/bin/../lib/gcc/arm-none-eabi/9.3.1/../../../../arm-none-eabi/lib/thumb/v7e-m+dp/hard/libc_nano.a(lib_a-makebuf.o)
 .data          0x0000000000000000        0x0 /home/kbox/sidbox-applet-compiler/tools/bin/../lib/gcc/arm-none-eabi/9.3.1/../../../../arm-none-eabi/lib/thumb/v7e-m+dp/hard/libc_nano.a(lib_a-makebuf.o)
 .bss           0x0000000000000000        0x0 /home/kbox/sidbox-applet-compiler/tools/bin/../lib/gcc/arm-none-eabi/9.3.1/../../../../arm-none-eabi/lib/thumb/v7e-m+dp/hard/libc_nano.a(lib_a-makebuf.o)
 .text.__smakebuf_r
                0x0000000000000000       0x80 /home/kbox/sidbox-applet-compiler/tools/bin/../lib/gcc/arm-none-eabi/9.3.1/../../../../arm-none-eabi/lib/thumb/v7e-m+dp/hard/libc_nano.a(lib_a-makebuf.o)
 .text          0x0000000000000000        0x0 /home/kbox/sidbox-applet-compiler/tools/bin/../lib/gcc/arm-none-eabi/9.3.1/../../../../arm-none-eabi/lib/thumb/v7e-m+dp/hard/libc_nano.a(lib_a-malloc.o)
 .data          0x0000000000000000        0x0 /home/kbox/sidbox-applet-compiler/tools/bin/../lib/gcc/arm-none-eabi/9.3.1/../../../../arm-none-eabi/lib/thumb/v7e-m+dp/hard/libc_nano.a(lib_a-malloc.o)
 .bss           0x0000000000000000        0x0 /home/kbox/sidbox-applet-compiler/tools/bin/../lib/gcc/arm-none-eabi/9.3.1/../../../../arm-none-eabi/lib/thumb/v7e-m+dp/hard/libc_nano.a(lib_a-malloc.o)
 .text.free     0x0000000000000000       0x10 /home/kbox/sidbox-applet-compiler/tools/bin/../lib/gcc/arm-none-eabi/9.3.1/../../../../arm-none-eabi/lib/thumb/v7e-m+dp/hard/libc_nano.a(lib_a-malloc.o)
 .text          0x0000000000000000        0x0 /home/kbox/sidbox-applet-compiler/tools/bin/../lib/gcc/arm-none-eabi/9.3.1/../../../../arm-none-eabi/lib/thumb/v7e-m+dp/hard/libc_nano.a(lib_a-nano-freer.o)
 .data          0x0000000000000000        0x0 /home/kbox/sidbox-applet-compiler/tools/bin/../lib/gcc/arm-none-eabi/9.3.1/../../../../arm-none-eabi/lib/thumb/v7e-m+dp/hard/libc_nano.a(lib_a-nano-freer.o)
 .bss           0x0000000000000000        0x0 /home/kbox/sidbox-applet-compiler/tools/bin/../lib/gcc/arm-none-eabi/9.3.1/../../../../arm-none-eabi/lib/thumb/v7e-m+dp/hard/libc_nano.a(lib_a-nano-freer.o)
 .text          0x0000000000000000        0x0 /home/kbox/sidbox-applet-compiler/tools/bin/../lib/gcc/arm-none-eabi/9.3.1/../../../../arm-none-eabi/lib/thumb/v7e-m+dp/hard/libc_nano.a(lib_a-nano-mallocr.o)
 .data          0x0000000000000000        0x0 /home/kbox/sidbox-applet-compiler/tools/bin/../lib/gcc/arm-none-eabi/9.3.1/../../../../arm-none-eabi/lib/thumb/v7e-m+dp/hard/libc_nano.a(lib_a-nano-mallocr.o)
 .bss           0x0000000000000000        0x0 /home/kbox/sidbox-applet-compiler/tools/bin/../lib/gcc/arm-none-eabi/9.3.1/../../../../arm-none-eabi/lib/thumb/v7e-m+dp/hard/libc_nano.a(lib_a-nano-mallocr.o)
 .text          0x0000000000000000        0x0 /home/kbox/sidbox-applet-compiler/tools/bin/../lib/gcc/arm-none-eabi/9.3.1/../../../../arm-none-eabi/lib/thumb/v7e-m+dp/hard/libc_nano.a(lib_a-stdio.o)
 .data          0x0000000000000000        0x0 /home/kbox/sidbox-applet-compiler/tools/bin/../lib/gcc/arm-none-eabi/9.3.1/../../../../arm-none-eabi/lib/thumb/v7e-m+dp/hard/libc_nano.a(lib_a-stdio.o)
 .bss           0x0000000000000000        0x0 /home/kbox/sidbox-applet-compiler/tools/bin/../lib/gcc/arm-none-eabi/9.3.1/../../../../arm-none-eabi/lib/thumb/v7e-m+dp/hard/libc_nano.a(lib_a-stdio.o)
 .text.__seofread
                0x0000000000000000        0x4 /home/kbox/sidbox-applet-compiler/tools/bin/../lib/gcc/arm-none-eabi/9.3.1/../../../../arm-none-eabi/lib/thumb/v7e-m+dp/hard/libc_nano.a(lib_a-stdio.o)
 .text          0x0000000000000000        0x0 /home/kbox/sidbox-applet-compiler/tools/bin/../lib/gcc/arm-none-eabi/9.3.1/../../../../arm-none-eabi/lib/thumb/v7e-m+dp/hard/libc_nano.a(lib_a-closer.o)
 .data          0x0000000000000000        0x0 /home/kbox/sidbox-applet-compiler/tools/bin/../lib/gcc/arm-none-eabi/9.3.1/../../../../arm-none-eabi/lib/thumb/v7e-m+dp/hard/libc_nano.a(lib_a-closer.o)
 .bss           0x0000000000000000        0x0 /home/kbox/sidbox-applet-compiler/tools/bin/../lib/gcc/arm-none-eabi/9.3.1/../../../../arm-none-eabi/lib/thumb/v7e-m+dp/hard/libc_nano.a(lib_a-closer.o)
 .text          0x0000000000000000        0x0 /home/kbox/sidbox-applet-compiler/tools/bin/../lib/gcc/arm-none-eabi/9.3.1/../../../../arm-none-eabi/lib/thumb/v7e-m+dp/hard/libc_nano.a(lib_a-fstatr.o)
 .data          0x0000000000000000        0x0 /home/kbox/sidbox-applet-compiler/tools/bin/../lib/gcc/arm-none-eabi/9.3.1/../../../../arm-none-eabi/lib/thumb/v7e-m+dp/hard/libc_nano.a(lib_a-fstatr.o)
 .bss           0x0000000000000000        0x0 /home/kbox/sidbox-applet-compiler/tools/bin/../lib/gcc/arm-none-eabi/9.3.1/../../../../arm-none-eabi/lib/thumb/v7e-m+dp/hard/libc_nano.a(lib_a-fstatr.o)
 .text          0x0000000000000000        0x0 /home/kbox/sidbox-applet-compiler/tools/bin/../lib/gcc/arm-none-eabi/9.3.1/../../../../arm-none-eabi/lib/thumb/v7e-m+dp/hard/libc_nano.a(lib_a-isattyr.o)
 .data          0x0000000000000000        0x0 /home/kbox/sidbox-applet-compiler/tools/bin/../lib/gcc/arm-none-eabi/9.3.1/../../../../arm-none-eabi/lib/thumb/v7e-m+dp/hard/libc_nano.a(lib_a-isattyr.o)
 .bss           0x0000000000000000        0x0 /home/kbox/sidbox-applet-compiler/tools/bin/../lib/gcc/arm-none-eabi/9.3.1/../../../../arm-none-eabi/lib/thumb/v7e-m+dp/hard/libc_nano.a(lib_a-isattyr.o)
 .text._isatty_r
                0x0000000000000000       0x20 /home/kbox/sidbox-applet-compiler/tools/bin/../lib/gcc/arm-none-eabi/9.3.1/../../../../arm-none-eabi/lib/thumb/v7e-m+dp/hard/libc_nano.a(lib_a-isattyr.o)
 .debug_frame   0x0000000000000000       0x2c /home/kbox/sidbox-applet-compiler/tools/bin/../lib/gcc/arm-none-eabi/9.3.1/../../../../arm-none-eabi/lib/thumb/v7e-m+dp/hard/libc_nano.a(lib_a-isattyr.o)
 .ARM.attributes
                0x0000000000000000       0x32 /home/kbox/sidbox-applet-compiler/tools/bin/../lib/gcc/arm-none-eabi/9.3.1/../../../../arm-none-eabi/lib/thumb/v7e-m+dp/hard/libc_nano.a(lib_a-isattyr.o)
 .text          0x0000000000000000        0x0 /home/kbox/sidbox-applet-compiler/tools/bin/../lib/gcc/arm-none-eabi/9.3.1/../../../../arm-none-eabi/lib/thumb/v7e-m+dp/hard/libc_nano.a(lib_a-lseekr.o)
 .data          0x0000000000000000        0x0 /home/kbox/sidbox-applet-compiler/tools/bin/../lib/gcc/arm-none-eabi/9.3.1/../../../../arm-none-eabi/lib/thumb/v7e-m+dp/hard/libc_nano.a(lib_a-lseekr.o)
 .bss           0x0000000000000000        0x0 /home/kbox/sidbox-applet-compiler/tools/bin/../lib/gcc/arm-none-eabi/9.3.1/../../../../arm-none-eabi/lib/thumb/v7e-m+dp/hard/libc_nano.a(lib_a-lseekr.o)
 .text          0x0000000000000000        0x0 /home/kbox/sidbox-applet-compiler/tools/bin/../lib/gcc/arm-none-eabi/9.3.1/../../../../arm-none-eabi/lib/thumb/v7e-m+dp/hard/libc_nano.a(lib_a-mlock.o)
 .data          0x0000000000000000        0x0 /home/kbox/sidbox-applet-compiler/tools/bin/../lib/gcc/arm-none-eabi/9.3.1/../../../../arm-none-eabi/lib/thumb/v7e-m+dp/hard/libc_nano.a(lib_a-mlock.o)
 .bss           0x0000000000000000        0x0 /home/kbox/sidbox-applet-compiler/tools/bin/../lib/gcc/arm-none-eabi/9.3.1/../../../../arm-none-eabi/lib/thumb/v7e-m+dp/hard/libc_nano.a(lib_a-mlock.o)
 .text          0x0000000000000000        0x0 /home/kbox/sidbox-applet-compiler/tools/bin/../lib/gcc/arm-none-eabi/9.3.1/../../../../arm-none-eabi/lib/thumb/v7e-m+dp/hard/libc_nano.a(lib_a-readr.o)
 .data          0x0000000000000000        0x0 /home/kbox/sidbox-applet-compiler/tools/bin/../lib/gcc/arm-none-eabi/9.3.1/../../../../arm-none-eabi/lib/thumb/v7e-m+dp/hard/libc_nano.a(lib_a-readr.o)
 .bss           0x0000000000000000        0x0 /home/kbox/sidbox-applet-compiler/tools/bin/../lib/gcc/arm-none-eabi/9.3.1/../../../../arm-none-eabi/lib/thumb/v7e-m+dp/hard/libc_nano.a(lib_a-readr.o)
 .text          0x0000000000000000        0x0 /home/kbox/sidbox-applet-compiler/tools/bin/../lib/gcc/arm-none-eabi/9.3.1/../../../../arm-none-eabi/lib/thumb/v7e-m+dp/hard/libc_nano.a(lib_a-reent.o)
 .data          0x0000000000000000        0x0 /home/kbox/sidbox-applet-compiler/tools/bin/../lib/gcc/arm-none-eabi/9.3.1/../../../../arm-none-eabi/lib/thumb/v7e-m+dp/hard/libc_nano.a(lib_a-reent.o)
 .bss           0x0000000000000000        0x0 /home/kbox/sidbox-applet-compiler/tools/bin/../lib/gcc/arm-none-eabi/9.3.1/../../../../arm-none-eabi/lib/thumb/v7e-m+dp/hard/libc_nano.a(lib_a-reent.o)
 .text.cleanup_glue
                0x0000000000000000       0x1a /home/kbox/sidbox-applet-compiler/tools/bin/../lib/gcc/arm-none-eabi/9.3.1/../../../../arm-none-eabi/lib/thumb/v7e-m+dp/hard/libc_nano.a(lib_a-reent.o)
 .text._reclaim_reent
                0x0000000000000000       0xb8 /home/kbox/sidbox-applet-compiler/tools/bin/../lib/gcc/arm-none-eabi/9.3.1/../../../../arm-none-eabi/lib/thumb/v7e-m+dp/hard/libc_nano.a(lib_a-reent.o)
 .text          0x0000000000000000        0x0 /home/kbox/sidbox-applet-compiler/tools/bin/../lib/gcc/arm-none-eabi/9.3.1/thumb/v7e-m+dp/hard/crtend.o
 .data          0x0000000000000000        0x0 /home/kbox/sidbox-applet-compiler/tools/bin/../lib/gcc/arm-none-eabi/9.3.1/thumb/v7e-m+dp/hard/crtend.o
 .bss           0x0000000000000000        0x0 /home/kbox/sidbox-applet-compiler/tools/bin/../lib/gcc/arm-none-eabi/9.3.1/thumb/v7e-m+dp/hard/crtend.o
 .eh_frame      0x0000000000000000        0x4 /home/kbox/sidbox-applet-compiler/tools/bin/../lib/gcc/arm-none-eabi/9.3.1/thumb/v7e-m+dp/hard/crtend.o
 .ARM.attributes
                0x0000000000000000       0x30 /home/kbox/sidbox-applet-compiler/tools/bin/../lib/gcc/arm-none-eabi/9.3.1/thumb/v7e-m+dp/hard/crtend.o
 .text          0x0000000000000000        0x0 /home/kbox/sidbox-applet-compiler/tools/bin/../lib/gcc/arm-none-eabi/9.3.1/thumb/v7e-m+dp/hard/crtn.o
 .data          0x0000000000000000        0x0 /home/kbox/sidbox-applet-compiler/tools/bin/../lib/gcc/arm-none-eabi/9.3.1/thumb/v7e-m+dp/hard/crtn.o
 .bss           0x0000000000000000        0x0 /home/kbox/sidbox-applet-compiler/tools/bin/../lib/gcc/arm-none-eabi/9.3.1/thumb/v7e-m+dp/hard/crtn.o
 .init          0x0000000000000000        0x8 /home/kbox/sidbox-applet-compiler/tools/bin/../lib/gcc/arm-none-eabi/9.3.1/thumb/v7e-m+dp/hard/crtn.o
 .fini          0x0000000000000000        0x8 /home/kbox/sidbox-applet-compiler/tools/bin/../lib/gcc/arm-none-eabi/9.3.1/thumb/v7e-m+dp/hard/crtn.o
 .ARM.attributes
                0x0000000000000000       0x1e /home/kbox/sidbox-applet-compiler/tools/bin/../lib/gcc/arm-none-eabi/9.3.1/thumb/v7e-m+dp/hard/crtn.o

Memory Configuration

Name             Origin             Length             Attributes
APPLET           0x00000000d03e0000 0x0000000000010000 xrw
*default*        0x0000000000000000 0xffffffffffffffff

Linker script and memory map

LOAD /home/kbox/sidbox-applet-compiler/tools/bin/../lib/gcc/arm-none-eabi/9.3.1/thumb/v7e-m+dp/hard/crti.o
LOAD /home/kbox/sidbox-applet-compiler/tools/bin/../lib/gcc/arm-none-eabi/9.3.1/thumb/v7e-m+dp/hard/crtbegin.o
LOAD /home/kbox/sidbox-applet-compiler/tools/bin/../lib/gcc/arm-none-eabi/9.3.1/../../../../arm-none-eabi/lib/thumb/v7e-m+dp/hard/crt0.o
LOAD compiled/apis.o
LOAD compiled/syscalls.o
LOAD compiled/project/sid_midi_programs.o
LOAD compiled/project/sid_midi_soundfont.o
LOAD compiled/project/main.o
START GROUP
LOAD /home/kbox/sidbox-applet-compiler/tools/bin/../lib/gcc/arm-none-eabi/9.3.1/thumb/v7e-m+dp/hard/libgcc.a
LOAD /home/kbox/sidbox-applet-compiler/tools/bin/../lib/gcc/arm-none-eabi/9.3.1/../../../../arm-none-eabi/lib/thumb/v7e-m+dp/hard/libc_nano.a
END GROUP
START GROUP
LOAD /home/kbox/sidbox-applet-compiler/tools/bin/../lib/gcc/arm-none-eabi/9.3.1/thumb/v7e-m+dp/hard/libgcc.a
LOAD /home/kbox/sidbox-applet-compiler/tools/bin/../lib/gcc/arm-none-eabi/9.3.1/../../../../arm-none-eabi/lib/thumb/v7e-m+dp/hard/libc_nano.a
LOAD /home/kbox/sidbox-applet-compiler/tools/bin/../lib/gcc/arm-none-eabi/9.3.1/../../../../arm-none-eabi/lib/thumb/v7e-m+dp/hard/libnosys.a
END GROUP
START GROUP
LOAD /home/kbox/sidbox-applet-compiler/tools/bin/../lib/gcc/arm-none-eabi/9.3.1/thumb/v7e-m+dp/hard/libgcc.a
LOAD /home/kbox/sidbox-applet-compiler/tools/bin/../lib/gcc/arm-none-eabi/9.3.1/../../../../arm-none-eabi/lib/thumb/v7e-m+dp/hard/libc_nano.a
LOAD /home/kbox/sidbox-applet-compiler/tools/bin/../lib/gcc/arm-none-eabi/9.3.1/../../../../arm-none-eabi/lib/thumb/v7e-m+dp/hard/libnosys.a
END GROUP
LOAD /home/kbox/sidbox-applet-compiler/tools/bin/../lib/gcc/arm-none-eabi/9.3.1/thumb/v7e-m+dp/hard/crtend.o
LOAD /home/kbox/sidbox-applet-compiler/tools/bin/../lib/gcc/arm-none-eabi/9.3.1/thumb/v7e-m+dp/hard/crtn.o
                0x00000000d0000000                _offset = 0xd0000000
                0x0000000000600000                _maxramavail = 0x600000
                0x0000000000002000                _stack_size = 0x2000
                0x0000000000200000                _ramdisk_size = 0x200000
                0x0000000000000001                _profile_is_desktop = 0x1
                0x0000000000000001                _desktop_slot = 0x1
                0x0000000000010000                _requested_app_size = 0x10000
                0x00000000003e0000                _largest_modfile = 0x3e0000
                0x0000000000000000                _largest_resource = 0x0
                0x0000000000400000                _applet_ram_top = (_maxramavail - _ramdisk_size)
                0x0000000000400000                _ramdisk_startram = _applet_ram_top
                0x00000000003e0000                _desktop_startram = ((_applet_ram_top - (_requested_app_size * (_desktop_slot + 0x1))) & 0xffffffffffffffe0)
                0x00000000003e0000                _game_startram = (((_largest_modfile + _largest_resource) + 0x1f) & 0xffffffffffffffe0)
                0x00000000003e0000                _startram = _profile_is_desktop?_desktop_startram:_game_startram
                0x00000000d03e0000                _applet_origin = (_offset + _startram)
                0x0000000000010000                _applet_length = _profile_is_desktop?_requested_app_size:(_applet_ram_top - _startram)
                0x00000000d0600000                _sdram_end = (_offset + _maxramavail)
                0x00000000d0400000                _ramdisk_origin = (_offset + _ramdisk_startram)
                0x0000000000000001                ASSERT ((_startram < _applet_ram_top), Reserved space exceeds applet SDRAM!)
                0x0000000000000001                ASSERT ((_applet_length > _stack_size), No RAM left for applet after stack reserve!)
                0x0000000000000001                ASSERT (((_startram & 0x1f) == 0x0), Applet start must be 32-byte aligned!)
                0x0000000000000200                _api_count = 0x200
                0x0000000000001000                _api_size = (0x8 * _api_count)
                0x000000002001f000                _api_location = (0x20020000 - _api_size)
                0x00000000d03e0000                _appstart = ORIGIN (APPLET)
                [!provide]                        PROVIDE (__app_start = _appstart)
                0x000000002001f000                PROVIDE (__sidbox_api_location = _api_location)
                0x00000000d03e0000                . = _appstart

.header         0x00000000d03e0000       0x10
                0x00000000d03e0000                . = ALIGN (0x4)
 *(.header)
 .header        0x00000000d03e0000        0x8 compiled/syscalls.o
                0x00000000d03e0000                sdex_header
                0x00000000d03e0008                . = ALIGN (0x4)
                0x00000000d03e0008        0x4 LONG 0xd03e0000 _appstart
                0x00000000d03e000c        0x4 LONG 0x2e30 (__stack_end__ - _appstart)

.text           0x00000000d03e0010      0xd84
                0x00000000d03e0010                . = ALIGN (0x4)
 *(.text.applet_entry)
 .text.applet_entry
                0x00000000d03e0010       0x2c compiled/syscalls.o
                0x00000000d03e0010                applet_entry
 *(.text*)
 .text._write_r
                0x00000000d03e003c       0x60 compiled/syscalls.o
                0x00000000d03e003c                _write_r
 .text._read    0x00000000d03e009c       0x14 compiled/syscalls.o
                0x00000000d03e009c                _read
 .text._close   0x00000000d03e00b0        0x8 compiled/syscalls.o
                0x00000000d03e00b0                _close
 .text._fstat   0x00000000d03e00b8        0xc compiled/syscalls.o
                0x00000000d03e00b8                _fstat
 .text._lseek   0x00000000d03e00c4        0x4 compiled/syscalls.o
                0x00000000d03e00c4                _lseek
 .text._sbrk_r  0x00000000d03e00c8       0x40 compiled/syscalls.o
                0x00000000d03e00c8                _sbrk_r
 .text.on_timer_tick
                0x00000000d03e0108       0x4c compiled/project/main.o
 .text.testapp_proc
                0x00000000d03e0154       0xd8 compiled/project/main.o
 .text.startup.main
                0x00000000d03e022c      0x2e8 compiled/project/main.o
                0x00000000d03e022c                main
 .text.__errno  0x00000000d03e0514        0xc /home/kbox/sidbox-applet-compiler/tools/bin/../lib/gcc/arm-none-eabi/9.3.1/../../../../arm-none-eabi/lib/thumb/v7e-m+dp/hard/libc_nano.a(lib_a-errno.o)
                0x00000000d03e0514                __errno
 .text.memset   0x00000000d03e0520       0x10 /home/kbox/sidbox-applet-compiler/tools/bin/../lib/gcc/arm-none-eabi/9.3.1/../../../../arm-none-eabi/lib/thumb/v7e-m+dp/hard/libc_nano.a(lib_a-memset.o)
                0x00000000d03e0520                memset
 .text.setbuf   0x00000000d03e0530       0x10 /home/kbox/sidbox-applet-compiler/tools/bin/../lib/gcc/arm-none-eabi/9.3.1/../../../../arm-none-eabi/lib/thumb/v7e-m+dp/hard/libc_nano.a(lib_a-setbuf.o)
                0x00000000d03e0530                setbuf
 .text.setvbuf  0x00000000d03e0540      0x18c /home/kbox/sidbox-applet-compiler/tools/bin/../lib/gcc/arm-none-eabi/9.3.1/../../../../arm-none-eabi/lib/thumb/v7e-m+dp/hard/libc_nano.a(lib_a-setvbuf.o)
                0x00000000d03e0540                setvbuf
 .text.__sflush_r
                0x00000000d03e06cc      0x10c /home/kbox/sidbox-applet-compiler/tools/bin/../lib/gcc/arm-none-eabi/9.3.1/../../../../arm-none-eabi/lib/thumb/v7e-m+dp/hard/libc_nano.a(lib_a-fflush.o)
                0x00000000d03e06cc                __sflush_r
 .text._fflush_r
                0x00000000d03e07d8       0x78 /home/kbox/sidbox-applet-compiler/tools/bin/../lib/gcc/arm-none-eabi/9.3.1/../../../../arm-none-eabi/lib/thumb/v7e-m+dp/hard/libc_nano.a(lib_a-fflush.o)
                0x00000000d03e07d8                _fflush_r
 .text.std      0x00000000d03e0850       0x48 /home/kbox/sidbox-applet-compiler/tools/bin/../lib/gcc/arm-none-eabi/9.3.1/../../../../arm-none-eabi/lib/thumb/v7e-m+dp/hard/libc_nano.a(lib_a-findfp.o)
 .text._cleanup_r
                0x00000000d03e0898        0xc /home/kbox/sidbox-applet-compiler/tools/bin/../lib/gcc/arm-none-eabi/9.3.1/../../../../arm-none-eabi/lib/thumb/v7e-m+dp/hard/libc_nano.a(lib_a-findfp.o)
                0x00000000d03e0898                _cleanup_r
 .text.__sfmoreglue
                0x00000000d03e08a4       0x2c /home/kbox/sidbox-applet-compiler/tools/bin/../lib/gcc/arm-none-eabi/9.3.1/../../../../arm-none-eabi/lib/thumb/v7e-m+dp/hard/libc_nano.a(lib_a-findfp.o)
                0x00000000d03e08a4                __sfmoreglue
 .text.__sfp_lock_acquire
                0x00000000d03e08d0        0xc /home/kbox/sidbox-applet-compiler/tools/bin/../lib/gcc/arm-none-eabi/9.3.1/../../../../arm-none-eabi/lib/thumb/v7e-m+dp/hard/libc_nano.a(lib_a-findfp.o)
                0x00000000d03e08d0                __sfp_lock_acquire
 .text.__sfp_lock_release
                0x00000000d03e08dc        0xc /home/kbox/sidbox-applet-compiler/tools/bin/../lib/gcc/arm-none-eabi/9.3.1/../../../../arm-none-eabi/lib/thumb/v7e-m+dp/hard/libc_nano.a(lib_a-findfp.o)
                0x00000000d03e08dc                __sfp_lock_release
 .text.__sinit_lock_acquire
                0x00000000d03e08e8        0xc /home/kbox/sidbox-applet-compiler/tools/bin/../lib/gcc/arm-none-eabi/9.3.1/../../../../arm-none-eabi/lib/thumb/v7e-m+dp/hard/libc_nano.a(lib_a-findfp.o)
                0x00000000d03e08e8                __sinit_lock_acquire
 .text.__sinit_lock_release
                0x00000000d03e08f4        0xc /home/kbox/sidbox-applet-compiler/tools/bin/../lib/gcc/arm-none-eabi/9.3.1/../../../../arm-none-eabi/lib/thumb/v7e-m+dp/hard/libc_nano.a(lib_a-findfp.o)
                0x00000000d03e08f4                __sinit_lock_release
 .text.__sinit  0x00000000d03e0900       0x70 /home/kbox/sidbox-applet-compiler/tools/bin/../lib/gcc/arm-none-eabi/9.3.1/../../../../arm-none-eabi/lib/thumb/v7e-m+dp/hard/libc_nano.a(lib_a-findfp.o)
                0x00000000d03e0900                __sinit
 .text.__sfp    0x00000000d03e0970       0x8c /home/kbox/sidbox-applet-compiler/tools/bin/../lib/gcc/arm-none-eabi/9.3.1/../../../../arm-none-eabi/lib/thumb/v7e-m+dp/hard/libc_nano.a(lib_a-findfp.o)
                0x00000000d03e0970                __sfp
 .text._fwalk_reent
                0x00000000d03e09fc       0x3e /home/kbox/sidbox-applet-compiler/tools/bin/../lib/gcc/arm-none-eabi/9.3.1/../../../../arm-none-eabi/lib/thumb/v7e-m+dp/hard/libc_nano.a(lib_a-fwalk.o)
                0x00000000d03e09fc                _fwalk_reent
 .text.__retarget_lock_init_recursive
                0x00000000d03e0a3a        0x2 /home/kbox/sidbox-applet-compiler/tools/bin/../lib/gcc/arm-none-eabi/9.3.1/../../../../arm-none-eabi/lib/thumb/v7e-m+dp/hard/libc_nano.a(lib_a-lock.o)
                0x00000000d03e0a3a                __retarget_lock_init_recursive
 .text.__retarget_lock_acquire_recursive
                0x00000000d03e0a3c        0x2 /home/kbox/sidbox-applet-compiler/tools/bin/../lib/gcc/arm-none-eabi/9.3.1/../../../../arm-none-eabi/lib/thumb/v7e-m+dp/hard/libc_nano.a(lib_a-lock.o)
                0x00000000d03e0a3c                __retarget_lock_acquire_recursive
 .text.__retarget_lock_release_recursive
                0x00000000d03e0a3e        0x2 /home/kbox/sidbox-applet-compiler/tools/bin/../lib/gcc/arm-none-eabi/9.3.1/../../../../arm-none-eabi/lib/thumb/v7e-m+dp/hard/libc_nano.a(lib_a-lock.o)
                0x00000000d03e0a3e                __retarget_lock_release_recursive
 .text.__swhatbuf_r
                0x00000000d03e0a40       0x48 /home/kbox/sidbox-applet-compiler/tools/bin/../lib/gcc/arm-none-eabi/9.3.1/../../../../arm-none-eabi/lib/thumb/v7e-m+dp/hard/libc_nano.a(lib_a-makebuf.o)
                0x00000000d03e0a40                __swhatbuf_r
 .text.malloc   0x00000000d03e0a88       0x10 /home/kbox/sidbox-applet-compiler/tools/bin/../lib/gcc/arm-none-eabi/9.3.1/../../../../arm-none-eabi/lib/thumb/v7e-m+dp/hard/libc_nano.a(lib_a-malloc.o)
                0x00000000d03e0a88                malloc
 .text._free_r  0x00000000d03e0a98       0xa0 /home/kbox/sidbox-applet-compiler/tools/bin/../lib/gcc/arm-none-eabi/9.3.1/../../../../arm-none-eabi/lib/thumb/v7e-m+dp/hard/libc_nano.a(lib_a-nano-freer.o)
                0x00000000d03e0a98                _free_r
 .text._malloc_r
                0x00000000d03e0b38       0xb4 /home/kbox/sidbox-applet-compiler/tools/bin/../lib/gcc/arm-none-eabi/9.3.1/../../../../arm-none-eabi/lib/thumb/v7e-m+dp/hard/libc_nano.a(lib_a-nano-mallocr.o)
                0x00000000d03e0b38                _malloc_r
 .text.__sread  0x00000000d03e0bec       0x22 /home/kbox/sidbox-applet-compiler/tools/bin/../lib/gcc/arm-none-eabi/9.3.1/../../../../arm-none-eabi/lib/thumb/v7e-m+dp/hard/libc_nano.a(lib_a-stdio.o)
                0x00000000d03e0bec                __sread
 .text.__swrite
                0x00000000d03e0c0e       0x38 /home/kbox/sidbox-applet-compiler/tools/bin/../lib/gcc/arm-none-eabi/9.3.1/../../../../arm-none-eabi/lib/thumb/v7e-m+dp/hard/libc_nano.a(lib_a-stdio.o)
                0x00000000d03e0c0e                __swrite
 .text.__sseek  0x00000000d03e0c46       0x24 /home/kbox/sidbox-applet-compiler/tools/bin/../lib/gcc/arm-none-eabi/9.3.1/../../../../arm-none-eabi/lib/thumb/v7e-m+dp/hard/libc_nano.a(lib_a-stdio.o)
                0x00000000d03e0c46                __sseek
 .text.__sclose
                0x00000000d03e0c6a        0x8 /home/kbox/sidbox-applet-compiler/tools/bin/../lib/gcc/arm-none-eabi/9.3.1/../../../../arm-none-eabi/lib/thumb/v7e-m+dp/hard/libc_nano.a(lib_a-stdio.o)
                0x00000000d03e0c6a                __sclose
 *fill*         0x00000000d03e0c72        0x2 
 .text._close_r
                0x00000000d03e0c74       0x20 /home/kbox/sidbox-applet-compiler/tools/bin/../lib/gcc/arm-none-eabi/9.3.1/../../../../arm-none-eabi/lib/thumb/v7e-m+dp/hard/libc_nano.a(lib_a-closer.o)
                0x00000000d03e0c74                _close_r
 .text._fstat_r
                0x00000000d03e0c94       0x24 /home/kbox/sidbox-applet-compiler/tools/bin/../lib/gcc/arm-none-eabi/9.3.1/../../../../arm-none-eabi/lib/thumb/v7e-m+dp/hard/libc_nano.a(lib_a-fstatr.o)
                0x00000000d03e0c94                _fstat_r
 .text._lseek_r
                0x00000000d03e0cb8       0x24 /home/kbox/sidbox-applet-compiler/tools/bin/../lib/gcc/arm-none-eabi/9.3.1/../../../../arm-none-eabi/lib/thumb/v7e-m+dp/hard/libc_nano.a(lib_a-lseekr.o)
                0x00000000d03e0cb8                _lseek_r
 .text.__malloc_lock
                0x00000000d03e0cdc        0xc /home/kbox/sidbox-applet-compiler/tools/bin/../lib/gcc/arm-none-eabi/9.3.1/../../../../arm-none-eabi/lib/thumb/v7e-m+dp/hard/libc_nano.a(lib_a-mlock.o)
                0x00000000d03e0cdc                __malloc_lock
 .text.__malloc_unlock
                0x00000000d03e0ce8        0xc /home/kbox/sidbox-applet-compiler/tools/bin/../lib/gcc/arm-none-eabi/9.3.1/../../../../arm-none-eabi/lib/thumb/v7e-m+dp/hard/libc_nano.a(lib_a-mlock.o)
                0x00000000d03e0ce8                __malloc_unlock
 .text._read_r  0x00000000d03e0cf4       0x24 /home/kbox/sidbox-applet-compiler/tools/bin/../lib/gcc/arm-none-eabi/9.3.1/../../../../arm-none-eabi/lib/thumb/v7e-m+dp/hard/libc_nano.a(lib_a-readr.o)
                0x00000000d03e0cf4                _read_r
 *(.rodata*)
 .rodata.main.str1.4
                0x00000000d03e0d18       0x16 compiled/project/main.o
 *fill*         0x00000000d03e0d2e        0x2 
 .rodata._global_impure_ptr
                0x00000000d03e0d30        0x4 /home/kbox/sidbox-applet-compiler/tools/bin/../lib/gcc/arm-none-eabi/9.3.1/../../../../arm-none-eabi/lib/thumb/v7e-m+dp/hard/libc_nano.a(lib_a-impure.o)
                0x00000000d03e0d30                _global_impure_ptr
 .rodata.__sf_fake_stderr
                0x00000000d03e0d34       0x20 /home/kbox/sidbox-applet-compiler/tools/bin/../lib/gcc/arm-none-eabi/9.3.1/../../../../arm-none-eabi/lib/thumb/v7e-m+dp/hard/libc_nano.a(lib_a-findfp.o)
                0x00000000d03e0d34                __sf_fake_stderr
 .rodata.__sf_fake_stdin
                0x00000000d03e0d54       0x20 /home/kbox/sidbox-applet-compiler/tools/bin/../lib/gcc/arm-none-eabi/9.3.1/../../../../arm-none-eabi/lib/thumb/v7e-m+dp/hard/libc_nano.a(lib_a-findfp.o)
                0x00000000d03e0d54                __sf_fake_stdin
 .rodata.__sf_fake_stdout
                0x00000000d03e0d74       0x20 /home/kbox/sidbox-applet-compiler/tools/bin/../lib/gcc/arm-none-eabi/9.3.1/../../../../arm-none-eabi/lib/thumb/v7e-m+dp/hard/libc_nano.a(lib_a-findfp.o)
                0x00000000d03e0d74                __sf_fake_stdout

.glue_7         0x00000000d03e0d94        0x0
 .glue_7        0x00000000d03e0d94        0x0 linker stubs

.glue_7t        0x00000000d03e0d94        0x0
 .glue_7t       0x00000000d03e0d94        0x0 linker stubs

.vfp11_veneer   0x00000000d03e0d94        0x0
 .vfp11_veneer  0x00000000d03e0d94        0x0 linker stubs

.v4_bx          0x00000000d03e0d94        0x0
 .v4_bx         0x00000000d03e0d94        0x0 linker stubs

.init           0x00000000d03e0d94        0x4
 .init          0x00000000d03e0d94        0x4 /home/kbox/sidbox-applet-compiler/tools/bin/../lib/gcc/arm-none-eabi/9.3.1/thumb/v7e-m+dp/hard/crti.o
                0x00000000d03e0d94                _init

.fini           0x00000000d03e0d98        0x4
 .fini          0x00000000d03e0d98        0x4 /home/kbox/sidbox-applet-compiler/tools/bin/../lib/gcc/arm-none-eabi/9.3.1/thumb/v7e-m+dp/hard/crti.o
                0x00000000d03e0d98                _fini

.iplt           0x00000000d03e0d9c        0x0
 .iplt          0x00000000d03e0d9c        0x0 compiled/syscalls.o

.rel.dyn        0x00000000d03e0d9c        0x0
 .rel.iplt      0x00000000d03e0d9c        0x0 compiled/syscalls.o

.data           0x00000000d03e0d9c       0x68
                0x00000000d03e0d9c                . = ALIGN (0x4)
 *(.data*)
 .data.draw_timer
                0x00000000d03e0d9c        0x1 compiled/project/main.o
 *fill*         0x00000000d03e0d9d        0x3 
 .data._impure_ptr
                0x00000000d03e0da0        0x4 /home/kbox/sidbox-applet-compiler/tools/bin/../lib/gcc/arm-none-eabi/9.3.1/../../../../arm-none-eabi/lib/thumb/v7e-m+dp/hard/libc_nano.a(lib_a-impure.o)
                0x00000000d03e0da0                _impure_ptr
 .data.impure_data
                0x00000000d03e0da4       0x60 /home/kbox/sidbox-applet-compiler/tools/bin/../lib/gcc/arm-none-eabi/9.3.1/../../../../arm-none-eabi/lib/thumb/v7e-m+dp/hard/libc_nano.a(lib_a-impure.o)

.igot.plt       0x00000000d03e0e04        0x0
 .igot.plt      0x00000000d03e0e04        0x0 compiled/syscalls.o

.bss            0x00000000d03e0e04       0x2c
                0x00000000d03e0e04                . = ALIGN (0x4)
                0x00000000d03e0e04                __bss_start__ = .
 *(.bss*)
 .bss.heap_end_u
                0x00000000d03e0e04        0x4 compiled/syscalls.o
 .bss.in_write.8202
                0x00000000d03e0e08        0x4 compiled/syscalls.o
 .bss.app_running
                0x00000000d03e0e0c        0x1 compiled/project/main.o
 *fill*         0x00000000d03e0e0d        0x3 
 .bss.demo_menu
                0x00000000d03e0e10        0x4 compiled/project/main.o
 .bss.freq      0x00000000d03e0e14        0x1 compiled/project/main.o
 .bss.testapp_win
                0x00000000d03e0e15        0x1 compiled/project/main.o
 *fill*         0x00000000d03e0e16        0x2 
 .bss.__malloc_free_list
                0x00000000d03e0e18        0x4 /home/kbox/sidbox-applet-compiler/tools/bin/../lib/gcc/arm-none-eabi/9.3.1/../../../../arm-none-eabi/lib/thumb/v7e-m+dp/hard/libc_nano.a(lib_a-nano-mallocr.o)
                0x00000000d03e0e18                __malloc_free_list
 .bss.__malloc_sbrk_start
                0x00000000d03e0e1c        0x4 /home/kbox/sidbox-applet-compiler/tools/bin/../lib/gcc/arm-none-eabi/9.3.1/../../../../arm-none-eabi/lib/thumb/v7e-m+dp/hard/libc_nano.a(lib_a-nano-mallocr.o)
                0x00000000d03e0e1c                __malloc_sbrk_start
 *(COMMON)
 COMMON         0x00000000d03e0e20        0x9 /home/kbox/sidbox-applet-compiler/tools/bin/../lib/gcc/arm-none-eabi/9.3.1/../../../../arm-none-eabi/lib/thumb/v7e-m+dp/hard/libc_nano.a(lib_a-lock.o)
                0x00000000d03e0e20                __lock___atexit_recursive_mutex
                0x00000000d03e0e21                __lock___arc4random_mutex
                0x00000000d03e0e22                __lock___env_recursive_mutex
                0x00000000d03e0e23                __lock___sinit_recursive_mutex
                0x00000000d03e0e24                __lock___malloc_recursive_mutex
                0x00000000d03e0e25                __lock___at_quick_exit_mutex
                0x00000000d03e0e26                __lock___dd_hash_mutex
                0x00000000d03e0e27                __lock___tz_mutex
                0x00000000d03e0e28                __lock___sfp_recursive_mutex
 *fill*         0x00000000d03e0e29        0x3 
 COMMON         0x00000000d03e0e2c        0x4 /home/kbox/sidbox-applet-compiler/tools/bin/../lib/gcc/arm-none-eabi/9.3.1/../../../../arm-none-eabi/lib/thumb/v7e-m+dp/hard/libc_nano.a(lib_a-reent.o)
                0x00000000d03e0e2c                errno
                0x00000000d03e0e30                . = ALIGN (0x4)
                0x00000000d03e0e30                __bss_end__ = .

.stack          0x00000000d03e0e30     0x2000
                0x00000000d03e0e30                . = ALIGN (0x8)
                0x00000000d03e0e30                __stack_start__ = .
                0x00000000d03e2e30                . = (. + _stack_size)
 *fill*         0x00000000d03e0e30     0x2000 
                0x00000000d03e2e30                . = ALIGN (0x8)
                0x00000000d03e2e30                __stack_end__ = .
                [!provide]                        PROVIDE (__app_end_clear = __stack_end__)
                [!provide]                        PROVIDE (_estack = __stack_end__)
                0x00000000d03e2e30                _end = .
                0x00000000d03e2e30                __app_end = .
                0x0000000000000001                ASSERT ((__stack_end__ <= (_appstart + LENGTH (APPLET))), Applet image exceeds selected app size!)
                0x0000000000000001                ASSERT ((__stack_end__ <= _sdram_end), Applet image exceeds SDRAM end!)
                0x0000000000000001                ASSERT ((__stack_end__ <= _ramdisk_origin), Applet image overlaps RAM disk!)
OUTPUT(compiled/applet.elf elf32-littlearm)
LOAD linker stubs

.ARM.attributes
                0x0000000000000000       0x2e
 .ARM.attributes
                0x0000000000000000       0x1e /home/kbox/sidbox-applet-compiler/tools/bin/../lib/gcc/arm-none-eabi/9.3.1/thumb/v7e-m+dp/hard/crti.o
 .ARM.attributes
                0x000000000000001e       0x2c compiled/syscalls.o
 .ARM.attributes
                0x000000000000004a       0x2c compiled/project/main.o
 .ARM.attributes
                0x0000000000000076       0x32 /home/kbox/sidbox-applet-compiler/tools/bin/../lib/gcc/arm-none-eabi/9.3.1/../../../../arm-none-eabi/lib/thumb/v7e-m+dp/hard/libc_nano.a(lib_a-errno.o)
 .ARM.attributes
                0x00000000000000a8       0x30 /home/kbox/sidbox-applet-compiler/tools/bin/../lib/gcc/arm-none-eabi/9.3.1/../../../../arm-none-eabi/lib/thumb/v7e-m+dp/hard/libc_nano.a(lib_a-impure.o)
 .ARM.attributes
                0x00000000000000d8       0x32 /home/kbox/sidbox-applet-compiler/tools/bin/../lib/gcc/arm-none-eabi/9.3.1/../../../../arm-none-eabi/lib/thumb/v7e-m+dp/hard/libc_nano.a(lib_a-memset.o)
 .ARM.attributes
                0x000000000000010a       0x32 /home/kbox/sidbox-applet-compiler/tools/bin/../lib/gcc/arm-none-eabi/9.3.1/../../../../arm-none-eabi/lib/thumb/v7e-m+dp/hard/libc_nano.a(lib_a-setbuf.o)
 .ARM.attributes
                0x000000000000013c       0x32 /home/kbox/sidbox-applet-compiler/tools/bin/../lib/gcc/arm-none-eabi/9.3.1/../../../../arm-none-eabi/lib/thumb/v7e-m+dp/hard/libc_nano.a(lib_a-setvbuf.o)
 .ARM.attributes
                0x000000000000016e       0x32 /home/kbox/sidbox-applet-compiler/tools/bin/../lib/gcc/arm-none-eabi/9.3.1/../../../../arm-none-eabi/lib/thumb/v7e-m+dp/hard/libc_nano.a(lib_a-fflush.o)
 .ARM.attributes
                0x00000000000001a0       0x32 /home/kbox/sidbox-applet-compiler/tools/bin/../lib/gcc/arm-none-eabi/9.3.1/../../../../arm-none-eabi/lib/thumb/v7e-m+dp/hard/libc_nano.a(lib_a-findfp.o)
 .ARM.attributes
                0x00000000000001d2       0x32 /home/kbox/sidbox-applet-compiler/tools/bin/../lib/gcc/arm-none-eabi/9.3.1/../../../../arm-none-eabi/lib/thumb/v7e-m+dp/hard/libc_nano.a(lib_a-fwalk.o)
 .ARM.attributes
                0x0000000000000204       0x32 /home/kbox/sidbox-applet-compiler/tools/bin/../lib/gcc/arm-none-eabi/9.3.1/../../../../arm-none-eabi/lib/thumb/v7e-m+dp/hard/libc_nano.a(lib_a-lock.o)
 .ARM.attributes
                0x0000000000000236       0x32 /home/kbox/sidbox-applet-compiler/tools/bin/../lib/gcc/arm-none-eabi/9.3.1/../../../../arm-none-eabi/lib/thumb/v7e-m+dp/hard/libc_nano.a(lib_a-makebuf.o)
 .ARM.attributes
                0x0000000000000268       0x32 /home/kbox/sidbox-applet-compiler/tools/bin/../lib/gcc/arm-none-eabi/9.3.1/../../../../arm-none-eabi/lib/thumb/v7e-m+dp/hard/libc_nano.a(lib_a-malloc.o)
 .ARM.attributes
                0x000000000000029a       0x32 /home/kbox/sidbox-applet-compiler/tools/bin/../lib/gcc/arm-none-eabi/9.3.1/../../../../arm-none-eabi/lib/thumb/v7e-m+dp/hard/libc_nano.a(lib_a-nano-freer.o)
 .ARM.attributes
                0x00000000000002cc       0x32 /home/kbox/sidbox-applet-compiler/tools/bin/../lib/gcc/arm-none-eabi/9.3.1/../../../../arm-none-eabi/lib/thumb/v7e-m+dp/hard/libc_nano.a(lib_a-nano-mallocr.o)
 .ARM.attributes
                0x00000000000002fe       0x32 /home/kbox/sidbox-applet-compiler/tools/bin/../lib/gcc/arm-none-eabi/9.3.1/../../../../arm-none-eabi/lib/thumb/v7e-m+dp/hard/libc_nano.a(lib_a-stdio.o)
 .ARM.attributes
                0x0000000000000330       0x32 /home/kbox/sidbox-applet-compiler/tools/bin/../lib/gcc/arm-none-eabi/9.3.1/../../../../arm-none-eabi/lib/thumb/v7e-m+dp/hard/libc_nano.a(lib_a-closer.o)
 .ARM.attributes
                0x0000000000000362       0x32 /home/kbox/sidbox-applet-compiler/tools/bin/../lib/gcc/arm-none-eabi/9.3.1/../../../../arm-none-eabi/lib/thumb/v7e-m+dp/hard/libc_nano.a(lib_a-fstatr.o)
 .ARM.attributes
                0x0000000000000394       0x32 /home/kbox/sidbox-applet-compiler/tools/bin/../lib/gcc/arm-none-eabi/9.3.1/../../../../arm-none-eabi/lib/thumb/v7e-m+dp/hard/libc_nano.a(lib_a-lseekr.o)
 .ARM.attributes
                0x00000000000003c6       0x32 /home/kbox/sidbox-applet-compiler/tools/bin/../lib/gcc/arm-none-eabi/9.3.1/../../../../arm-none-eabi/lib/thumb/v7e-m+dp/hard/libc_nano.a(lib_a-mlock.o)
 .ARM.attributes
                0x00000000000003f8       0x32 /home/kbox/sidbox-applet-compiler/tools/bin/../lib/gcc/arm-none-eabi/9.3.1/../../../../arm-none-eabi/lib/thumb/v7e-m+dp/hard/libc_nano.a(lib_a-readr.o)
 .ARM.attributes
                0x000000000000042a       0x32 /home/kbox/sidbox-applet-compiler/tools/bin/../lib/gcc/arm-none-eabi/9.3.1/../../../../arm-none-eabi/lib/thumb/v7e-m+dp/hard/libc_nano.a(lib_a-reent.o)

.comment        0x0000000000000000       0x53
 .comment       0x0000000000000000       0x53 compiled/syscalls.o
                                         0x54 (size before relaxing)
 .comment       0x0000000000000053       0x54 compiled/project/main.o

.debug_frame    0x0000000000000000      0x5f8
 .debug_frame   0x0000000000000000       0x20 /home/kbox/sidbox-applet-compiler/tools/bin/../lib/gcc/arm-none-eabi/9.3.1/../../../../arm-none-eabi/lib/thumb/v7e-m+dp/hard/libc_nano.a(lib_a-errno.o)
 .debug_frame   0x0000000000000020       0x20 /home/kbox/sidbox-applet-compiler/tools/bin/../lib/gcc/arm-none-eabi/9.3.1/../../../../arm-none-eabi/lib/thumb/v7e-m+dp/hard/libc_nano.a(lib_a-memset.o)
 .debug_frame   0x0000000000000040       0x20 /home/kbox/sidbox-applet-compiler/tools/bin/../lib/gcc/arm-none-eabi/9.3.1/../../../../arm-none-eabi/lib/thumb/v7e-m+dp/hard/libc_nano.a(lib_a-setbuf.o)
 .debug_frame   0x0000000000000060       0x38 /home/kbox/sidbox-applet-compiler/tools/bin/../lib/gcc/arm-none-eabi/9.3.1/../../../../arm-none-eabi/lib/thumb/v7e-m+dp/hard/libc_nano.a(lib_a-setvbuf.o)
 .debug_frame   0x0000000000000098       0x5c /home/kbox/sidbox-applet-compiler/tools/bin/../lib/gcc/arm-none-eabi/9.3.1/../../../../arm-none-eabi/lib/thumb/v7e-m+dp/hard/libc_nano.a(lib_a-fflush.o)
 .debug_frame   0x00000000000000f4      0x14c /home/kbox/sidbox-applet-compiler/tools/bin/../lib/gcc/arm-none-eabi/9.3.1/../../../../arm-none-eabi/lib/thumb/v7e-m+dp/hard/libc_nano.a(lib_a-findfp.o)
 .debug_frame   0x0000000000000240       0x54 /home/kbox/sidbox-applet-compiler/tools/bin/../lib/gcc/arm-none-eabi/9.3.1/../../../../arm-none-eabi/lib/thumb/v7e-m+dp/hard/libc_nano.a(lib_a-fwalk.o)
 .debug_frame   0x0000000000000294       0xb0 /home/kbox/sidbox-applet-compiler/tools/bin/../lib/gcc/arm-none-eabi/9.3.1/../../../../arm-none-eabi/lib/thumb/v7e-m+dp/hard/libc_nano.a(lib_a-lock.o)
 .debug_frame   0x0000000000000344       0x58 /home/kbox/sidbox-applet-compiler/tools/bin/../lib/gcc/arm-none-eabi/9.3.1/../../../../arm-none-eabi/lib/thumb/v7e-m+dp/hard/libc_nano.a(lib_a-makebuf.o)
 .debug_frame   0x000000000000039c       0x30 /home/kbox/sidbox-applet-compiler/tools/bin/../lib/gcc/arm-none-eabi/9.3.1/../../../../arm-none-eabi/lib/thumb/v7e-m+dp/hard/libc_nano.a(lib_a-malloc.o)
 .debug_frame   0x00000000000003cc       0x38 /home/kbox/sidbox-applet-compiler/tools/bin/../lib/gcc/arm-none-eabi/9.3.1/../../../../arm-none-eabi/lib/thumb/v7e-m+dp/hard/libc_nano.a(lib_a-nano-freer.o)
 .debug_frame   0x0000000000000404       0x30 /home/kbox/sidbox-applet-compiler/tools/bin/../lib/gcc/arm-none-eabi/9.3.1/../../../../arm-none-eabi/lib/thumb/v7e-m+dp/hard/libc_nano.a(lib_a-nano-mallocr.o)
 .debug_frame   0x0000000000000434       0x88 /home/kbox/sidbox-applet-compiler/tools/bin/../lib/gcc/arm-none-eabi/9.3.1/../../../../arm-none-eabi/lib/thumb/v7e-m+dp/hard/libc_nano.a(lib_a-stdio.o)
 .debug_frame   0x00000000000004bc       0x2c /home/kbox/sidbox-applet-compiler/tools/bin/../lib/gcc/arm-none-eabi/9.3.1/../../../../arm-none-eabi/lib/thumb/v7e-m+dp/hard/libc_nano.a(lib_a-closer.o)
 .debug_frame   0x00000000000004e8       0x2c /home/kbox/sidbox-applet-compiler/tools/bin/../lib/gcc/arm-none-eabi/9.3.1/../../../../arm-none-eabi/lib/thumb/v7e-m+dp/hard/libc_nano.a(lib_a-fstatr.o)
 .debug_frame   0x0000000000000514       0x2c /home/kbox/sidbox-applet-compiler/tools/bin/../lib/gcc/arm-none-eabi/9.3.1/../../../../arm-none-eabi/lib/thumb/v7e-m+dp/hard/libc_nano.a(lib_a-lseekr.o)
 .debug_frame   0x0000000000000540       0x30 /home/kbox/sidbox-applet-compiler/tools/bin/../lib/gcc/arm-none-eabi/9.3.1/../../../../arm-none-eabi/lib/thumb/v7e-m+dp/hard/libc_nano.a(lib_a-mlock.o)
 .debug_frame   0x0000000000000570       0x2c /home/kbox/sidbox-applet-compiler/tools/bin/../lib/gcc/arm-none-eabi/9.3.1/../../../../arm-none-eabi/lib/thumb/v7e-m+dp/hard/libc_nano.a(lib_a-readr.o)
 .debug_frame   0x000000000000059c       0x5c /home/kbox/sidbox-applet-compiler/tools/bin/../lib/gcc/arm-none-eabi/9.3.1/../../../../arm-none-eabi/lib/thumb/v7e-m+dp/hard/libc_nano.a(lib_a-reent.o)
