Archive member included to satisfy reference by file (symbol)

/home/kbox/sidbox-applet-compiler/tools/bin/../lib/gcc/arm-none-eabi/9.3.1/thumb/v7e-m+dp/hard/libgcc.a(_aeabi_uldivmod.o)
                              compiled/project/main.o (__aeabi_uldivmod)
/home/kbox/sidbox-applet-compiler/tools/bin/../lib/gcc/arm-none-eabi/9.3.1/thumb/v7e-m+dp/hard/libgcc.a(_udivmoddi4.o)
                              /home/kbox/sidbox-applet-compiler/tools/bin/../lib/gcc/arm-none-eabi/9.3.1/thumb/v7e-m+dp/hard/libgcc.a(_aeabi_uldivmod.o) (__udivmoddi4)
/home/kbox/sidbox-applet-compiler/tools/bin/../lib/gcc/arm-none-eabi/9.3.1/thumb/v7e-m+dp/hard/libgcc.a(_dvmd_tls.o)
                              /home/kbox/sidbox-applet-compiler/tools/bin/../lib/gcc/arm-none-eabi/9.3.1/thumb/v7e-m+dp/hard/libgcc.a(_aeabi_uldivmod.o) (__aeabi_ldiv0)
/home/kbox/sidbox-applet-compiler/tools/bin/../lib/gcc/arm-none-eabi/9.3.1/../../../../arm-none-eabi/lib/thumb/v7e-m+dp/hard/libc_nano.a(lib_a-calloc.o)
                              compiled/project/main.o (calloc)
/home/kbox/sidbox-applet-compiler/tools/bin/../lib/gcc/arm-none-eabi/9.3.1/../../../../arm-none-eabi/lib/thumb/v7e-m+dp/hard/libc_nano.a(lib_a-errno.o)
                              compiled/syscalls.o (__errno)
/home/kbox/sidbox-applet-compiler/tools/bin/../lib/gcc/arm-none-eabi/9.3.1/../../../../arm-none-eabi/lib/thumb/v7e-m+dp/hard/libc_nano.a(lib_a-exit.o)
                              /home/kbox/sidbox-applet-compiler/tools/bin/../lib/gcc/arm-none-eabi/9.3.1/../../../../arm-none-eabi/lib/thumb/v7e-m+dp/hard/crt0.o (exit)
/home/kbox/sidbox-applet-compiler/tools/bin/../lib/gcc/arm-none-eabi/9.3.1/../../../../arm-none-eabi/lib/thumb/v7e-m+dp/hard/libc_nano.a(lib_a-impure.o)
                              /home/kbox/sidbox-applet-compiler/tools/bin/../lib/gcc/arm-none-eabi/9.3.1/../../../../arm-none-eabi/lib/thumb/v7e-m+dp/hard/libc_nano.a(lib_a-exit.o) (_global_impure_ptr)
/home/kbox/sidbox-applet-compiler/tools/bin/../lib/gcc/arm-none-eabi/9.3.1/../../../../arm-none-eabi/lib/thumb/v7e-m+dp/hard/libc_nano.a(lib_a-init.o)
                              /home/kbox/sidbox-applet-compiler/tools/bin/../lib/gcc/arm-none-eabi/9.3.1/../../../../arm-none-eabi/lib/thumb/v7e-m+dp/hard/crt0.o (__libc_init_array)
/home/kbox/sidbox-applet-compiler/tools/bin/../lib/gcc/arm-none-eabi/9.3.1/../../../../arm-none-eabi/lib/thumb/v7e-m+dp/hard/libc_nano.a(lib_a-malloc.o)
                              compiled/audio/audio.o (malloc)
/home/kbox/sidbox-applet-compiler/tools/bin/../lib/gcc/arm-none-eabi/9.3.1/../../../../arm-none-eabi/lib/thumb/v7e-m+dp/hard/libc_nano.a(lib_a-memcmp.o)
                              compiled/audio/audio.o (memcmp)
/home/kbox/sidbox-applet-compiler/tools/bin/../lib/gcc/arm-none-eabi/9.3.1/../../../../arm-none-eabi/lib/thumb/v7e-m+dp/hard/libc_nano.a(lib_a-memcpy-stub.o)
                              compiled/project/main.o (memcpy)
/home/kbox/sidbox-applet-compiler/tools/bin/../lib/gcc/arm-none-eabi/9.3.1/../../../../arm-none-eabi/lib/thumb/v7e-m+dp/hard/libc_nano.a(lib_a-memset.o)
                              /home/kbox/sidbox-applet-compiler/tools/bin/../lib/gcc/arm-none-eabi/9.3.1/../../../../arm-none-eabi/lib/thumb/v7e-m+dp/hard/crt0.o (memset)
/home/kbox/sidbox-applet-compiler/tools/bin/../lib/gcc/arm-none-eabi/9.3.1/../../../../arm-none-eabi/lib/thumb/v7e-m+dp/hard/libc_nano.a(lib_a-nano-callocr.o)
                              /home/kbox/sidbox-applet-compiler/tools/bin/../lib/gcc/arm-none-eabi/9.3.1/../../../../arm-none-eabi/lib/thumb/v7e-m+dp/hard/libc_nano.a(lib_a-calloc.o) (_calloc_r)
/home/kbox/sidbox-applet-compiler/tools/bin/../lib/gcc/arm-none-eabi/9.3.1/../../../../arm-none-eabi/lib/thumb/v7e-m+dp/hard/libc_nano.a(lib_a-nano-freer.o)
                              /home/kbox/sidbox-applet-compiler/tools/bin/../lib/gcc/arm-none-eabi/9.3.1/../../../../arm-none-eabi/lib/thumb/v7e-m+dp/hard/libc_nano.a(lib_a-malloc.o) (_free_r)
/home/kbox/sidbox-applet-compiler/tools/bin/../lib/gcc/arm-none-eabi/9.3.1/../../../../arm-none-eabi/lib/thumb/v7e-m+dp/hard/libc_nano.a(lib_a-nano-mallocr.o)
                              /home/kbox/sidbox-applet-compiler/tools/bin/../lib/gcc/arm-none-eabi/9.3.1/../../../../arm-none-eabi/lib/thumb/v7e-m+dp/hard/libc_nano.a(lib_a-malloc.o) (_malloc_r)
/home/kbox/sidbox-applet-compiler/tools/bin/../lib/gcc/arm-none-eabi/9.3.1/../../../../arm-none-eabi/lib/thumb/v7e-m+dp/hard/libc_nano.a(lib_a-printf.o)
                              compiled/project/main.o (printf)
/home/kbox/sidbox-applet-compiler/tools/bin/../lib/gcc/arm-none-eabi/9.3.1/../../../../arm-none-eabi/lib/thumb/v7e-m+dp/hard/libc_nano.a(lib_a-qsort.o)
                              compiled/project/main.o (qsort)
/home/kbox/sidbox-applet-compiler/tools/bin/../lib/gcc/arm-none-eabi/9.3.1/../../../../arm-none-eabi/lib/thumb/v7e-m+dp/hard/libc_nano.a(lib_a-setbuf.o)
                              compiled/syscalls.o (setbuf)
[...]
Memory Configuration

Name             Origin             Length             Attributes
APPLET           0x00000000d0001000 0x00000000005ef000 xrw
*default*        0x0000000000000000 0xffffffffffffffff

Linker script and memory map

LOAD /home/kbox/sidbox-applet-compiler/tools/bin/../lib/gcc/arm-none-eabi/9.3.1/thumb/v7e-m+dp/hard/crti.o
LOAD /home/kbox/sidbox-applet-compiler/tools/bin/../lib/gcc/arm-none-eabi/9.3.1/thumb/v7e-m+dp/hard/crtbegin.o
LOAD /home/kbox/sidbox-applet-compiler/tools/bin/../lib/gcc/arm-none-eabi/9.3.1/../../../../arm-none-eabi/lib/thumb/v7e-m+dp/hard/crt0.o
LOAD compiled/audio/audio.o
LOAD compiled/crt/crt.o
LOAD compiled/graphics/graphics.o
LOAD compiled/touch/touch.o
LOAD compiled/apis.o
LOAD compiled/syscalls.o
LOAD compiled/project/main.o
START GROUP
LOAD /home/kbox/sidbox-applet-compiler/tools/bin/../lib/gcc/arm-none-eabi/9.3.1/thumb/v7e-m+dp/hard/libgcc.a
LOAD /home/kbox/sidbox-applet-compiler/tools/bin/../lib/gcc/arm-none-eabi/9.3.1/../../../../arm-none-eabi/lib/thumb/v7e-m+dp/hard/libc_nano.a
END GROUP
START GROUP
LOAD /home/kbox/sidbox-applet-compiler/tools/bin/../lib/gcc/arm-none-eabi/9.3.1/thumb/v7e-m+dp/hard/libgcc.a
LOAD /home/kbox/sidbox-applet-compiler/tools/bin/../lib/gcc/arm-none-eabi/9.3.1/../../../../arm-none-eabi/lib/thumb/v7e-m+dp/hard/libc_nano.a
LOAD /home/kbox/sidbox-applet-compiler/tools/bin/../lib/gcc/arm-none-eabi/9.3.1/../../../../arm-none-eabi/lib/thumb/v7e-m+dp/hard/libnosys.a
END GROUP
START GROUP
LOAD /home/kbox/sidbox-applet-compiler/tools/bin/../lib/gcc/arm-none-eabi/9.3.1/thumb/v7e-m+dp/hard/libgcc.a
LOAD /home/kbox/sidbox-applet-compiler/tools/bin/../lib/gcc/arm-none-eabi/9.3.1/../../../../arm-none-eabi/lib/thumb/v7e-m+dp/hard/libc_nano.a
LOAD /home/kbox/sidbox-applet-compiler/tools/bin/../lib/gcc/arm-none-eabi/9.3.1/../../../../arm-none-eabi/lib/thumb/v7e-m+dp/hard/libnosys.a
END GROUP
LOAD /home/kbox/sidbox-applet-compiler/tools/bin/../lib/gcc/arm-none-eabi/9.3.1/thumb/v7e-m+dp/hard/crtend.o
LOAD /home/kbox/sidbox-applet-compiler/tools/bin/../lib/gcc/arm-none-eabi/9.3.1/thumb/v7e-m+dp/hard/crtn.o
                0x00000000d0000000                _offset = 0xd0000000
                0x0000000000600000                _maxramavail = 0x600000
                0x0000000000002000                _stack_size = 0x2000
                0x0000000000010000                _ramdisk_size = 0x10000
                0x0000000000000000                _profile_is_desktop = 0x0
                0x0000000000000000                _desktop_slot = 0x0
                0x0000000000570000                _requested_app_size = 0x570000
                0x0000000000001000                _largest_modfile = 0x1000
                0x0000000000000000                _largest_resource = 0x0
                0x00000000005f0000                _applet_ram_top = (_maxramavail - _ramdisk_size)
                0x00000000005f0000                _ramdisk_startram = _applet_ram_top
                0x0000000000080000                _desktop_startram = ((_applet_ram_top - (_requested_app_size * (_desktop_slot + 0x1))) & 0xffffffffffffffe0)
                0x0000000000001000                _game_startram = (((_largest_modfile + _largest_resource) + 0x1f) & 0xffffffffffffffe0)
                0x0000000000001000                _startram = _profile_is_desktop?_desktop_startram:_game_startram
                0x00000000d0001000                _applet_origin = (_offset + _startram)
                0x00000000005ef000                _applet_length = _profile_is_desktop?_requested_app_size:(_applet_ram_top - _startram)
                0x00000000d0600000                _sdram_end = (_offset + _maxramavail)
                0x00000000d05f0000                _ramdisk_origin = (_offset + _ramdisk_startram)
                0x0000000000000001                ASSERT ((_startram < _applet_ram_top), Reserved space exceeds applet SDRAM!)
                0x0000000000000001                ASSERT ((_applet_length > _stack_size), No RAM left for applet after stack reserve!)
                0x0000000000000001                ASSERT (((_startram & 0x1f) == 0x0), Applet start must be 32-byte aligned!)
                0x0000000000000200                _api_count = 0x200
                0x0000000000001000                _api_size = (0x8 * _api_count)
                0x000000002001f000                _api_location = (0x20020000 - _api_size)
                0x00000000d0001000                _appstart = ORIGIN (APPLET)
                [!provide]                        PROVIDE (__app_start = _appstart)
                0x000000002001f000                PROVIDE (__sidbox_api_location = _api_location)
                0x00000000d0001000                . = _appstart

.header         0x00000000d0001000       0x10
                0x00000000d0001000                . = ALIGN (0x4)
 *(.header)
 .header        0x00000000d0001000        0x8 compiled/syscalls.o
                0x00000000d0001000                sdex_header
                0x00000000d0001008                . = ALIGN (0x4)
                0x00000000d0001008        0x4 LONG 0xd0001000 _appstart
                0x00000000d000100c        0x4 LONG 0x7fd8 (__stack_end__ - _appstart)

.text           0x00000000d0001010     0x4207
                0x00000000d0001010                . = ALIGN (0x4)
 *(.text.applet_entry)
 .text.applet_entry
                0x00000000d0001010       0x2c compiled/syscalls.o
                0x00000000d0001010                applet_entry
 *(.text*)
 .text.gfx_createBitmap
                0x00000000d000103c       0x1c compiled/graphics/graphics.o
                0x00000000d000103c                gfx_createBitmap
 .text.initMalloc
                0x00000000d0001058       0x18 compiled/syscalls.o
                0x00000000d0001058                initMalloc
 .text._write_r
                0x00000000d0001070       0x60 compiled/syscalls.o
                0x00000000d0001070                _write_r
 .text._read    0x00000000d00010d0       0x14 compiled/syscalls.o
                0x00000000d00010d0                _read
 .text._close   0x00000000d00010e4        0x8 compiled/syscalls.o
                0x00000000d00010e4                _close
 .text._fstat   0x00000000d00010ec        0xc compiled/syscalls.o
                0x00000000d00010ec                _fstat
 .text._lseek   0x00000000d00010f8        0x4 compiled/syscalls.o
                0x00000000d00010f8                _lseek
 .text._sbrk_r  0x00000000d00010fc       0x40 compiled/syscalls.o
                0x00000000d00010fc                _sbrk_r
 .text._isatty  0x00000000d000113c        0x4 compiled/syscalls.o
                0x00000000d000113c                _isatty
 .text.compare_bins
                0x00000000d0001140       0x6c compiled/project/main.o
 .text.update_box
                0x00000000d00011ac       0xe4 compiled/project/main.o
 .text.wait_for_exit_combo
                0x00000000d0001290       0x4c compiled/project/main.o
 .text.set_status
                0x00000000d00012dc       0x5c compiled/project/main.o
 .text.scale_masked.part.0
                0x00000000d0001338       0x58 compiled/project/main.o
 .text.render_view.constprop.0
                0x00000000d0001390      0x174 compiled/project/main.o
 .text.quantize_rgb_to_image.constprop.0
                0x00000000d0001504      0x58c compiled/project/main.o
 .text.free_image.constprop.0
                0x00000000d0001a90       0x20 compiled/project/main.o
 .text.draw_message.constprop.0
                0x00000000d0001ab0      0x1c0 compiled/project/main.o
 .text.startup.main
                0x00000000d0001c70     0x1598 compiled/project/main.o
                0x00000000d0001c70                main
 .text          0x00000000d0003208       0x30 /home/kbox/sidbox-applet-compiler/tools/bin/../lib/gcc/arm-none-eabi/9.3.1/thumb/v7e-m+dp/hard/libgcc.a(_aeabi_uldivmod.o)
                0x00000000d0003208                __aeabi_uldivmod
 .text          0x00000000d0003238      0x2c4 /home/kbox/sidbox-applet-compiler/tools/bin/../lib/gcc/arm-none-eabi/9.3.1/thumb/v7e-m+dp/hard/libgcc.a(_udivmoddi4.o)
                0x00000000d0003238                __udivmoddi4
 .text          0x00000000d00034fc        0x4 /home/kbox/sidbox-applet-compiler/tools/bin/../lib/gcc/arm-none-eabi/9.3.1/thumb/v7e-m+dp/hard/libgcc.a(_dvmd_tls.o)
                0x00000000d00034fc                __aeabi_ldiv0
                0x00000000d00034fc                __aeabi_idiv0
 .text.calloc   0x00000000d0003500       0x10 /home/kbox/sidbox-applet-compiler/tools/bin/../lib/gcc/arm-none-eabi/9.3.1/../../../../arm-none-eabi/lib/thumb/v7e-m+dp/hard/libc_nano.a(lib_a-calloc.o)
                0x00000000d0003500                calloc
 .text.__errno  0x00000000d0003510        0xc /home/kbox/sidbox-applet-compiler/tools/bin/../lib/gcc/arm-none-eabi/9.3.1/../../../../arm-none-eabi/lib/thumb/v7e-m+dp/hard/libc_nano.a(lib_a-errno.o)
                0x00000000d0003510                __errno
 .text.malloc   0x00000000d000351c       0x10 /home/kbox/sidbox-applet-compiler/tools/bin/../lib/gcc/arm-none-eabi/9.3.1/../../../../arm-none-eabi/lib/thumb/v7e-m+dp/hard/libc_nano.a(lib_a-malloc.o)
                0x00000000d000351c                malloc
 .text.free     0x00000000d000352c       0x10 /home/kbox/sidbox-applet-compiler/tools/bin/../lib/gcc/arm-none-eabi/9.3.1/../../../../arm-none-eabi/lib/thumb/v7e-m+dp/hard/libc_nano.a(lib_a-malloc.o)
                0x00000000d000352c                free
 .text.memcpy   0x00000000d000353c       0x1c /home/kbox/sidbox-applet-compiler/tools/bin/../lib/gcc/arm-none-eabi/9.3.1/../../../../arm-none-eabi/lib/thumb/v7e-m+dp/hard/libc_nano.a(lib_a-memcpy-stub.o)
                0x00000000d000353c                memcpy
 .text.memset   0x00000000d0003558       0x10 /home/kbox/sidbox-applet-compiler/tools/bin/../lib/gcc/arm-none-eabi/9.3.1/../../../../arm-none-eabi/lib/thumb/v7e-m+dp/hard/libc_nano.a(lib_a-memset.o)
                0x00000000d0003558                memset
 .text._calloc_r
                0x00000000d0003568       0x1e /home/kbox/sidbox-applet-compiler/tools/bin/../lib/gcc/arm-none-eabi/9.3.1/../../../../arm-none-eabi/lib/thumb/v7e-m+dp/hard/libc_nano.a(lib_a-nano-callocr.o)
                0x00000000d0003568                _calloc_r
 *fill*         0x00000000d0003586        0x2 
 .text._free_r  0x00000000d0003588       0xa0 /home/kbox/sidbox-applet-compiler/tools/bin/../lib/gcc/arm-none-eabi/9.3.1/../../../../arm-none-eabi/lib/thumb/v7e-m+dp/hard/libc_nano.a(lib_a-nano-freer.o)
                0x00000000d0003588                _free_r
 .text._malloc_r
                0x00000000d0003628       0xb4 /home/kbox/sidbox-applet-compiler/tools/bin/../lib/gcc/arm-none-eabi/9.3.1/../../../../arm-none-eabi/lib/thumb/v7e-m+dp/hard/libc_nano.a(lib_a-nano-mallocr.o)
                0x00000000d0003628                _malloc_r
 .text.printf   0x00000000d00036dc       0x30 /home/kbox/sidbox-applet-compiler/tools/bin/../lib/gcc/arm-none-eabi/9.3.1/../../../../arm-none-eabi/lib/thumb/v7e-m+dp/hard/libc_nano.a(lib_a-printf.o)
                0x00000000d00036dc                printf
                0x00000000d00036dc                iprintf
 .text.swapfunc
                0x00000000d000370c       0x32 /home/kbox/sidbox-applet-compiler/tools/bin/../lib/gcc/arm-none-eabi/9.3.1/../../../../arm-none-eabi/lib/thumb/v7e-m+dp/hard/libc_nano.a(lib_a-qsort.o)
 .text.med3.isra.0
                0x00000000d000373e       0x40 /home/kbox/sidbox-applet-compiler/tools/bin/../lib/gcc/arm-none-eabi/9.3.1/../../../../arm-none-eabi/lib/thumb/v7e-m+dp/hard/libc_nano.a(lib_a-qsort.o)
 .text.qsort    0x00000000d000377e      0x2a2 /home/kbox/sidbox-applet-compiler/tools/bin/../lib/gcc/arm-none-eabi/9.3.1/../../../../arm-none-eabi/lib/thumb/v7e-m+dp/hard/libc_nano.a(lib_a-qsort.o)
                0x00000000d000377e                qsort
 .text.setbuf   0x00000000d0003a20       0x10 /home/kbox/sidbox-applet-compiler/tools/bin/../lib/gcc/arm-none-eabi/9.3.1/../../../../arm-none-eabi/lib/thumb/v7e-m+dp/hard/libc_nano.a(lib_a-setbuf.o)
                0x00000000d0003a20                setbuf
 .text.setvbuf  0x00000000d0003a30      0x18c /home/kbox/sidbox-applet-compiler/tools/bin/../lib/gcc/arm-none-eabi/9.3.1/../../../../arm-none-eabi/lib/thumb/v7e-m+dp/hard/libc_nano.a(lib_a-setvbuf.o)
                0x00000000d0003a30                setvbuf
 .text.snprintf
                0x00000000d0003bbc       0x68 /home/kbox/sidbox-applet-compiler/tools/bin/../lib/gcc/arm-none-eabi/9.3.1/../../../../arm-none-eabi/lib/thumb/v7e-m+dp/hard/libc_nano.a(lib_a-snprintf.o)
                0x00000000d0003bbc                snprintf
                0x00000000d0003bbc                sniprintf
 .text.strncpy  0x00000000d0003c24       0x26 /home/kbox/sidbox-applet-compiler/tools/bin/../lib/gcc/arm-none-eabi/9.3.1/../../../../arm-none-eabi/lib/thumb/v7e-m+dp/hard/libc_nano.a(lib_a-strncpy.o)
                0x00000000d0003c24                strncpy
 .text.strrchr  0x00000000d0003c4a       0x28 /home/kbox/sidbox-applet-compiler/tools/bin/../lib/gcc/arm-none-eabi/9.3.1/../../../../arm-none-eabi/lib/thumb/v7e-m+dp/hard/libc_nano.a(lib_a-strrchr.o)
                0x00000000d0003c4a                strrchr
 *fill*         0x00000000d0003c72        0x2 
 .text.__sflush_r
                0x00000000d0003c74      0x10c /home/kbox/sidbox-applet-compiler/tools/bin/../lib/gcc/arm-none-eabi/9.3.1/../../../../arm-none-eabi/lib/thumb/v7e-m+dp/hard/libc_nano.a(lib_a-fflush.o)
                0x00000000d0003c74                __sflush_r
 .text._fflush_r
                0x00000000d0003d80       0x78 /home/kbox/sidbox-applet-compiler/tools/bin/../lib/gcc/arm-none-eabi/9.3.1/../../../../arm-none-eabi/lib/thumb/v7e-m+dp/hard/libc_nano.a(lib_a-fflush.o)
                0x00000000d0003d80                _fflush_r
 .text.std      0x00000000d0003df8       0x48 /home/kbox/sidbox-applet-compiler/tools/bin/../lib/gcc/arm-none-eabi/9.3.1/../../../../arm-none-eabi/lib/thumb/v7e-m+dp/hard/libc_nano.a(lib_a-findfp.o)
 .text._cleanup_r
                0x00000000d0003e40        0xc /home/kbox/sidbox-applet-compiler/tools/bin/../lib/gcc/arm-none-eabi/9.3.1/../../../../arm-none-eabi/lib/thumb/v7e-m+dp/hard/libc_nano.a(lib_a-findfp.o)
                0x00000000d0003e40                _cleanup_r
 .text.__sfmoreglue
                0x00000000d0003e4c       0x2c /home/kbox/sidbox-applet-compiler/tools/bin/../lib/gcc/arm-none-eabi/9.3.1/../../../../arm-none-eabi/lib/thumb/v7e-m+dp/hard/libc_nano.a(lib_a-findfp.o)
                0x00000000d0003e4c                __sfmoreglue
 .text.__sfp_lock_acquire
                0x00000000d0003e78        0xc /home/kbox/sidbox-applet-compiler/tools/bin/../lib/gcc/arm-none-eabi/9.3.1/../../../../arm-none-eabi/lib/thumb/v7e-m+dp/hard/libc_nano.a(lib_a-findfp.o)
                0x00000000d0003e78                __sfp_lock_acquire
 .text.__sfp_lock_release
                0x00000000d0003e84        0xc /home/kbox/sidbox-applet-compiler/tools/bin/../lib/gcc/arm-none-eabi/9.3.1/../../../../arm-none-eabi/lib/thumb/v7e-m+dp/hard/libc_nano.a(lib_a-findfp.o)
                0x00000000d0003e84                __sfp_lock_release
 .text.__sinit_lock_acquire
                0x00000000d0003e90        0xc /home/kbox/sidbox-applet-compiler/tools/bin/../lib/gcc/arm-none-eabi/9.3.1/../../../../arm-none-eabi/lib/thumb/v7e-m+dp/hard/libc_nano.a(lib_a-findfp.o)
                0x00000000d0003e90                __sinit_lock_acquire
 .text.__sinit_lock_release
                0x00000000d0003e9c        0xc /home/kbox/sidbox-applet-compiler/tools/bin/../lib/gcc/arm-none-eabi/9.3.1/../../../../arm-none-eabi/lib/thumb/v7e-m+dp/hard/libc_nano.a(lib_a-findfp.o)
                0x00000000d0003e9c                __sinit_lock_release
 .text.__sinit  0x00000000d0003ea8       0x70 /home/kbox/sidbox-applet-compiler/tools/bin/../lib/gcc/arm-none-eabi/9.3.1/../../../../arm-none-eabi/lib/thumb/v7e-m+dp/hard/libc_nano.a(lib_a-findfp.o)
                0x00000000d0003ea8                __sinit
 .text.__sfp    0x00000000d0003f18       0x8c /home/kbox/sidbox-applet-compiler/tools/bin/../lib/gcc/arm-none-eabi/9.3.1/../../../../arm-none-eabi/lib/thumb/v7e-m+dp/hard/libc_nano.a(lib_a-findfp.o)
                0x00000000d0003f18                __sfp
 .text._fwalk_reent
                0x00000000d0003fa4       0x3e /home/kbox/sidbox-applet-compiler/tools/bin/../lib/gcc/arm-none-eabi/9.3.1/../../../../arm-none-eabi/lib/thumb/v7e-m+dp/hard/libc_nano.a(lib_a-fwalk.o)
                0x00000000d0003fa4                _fwalk_reent
 .text.__retarget_lock_init_recursive
                0x00000000d0003fe2        0x2 /home/kbox/sidbox-applet-compiler/tools/bin/../lib/gcc/arm-none-eabi/9.3.1/../../../../arm-none-eabi/lib/thumb/v7e-m+dp/hard/libc_nano.a(lib_a-lock.o)
                0x00000000d0003fe2                __retarget_lock_init_recursive
 .text.__retarget_lock_acquire_recursive
                0x00000000d0003fe4        0x2 /home/kbox/sidbox-applet-compiler/tools/bin/../lib/gcc/arm-none-eabi/9.3.1/../../../../arm-none-eabi/lib/thumb/v7e-m+dp/hard/libc_nano.a(lib_a-lock.o)
                0x00000000d0003fe4                __retarget_lock_acquire_recursive
 .text.__retarget_lock_release_recursive
                0x00000000d0003fe6        0x2 /home/kbox/sidbox-applet-compiler/tools/bin/../lib/gcc/arm-none-eabi/9.3.1/../../../../arm-none-eabi/lib/thumb/v7e-m+dp/hard/libc_nano.a(lib_a-lock.o)
                0x00000000d0003fe6                __retarget_lock_release_recursive
 .text.__swhatbuf_r
                0x00000000d0003fe8       0x48 /home/kbox/sidbox-applet-compiler/tools/bin/../lib/gcc/arm-none-eabi/9.3.1/../../../../arm-none-eabi/lib/thumb/v7e-m+dp/hard/libc_nano.a(lib_a-makebuf.o)
                0x00000000d0003fe8                __swhatbuf_r
 .text.__smakebuf_r
                0x00000000d0004030       0x80 /home/kbox/sidbox-applet-compiler/tools/bin/../lib/gcc/arm-none-eabi/9.3.1/../../../../arm-none-eabi/lib/thumb/v7e-m+dp/hard/libc_nano.a(lib_a-makebuf.o)
                0x00000000d0004030                __smakebuf_r
 .text.__malloc_lock
                0x00000000d00040b0        0xc /home/kbox/sidbox-applet-compiler/tools/bin/../lib/gcc/arm-none-eabi/9.3.1/../../../../arm-none-eabi/lib/thumb/v7e-m+dp/hard/libc_nano.a(lib_a-mlock.o)
                0x00000000d00040b0                __malloc_lock
 .text.__malloc_unlock
                0x00000000d00040bc        0xc /home/kbox/sidbox-applet-compiler/tools/bin/../lib/gcc/arm-none-eabi/9.3.1/../../../../arm-none-eabi/lib/thumb/v7e-m+dp/hard/libc_nano.a(lib_a-mlock.o)
                0x00000000d00040bc                __malloc_unlock
 .text.__ssputs_r
                0x00000000d00040c8       0xb6 /home/kbox/sidbox-applet-compiler/tools/bin/../lib/gcc/arm-none-eabi/9.3.1/../../../../arm-none-eabi/lib/thumb/v7e-m+dp/hard/libc_nano.a(lib_a-nano-svfprintf.o)
                0x00000000d00040c8                __ssputs_r
 *fill*         0x00000000d000417e        0x2 
 .text._svfprintf_r
                0x00000000d0004180      0x200 /home/kbox/sidbox-applet-compiler/tools/bin/../lib/gcc/arm-none-eabi/9.3.1/../../../../arm-none-eabi/lib/thumb/v7e-m+dp/hard/libc_nano.a(lib_a-nano-svfprintf.o)
                0x00000000d0004180                _svfprintf_r
                0x00000000d0004180                _svfiprintf_r
 .text.__sfputc_r
                0x00000000d0004380       0x2e /home/kbox/sidbox-applet-compiler/tools/bin/../lib/gcc/arm-none-eabi/9.3.1/../../../../arm-none-eabi/lib/thumb/v7e-m+dp/hard/libc_nano.a(lib_a-nano-vfprintf.o)
 .text.__sfputs_r
                0x00000000d00043ae       0x24 /home/kbox/sidbox-applet-compiler/tools/bin/../lib/gcc/arm-none-eabi/9.3.1/../../../../arm-none-eabi/lib/thumb/v7e-m+dp/hard/libc_nano.a(lib_a-nano-vfprintf.o)
                0x00000000d00043ae                __sfputs_r
 *fill*         0x00000000d00043d2        0x2 
 .text._vfprintf_r
                0x00000000d00043d4      0x260 /home/kbox/sidbox-applet-compiler/tools/bin/../lib/gcc/arm-none-eabi/9.3.1/../../../../arm-none-eabi/lib/thumb/v7e-m+dp/hard/libc_nano.a(lib_a-nano-vfprintf.o)
                0x00000000d00043d4                _vfiprintf_r
                0x00000000d00043d4                _vfprintf_r
 .text._printf_common
                0x00000000d0004634       0xda /home/kbox/sidbox-applet-compiler/tools/bin/../lib/gcc/arm-none-eabi/9.3.1/../../../../arm-none-eabi/lib/thumb/v7e-m+dp/hard/libc_nano.a(lib_a-nano-vfprintf_i.o)
                0x00000000d0004634                _printf_common
 *fill*         0x00000000d000470e        0x2 
 .text._printf_i
                0x00000000d0004710      0x24c /home/kbox/sidbox-applet-compiler/tools/bin/../lib/gcc/arm-none-eabi/9.3.1/../../../../arm-none-eabi/lib/thumb/v7e-m+dp/hard/libc_nano.a(lib_a-nano-vfprintf_i.o)
                0x00000000d0004710                _printf_i
 .text.__sread  0x00000000d000495c       0x22 /home/kbox/sidbox-applet-compiler/tools/bin/../lib/gcc/arm-none-eabi/9.3.1/../../../../arm-none-eabi/lib/thumb/v7e-m+dp/hard/libc_nano.a(lib_a-stdio.o)
                0x00000000d000495c                __sread
 .text.__swrite
                0x00000000d000497e       0x38 /home/kbox/sidbox-applet-compiler/tools/bin/../lib/gcc/arm-none-eabi/9.3.1/../../../../arm-none-eabi/lib/thumb/v7e-m+dp/hard/libc_nano.a(lib_a-stdio.o)
                0x00000000d000497e                __swrite
 .text.__sseek  0x00000000d00049b6       0x24 /home/kbox/sidbox-applet-compiler/tools/bin/../lib/gcc/arm-none-eabi/9.3.1/../../../../arm-none-eabi/lib/thumb/v7e-m+dp/hard/libc_nano.a(lib_a-stdio.o)
                0x00000000d00049b6                __sseek
 .text.__sclose
                0x00000000d00049da        0x8 /home/kbox/sidbox-applet-compiler/tools/bin/../lib/gcc/arm-none-eabi/9.3.1/../../../../arm-none-eabi/lib/thumb/v7e-m+dp/hard/libc_nano.a(lib_a-stdio.o)
                0x00000000d00049da                __sclose
 .text.strchr   0x00000000d00049e2       0x1a /home/kbox/sidbox-applet-compiler/tools/bin/../lib/gcc/arm-none-eabi/9.3.1/../../../../arm-none-eabi/lib/thumb/v7e-m+dp/hard/libc_nano.a(lib_a-strchr.o)
                0x00000000d00049e2                strchr
 .text.__swbuf_r
                0x00000000d00049fc       0xa4 /home/kbox/sidbox-applet-compiler/tools/bin/../lib/gcc/arm-none-eabi/9.3.1/../../../../arm-none-eabi/lib/thumb/v7e-m+dp/hard/libc_nano.a(lib_a-wbuf.o)
                0x00000000d00049fc                __swbuf_r
 .text.__swsetup_r
                0x00000000d0004aa0       0xdc /home/kbox/sidbox-applet-compiler/tools/bin/../lib/gcc/arm-none-eabi/9.3.1/../../../../arm-none-eabi/lib/thumb/v7e-m+dp/hard/libc_nano.a(lib_a-wsetup.o)
                0x00000000d0004aa0                __swsetup_r
 .text._close_r
                0x00000000d0004b7c       0x20 /home/kbox/sidbox-applet-compiler/tools/bin/../lib/gcc/arm-none-eabi/9.3.1/../../../../arm-none-eabi/lib/thumb/v7e-m+dp/hard/libc_nano.a(lib_a-closer.o)
                0x00000000d0004b7c                _close_r
 .text._fstat_r
                0x00000000d0004b9c       0x24 /home/kbox/sidbox-applet-compiler/tools/bin/../lib/gcc/arm-none-eabi/9.3.1/../../../../arm-none-eabi/lib/thumb/v7e-m+dp/hard/libc_nano.a(lib_a-fstatr.o)
                0x00000000d0004b9c                _fstat_r
 .text._isatty_r
                0x00000000d0004bc0       0x20 /home/kbox/sidbox-applet-compiler/tools/bin/../lib/gcc/arm-none-eabi/9.3.1/../../../../arm-none-eabi/lib/thumb/v7e-m+dp/hard/libc_nano.a(lib_a-isattyr.o)
                0x00000000d0004bc0                _isatty_r
 .text._lseek_r
                0x00000000d0004be0       0x24 /home/kbox/sidbox-applet-compiler/tools/bin/../lib/gcc/arm-none-eabi/9.3.1/../../../../arm-none-eabi/lib/thumb/v7e-m+dp/hard/libc_nano.a(lib_a-lseekr.o)
                0x00000000d0004be0                _lseek_r
 *fill*         0x00000000d0004c04        0xc 
 .text          0x00000000d0004c10       0xa0 /home/kbox/sidbox-applet-compiler/tools/bin/../lib/gcc/arm-none-eabi/9.3.1/../../../../arm-none-eabi/lib/thumb/v7e-m+dp/hard/libc_nano.a(lib_a-memchr.o)
                0x00000000d0004c10                memchr
 .text.memmove  0x00000000d0004cb0       0x34 /home/kbox/sidbox-applet-compiler/tools/bin/../lib/gcc/arm-none-eabi/9.3.1/../../../../arm-none-eabi/lib/thumb/v7e-m+dp/hard/libc_nano.a(lib_a-memmove.o)
                0x00000000d0004cb0                memmove
 .text._realloc_r
                0x00000000d0004ce4       0x4c /home/kbox/sidbox-applet-compiler/tools/bin/../lib/gcc/arm-none-eabi/9.3.1/../../../../arm-none-eabi/lib/thumb/v7e-m+dp/hard/libc_nano.a(lib_a-nano-reallocr.o)
                0x00000000d0004ce4                _realloc_r
 .text._read_r  0x00000000d0004d30       0x24 /home/kbox/sidbox-applet-compiler/tools/bin/../lib/gcc/arm-none-eabi/9.3.1/../../../../arm-none-eabi/lib/thumb/v7e-m+dp/hard/libc_nano.a(lib_a-readr.o)
                0x00000000d0004d30                _read_r
 .text._malloc_usable_size_r
                0x00000000d0004d54       0x10 /home/kbox/sidbox-applet-compiler/tools/bin/../lib/gcc/arm-none-eabi/9.3.1/../../../../arm-none-eabi/lib/thumb/v7e-m+dp/hard/libc_nano.a(lib_a-nano-msizer.o)
                0x00000000d0004d54                _malloc_usable_size_r
 *(.rodata*)
 .rodata.set_status.str1.4
                0x00000000d0004d64        0x2 compiled/project/main.o
 *fill*         0x00000000d0004d66        0x2 
 .rodata.quantize_rgb_to_image.constprop.0.str1.4
                0x00000000d0004d68       0x58 compiled/project/main.o
 .rodata.draw_message.constprop.0.str1.4
                0x00000000d0004dc0        0xd compiled/project/main.o
 *fill*         0x00000000d0004dcd        0x3 
 .rodata.main.str1.4
                0x00000000d0004dd0      0x3ad compiled/project/main.o
 *fill*         0x00000000d000517d        0x3 
 .rodata._global_impure_ptr
                0x00000000d0005180        0x4 /home/kbox/sidbox-applet-compiler/tools/bin/../lib/gcc/arm-none-eabi/9.3.1/../../../../arm-none-eabi/lib/thumb/v7e-m+dp/hard/libc_nano.a(lib_a-impure.o)
                0x00000000d0005180                _global_impure_ptr
 .rodata.__sf_fake_stderr
                0x00000000d0005184       0x20 /home/kbox/sidbox-applet-compiler/tools/bin/../lib/gcc/arm-none-eabi/9.3.1/../../../../arm-none-eabi/lib/thumb/v7e-m+dp/hard/libc_nano.a(lib_a-findfp.o)
                0x00000000d0005184                __sf_fake_stderr
 .rodata.__sf_fake_stdin
                0x00000000d00051a4       0x20 /home/kbox/sidbox-applet-compiler/tools/bin/../lib/gcc/arm-none-eabi/9.3.1/../../../../arm-none-eabi/lib/thumb/v7e-m+dp/hard/libc_nano.a(lib_a-findfp.o)
                0x00000000d00051a4                __sf_fake_stdin
 .rodata.__sf_fake_stdout
                0x00000000d00051c4       0x20 /home/kbox/sidbox-applet-compiler/tools/bin/../lib/gcc/arm-none-eabi/9.3.1/../../../../arm-none-eabi/lib/thumb/v7e-m+dp/hard/libc_nano.a(lib_a-findfp.o)
                0x00000000d00051c4                __sf_fake_stdout
 .rodata._svfprintf_r.str1.1
                0x00000000d00051e4       0x11 /home/kbox/sidbox-applet-compiler/tools/bin/../lib/gcc/arm-none-eabi/9.3.1/../../../../arm-none-eabi/lib/thumb/v7e-m+dp/hard/libc_nano.a(lib_a-nano-svfprintf.o)
 .rodata._vfprintf_r.str1.1
                0x00000000d00051f5       0x11 /home/kbox/sidbox-applet-compiler/tools/bin/../lib/gcc/arm-none-eabi/9.3.1/../../../../arm-none-eabi/lib/thumb/v7e-m+dp/hard/libc_nano.a(lib_a-nano-vfprintf.o)
 .rodata._printf_i.str1.1
                0x00000000d00051f5       0x22 /home/kbox/sidbox-applet-compiler/tools/bin/../lib/gcc/arm-none-eabi/9.3.1/../../../../arm-none-eabi/lib/thumb/v7e-m+dp/hard/libc_nano.a(lib_a-nano-vfprintf_i.o)

.glue_7         0x00000000d0005218        0x0
 .glue_7        0x00000000d0005218        0x0 linker stubs

.glue_7t        0x00000000d0005218        0x0
 .glue_7t       0x00000000d0005218        0x0 linker stubs

.vfp11_veneer   0x00000000d0005218        0x0
 .vfp11_veneer  0x00000000d0005218        0x0 linker stubs

.v4_bx          0x00000000d0005218        0x0
 .v4_bx         0x00000000d0005218        0x0 linker stubs

.init           0x00000000d0005218        0x4
 .init          0x00000000d0005218        0x4 /home/kbox/sidbox-applet-compiler/tools/bin/../lib/gcc/arm-none-eabi/9.3.1/thumb/v7e-m+dp/hard/crti.o
                0x00000000d0005218                _init

.fini           0x00000000d000521c        0x4
 .fini          0x00000000d000521c        0x4 /home/kbox/sidbox-applet-compiler/tools/bin/../lib/gcc/arm-none-eabi/9.3.1/thumb/v7e-m+dp/hard/crti.o
                0x00000000d000521c                _fini

.iplt           0x00000000d0005220        0x0
 .iplt          0x00000000d0005220        0x0 compiled/graphics/graphics.o

.rel.dyn        0x00000000d0005220        0x0
 .rel.iplt      0x00000000d0005220        0x0 compiled/graphics/graphics.o

.ARM.exidx      0x00000000d0005220        0x8
 .ARM.exidx     0x00000000d0005220        0x8 /home/kbox/sidbox-applet-compiler/tools/bin/../lib/gcc/arm-none-eabi/9.3.1/thumb/v7e-m+dp/hard/libgcc.a(_udivmoddi4.o)

.data           0x00000000d0005228       0x64
                0x00000000d0005228                . = ALIGN (0x4)
 *(.data*)
 .data._impure_ptr
                0x00000000d0005228        0x4 /home/kbox/sidbox-applet-compiler/tools/bin/../lib/gcc/arm-none-eabi/9.3.1/../../../../arm-none-eabi/lib/thumb/v7e-m+dp/hard/libc_nano.a(lib_a-impure.o)
                0x00000000d0005228                _impure_ptr
 .data.impure_data
                0x00000000d000522c       0x60 /home/kbox/sidbox-applet-compiler/tools/bin/../lib/gcc/arm-none-eabi/9.3.1/../../../../arm-none-eabi/lib/thumb/v7e-m+dp/hard/libc_nano.a(lib_a-impure.o)

.igot.plt       0x00000000d000528c        0x0
 .igot.plt      0x00000000d000528c        0x0 compiled/graphics/graphics.o

.bss            0x00000000d00052a0     0x1d34
                0x00000000d00052a0                . = ALIGN (0x4)
                0x00000000d00052a0                __bss_start__ = .
 *(.bss*)
 .bss.heap_end_u
                0x00000000d00052a0        0x4 compiled/syscalls.o
 .bss.in_write.8093
                0x00000000d00052a4        0x4 compiled/syscalls.o
 .bss.db        0x00000000d00052a8        0x1 compiled/project/main.o
 *fill*         0x00000000d00052a9        0x3 
 .bss.g_bin_to_pal
                0x00000000d00052ac        0x4 compiled/project/main.o
 .bss.g_bins    0x00000000d00052b0        0x4 compiled/project/main.o
 .bss.g_boxes   0x00000000d00052b4     0x1400 compiled/project/main.o
 .bss.g_default_palette
                0x00000000d00066b4      0x400 compiled/project/main.o
 .bss.g_hist    0x00000000d0006ab4        0x4 compiled/project/main.o
 .bss.g_image   0x00000000d0006ab8      0x408 compiled/project/main.o
 .bss.g_sort_channel
                0x00000000d0006ec0        0x1 compiled/project/main.o
 *fill*         0x00000000d0006ec1        0x3 
 .bss.g_status  0x00000000d0006ec4       0xa0 compiled/project/main.o
 .bss.__malloc_free_list
                0x00000000d0006f64        0x4 /home/kbox/sidbox-applet-compiler/tools/bin/../lib/gcc/arm-none-eabi/9.3.1/../../../../arm-none-eabi/lib/thumb/v7e-m+dp/hard/libc_nano.a(lib_a-nano-mallocr.o)
                0x00000000d0006f64                __malloc_free_list
 .bss.__malloc_sbrk_start
                0x00000000d0006f68        0x4 /home/kbox/sidbox-applet-compiler/tools/bin/../lib/gcc/arm-none-eabi/9.3.1/../../../../arm-none-eabi/lib/thumb/v7e-m+dp/hard/libc_nano.a(lib_a-nano-mallocr.o)
                0x00000000d0006f68                __malloc_sbrk_start
 *(COMMON)
 COMMON         0x00000000d0006f6c        0x4 compiled/syscalls.o
                0x00000000d0006f6c                heap_size
 *fill*         0x00000000d0006f70       0x10 
 COMMON         0x00000000d0006f80       0x44 compiled/project/main.o
                0x00000000d0006f80                backbitmap
                0x00000000d0006fa0                front_b
                0x00000000d0006fc0                front_a
 COMMON         0x00000000d0006fc4        0x9 /home/kbox/sidbox-applet-compiler/tools/bin/../lib/gcc/arm-none-eabi/9.3.1/../../../../arm-none-eabi/lib/thumb/v7e-m+dp/hard/libc_nano.a(lib_a-lock.o)
                0x00000000d0006fc4                __lock___atexit_recursive_mutex
                0x00000000d0006fc5                __lock___arc4random_mutex
                0x00000000d0006fc6                __lock___env_recursive_mutex
                0x00000000d0006fc7                __lock___sinit_recursive_mutex
                0x00000000d0006fc8                __lock___malloc_recursive_mutex
                0x00000000d0006fc9                __lock___at_quick_exit_mutex
                0x00000000d0006fca                __lock___dd_hash_mutex
                0x00000000d0006fcb                __lock___tz_mutex
                0x00000000d0006fcc                __lock___sfp_recursive_mutex
 *fill*         0x00000000d0006fcd        0x3 
 COMMON         0x00000000d0006fd0        0x4 /home/kbox/sidbox-applet-compiler/tools/bin/../lib/gcc/arm-none-eabi/9.3.1/../../../../arm-none-eabi/lib/thumb/v7e-m+dp/hard/libc_nano.a(lib_a-reent.o)
                0x00000000d0006fd0                errno
                0x00000000d0006fd4                . = ALIGN (0x4)
                0x00000000d0006fd4                __bss_end__ = .

.stack          0x00000000d0006fd4     0x2004
                0x00000000d0006fd8                . = ALIGN (0x8)
 *fill*         0x00000000d0006fd4        0x4 
                0x00000000d0006fd8                __stack_start__ = .
                0x00000000d0008fd8                . = (. + _stack_size)
 *fill*         0x00000000d0006fd8     0x2000 
                0x00000000d0008fd8                . = ALIGN (0x8)
                0x00000000d0008fd8                __stack_end__ = .
                [!provide]                        PROVIDE (__app_end_clear = __stack_end__)
                [!provide]                        PROVIDE (_estack = __stack_end__)
                0x00000000d0008fd8                _end = .
                0x00000000d0008fd8                __app_end = .
                0x0000000000000001                ASSERT ((__stack_end__ <= (_appstart + LENGTH (APPLET))), Applet image exceeds selected app size!)
                0x0000000000000001                ASSERT ((__stack_end__ <= _sdram_end), Applet image exceeds SDRAM end!)
                0x0000000000000001                ASSERT ((__stack_end__ <= _ramdisk_origin), Applet image overlaps RAM disk!)
OUTPUT(compiled/applet.elf elf32-littlearm)
LOAD linker stubs

.ARM.attributes
                0x0000000000000000       0x2e
 .ARM.attributes
                0x0000000000000000       0x1e /home/kbox/sidbox-applet-compiler/tools/bin/../lib/gcc/arm-none-eabi/9.3.1/thumb/v7e-m+dp/hard/crti.o
 .ARM.attributes
                0x000000000000001e       0x2c compiled/graphics/graphics.o
 .ARM.attributes
                0x000000000000004a       0x2c compiled/syscalls.o
 .ARM.attributes
                0x0000000000000076       0x2c compiled/project/main.o
 .ARM.attributes
                0x00000000000000a2       0x1e /home/kbox/sidbox-applet-compiler/tools/bin/../lib/gcc/arm-none-eabi/9.3.1/thumb/v7e-m+dp/hard/libgcc.a(_aeabi_uldivmod.o)
 .ARM.attributes
                0x00000000000000c0       0x32 /home/kbox/sidbox-applet-compiler/tools/bin/../lib/gcc/arm-none-eabi/9.3.1/thumb/v7e-m+dp/hard/libgcc.a(_udivmoddi4.o)
 .ARM.attributes
                0x00000000000000f2       0x1e /home/kbox/sidbox-applet-compiler/tools/bin/../lib/gcc/arm-none-eabi/9.3.1/thumb/v7e-m+dp/hard/libgcc.a(_dvmd_tls.o)
 .ARM.attributes
                0x0000000000000110       0x32 /home/kbox/sidbox-applet-compiler/tools/bin/../lib/gcc/arm-none-eabi/9.3.1/../../../../arm-none-eabi/lib/thumb/v7e-m+dp/hard/libc_nano.a(lib_a-calloc.o)
 .ARM.attributes
                0x0000000000000142       0x32 /home/kbox/sidbox-applet-compiler/tools/bin/../lib/gcc/arm-none-eabi/9.3.1/../../../../arm-none-eabi/lib/thumb/v7e-m+dp/hard/libc_nano.a(lib_a-errno.o)
 .ARM.attributes
                0x0000000000000174       0x30 /home/kbox/sidbox-applet-compiler/tools/bin/../lib/gcc/arm-none-eabi/9.3.1/../../../../arm-none-eabi/lib/thumb/v7e-m+dp/hard/libc_nano.a(lib_a-impure.o)
 .ARM.attributes
                0x00000000000001a4       0x32 /home/kbox/sidbox-applet-compiler/tools/bin/../lib/gcc/arm-none-eabi/9.3.1/../../../../arm-none-eabi/lib/thumb/v7e-m+dp/hard/libc_nano.a(lib_a-malloc.o)
 .ARM.attributes
                0x00000000000001d6       0x32 /home/kbox/sidbox-applet-compiler/tools/bin/../lib/gcc/arm-none-eabi/9.3.1/../../../../arm-none-eabi/lib/thumb/v7e-m+dp/hard/libc_nano.a(lib_a-memcpy-stub.o)
 .ARM.attributes
                0x0000000000000208       0x32 /home/kbox/sidbox-applet-compiler/tools/bin/../lib/gcc/arm-none-eabi/9.3.1/../../../../arm-none-eabi/lib/thumb/v7e-m+dp/hard/libc_nano.a(lib_a-memset.o)
 .ARM.attributes
                0x000000000000023a       0x32 /home/kbox/sidbox-applet-compiler/tools/bin/../lib/gcc/arm-none-eabi/9.3.1/../../../../arm-none-eabi/lib/thumb/v7e-m+dp/hard/libc_nano.a(lib_a-nano-callocr.o)
 .ARM.attributes
                0x000000000000026c       0x32 /home/kbox/sidbox-applet-compiler/tools/bin/../lib/gcc/arm-none-eabi/9.3.1/../../../../arm-none-eabi/lib/thumb/v7e-m+dp/hard/libc_nano.a(lib_a-nano-freer.o)
 .ARM.attributes
                0x000000000000029e       0x32 /home/kbox/sidbox-applet-compiler/tools/bin/../lib/gcc/arm-none-eabi/9.3.1/../../../../arm-none-eabi/lib/thumb/v7e-m+dp/hard/libc_nano.a(lib_a-nano-mallocr.o)
 .ARM.attributes
                0x00000000000002d0       0x32 /home/kbox/sidbox-applet-compiler/tools/bin/../lib/gcc/arm-none-eabi/9.3.1/../../../../arm-none-eabi/lib/thumb/v7e-m+dp/hard/libc_nano.a(lib_a-printf.o)
 .ARM.attributes
                0x0000000000000302       0x32 /home/kbox/sidbox-applet-compiler/tools/bin/../lib/gcc/arm-none-eabi/9.3.1/../../../../arm-none-eabi/lib/thumb/v7e-m+dp/hard/libc_nano.a(lib_a-qsort.o)
 .ARM.attributes
                0x0000000000000334       0x32 /home/kbox/sidbox-applet-compiler/tools/bin/../lib/gcc/arm-none-eabi/9.3.1/../../../../arm-none-eabi/lib/thumb/v7e-m+dp/hard/libc_nano.a(lib_a-setbuf.o)
 .ARM.attributes
                0x0000000000000366       0x32 /home/kbox/sidbox-applet-compiler/tools/bin/../lib/gcc/arm-none-eabi/9.3.1/../../../../arm-none-eabi/lib/thumb/v7e-m+dp/hard/libc_nano.a(lib_a-setvbuf.o)
 .ARM.attributes
                0x0000000000000398       0x32 /home/kbox/sidbox-applet-compiler/tools/bin/../lib/gcc/arm-none-eabi/9.3.1/../../../../arm-none-eabi/lib/thumb/v7e-m+dp/hard/libc_nano.a(lib_a-snprintf.o)
 .ARM.attributes
                0x00000000000003ca       0x32 /home/kbox/sidbox-applet-compiler/tools/bin/../lib/gcc/arm-none-eabi/9.3.1/../../../../arm-none-eabi/lib/thumb/v7e-m+dp/hard/libc_nano.a(lib_a-strncpy.o)
 .ARM.attributes
                0x00000000000003fc       0x32 /home/kbox/sidbox-applet-compiler/tools/bin/../lib/gcc/arm-none-eabi/9.3.1/../../../../arm-none-eabi/lib/thumb/v7e-m+dp/hard/libc_nano.a(lib_a-strrchr.o)
 .ARM.attributes
                0x000000000000042e       0x32 /home/kbox/sidbox-applet-compiler/tools/bin/../lib/gcc/arm-none-eabi/9.3.1/../../../../arm-none-eabi/lib/thumb/v7e-m+dp/hard/libc_nano.a(lib_a-fflush.o)
 .ARM.attributes
                0x0000000000000460       0x32 /home/kbox/sidbox-applet-compiler/tools/bin/../lib/gcc/arm-none-eabi/9.3.1/../../../../arm-none-eabi/lib/thumb/v7e-m+dp/hard/libc_nano.a(lib_a-findfp.o)
 .ARM.attributes
                0x0000000000000492       0x32 /home/kbox/sidbox-applet-compiler/tools/bin/../lib/gcc/arm-none-eabi/9.3.1/../../../../arm-none-eabi/lib/thumb/v7e-m+dp/hard/libc_nano.a(lib_a-fwalk.o)
 .ARM.attributes
                0x00000000000004c4       0x32 /home/kbox/sidbox-applet-compiler/tools/bin/../lib/gcc/arm-none-eabi/9.3.1/../../../../arm-none-eabi/lib/thumb/v7e-m+dp/hard/libc_nano.a(lib_a-lock.o)
 .ARM.attributes
                0x00000000000004f6       0x32 /home/kbox/sidbox-applet-compiler/tools/bin/../lib/gcc/arm-none-eabi/9.3.1/../../../../arm-none-eabi/lib/thumb/v7e-m+dp/hard/libc_nano.a(lib_a-makebuf.o)
 .ARM.attributes
                0x0000000000000528       0x32 /home/kbox/sidbox-applet-compiler/tools/bin/../lib/gcc/arm-none-eabi/9.3.1/../../../../arm-none-eabi/lib/thumb/v7e-m+dp/hard/libc_nano.a(lib_a-mlock.o)
 .ARM.attributes
                0x000000000000055a       0x32 /home/kbox/sidbox-applet-compiler/tools/bin/../lib/gcc/arm-none-eabi/9.3.1/../../../../arm-none-eabi/lib/thumb/v7e-m+dp/hard/libc_nano.a(lib_a-nano-svfprintf.o)
 .ARM.attributes
                0x000000000000058c       0x32 /home/kbox/sidbox-applet-compiler/tools/bin/../lib/gcc/arm-none-eabi/9.3.1/../../../../arm-none-eabi/lib/thumb/v7e-m+dp/hard/libc_nano.a(lib_a-nano-vfprintf.o)
 .ARM.attributes
                0x00000000000005be       0x32 /home/kbox/sidbox-applet-compiler/tools/bin/../lib/gcc/arm-none-eabi/9.3.1/../../../../arm-none-eabi/lib/thumb/v7e-m+dp/hard/libc_nano.a(lib_a-nano-vfprintf_i.o)
 .ARM.attributes
                0x00000000000005f0       0x32 /home/kbox/sidbox-applet-compiler/tools/bin/../lib/gcc/arm-none-eabi/9.3.1/../../../../arm-none-eabi/lib/thumb/v7e-m+dp/hard/libc_nano.a(lib_a-stdio.o)
 .ARM.attributes
                0x0000000000000622       0x32 /home/kbox/sidbox-applet-compiler/tools/bin/../lib/gcc/arm-none-eabi/9.3.1/../../../../arm-none-eabi/lib/thumb/v7e-m+dp/hard/libc_nano.a(lib_a-strchr.o)
 .ARM.attributes
                0x0000000000000654       0x32 /home/kbox/sidbox-applet-compiler/tools/bin/../lib/gcc/arm-none-eabi/9.3.1/../../../../arm-none-eabi/lib/thumb/v7e-m+dp/hard/libc_nano.a(lib_a-wbuf.o)
 .ARM.attributes
                0x0000000000000686       0x32 /home/kbox/sidbox-applet-compiler/tools/bin/../lib/gcc/arm-none-eabi/9.3.1/../../../../arm-none-eabi/lib/thumb/v7e-m+dp/hard/libc_nano.a(lib_a-wsetup.o)
 .ARM.attributes
                0x00000000000006b8       0x32 /home/kbox/sidbox-applet-compiler/tools/bin/../lib/gcc/arm-none-eabi/9.3.1/../../../../arm-none-eabi/lib/thumb/v7e-m+dp/hard/libc_nano.a(lib_a-closer.o)
 .ARM.attributes
                0x00000000000006ea       0x32 /home/kbox/sidbox-applet-compiler/tools/bin/../lib/gcc/arm-none-eabi/9.3.1/../../../../arm-none-eabi/lib/thumb/v7e-m+dp/hard/libc_nano.a(lib_a-fstatr.o)
 .ARM.attributes
                0x000000000000071c       0x32 /home/kbox/sidbox-applet-compiler/tools/bin/../lib/gcc/arm-none-eabi/9.3.1/../../../../arm-none-eabi/lib/thumb/v7e-m+dp/hard/libc_nano.a(lib_a-isattyr.o)
 .ARM.attributes
                0x000000000000074e       0x32 /home/kbox/sidbox-applet-compiler/tools/bin/../lib/gcc/arm-none-eabi/9.3.1/../../../../arm-none-eabi/lib/thumb/v7e-m+dp/hard/libc_nano.a(lib_a-lseekr.o)
 .ARM.attributes
                0x0000000000000780       0x1c /home/kbox/sidbox-applet-compiler/tools/bin/../lib/gcc/arm-none-eabi/9.3.1/../../../../arm-none-eabi/lib/thumb/v7e-m+dp/hard/libc_nano.a(lib_a-memchr.o)
 .ARM.attributes
                0x000000000000079c       0x32 /home/kbox/sidbox-applet-compiler/tools/bin/../lib/gcc/arm-none-eabi/9.3.1/../../../../arm-none-eabi/lib/thumb/v7e-m+dp/hard/libc_nano.a(lib_a-memmove.o)
 .ARM.attributes
                0x00000000000007ce       0x32 /home/kbox/sidbox-applet-compiler/tools/bin/../lib/gcc/arm-none-eabi/9.3.1/../../../../arm-none-eabi/lib/thumb/v7e-m+dp/hard/libc_nano.a(lib_a-nano-reallocr.o)
 .ARM.attributes
                0x0000000000000800       0x32 /home/kbox/sidbox-applet-compiler/tools/bin/../lib/gcc/arm-none-eabi/9.3.1/../../../../arm-none-eabi/lib/thumb/v7e-m+dp/hard/libc_nano.a(lib_a-readr.o)
 .ARM.attributes
                0x0000000000000832       0x32 /home/kbox/sidbox-applet-compiler/tools/bin/../lib/gcc/arm-none-eabi/9.3.1/../../../../arm-none-eabi/lib/thumb/v7e-m+dp/hard/libc_nano.a(lib_a-reent.o)
 .ARM.attributes
                0x0000000000000864       0x32 /home/kbox/sidbox-applet-compiler/tools/bin/../lib/gcc/arm-none-eabi/9.3.1/../../../../arm-none-eabi/lib/thumb/v7e-m+dp/hard/libc_nano.a(lib_a-nano-msizer.o)

.comment        0x0000000000000000       0x53
 .comment       0x0000000000000000       0x53 compiled/graphics/graphics.o
                                         0x54 (size before relaxing)
 .comment       0x0000000000000053       0x54 compiled/syscalls.o
 .comment       0x0000000000000053       0x54 compiled/project/main.o

.debug_frame    0x0000000000000000      0xb6c
 .debug_frame   0x0000000000000000       0x2c /home/kbox/sidbox-applet-compiler/tools/bin/../lib/gcc/arm-none-eabi/9.3.1/thumb/v7e-m+dp/hard/libgcc.a(_aeabi_uldivmod.o)
 .debug_frame   0x000000000000002c       0x34 /home/kbox/sidbox-applet-compiler/tools/bin/../lib/gcc/arm-none-eabi/9.3.1/thumb/v7e-m+dp/hard/libgcc.a(_udivmoddi4.o)
 .debug_frame   0x0000000000000060       0x20 /home/kbox/sidbox-applet-compiler/tools/bin/../lib/gcc/arm-none-eabi/9.3.1/../../../../arm-none-eabi/lib/thumb/v7e-m+dp/hard/libc_nano.a(lib_a-calloc.o)
 .debug_frame   0x0000000000000080       0x20 /home/kbox/sidbox-applet-compiler/tools/bin/../lib/gcc/arm-none-eabi/9.3.1/../../../../arm-none-eabi/lib/thumb/v7e-m+dp/hard/libc_nano.a(lib_a-errno.o)
 .debug_frame   0x00000000000000a0       0x30 /home/kbox/sidbox-applet-compiler/tools/bin/../lib/gcc/arm-none-eabi/9.3.1/../../../../arm-none-eabi/lib/thumb/v7e-m+dp/hard/libc_nano.a(lib_a-malloc.o)
 .debug_frame   0x00000000000000d0       0x28 /home/kbox/sidbox-applet-compiler/tools/bin/../lib/gcc/arm-none-eabi/9.3.1/../../../../arm-none-eabi/lib/thumb/v7e-m+dp/hard/libc_nano.a(lib_a-memcpy-stub.o)
 .debug_frame   0x00000000000000f8       0x20 /home/kbox/sidbox-applet-compiler/tools/bin/../lib/gcc/arm-none-eabi/9.3.1/../../../../arm-none-eabi/lib/thumb/v7e-m+dp/hard/libc_nano.a(lib_a-memset.o)
 .debug_frame   0x0000000000000118       0x2c /home/kbox/sidbox-applet-compiler/tools/bin/../lib/gcc/arm-none-eabi/9.3.1/../../../../arm-none-eabi/lib/thumb/v7e-m+dp/hard/libc_nano.a(lib_a-nano-callocr.o)
 .debug_frame   0x0000000000000144       0x38 /home/kbox/sidbox-applet-compiler/tools/bin/../lib/gcc/arm-none-eabi/9.3.1/../../../../arm-none-eabi/lib/thumb/v7e-m+dp/hard/libc_nano.a(lib_a-nano-freer.o)
 .debug_frame   0x000000000000017c       0x30 /home/kbox/sidbox-applet-compiler/tools/bin/../lib/gcc/arm-none-eabi/9.3.1/../../../../arm-none-eabi/lib/thumb/v7e-m+dp/hard/libc_nano.a(lib_a-nano-mallocr.o)
 .debug_frame   0x00000000000001ac       0x74 /home/kbox/sidbox-applet-compiler/tools/bin/../lib/gcc/arm-none-eabi/9.3.1/../../../../arm-none-eabi/lib/thumb/v7e-m+dp/hard/libc_nano.a(lib_a-printf.o)
 .debug_frame   0x0000000000000220       0x78 /home/kbox/sidbox-applet-compiler/tools/bin/../lib/gcc/arm-none-eabi/9.3.1/../../../../arm-none-eabi/lib/thumb/v7e-m+dp/hard/libc_nano.a(lib_a-qsort.o)
 .debug_frame   0x0000000000000298       0x20 /home/kbox/sidbox-applet-compiler/tools/bin/../lib/gcc/arm-none-eabi/9.3.1/../../../../arm-none-eabi/lib/thumb/v7e-m+dp/hard/libc_nano.a(lib_a-setbuf.o)
 .debug_frame   0x00000000000002b8       0x38 /home/kbox/sidbox-applet-compiler/tools/bin/../lib/gcc/arm-none-eabi/9.3.1/../../../../arm-none-eabi/lib/thumb/v7e-m+dp/hard/libc_nano.a(lib_a-setvbuf.o)
 .debug_frame   0x00000000000002f0       0x7c /home/kbox/sidbox-applet-compiler/tools/bin/../lib/gcc/arm-none-eabi/9.3.1/../../../../arm-none-eabi/lib/thumb/v7e-m+dp/hard/libc_nano.a(lib_a-snprintf.o)
 .debug_frame   0x000000000000036c       0x28 /home/kbox/sidbox-applet-compiler/tools/bin/../lib/gcc/arm-none-eabi/9.3.1/../../../../arm-none-eabi/lib/thumb/v7e-m+dp/hard/libc_nano.a(lib_a-strncpy.o)
 .debug_frame   0x0000000000000394       0x38 /home/kbox/sidbox-applet-compiler/tools/bin/../lib/gcc/arm-none-eabi/9.3.1/../../../../arm-none-eabi/lib/thumb/v7e-m+dp/hard/libc_nano.a(lib_a-strrchr.o)
 .debug_frame   0x00000000000003cc       0x5c /home/kbox/sidbox-applet-compiler/tools/bin/../lib/gcc/arm-none-eabi/9.3.1/../../../../arm-none-eabi/lib/thumb/v7e-m+dp/hard/libc_nano.a(lib_a-fflush.o)
 .debug_frame   0x0000000000000428      0x14c /home/kbox/sidbox-applet-compiler/tools/bin/../lib/gcc/arm-none-eabi/9.3.1/../../../../arm-none-eabi/lib/thumb/v7e-m+dp/hard/libc_nano.a(lib_a-findfp.o)
 .debug_frame   0x0000000000000574       0x54 /home/kbox/sidbox-applet-compiler/tools/bin/../lib/gcc/arm-none-eabi/9.3.1/../../../../arm-none-eabi/lib/thumb/v7e-m+dp/hard/libc_nano.a(lib_a-fwalk.o)
 .debug_frame   0x00000000000005c8       0xb0 /home/kbox/sidbox-applet-compiler/tools/bin/../lib/gcc/arm-none-eabi/9.3.1/../../../../arm-none-eabi/lib/thumb/v7e-m+dp/hard/libc_nano.a(lib_a-lock.o)
 .debug_frame   0x0000000000000678       0x58 /home/kbox/sidbox-applet-compiler/tools/bin/../lib/gcc/arm-none-eabi/9.3.1/../../../../arm-none-eabi/lib/thumb/v7e-m+dp/hard/libc_nano.a(lib_a-makebuf.o)
 .debug_frame   0x00000000000006d0       0x30 /home/kbox/sidbox-applet-compiler/tools/bin/../lib/gcc/arm-none-eabi/9.3.1/../../../../arm-none-eabi/lib/thumb/v7e-m+dp/hard/libc_nano.a(lib_a-mlock.o)
 .debug_frame   0x0000000000000700       0x90 /home/kbox/sidbox-applet-compiler/tools/bin/../lib/gcc/arm-none-eabi/9.3.1/../../../../arm-none-eabi/lib/thumb/v7e-m+dp/hard/libc_nano.a(lib_a-nano-svfprintf.o)
 .debug_frame   0x0000000000000790       0xac /home/kbox/sidbox-applet-compiler/tools/bin/../lib/gcc/arm-none-eabi/9.3.1/../../../../arm-none-eabi/lib/thumb/v7e-m+dp/hard/libc_nano.a(lib_a-nano-vfprintf.o)
 .debug_frame   0x000000000000083c       0x60 /home/kbox/sidbox-applet-compiler/tools/bin/../lib/gcc/arm-none-eabi/9.3.1/../../../../arm-none-eabi/lib/thumb/v7e-m+dp/hard/libc_nano.a(lib_a-nano-vfprintf_i.o)
 .debug_frame   0x000000000000089c       0x88 /home/kbox/sidbox-applet-compiler/tools/bin/../lib/gcc/arm-none-eabi/9.3.1/../../../../arm-none-eabi/lib/thumb/v7e-m+dp/hard/libc_nano.a(lib_a-stdio.o)
 .debug_frame   0x0000000000000924       0x20 /home/kbox/sidbox-applet-compiler/tools/bin/../lib/gcc/arm-none-eabi/9.3.1/../../../../arm-none-eabi/lib/thumb/v7e-m+dp/hard/libc_nano.a(lib_a-strchr.o)
 .debug_frame   0x0000000000000944       0x40 /home/kbox/sidbox-applet-compiler/tools/bin/../lib/gcc/arm-none-eabi/9.3.1/../../../../arm-none-eabi/lib/thumb/v7e-m+dp/hard/libc_nano.a(lib_a-wbuf.o)
 .debug_frame   0x0000000000000984       0x2c /home/kbox/sidbox-applet-compiler/tools/bin/../lib/gcc/arm-none-eabi/9.3.1/../../../../arm-none-eabi/lib/thumb/v7e-m+dp/hard/libc_nano.a(lib_a-wsetup.o)
 .debug_frame   0x00000000000009b0       0x2c /home/kbox/sidbox-applet-compiler/tools/bin/../lib/gcc/arm-none-eabi/9.3.1/../../../../arm-none-eabi/lib/thumb/v7e-m+dp/hard/libc_nano.a(lib_a-closer.o)
 .debug_frame   0x00000000000009dc       0x2c /home/kbox/sidbox-applet-compiler/tools/bin/../lib/gcc/arm-none-eabi/9.3.1/../../../../arm-none-eabi/lib/thumb/v7e-m+dp/hard/libc_nano.a(lib_a-fstatr.o)
 .debug_frame   0x0000000000000a08       0x2c /home/kbox/sidbox-applet-compiler/tools/bin/../lib/gcc/arm-none-eabi/9.3.1/../../../../arm-none-eabi/lib/thumb/v7e-m+dp/hard/libc_nano.a(lib_a-isattyr.o)
 .debug_frame   0x0000000000000a34       0x2c /home/kbox/sidbox-applet-compiler/tools/bin/../lib/gcc/arm-none-eabi/9.3.1/../../../../arm-none-eabi/lib/thumb/v7e-m+dp/hard/libc_nano.a(lib_a-lseekr.o)
 .debug_frame   0x0000000000000a60       0x28 /home/kbox/sidbox-applet-compiler/tools/bin/../lib/gcc/arm-none-eabi/9.3.1/../../../../arm-none-eabi/lib/thumb/v7e-m+dp/hard/libc_nano.a(lib_a-memmove.o)
 .debug_frame   0x0000000000000a88       0x3c /home/kbox/sidbox-applet-compiler/tools/bin/../lib/gcc/arm-none-eabi/9.3.1/../../../../arm-none-eabi/lib/thumb/v7e-m+dp/hard/libc_nano.a(lib_a-nano-reallocr.o)
 .debug_frame   0x0000000000000ac4       0x2c /home/kbox/sidbox-applet-compiler/tools/bin/../lib/gcc/arm-none-eabi/9.3.1/../../../../arm-none-eabi/lib/thumb/v7e-m+dp/hard/libc_nano.a(lib_a-readr.o)
 .debug_frame   0x0000000000000af0       0x5c /home/kbox/sidbox-applet-compiler/tools/bin/../lib/gcc/arm-none-eabi/9.3.1/../../../../arm-none-eabi/lib/thumb/v7e-m+dp/hard/libc_nano.a(lib_a-reent.o)
 .debug_frame   0x0000000000000b4c       0x20 /home/kbox/sidbox-applet-compiler/tools/bin/../lib/gcc/arm-none-eabi/9.3.1/../../../../arm-none-eabi/lib/thumb/v7e-m+dp/hard/libc_nano.a(lib_a-nano-msizer.o)
