sb3drender.c:760:12:sb3d_clipLineToScreen	48	static
sb3drender.c:68:6:setDefaultRenderMode	0	static
sb3drender.c:77:6:enableFlatMode	0	static
sb3drender.c:78:6:enableTwoShade	0	static
sb3drender.c:79:6:enableWireFrame	0	static
sb3drender.c:170:5:clipTriangleToFrustum	264	static
sb3drender.c:424:6:submitClippedTri	96	static
sb3drender.c:483:5:projectPoint	16	static
sb3drender.c:497:5:clipLineToNearPlane	0	static
sb3drender.c:518:6:resetRenderList	0	static
sb3drender.c:554:5:getRenderTriCount	0	static
sb3drender.c:569:6:drawFakeHorizonDots	120	static
sb3drender.c:637:6:drawFakeHorizon	96	static
sb3drender.c:816:6:drawFakeHorizonGrid	224	static
sb3drender.c:1098:6:submitEntitySolid	304	static
sb3drender.c:534:6:submitWorldEntities	144	static
sb3drender.c:1014:6:Render3D	56	static
sb3drender.c:1469:6:drawWorldLine	160	static
sb3drender.c:1483:6:drawEntity	56	static
sb3drender.c:1495:6:drawEntitySolid	0	static
sb3drender.c:1774:5:sb3dRaycastWorld	128	static
sb3drender.c:1923:5:sb3dRaycastFromCamera	0	static
