sb3drender.c:764:12:sb3d_clipLineToScreen	48	static
sb3drender.c:58:6:resetDepthBuffer	0	static
sb3drender.c:72:6:setDefaultRenderMode	0	static
sb3drender.c:81:6:enableFlatMode	0	static
sb3drender.c:82:6:enableTwoShade	0	static
sb3drender.c:83:6:enableWireFrame	0	static
sb3drender.c:174:5:clipTriangleToFrustum	264	static
sb3drender.c:428:6:submitClippedTri	96	static
sb3drender.c:487:5:projectPoint	16	static
sb3drender.c:501:5:clipLineToNearPlane	0	static
sb3drender.c:522:6:resetRenderList	0	static
sb3drender.c:558:5:getRenderTriCount	0	static
sb3drender.c:573:6:drawFakeHorizonDots	120	static
sb3drender.c:641:6:drawFakeHorizon	96	static
sb3drender.c:820:6:drawFakeHorizonGrid	224	static
sb3drender.c:1102:6:submitEntitySolid	304	static
sb3drender.c:538:6:submitWorldEntities	144	static
sb3drender.c:1018:6:Render3D	56	static
sb3drender.c:1473:6:drawWorldLine	160	static
sb3drender.c:1487:6:drawEntity	56	static
sb3drender.c:1499:6:drawEntitySolid	0	static
sb3drender.c:1778:5:sb3dRaycastWorld	128	static
sb3drender.c:1927:5:sb3dRaycastFromCamera	0	static
