sb3dgfx.c:38:6:initDepthBandMem	8	static
sb3dgfx.c:42:6:beginDepthBand	0	static
sb3dgfx.c:58:5:getDepthBandY0	0	static
sb3dgfx.c:63:5:getDepthBandY1	0	static
sb3dgfx.c:69:6:set3DRenderBuffer	0	static
sb3dgfx.c:100:6:putPixel	0	static
sb3dgfx.c:107:6:drawLine	56	static
sb3dgfx.c:157:6:resetRand	0	static
sb3dgfx.c:167:9:shadeColor	0	static
sb3dgfx.c:237:6:fillTriangleFlat	152	static
sb3dgfx.c:595:6:fillTriangleDitherBayer	176	static
sb3dgfx.c:971:6:fillTriangleDitherBayerT	176	static
sb3dgfx.c:1360:6:fillTriangleDitherBayer2Mode	168	static
