sb3drender.c:787:12:sb3d_clipLineToScreen	48	static
sb3drender.c:68:6:setDefaultRenderMode	0	static
sb3drender.c:77:6:enableFlatMode	0	static
sb3drender.c:78:6:enableTwoShade	0	static
sb3drender.c:79:6:enableWireFrame	0	static
sb3drender.c:170:5:clipTriangleToFrustum	264	static
sb3drender.c:424:6:submitClippedTri	96	static
sb3drender.c:484:5:projectPoint	16	static
sb3drender.c:498:5:clipLineToNearPlane	0	static
sb3drender.c:519:6:resetRenderList	0	static
sb3drender.c:549:5:getRenderTriCount	0	static
sb3drender.c:563:6:drawFakeHorizonDots	128	static
sb3drender.c:664:6:drawFakeHorizon	96	static
sb3drender.c:843:6:drawFakeHorizonGrid	224	static
sb3drender.c:1140:6:submitEntitySolid	336	static
sb3drender.c:535:6:submitWorldEntities	136	static
sb3drender.c:1041:6:Render3D	64	static
sb3drender.c:1571:6:drawWorldLine	160	static
sb3drender.c:1585:6:drawEntity	56	static
sb3drender.c:1597:6:drawEntitySolid	0	static
sb3drender.c:1877:5:sb3dRaycastWorld	128	static
sb3drender.c:2026:5:sb3dRaycastFromCamera	0	static
