Archive member included to satisfy reference by file (symbol)

/home/kbox/sidbox-applet-compiler/tools/bin/../lib/gcc/arm-none-eabi/9.3.1/../../../../arm-none-eabi/lib/thumb/v7e-m+dp/hard/libc_nano.a(lib_a-errno.o)
                              compiled/syscalls.o (__errno)
/home/kbox/sidbox-applet-compiler/tools/bin/../lib/gcc/arm-none-eabi/9.3.1/../../../../arm-none-eabi/lib/thumb/v7e-m+dp/hard/libc_nano.a(lib_a-exit.o)
                              /home/kbox/sidbox-applet-compiler/tools/bin/../lib/gcc/arm-none-eabi/9.3.1/../../../../arm-none-eabi/lib/thumb/v7e-m+dp/hard/crt0.o (exit)
/home/kbox/sidbox-applet-compiler/tools/bin/../lib/gcc/arm-none-eabi/9.3.1/../../../../arm-none-eabi/lib/thumb/v7e-m+dp/hard/libc_nano.a(lib_a-impure.o)
                              /home/kbox/sidbox-applet-compiler/tools/bin/../lib/gcc/arm-none-eabi/9.3.1/../../../../arm-none-eabi/lib/thumb/v7e-m+dp/hard/libc_nano.a(lib_a-exit.o) (_global_impure_ptr)
/home/kbox/sidbox-applet-compiler/tools/bin/../lib/gcc/arm-none-eabi/9.3.1/../../../../arm-none-eabi/lib/thumb/v7e-m+dp/hard/libc_nano.a(lib_a-init.o)
                              /home/kbox/sidbox-applet-compiler/tools/bin/../lib/gcc/arm-none-eabi/9.3.1/../../../../arm-none-eabi/lib/thumb/v7e-m+dp/hard/crt0.o (__libc_init_array)
/home/kbox/sidbox-applet-compiler/tools/bin/../lib/gcc/arm-none-eabi/9.3.1/../../../../arm-none-eabi/lib/thumb/v7e-m+dp/hard/libc_nano.a(lib_a-malloc.o)
                              compiled/audio/audio.o (malloc)
/home/kbox/sidbox-applet-compiler/tools/bin/../lib/gcc/arm-none-eabi/9.3.1/../../../../arm-none-eabi/lib/thumb/v7e-m+dp/hard/libc_nano.a(lib_a-memcmp.o)
                              compiled/audio/audio.o (memcmp)
/home/kbox/sidbox-applet-compiler/tools/bin/../lib/gcc/arm-none-eabi/9.3.1/../../../../arm-none-eabi/lib/thumb/v7e-m+dp/hard/libc_nano.a(lib_a-memset.o)
                              /home/kbox/sidbox-applet-compiler/tools/bin/../lib/gcc/arm-none-eabi/9.3.1/../../../../arm-none-eabi/lib/thumb/v7e-m+dp/hard/crt0.o (memset)
/home/kbox/sidbox-applet-compiler/tools/bin/../lib/gcc/arm-none-eabi/9.3.1/../../../../arm-none-eabi/lib/thumb/v7e-m+dp/hard/libc_nano.a(lib_a-nano-freer.o)
                              /home/kbox/sidbox-applet-compiler/tools/bin/../lib/gcc/arm-none-eabi/9.3.1/../../../../arm-none-eabi/lib/thumb/v7e-m+dp/hard/libc_nano.a(lib_a-malloc.o) (_free_r)
/home/kbox/sidbox-applet-compiler/tools/bin/../lib/gcc/arm-none-eabi/9.3.1/../../../../arm-none-eabi/lib/thumb/v7e-m+dp/hard/libc_nano.a(lib_a-nano-mallocr.o)
                              /home/kbox/sidbox-applet-compiler/tools/bin/../lib/gcc/arm-none-eabi/9.3.1/../../../../arm-none-eabi/lib/thumb/v7e-m+dp/hard/libc_nano.a(lib_a-malloc.o) (_malloc_r)
/home/kbox/sidbox-applet-compiler/tools/bin/../lib/gcc/arm-none-eabi/9.3.1/../../../../arm-none-eabi/lib/thumb/v7e-m+dp/hard/libc_nano.a(lib_a-setbuf.o)
                              compiled/syscalls.o (setbuf)
/home/kbox/sidbox-applet-compiler/tools/bin/../lib/gcc/arm-none-eabi/9.3.1/../../../../arm-none-eabi/lib/thumb/v7e-m+dp/hard/libc_nano.a(lib_a-setvbuf.o)
                              /home/kbox/sidbox-applet-compiler/tools/bin/../lib/gcc/arm-none-eabi/9.3.1/../../../../arm-none-eabi/lib/thumb/v7e-m+dp/hard/libc_nano.a(lib_a-setbuf.o) (setvbuf)
/home/kbox/sidbox-applet-compiler/tools/bin/../lib/gcc/arm-none-eabi/9.3.1/../../../../arm-none-eabi/lib/thumb/v7e-m+dp/hard/libc_nano.a(lib_a-fflush.o)
                              /home/kbox/sidbox-applet-compiler/tools/bin/../lib/gcc/arm-none-eabi/9.3.1/../../../../arm-none-eabi/lib/thumb/v7e-m+dp/hard/libc_nano.a(lib_a-setvbuf.o) (_fflush_r)
/home/kbox/sidbox-applet-compiler/tools/bin/../lib/gcc/arm-none-eabi/9.3.1/../../../../arm-none-eabi/lib/thumb/v7e-m+dp/hard/libc_nano.a(lib_a-findfp.o)
                              /home/kbox/sidbox-applet-compiler/tools/bin/../lib/gcc/arm-none-eabi/9.3.1/../../../../arm-none-eabi/lib/thumb/v7e-m+dp/hard/libc_nano.a(lib_a-setvbuf.o) (__sinit)
/home/kbox/sidbox-applet-compiler/tools/bin/../lib/gcc/arm-none-eabi/9.3.1/../../../../arm-none-eabi/lib/thumb/v7e-m+dp/hard/libc_nano.a(lib_a-fwalk.o)
                              /home/kbox/sidbox-applet-compiler/tools/bin/../lib/gcc/arm-none-eabi/9.3.1/../../../../arm-none-eabi/lib/thumb/v7e-m+dp/hard/libc_nano.a(lib_a-findfp.o) (_fwalk)
/home/kbox/sidbox-applet-compiler/tools/bin/../lib/gcc/arm-none-eabi/9.3.1/../../../../arm-none-eabi/lib/thumb/v7e-m+dp/hard/libc_nano.a(lib_a-lock.o)
                              /home/kbox/sidbox-applet-compiler/tools/bin/../lib/gcc/arm-none-eabi/9.3.1/../../../../arm-none-eabi/lib/thumb/v7e-m+dp/hard/libc_nano.a(lib_a-findfp.o) (__retarget_lock_init_recursive)
/home/kbox/sidbox-applet-compiler/tools/bin/../lib/gcc/arm-none-eabi/9.3.1/../../../../arm-none-eabi/lib/thumb/v7e-m+dp/hard/libc_nano.a(lib_a-makebuf.o)
                              /home/kbox/sidbox-applet-compiler/tools/bin/../lib/gcc/arm-none-eabi/9.3.1/../../../../arm-none-eabi/lib/thumb/v7e-m+dp/hard/libc_nano.a(lib_a-setvbuf.o) (__swhatbuf_r)
/home/kbox/sidbox-applet-compiler/tools/bin/../lib/gcc/arm-none-eabi/9.3.1/../../../../arm-none-eabi/lib/thumb/v7e-m+dp/hard/libc_nano.a(lib_a-mlock.o)
                              /home/kbox/sidbox-applet-compiler/tools/bin/../lib/gcc/arm-none-eabi/9.3.1/../../../../arm-none-eabi/lib/thumb/v7e-m+dp/hard/libc_nano.a(lib_a-nano-freer.o) (__malloc_lock)
/home/kbox/sidbox-applet-compiler/tools/bin/../lib/gcc/arm-none-eabi/9.3.1/../../../../arm-none-eabi/lib/thumb/v7e-m+dp/hard/libc_nano.a(lib_a-stdio.o)
                              /home/kbox/sidbox-applet-compiler/tools/bin/../lib/gcc/arm-none-eabi/9.3.1/../../../../arm-none-eabi/lib/thumb/v7e-m+dp/hard/libc_nano.a(lib_a-findfp.o) (__sread)
/home/kbox/sidbox-applet-compiler/tools/bin/../lib/gcc/arm-none-eabi/9.3.1/../../../../arm-none-eabi/lib/thumb/v7e-m+dp/hard/libc_nano.a(lib_a-closer.o)
                              /home/kbox/sidbox-applet-compiler/tools/bin/../lib/gcc/arm-none-eabi/9.3.1/../../../../arm-none-eabi/lib/thumb/v7e-m+dp/hard/libc_nano.a(lib_a-stdio.o) (_close_r)
/home/kbox/sidbox-applet-compiler/tools/bin/../lib/gcc/arm-none-eabi/9.3.1/../../../../arm-none-eabi/lib/thumb/v7e-m+dp/hard/libc_nano.a(lib_a-fstatr.o)
                              /home/kbox/sidbox-applet-compiler/tools/bin/../lib/gcc/arm-none-eabi/9.3.1/../../../../arm-none-eabi/lib/thumb/v7e-m+dp/hard/libc_nano.a(lib_a-makebuf.o) (_fstat_r)
/home/kbox/sidbox-applet-compiler/tools/bin/../lib/gcc/arm-none-eabi/9.3.1/../../../../arm-none-eabi/lib/thumb/v7e-m+dp/hard/libc_nano.a(lib_a-isattyr.o)
                              /home/kbox/sidbox-applet-compiler/tools/bin/../lib/gcc/arm-none-eabi/9.3.1/../../../../arm-none-eabi/lib/thumb/v7e-m+dp/hard/libc_nano.a(lib_a-makebuf.o) (_isatty_r)
/home/kbox/sidbox-applet-compiler/tools/bin/../lib/gcc/arm-none-eabi/9.3.1/../../../../arm-none-eabi/lib/thumb/v7e-m+dp/hard/libc_nano.a(lib_a-lseekr.o)
                              /home/kbox/sidbox-applet-compiler/tools/bin/../lib/gcc/arm-none-eabi/9.3.1/../../../../arm-none-eabi/lib/thumb/v7e-m+dp/hard/libc_nano.a(lib_a-stdio.o) (_lseek_r)
/home/kbox/sidbox-applet-compiler/tools/bin/../lib/gcc/arm-none-eabi/9.3.1/../../../../arm-none-eabi/lib/thumb/v7e-m+dp/hard/libc_nano.a(lib_a-readr.o)
                              /home/kbox/sidbox-applet-compiler/tools/bin/../lib/gcc/arm-none-eabi/9.3.1/../../../../arm-none-eabi/lib/thumb/v7e-m+dp/hard/libc_nano.a(lib_a-stdio.o) (_read_r)
/home/kbox/sidbox-applet-compiler/tools/bin/../lib/gcc/arm-none-eabi/9.3.1/../../../../arm-none-eabi/lib/thumb/v7e-m+dp/hard/libc_nano.a(lib_a-reent.o)
                              /home/kbox/sidbox-applet-compiler/tools/bin/../lib/gcc/arm-none-eabi/9.3.1/../../../../arm-none-eabi/lib/thumb/v7e-m+dp/hard/libc_nano.a(lib_a-closer.o) (errno)

Allocating common symbols
Common symbol       size              file

__lock___atexit_recursive_mutex
                    0x1               /home/kbox/sidbox-applet-compiler/tools/bin/../lib/gcc/arm-none-eabi/9.3.1/../../../../arm-none-eabi/lib/thumb/v7e-m+dp/hard/libc_nano.a(lib_a-lock.o)
heap_size           0x4               compiled/syscalls.o
__lock___arc4random_mutex
                    0x1               /home/kbox/sidbox-applet-compiler/tools/bin/../lib/gcc/arm-none-eabi/9.3.1/../../../../arm-none-eabi/lib/thumb/v7e-m+dp/hard/libc_nano.a(lib_a-lock.o)
errno               0x4               /home/kbox/sidbox-applet-compiler/tools/bin/../lib/gcc/arm-none-eabi/9.3.1/../../../../arm-none-eabi/lib/thumb/v7e-m+dp/hard/libc_nano.a(lib_a-reent.o)
__lock___env_recursive_mutex
                    0x1               /home/kbox/sidbox-applet-compiler/tools/bin/../lib/gcc/arm-none-eabi/9.3.1/../../../../arm-none-eabi/lib/thumb/v7e-m+dp/hard/libc_nano.a(lib_a-lock.o)
__lock___sinit_recursive_mutex
                    0x1               /home/kbox/sidbox-applet-compiler/tools/bin/../lib/gcc/arm-none-eabi/9.3.1/../../../../arm-none-eabi/lib/thumb/v7e-m+dp/hard/libc_nano.a(lib_a-lock.o)
__lock___malloc_recursive_mutex
                    0x1               /home/kbox/sidbox-applet-compiler/tools/bin/../lib/gcc/arm-none-eabi/9.3.1/../../../../arm-none-eabi/lib/thumb/v7e-m+dp/hard/libc_nano.a(lib_a-lock.o)
__lock___at_quick_exit_mutex
                    0x1               /home/kbox/sidbox-applet-compiler/tools/bin/../lib/gcc/arm-none-eabi/9.3.1/../../../../arm-none-eabi/lib/thumb/v7e-m+dp/hard/libc_nano.a(lib_a-lock.o)
__lock___dd_hash_mutex
                    0x1               /home/kbox/sidbox-applet-compiler/tools/bin/../lib/gcc/arm-none-eabi/9.3.1/../../../../arm-none-eabi/lib/thumb/v7e-m+dp/hard/libc_nano.a(lib_a-lock.o)
__lock___tz_mutex   0x1               /home/kbox/sidbox-applet-compiler/tools/bin/../lib/gcc/arm-none-eabi/9.3.1/../../../../arm-none-eabi/lib/thumb/v7e-m+dp/hard/libc_nano.a(lib_a-lock.o)
__lock___sfp_recursive_mutex
                    0x1               /home/kbox/sidbox-applet-compiler/tools/bin/../lib/gcc/arm-none-eabi/9.3.1/../../../../arm-none-eabi/lib/thumb/v7e-m+dp/hard/libc_nano.a(lib_a-lock.o)

Discarded input sections

 .text          0x0000000000000000        0x0 /home/kbox/sidbox-applet-compiler/tools/bin/../lib/gcc/arm-none-eabi/9.3.1/thumb/v7e-m+dp/hard/crti.o
 .data          0x0000000000000000        0x0 /home/kbox/sidbox-applet-compiler/tools/bin/../lib/gcc/arm-none-eabi/9.3.1/thumb/v7e-m+dp/hard/crti.o
 .bss           0x0000000000000000        0x0 /home/kbox/sidbox-applet-compiler/tools/bin/../lib/gcc/arm-none-eabi/9.3.1/thumb/v7e-m+dp/hard/crti.o
 .text          0x0000000000000000       0x40 /home/kbox/sidbox-applet-compiler/tools/bin/../lib/gcc/arm-none-eabi/9.3.1/thumb/v7e-m+dp/hard/crtbegin.o
 .data          0x0000000000000000        0x4 /home/kbox/sidbox-applet-compiler/tools/bin/../lib/gcc/arm-none-eabi/9.3.1/thumb/v7e-m+dp/hard/crtbegin.o
 .bss           0x0000000000000000       0x1c /home/kbox/sidbox-applet-compiler/tools/bin/../lib/gcc/arm-none-eabi/9.3.1/thumb/v7e-m+dp/hard/crtbegin.o
 .init_array    0x0000000000000000        0x4 /home/kbox/sidbox-applet-compiler/tools/bin/../lib/gcc/arm-none-eabi/9.3.1/thumb/v7e-m+dp/hard/crtbegin.o
 .fini_array    0x0000000000000000        0x4 /home/kbox/sidbox-applet-compiler/tools/bin/../lib/gcc/arm-none-eabi/9.3.1/thumb/v7e-m+dp/hard/crtbegin.o
 .eh_frame      0x0000000000000000        0x0 /home/kbox/sidbox-applet-compiler/tools/bin/../lib/gcc/arm-none-eabi/9.3.1/thumb/v7e-m+dp/hard/crtbegin.o
 .ARM.attributes
                0x0000000000000000       0x32 /home/kbox/sidbox-applet-compiler/tools/bin/../lib/gcc/arm-none-eabi/9.3.1/thumb/v7e-m+dp/hard/crtbegin.o
 .text          0x0000000000000000       0x7c /home/kbox/sidbox-applet-compiler/tools/bin/../lib/gcc/arm-none-eabi/9.3.1/../../../../arm-none-eabi/lib/thumb/v7e-m+dp/hard/crt0.o
 .data          0x0000000000000000        0x0 /home/kbox/sidbox-applet-compiler/tools/bin/../lib/gcc/arm-none-eabi/9.3.1/../../../../arm-none-eabi/lib/thumb/v7e-m+dp/hard/crt0.o
 .bss           0x0000000000000000        0x0 /home/kbox/sidbox-applet-compiler/tools/bin/../lib/gcc/arm-none-eabi/9.3.1/../../../../arm-none-eabi/lib/thumb/v7e-m+dp/hard/crt0.o
 .ARM.extab     0x0000000000000000        0x0 /home/kbox/sidbox-applet-compiler/tools/bin/../lib/gcc/arm-none-eabi/9.3.1/../../../../arm-none-eabi/lib/thumb/v7e-m+dp/hard/crt0.o
 .ARM.exidx     0x0000000000000000       0x10 /home/kbox/sidbox-applet-compiler/tools/bin/../lib/gcc/arm-none-eabi/9.3.1/../../../../arm-none-eabi/lib/thumb/v7e-m+dp/hard/crt0.o
 .ARM.attributes
                0x0000000000000000       0x1c /home/kbox/sidbox-applet-compiler/tools/bin/../lib/gcc/arm-none-eabi/9.3.1/../../../../arm-none-eabi/lib/thumb/v7e-m+dp/hard/crt0.o
 .text          0x0000000000000000        0x0 compiled/audio/audio.o
 .data          0x0000000000000000        0x0 compiled/audio/audio.o
 .bss           0x0000000000000000        0x0 compiled/audio/audio.o
 .rodata.LoadSFX.str1.4
                0x0000000000000000        0xd compiled/audio/audio.o
 .text.LoadSFX  0x0000000000000000      0x110 compiled/audio/audio.o
 .text.freeSFX  0x0000000000000000        0x8 compiled/audio/audio.o
 .comment       0x0000000000000000       0x54 compiled/audio/audio.o
 .ARM.attributes
                0x0000000000000000       0x2c compiled/audio/audio.o
 .text          0x0000000000000000        0x0 compiled/crt/crt.o
 .data          0x0000000000000000        0x0 compiled/crt/crt.o
 .bss           0x0000000000000000        0x0 compiled/crt/crt.o
 .text.CRT_DrawImage
                0x0000000000000000       0xdc compiled/crt/crt.o
 .text.CRT_FrameImage
                0x0000000000000000       0x44 compiled/crt/crt.o
 .comment       0x0000000000000000       0x54 compiled/crt/crt.o
 .ARM.attributes
                0x0000000000000000       0x2c compiled/crt/crt.o
 .text          0x0000000000000000        0x0 compiled/graphics/graphics.o
 .data          0x0000000000000000        0x0 compiled/graphics/graphics.o
 .bss           0x0000000000000000        0x0 compiled/graphics/graphics.o
 .text.LoadPPB  0x0000000000000000       0xa8 compiled/graphics/graphics.o
 .text.gfx_draw1bit
                0x0000000000000000      0x1cc compiled/graphics/graphics.o
 .rodata.bitMask
                0x0000000000000000        0x8 compiled/graphics/graphics.o
 .text          0x0000000000000000        0x0 compiled/touch/touch.o
 .data          0x0000000000000000        0x0 compiled/touch/touch.o
 .bss           0x0000000000000000        0x0 compiled/touch/touch.o
 .comment       0x0000000000000000       0x54 compiled/touch/touch.o
 .ARM.attributes
                0x0000000000000000       0x31 compiled/touch/touch.o
 .text          0x0000000000000000        0x0 compiled/apis.o
 .data          0x0000000000000000        0x0 compiled/apis.o
 .bss           0x0000000000000000        0x0 compiled/apis.o
 .text.randomi  0x0000000000000000       0x24 compiled/apis.o
 .text.urandomi
                0x0000000000000000       0x24 compiled/apis.o
 .text.urandomseed
                0x0000000000000000        0xc compiled/apis.o
 .text.stringcmp
                0x0000000000000000       0x44 compiled/apis.o
 .data._Randseed
                0x0000000000000000        0x4 compiled/apis.o
 .comment       0x0000000000000000       0x54 compiled/apis.o
 .ARM.attributes
                0x0000000000000000       0x2c compiled/apis.o
 .text          0x0000000000000000        0x0 compiled/syscalls.o
 .data          0x0000000000000000        0x0 compiled/syscalls.o
 .bss           0x0000000000000000        0x0 compiled/syscalls.o
 .text.disable_irq
                0x0000000000000000        0x4 compiled/syscalls.o
 .text.enable_irq
                0x0000000000000000        0x4 compiled/syscalls.o
 .text.ExitCode
                0x0000000000000000        0x4 compiled/syscalls.o
 .rodata.doPrintTest.str1.4
                0x0000000000000000        0xf compiled/syscalls.o
 .text.doPrintTest
                0x0000000000000000       0x2c compiled/syscalls.o
 .rodata.doWriteTest.str1.4
                0x0000000000000000        0xf compiled/syscalls.o
 .text.doWriteTest
                0x0000000000000000       0x30 compiled/syscalls.o
 .text._write   0x0000000000000000       0x5c compiled/syscalls.o
 .text._sbrk    0x0000000000000000       0x40 compiled/syscalls.o
 .text._isatty  0x0000000000000000        0x4 compiled/syscalls.o
 .text._exit    0x0000000000000000        0x4 compiled/syscalls.o
 .text._getpid  0x0000000000000000        0x4 compiled/syscalls.o
 .text._kill    0x0000000000000000        0x8 compiled/syscalls.o
 .bss.ExitTimer
                0x0000000000000000        0x4 compiled/syscalls.o
 .data.heap_base
                0x0000000000000000        0x4 compiled/syscalls.o
 .thestart      0x0000000000000000        0x4 compiled/syscalls.o
 .text          0x0000000000000000        0x0 compiled/project/main.o
 .data          0x0000000000000000        0x0 compiled/project/main.o
 .bss           0x0000000000000000        0x0 compiled/project/main.o
 .text          0x0000000000000000        0x0 /home/kbox/sidbox-applet-compiler/tools/bin/../lib/gcc/arm-none-eabi/9.3.1/../../../../arm-none-eabi/lib/thumb/v7e-m+dp/hard/libc_nano.a(lib_a-errno.o)
 .data          0x0000000000000000        0x0 /home/kbox/sidbox-applet-compiler/tools/bin/../lib/gcc/arm-none-eabi/9.3.1/../../../../arm-none-eabi/lib/thumb/v7e-m+dp/hard/libc_nano.a(lib_a-errno.o)
 .bss           0x0000000000000000        0x0 /home/kbox/sidbox-applet-compiler/tools/bin/../lib/gcc/arm-none-eabi/9.3.1/../../../../arm-none-eabi/lib/thumb/v7e-m+dp/hard/libc_nano.a(lib_a-errno.o)
 .text          0x0000000000000000        0x0 /home/kbox/sidbox-applet-compiler/tools/bin/../lib/gcc/arm-none-eabi/9.3.1/../../../../arm-none-eabi/lib/thumb/v7e-m+dp/hard/libc_nano.a(lib_a-exit.o)
 .data          0x0000000000000000        0x0 /home/kbox/sidbox-applet-compiler/tools/bin/../lib/gcc/arm-none-eabi/9.3.1/../../../../arm-none-eabi/lib/thumb/v7e-m+dp/hard/libc_nano.a(lib_a-exit.o)
 .bss           0x0000000000000000        0x0 /home/kbox/sidbox-applet-compiler/tools/bin/../lib/gcc/arm-none-eabi/9.3.1/../../../../arm-none-eabi/lib/thumb/v7e-m+dp/hard/libc_nano.a(lib_a-exit.o)
 .text.exit     0x0000000000000000       0x28 /home/kbox/sidbox-applet-compiler/tools/bin/../lib/gcc/arm-none-eabi/9.3.1/../../../../arm-none-eabi/lib/thumb/v7e-m+dp/hard/libc_nano.a(lib_a-exit.o)
 .debug_frame   0x0000000000000000       0x28 /home/kbox/sidbox-applet-compiler/tools/bin/../lib/gcc/arm-none-eabi/9.3.1/../../../../arm-none-eabi/lib/thumb/v7e-m+dp/hard/libc_nano.a(lib_a-exit.o)
 .ARM.attributes
                0x0000000000000000       0x32 /home/kbox/sidbox-applet-compiler/tools/bin/../lib/gcc/arm-none-eabi/9.3.1/../../../../arm-none-eabi/lib/thumb/v7e-m+dp/hard/libc_nano.a(lib_a-exit.o)
 .text          0x0000000000000000        0x0 /home/kbox/sidbox-applet-compiler/tools/bin/../lib/gcc/arm-none-eabi/9.3.1/../../../../arm-none-eabi/lib/thumb/v7e-m+dp/hard/libc_nano.a(lib_a-impure.o)
 .data          0x0000000000000000        0x0 /home/kbox/sidbox-applet-compiler/tools/bin/../lib/gcc/arm-none-eabi/9.3.1/../../../../arm-none-eabi/lib/thumb/v7e-m+dp/hard/libc_nano.a(lib_a-impure.o)
 .bss           0x0000000000000000        0x0 /home/kbox/sidbox-applet-compiler/tools/bin/../lib/gcc/arm-none-eabi/9.3.1/../../../../arm-none-eabi/lib/thumb/v7e-m+dp/hard/libc_nano.a(lib_a-impure.o)
 .text          0x0000000000000000        0x0 /home/kbox/sidbox-applet-compiler/tools/bin/../lib/gcc/arm-none-eabi/9.3.1/../../../../arm-none-eabi/lib/thumb/v7e-m+dp/hard/libc_nano.a(lib_a-init.o)
 .data          0x0000000000000000        0x0 /home/kbox/sidbox-applet-compiler/tools/bin/../lib/gcc/arm-none-eabi/9.3.1/../../../../arm-none-eabi/lib/thumb/v7e-m+dp/hard/libc_nano.a(lib_a-init.o)
 .bss           0x0000000000000000        0x0 /home/kbox/sidbox-applet-compiler/tools/bin/../lib/gcc/arm-none-eabi/9.3.1/../../../../arm-none-eabi/lib/thumb/v7e-m+dp/hard/libc_nano.a(lib_a-init.o)
 .text.__libc_init_array
                0x0000000000000000       0x48 /home/kbox/sidbox-applet-compiler/tools/bin/../lib/gcc/arm-none-eabi/9.3.1/../../../../arm-none-eabi/lib/thumb/v7e-m+dp/hard/libc_nano.a(lib_a-init.o)
 .debug_frame   0x0000000000000000       0x2c /home/kbox/sidbox-applet-compiler/tools/bin/../lib/gcc/arm-none-eabi/9.3.1/../../../../arm-none-eabi/lib/thumb/v7e-m+dp/hard/libc_nano.a(lib_a-init.o)
 .ARM.attributes
                0x0000000000000000       0x32 /home/kbox/sidbox-applet-compiler/tools/bin/../lib/gcc/arm-none-eabi/9.3.1/../../../../arm-none-eabi/lib/thumb/v7e-m+dp/hard/libc_nano.a(lib_a-init.o)
 .text          0x0000000000000000        0x0 /home/kbox/sidbox-applet-compiler/tools/bin/../lib/gcc/arm-none-eabi/9.3.1/../../../../arm-none-eabi/lib/thumb/v7e-m+dp/hard/libc_nano.a(lib_a-malloc.o)
 .data          0x0000000000000000        0x0 /home/kbox/sidbox-applet-compiler/tools/bin/../lib/gcc/arm-none-eabi/9.3.1/../../../../arm-none-eabi/lib/thumb/v7e-m+dp/hard/libc_nano.a(lib_a-malloc.o)
 .bss           0x0000000000000000        0x0 /home/kbox/sidbox-applet-compiler/tools/bin/../lib/gcc/arm-none-eabi/9.3.1/../../../../arm-none-eabi/lib/thumb/v7e-m+dp/hard/libc_nano.a(lib_a-malloc.o)
 .text.free     0x0000000000000000       0x10 /home/kbox/sidbox-applet-compiler/tools/bin/../lib/gcc/arm-none-eabi/9.3.1/../../../../arm-none-eabi/lib/thumb/v7e-m+dp/hard/libc_nano.a(lib_a-malloc.o)
 .text          0x0000000000000000        0x0 /home/kbox/sidbox-applet-compiler/tools/bin/../lib/gcc/arm-none-eabi/9.3.1/../../../../arm-none-eabi/lib/thumb/v7e-m+dp/hard/libc_nano.a(lib_a-memcmp.o)
 .data          0x0000000000000000        0x0 /home/kbox/sidbox-applet-compiler/tools/bin/../lib/gcc/arm-none-eabi/9.3.1/../../../../arm-none-eabi/lib/thumb/v7e-m+dp/hard/libc_nano.a(lib_a-memcmp.o)
 .bss           0x0000000000000000        0x0 /home/kbox/sidbox-applet-compiler/tools/bin/../lib/gcc/arm-none-eabi/9.3.1/../../../../arm-none-eabi/lib/thumb/v7e-m+dp/hard/libc_nano.a(lib_a-memcmp.o)
 .text.memcmp   0x0000000000000000       0x1c /home/kbox/sidbox-applet-compiler/tools/bin/../lib/gcc/arm-none-eabi/9.3.1/../../../../arm-none-eabi/lib/thumb/v7e-m+dp/hard/libc_nano.a(lib_a-memcmp.o)
 .debug_frame   0x0000000000000000       0x2c /home/kbox/sidbox-applet-compiler/tools/bin/../lib/gcc/arm-none-eabi/9.3.1/../../../../arm-none-eabi/lib/thumb/v7e-m+dp/hard/libc_nano.a(lib_a-memcmp.o)
 .ARM.attributes
                0x0000000000000000       0x32 /home/kbox/sidbox-applet-compiler/tools/bin/../lib/gcc/arm-none-eabi/9.3.1/../../../../arm-none-eabi/lib/thumb/v7e-m+dp/hard/libc_nano.a(lib_a-memcmp.o)
 .text          0x0000000000000000        0x0 /home/kbox/sidbox-applet-compiler/tools/bin/../lib/gcc/arm-none-eabi/9.3.1/../../../../arm-none-eabi/lib/thumb/v7e-m+dp/hard/libc_nano.a(lib_a-memset.o)
 .data          0x0000000000000000        0x0 /home/kbox/sidbox-applet-compiler/tools/bin/../lib/gcc/arm-none-eabi/9.3.1/../../../../arm-none-eabi/lib/thumb/v7e-m+dp/hard/libc_nano.a(lib_a-memset.o)
 .bss           0x0000000000000000        0x0 /home/kbox/sidbox-applet-compiler/tools/bin/../lib/gcc/arm-none-eabi/9.3.1/../../../../arm-none-eabi/lib/thumb/v7e-m+dp/hard/libc_nano.a(lib_a-memset.o)
 .text          0x0000000000000000        0x0 /home/kbox/sidbox-applet-compiler/tools/bin/../lib/gcc/arm-none-eabi/9.3.1/../../../../arm-none-eabi/lib/thumb/v7e-m+dp/hard/libc_nano.a(lib_a-nano-freer.o)
 .data          0x0000000000000000        0x0 /home/kbox/sidbox-applet-compiler/tools/bin/../lib/gcc/arm-none-eabi/9.3.1/../../../../arm-none-eabi/lib/thumb/v7e-m+dp/hard/libc_nano.a(lib_a-nano-freer.o)
 .bss           0x0000000000000000        0x0 /home/kbox/sidbox-applet-compiler/tools/bin/../lib/gcc/arm-none-eabi/9.3.1/../../../../arm-none-eabi/lib/thumb/v7e-m+dp/hard/libc_nano.a(lib_a-nano-freer.o)
 .text          0x0000000000000000        0x0 /home/kbox/sidbox-applet-compiler/tools/bin/../lib/gcc/arm-none-eabi/9.3.1/../../../../arm-none-eabi/lib/thumb/v7e-m+dp/hard/libc_nano.a(lib_a-nano-mallocr.o)
 .data          0x0000000000000000        0x0 /home/kbox/sidbox-applet-compiler/tools/bin/../lib/gcc/arm-none-eabi/9.3.1/../../../../arm-none-eabi/lib/thumb/v7e-m+dp/hard/libc_nano.a(lib_a-nano-mallocr.o)
 .bss           0x0000000000000000        0x0 /home/kbox/sidbox-applet-compiler/tools/bin/../lib/gcc/arm-none-eabi/9.3.1/../../../../arm-none-eabi/lib/thumb/v7e-m+dp/hard/libc_nano.a(lib_a-nano-mallocr.o)
 .text          0x0000000000000000        0x0 /home/kbox/sidbox-applet-compiler/tools/bin/../lib/gcc/arm-none-eabi/9.3.1/../../../../arm-none-eabi/lib/thumb/v7e-m+dp/hard/libc_nano.a(lib_a-setbuf.o)
 .data          0x0000000000000000        0x0 /home/kbox/sidbox-applet-compiler/tools/bin/../lib/gcc/arm-none-eabi/9.3.1/../../../../arm-none-eabi/lib/thumb/v7e-m+dp/hard/libc_nano.a(lib_a-setbuf.o)
 .bss           0x0000000000000000        0x0 /home/kbox/sidbox-applet-compiler/tools/bin/../lib/gcc/arm-none-eabi/9.3.1/../../../../arm-none-eabi/lib/thumb/v7e-m+dp/hard/libc_nano.a(lib_a-setbuf.o)
 .text          0x0000000000000000        0x0 /home/kbox/sidbox-applet-compiler/tools/bin/../lib/gcc/arm-none-eabi/9.3.1/../../../../arm-none-eabi/lib/thumb/v7e-m+dp/hard/libc_nano.a(lib_a-setvbuf.o)
 .data          0x0000000000000000        0x0 /home/kbox/sidbox-applet-compiler/tools/bin/../lib/gcc/arm-none-eabi/9.3.1/../../../../arm-none-eabi/lib/thumb/v7e-m+dp/hard/libc_nano.a(lib_a-setvbuf.o)
 .bss           0x0000000000000000        0x0 /home/kbox/sidbox-applet-compiler/tools/bin/../lib/gcc/arm-none-eabi/9.3.1/../../../../arm-none-eabi/lib/thumb/v7e-m+dp/hard/libc_nano.a(lib_a-setvbuf.o)
 .text          0x0000000000000000        0x0 /home/kbox/sidbox-applet-compiler/tools/bin/../lib/gcc/arm-none-eabi/9.3.1/../../../../arm-none-eabi/lib/thumb/v7e-m+dp/hard/libc_nano.a(lib_a-fflush.o)
 .data          0x0000000000000000        0x0 /home/kbox/sidbox-applet-compiler/tools/bin/../lib/gcc/arm-none-eabi/9.3.1/../../../../arm-none-eabi/lib/thumb/v7e-m+dp/hard/libc_nano.a(lib_a-fflush.o)
 .bss           0x0000000000000000        0x0 /home/kbox/sidbox-applet-compiler/tools/bin/../lib/gcc/arm-none-eabi/9.3.1/../../../../arm-none-eabi/lib/thumb/v7e-m+dp/hard/libc_nano.a(lib_a-fflush.o)
 .text.fflush   0x0000000000000000       0x24 /home/kbox/sidbox-applet-compiler/tools/bin/../lib/gcc/arm-none-eabi/9.3.1/../../../../arm-none-eabi/lib/thumb/v7e-m+dp/hard/libc_nano.a(lib_a-fflush.o)
 .text          0x0000000000000000        0x0 /home/kbox/sidbox-applet-compiler/tools/bin/../lib/gcc/arm-none-eabi/9.3.1/../../../../arm-none-eabi/lib/thumb/v7e-m+dp/hard/libc_nano.a(lib_a-findfp.o)
 .data          0x0000000000000000        0x0 /home/kbox/sidbox-applet-compiler/tools/bin/../lib/gcc/arm-none-eabi/9.3.1/../../../../arm-none-eabi/lib/thumb/v7e-m+dp/hard/libc_nano.a(lib_a-findfp.o)
 .bss           0x0000000000000000        0x0 /home/kbox/sidbox-applet-compiler/tools/bin/../lib/gcc/arm-none-eabi/9.3.1/../../../../arm-none-eabi/lib/thumb/v7e-m+dp/hard/libc_nano.a(lib_a-findfp.o)
 .text.__fp_lock
                0x0000000000000000       0x18 /home/kbox/sidbox-applet-compiler/tools/bin/../lib/gcc/arm-none-eabi/9.3.1/../../../../arm-none-eabi/lib/thumb/v7e-m+dp/hard/libc_nano.a(lib_a-findfp.o)
 .text.__fp_unlock
                0x0000000000000000       0x18 /home/kbox/sidbox-applet-compiler/tools/bin/../lib/gcc/arm-none-eabi/9.3.1/../../../../arm-none-eabi/lib/thumb/v7e-m+dp/hard/libc_nano.a(lib_a-findfp.o)
 .text._cleanup
                0x0000000000000000        0xc /home/kbox/sidbox-applet-compiler/tools/bin/../lib/gcc/arm-none-eabi/9.3.1/../../../../arm-none-eabi/lib/thumb/v7e-m+dp/hard/libc_nano.a(lib_a-findfp.o)
 .text.__fp_lock_all
                0x0000000000000000       0x1c /home/kbox/sidbox-applet-compiler/tools/bin/../lib/gcc/arm-none-eabi/9.3.1/../../../../arm-none-eabi/lib/thumb/v7e-m+dp/hard/libc_nano.a(lib_a-findfp.o)
 .text.__fp_unlock_all
                0x0000000000000000       0x1c /home/kbox/sidbox-applet-compiler/tools/bin/../lib/gcc/arm-none-eabi/9.3.1/../../../../arm-none-eabi/lib/thumb/v7e-m+dp/hard/libc_nano.a(lib_a-findfp.o)
 .text          0x0000000000000000        0x0 /home/kbox/sidbox-applet-compiler/tools/bin/../lib/gcc/arm-none-eabi/9.3.1/../../../../arm-none-eabi/lib/thumb/v7e-m+dp/hard/libc_nano.a(lib_a-fwalk.o)
 .data          0x0000000000000000        0x0 /home/kbox/sidbox-applet-compiler/tools/bin/../lib/gcc/arm-none-eabi/9.3.1/../../../../arm-none-eabi/lib/thumb/v7e-m+dp/hard/libc_nano.a(lib_a-fwalk.o)
 .bss           0x0000000000000000        0x0 /home/kbox/sidbox-applet-compiler/tools/bin/../lib/gcc/arm-none-eabi/9.3.1/../../../../arm-none-eabi/lib/thumb/v7e-m+dp/hard/libc_nano.a(lib_a-fwalk.o)
 .text._fwalk   0x0000000000000000       0x3a /home/kbox/sidbox-applet-compiler/tools/bin/../lib/gcc/arm-none-eabi/9.3.1/../../../../arm-none-eabi/lib/thumb/v7e-m+dp/hard/libc_nano.a(lib_a-fwalk.o)
 .text          0x0000000000000000        0x0 /home/kbox/sidbox-applet-compiler/tools/bin/../lib/gcc/arm-none-eabi/9.3.1/../../../../arm-none-eabi/lib/thumb/v7e-m+dp/hard/libc_nano.a(lib_a-lock.o)
 .data          0x0000000000000000        0x0 /home/kbox/sidbox-applet-compiler/tools/bin/../lib/gcc/arm-none-eabi/9.3.1/../../../../arm-none-eabi/lib/thumb/v7e-m+dp/hard/libc_nano.a(lib_a-lock.o)
 .bss           0x0000000000000000        0x0 /home/kbox/sidbox-applet-compiler/tools/bin/../lib/gcc/arm-none-eabi/9.3.1/../../../../arm-none-eabi/lib/thumb/v7e-m+dp/hard/libc_nano.a(lib_a-lock.o)
 .text.__retarget_lock_init
                0x0000000000000000        0x2 /home/kbox/sidbox-applet-compiler/tools/bin/../lib/gcc/arm-none-eabi/9.3.1/../../../../arm-none-eabi/lib/thumb/v7e-m+dp/hard/libc_nano.a(lib_a-lock.o)
 .text.__retarget_lock_close
                0x0000000000000000        0x2 /home/kbox/sidbox-applet-compiler/tools/bin/../lib/gcc/arm-none-eabi/9.3.1/../../../../arm-none-eabi/lib/thumb/v7e-m+dp/hard/libc_nano.a(lib_a-lock.o)
 .text.__retarget_lock_close_recursive
                0x0000000000000000        0x2 /home/kbox/sidbox-applet-compiler/tools/bin/../lib/gcc/arm-none-eabi/9.3.1/../../../../arm-none-eabi/lib/thumb/v7e-m+dp/hard/libc_nano.a(lib_a-lock.o)
 .text.__retarget_lock_acquire
                0x0000000000000000        0x2 /home/kbox/sidbox-applet-compiler/tools/bin/../lib/gcc/arm-none-eabi/9.3.1/../../../../arm-none-eabi/lib/thumb/v7e-m+dp/hard/libc_nano.a(lib_a-lock.o)
 .text.__retarget_lock_try_acquire
                0x0000000000000000        0x4 /home/kbox/sidbox-applet-compiler/tools/bin/../lib/gcc/arm-none-eabi/9.3.1/../../../../arm-none-eabi/lib/thumb/v7e-m+dp/hard/libc_nano.a(lib_a-lock.o)
 .text.__retarget_lock_try_acquire_recursive
                0x0000000000000000        0x4 /home/kbox/sidbox-applet-compiler/tools/bin/../lib/gcc/arm-none-eabi/9.3.1/../../../../arm-none-eabi/lib/thumb/v7e-m+dp/hard/libc_nano.a(lib_a-lock.o)
 .text.__retarget_lock_release
                0x0000000000000000        0x2 /home/kbox/sidbox-applet-compiler/tools/bin/../lib/gcc/arm-none-eabi/9.3.1/../../../../arm-none-eabi/lib/thumb/v7e-m+dp/hard/libc_nano.a(lib_a-lock.o)
 .text          0x0000000000000000        0x0 /home/kbox/sidbox-applet-compiler/tools/bin/../lib/gcc/arm-none-eabi/9.3.1/../../../../arm-none-eabi/lib/thumb/v7e-m+dp/hard/libc_nano.a(lib_a-makebuf.o)
 .data          0x0000000000000000        0x0 /home/kbox/sidbox-applet-compiler/tools/bin/../lib/gcc/arm-none-eabi/9.3.1/../../../../arm-none-eabi/lib/thumb/v7e-m+dp/hard/libc_nano.a(lib_a-makebuf.o)
 .bss           0x0000000000000000        0x0 /home/kbox/sidbox-applet-compiler/tools/bin/../lib/gcc/arm-none-eabi/9.3.1/../../../../arm-none-eabi/lib/thumb/v7e-m+dp/hard/libc_nano.a(lib_a-makebuf.o)
 .text.__smakebuf_r
                0x0000000000000000       0x80 /home/kbox/sidbox-applet-compiler/tools/bin/../lib/gcc/arm-none-eabi/9.3.1/../../../../arm-none-eabi/lib/thumb/v7e-m+dp/hard/libc_nano.a(lib_a-makebuf.o)
 .text          0x0000000000000000        0x0 /home/kbox/sidbox-applet-compiler/tools/bin/../lib/gcc/arm-none-eabi/9.3.1/../../../../arm-none-eabi/lib/thumb/v7e-m+dp/hard/libc_nano.a(lib_a-mlock.o)
 .data          0x0000000000000000        0x0 /home/kbox/sidbox-applet-compiler/tools/bin/../lib/gcc/arm-none-eabi/9.3.1/../../../../arm-none-eabi/lib/thumb/v7e-m+dp/hard/libc_nano.a(lib_a-mlock.o)
 .bss           0x0000000000000000        0x0 /home/kbox/sidbox-applet-compiler/tools/bin/../lib/gcc/arm-none-eabi/9.3.1/../../../../arm-none-eabi/lib/thumb/v7e-m+dp/hard/libc_nano.a(lib_a-mlock.o)
 .text          0x0000000000000000        0x0 /home/kbox/sidbox-applet-compiler/tools/bin/../lib/gcc/arm-none-eabi/9.3.1/../../../../arm-none-eabi/lib/thumb/v7e-m+dp/hard/libc_nano.a(lib_a-stdio.o)
 .data          0x0000000000000000        0x0 /home/kbox/sidbox-applet-compiler/tools/bin/../lib/gcc/arm-none-eabi/9.3.1/../../../../arm-none-eabi/lib/thumb/v7e-m+dp/hard/libc_nano.a(lib_a-stdio.o)
 .bss           0x0000000000000000        0x0 /home/kbox/sidbox-applet-compiler/tools/bin/../lib/gcc/arm-none-eabi/9.3.1/../../../../arm-none-eabi/lib/thumb/v7e-m+dp/hard/libc_nano.a(lib_a-stdio.o)
 .text.__seofread
                0x0000000000000000        0x4 /home/kbox/sidbox-applet-compiler/tools/bin/../lib/gcc/arm-none-eabi/9.3.1/../../../../arm-none-eabi/lib/thumb/v7e-m+dp/hard/libc_nano.a(lib_a-stdio.o)
 .text          0x0000000000000000        0x0 /home/kbox/sidbox-applet-compiler/tools/bin/../lib/gcc/arm-none-eabi/9.3.1/../../../../arm-none-eabi/lib/thumb/v7e-m+dp/hard/libc_nano.a(lib_a-closer.o)
 .data          0x0000000000000000        0x0 /home/kbox/sidbox-applet-compiler/tools/bin/../lib/gcc/arm-none-eabi/9.3.1/../../../../arm-none-eabi/lib/thumb/v7e-m+dp/hard/libc_nano.a(lib_a-closer.o)
 .bss           0x0000000000000000        0x0 /home/kbox/sidbox-applet-compiler/tools/bin/../lib/gcc/arm-none-eabi/9.3.1/../../../../arm-none-eabi/lib/thumb/v7e-m+dp/hard/libc_nano.a(lib_a-closer.o)
 .text          0x0000000000000000        0x0 /home/kbox/sidbox-applet-compiler/tools/bin/../lib/gcc/arm-none-eabi/9.3.1/../../../../arm-none-eabi/lib/thumb/v7e-m+dp/hard/libc_nano.a(lib_a-fstatr.o)
 .data          0x0000000000000000        0x0 /home/kbox/sidbox-applet-compiler/tools/bin/../lib/gcc/arm-none-eabi/9.3.1/../../../../arm-none-eabi/lib/thumb/v7e-m+dp/hard/libc_nano.a(lib_a-fstatr.o)
 .bss           0x0000000000000000        0x0 /home/kbox/sidbox-applet-compiler/tools/bin/../lib/gcc/arm-none-eabi/9.3.1/../../../../arm-none-eabi/lib/thumb/v7e-m+dp/hard/libc_nano.a(lib_a-fstatr.o)
 .text          0x0000000000000000        0x0 /home/kbox/sidbox-applet-compiler/tools/bin/../lib/gcc/arm-none-eabi/9.3.1/../../../../arm-none-eabi/lib/thumb/v7e-m+dp/hard/libc_nano.a(lib_a-isattyr.o)
 .data          0x0000000000000000        0x0 /home/kbox/sidbox-applet-compiler/tools/bin/../lib/gcc/arm-none-eabi/9.3.1/../../../../arm-none-eabi/lib/thumb/v7e-m+dp/hard/libc_nano.a(lib_a-isattyr.o)
 .bss           0x0000000000000000        0x0 /home/kbox/sidbox-applet-compiler/tools/bin/../lib/gcc/arm-none-eabi/9.3.1/../../../../arm-none-eabi/lib/thumb/v7e-m+dp/hard/libc_nano.a(lib_a-isattyr.o)
 .text._isatty_r
                0x0000000000000000       0x20 /home/kbox/sidbox-applet-compiler/tools/bin/../lib/gcc/arm-none-eabi/9.3.1/../../../../arm-none-eabi/lib/thumb/v7e-m+dp/hard/libc_nano.a(lib_a-isattyr.o)
 .debug_frame   0x0000000000000000       0x2c /home/kbox/sidbox-applet-compiler/tools/bin/../lib/gcc/arm-none-eabi/9.3.1/../../../../arm-none-eabi/lib/thumb/v7e-m+dp/hard/libc_nano.a(lib_a-isattyr.o)
 .ARM.attributes
                0x0000000000000000       0x32 /home/kbox/sidbox-applet-compiler/tools/bin/../lib/gcc/arm-none-eabi/9.3.1/../../../../arm-none-eabi/lib/thumb/v7e-m+dp/hard/libc_nano.a(lib_a-isattyr.o)
 .text          0x0000000000000000        0x0 /home/kbox/sidbox-applet-compiler/tools/bin/../lib/gcc/arm-none-eabi/9.3.1/../../../../arm-none-eabi/lib/thumb/v7e-m+dp/hard/libc_nano.a(lib_a-lseekr.o)
 .data          0x0000000000000000        0x0 /home/kbox/sidbox-applet-compiler/tools/bin/../lib/gcc/arm-none-eabi/9.3.1/../../../../arm-none-eabi/lib/thumb/v7e-m+dp/hard/libc_nano.a(lib_a-lseekr.o)
 .bss           0x0000000000000000        0x0 /home/kbox/sidbox-applet-compiler/tools/bin/../lib/gcc/arm-none-eabi/9.3.1/../../../../arm-none-eabi/lib/thumb/v7e-m+dp/hard/libc_nano.a(lib_a-lseekr.o)
 .text          0x0000000000000000        0x0 /home/kbox/sidbox-applet-compiler/tools/bin/../lib/gcc/arm-none-eabi/9.3.1/../../../../arm-none-eabi/lib/thumb/v7e-m+dp/hard/libc_nano.a(lib_a-readr.o)
 .data          0x0000000000000000        0x0 /home/kbox/sidbox-applet-compiler/tools/bin/../lib/gcc/arm-none-eabi/9.3.1/../../../../arm-none-eabi/lib/thumb/v7e-m+dp/hard/libc_nano.a(lib_a-readr.o)
 .bss           0x0000000000000000        0x0 /home/kbox/sidbox-applet-compiler/tools/bin/../lib/gcc/arm-none-eabi/9.3.1/../../../../arm-none-eabi/lib/thumb/v7e-m+dp/hard/libc_nano.a(lib_a-readr.o)
 .text          0x0000000000000000        0x0 /home/kbox/sidbox-applet-compiler/tools/bin/../lib/gcc/arm-none-eabi/9.3.1/../../../../arm-none-eabi/lib/thumb/v7e-m+dp/hard/libc_nano.a(lib_a-reent.o)
 .data          0x0000000000000000        0x0 /home/kbox/sidbox-applet-compiler/tools/bin/../lib/gcc/arm-none-eabi/9.3.1/../../../../arm-none-eabi/lib/thumb/v7e-m+dp/hard/libc_nano.a(lib_a-reent.o)
 .bss           0x0000000000000000        0x0 /home/kbox/sidbox-applet-compiler/tools/bin/../lib/gcc/arm-none-eabi/9.3.1/../../../../arm-none-eabi/lib/thumb/v7e-m+dp/hard/libc_nano.a(lib_a-reent.o)
 .text.cleanup_glue
                0x0000000000000000       0x1a /home/kbox/sidbox-applet-compiler/tools/bin/../lib/gcc/arm-none-eabi/9.3.1/../../../../arm-none-eabi/lib/thumb/v7e-m+dp/hard/libc_nano.a(lib_a-reent.o)
 .text._reclaim_reent
                0x0000000000000000       0xb8 /home/kbox/sidbox-applet-compiler/tools/bin/../lib/gcc/arm-none-eabi/9.3.1/../../../../arm-none-eabi/lib/thumb/v7e-m+dp/hard/libc_nano.a(lib_a-reent.o)
 .text          0x0000000000000000        0x0 /home/kbox/sidbox-applet-compiler/tools/bin/../lib/gcc/arm-none-eabi/9.3.1/thumb/v7e-m+dp/hard/crtend.o
 .data          0x0000000000000000        0x0 /home/kbox/sidbox-applet-compiler/tools/bin/../lib/gcc/arm-none-eabi/9.3.1/thumb/v7e-m+dp/hard/crtend.o
 .bss           0x0000000000000000        0x0 /home/kbox/sidbox-applet-compiler/tools/bin/../lib/gcc/arm-none-eabi/9.3.1/thumb/v7e-m+dp/hard/crtend.o
 .eh_frame      0x0000000000000000        0x4 /home/kbox/sidbox-applet-compiler/tools/bin/../lib/gcc/arm-none-eabi/9.3.1/thumb/v7e-m+dp/hard/crtend.o
 .ARM.attributes
                0x0000000000000000       0x30 /home/kbox/sidbox-applet-compiler/tools/bin/../lib/gcc/arm-none-eabi/9.3.1/thumb/v7e-m+dp/hard/crtend.o
 .text          0x0000000000000000        0x0 /home/kbox/sidbox-applet-compiler/tools/bin/../lib/gcc/arm-none-eabi/9.3.1/thumb/v7e-m+dp/hard/crtn.o
 .data          0x0000000000000000        0x0 /home/kbox/sidbox-applet-compiler/tools/bin/../lib/gcc/arm-none-eabi/9.3.1/thumb/v7e-m+dp/hard/crtn.o
 .bss           0x0000000000000000        0x0 /home/kbox/sidbox-applet-compiler/tools/bin/../lib/gcc/arm-none-eabi/9.3.1/thumb/v7e-m+dp/hard/crtn.o
 .init          0x0000000000000000        0x8 /home/kbox/sidbox-applet-compiler/tools/bin/../lib/gcc/arm-none-eabi/9.3.1/thumb/v7e-m+dp/hard/crtn.o
 .fini          0x0000000000000000        0x8 /home/kbox/sidbox-applet-compiler/tools/bin/../lib/gcc/arm-none-eabi/9.3.1/thumb/v7e-m+dp/hard/crtn.o
 .ARM.attributes
                0x0000000000000000       0x1e /home/kbox/sidbox-applet-compiler/tools/bin/../lib/gcc/arm-none-eabi/9.3.1/thumb/v7e-m+dp/hard/crtn.o

Memory Configuration

Name             Origin             Length             Attributes
APPLET           0x00000000d004b000 0x00000000005b5000 xr
*default*        0x0000000000000000 0xffffffffffffffff

Linker script and memory map

LOAD /home/kbox/sidbox-applet-compiler/tools/bin/../lib/gcc/arm-none-eabi/9.3.1/thumb/v7e-m+dp/hard/crti.o
LOAD /home/kbox/sidbox-applet-compiler/tools/bin/../lib/gcc/arm-none-eabi/9.3.1/thumb/v7e-m+dp/hard/crtbegin.o
LOAD /home/kbox/sidbox-applet-compiler/tools/bin/../lib/gcc/arm-none-eabi/9.3.1/../../../../arm-none-eabi/lib/thumb/v7e-m+dp/hard/crt0.o
LOAD compiled/audio/audio.o
LOAD compiled/crt/crt.o
LOAD compiled/graphics/graphics.o
LOAD compiled/touch/touch.o
LOAD compiled/apis.o
LOAD compiled/syscalls.o
LOAD compiled/project/main.o
START GROUP
LOAD /home/kbox/sidbox-applet-compiler/tools/bin/../lib/gcc/arm-none-eabi/9.3.1/thumb/v7e-m+dp/hard/libgcc.a
LOAD /home/kbox/sidbox-applet-compiler/tools/bin/../lib/gcc/arm-none-eabi/9.3.1/../../../../arm-none-eabi/lib/thumb/v7e-m+dp/hard/libc_nano.a
END GROUP
START GROUP
LOAD /home/kbox/sidbox-applet-compiler/tools/bin/../lib/gcc/arm-none-eabi/9.3.1/thumb/v7e-m+dp/hard/libgcc.a
LOAD /home/kbox/sidbox-applet-compiler/tools/bin/../lib/gcc/arm-none-eabi/9.3.1/../../../../arm-none-eabi/lib/thumb/v7e-m+dp/hard/libc_nano.a
LOAD /home/kbox/sidbox-applet-compiler/tools/bin/../lib/gcc/arm-none-eabi/9.3.1/../../../../arm-none-eabi/lib/thumb/v7e-m+dp/hard/libnosys.a
END GROUP
START GROUP
LOAD /home/kbox/sidbox-applet-compiler/tools/bin/../lib/gcc/arm-none-eabi/9.3.1/thumb/v7e-m+dp/hard/libgcc.a
LOAD /home/kbox/sidbox-applet-compiler/tools/bin/../lib/gcc/arm-none-eabi/9.3.1/../../../../arm-none-eabi/lib/thumb/v7e-m+dp/hard/libc_nano.a
LOAD /home/kbox/sidbox-applet-compiler/tools/bin/../lib/gcc/arm-none-eabi/9.3.1/../../../../arm-none-eabi/lib/thumb/v7e-m+dp/hard/libnosys.a
END GROUP
LOAD /home/kbox/sidbox-applet-compiler/tools/bin/../lib/gcc/arm-none-eabi/9.3.1/thumb/v7e-m+dp/hard/crtend.o
LOAD /home/kbox/sidbox-applet-compiler/tools/bin/../lib/gcc/arm-none-eabi/9.3.1/thumb/v7e-m+dp/hard/crtn.o
                0x00000000d0000000                _offset = 0xd0000000
                0x0000000000600000                _maxramavail = 0x600000
                0x000000000004b000                _largest_modfile = 0x4b000
                0x0000000000000000                _largest_resource = 0x0
                0x000000000004b000                _startram = (((_largest_modfile + _largest_resource) + 0x1f) & 0xffffffffffffffe0)
                0x00000000d004b000                _applet_origin = (_offset + _startram)
                0x00000000005b5000                _applet_length = (_maxramavail - _startram)
                0x0000000000000001                ASSERT ((_startram < _maxramavail), Reserved space exceeds SDRAM size!)
                0x0000000000000001                ASSERT ((_applet_length > 0x0), No RAM left for applet after reserving music/resource space!)
                0x0000000000000200                _api_count = 0x200
                0x0000000000001000                _api_size = (0x8 * _api_count)
                0x000000002001f000                _api_location = (0x20020000 - _api_size)
                0x00000000d004b000                _appstart = ORIGIN (APPLET)
                0x0000000000002000                _stack_size = 0x2000
                [!provide]                        PROVIDE (__app_start = _appstart)
                0x000000002001f000                PROVIDE (__sidbox_api_location = _api_location)
                0x00000000d004b000                . = _appstart

.header         0x00000000d004b000       0x10
                0x00000000d004b000                . = ALIGN (0x4)
 *(.header)
 .header        0x00000000d004b000        0x8 compiled/syscalls.o
                0x00000000d004b000                sdex_header
                0x00000000d004b008                . = ALIGN (0x4)
                0x00000000d004b008        0x4 LONG 0xd004b000 _appstart
                0x00000000d004b00c        0x4 LONG 0xac58 (__stack_end__ - _appstart)

.text           0x00000000d004b010     0x6e64
                0x00000000d004b010                . = ALIGN (0x4)
 *(.text.applet_entry)
 .text.applet_entry
                0x00000000d004b010       0x2c compiled/syscalls.o
                0x00000000d004b010                applet_entry
 *(.text*)
 .text.gfx_createBitmap
                0x00000000d004b03c       0x1c compiled/graphics/graphics.o
                0x00000000d004b03c                gfx_createBitmap
 .text.initMalloc
                0x00000000d004b058       0x18 compiled/syscalls.o
                0x00000000d004b058                initMalloc
 .text._write_r
                0x00000000d004b070       0x60 compiled/syscalls.o
                0x00000000d004b070                _write_r
 .text._read    0x00000000d004b0d0       0x14 compiled/syscalls.o
                0x00000000d004b0d0                _read
 .text._close   0x00000000d004b0e4        0x8 compiled/syscalls.o
                0x00000000d004b0e4                _close
 .text._fstat   0x00000000d004b0ec        0xc compiled/syscalls.o
                0x00000000d004b0ec                _fstat
 .text._lseek   0x00000000d004b0f8        0x4 compiled/syscalls.o
                0x00000000d004b0f8                _lseek
 .text._sbrk_r  0x00000000d004b0fc       0x40 compiled/syscalls.o
                0x00000000d004b0fc                _sbrk_r
 .text.draw_textf_multiline.constprop.0
                0x00000000d004b13c       0xbc compiled/project/main.o
 .text.draw_filled_triangle.part.0.constprop.0
                0x00000000d004b1f8      0x1f4 compiled/project/main.o
 .text.draw_cube
                0x00000000d004b3ec      0x5d4 compiled/project/main.o
 .text.startup.main
                0x00000000d004b9c0     0x112c compiled/project/main.o
                0x00000000d004b9c0                main
 .text.__errno  0x00000000d004caec        0xc /home/kbox/sidbox-applet-compiler/tools/bin/../lib/gcc/arm-none-eabi/9.3.1/../../../../arm-none-eabi/lib/thumb/v7e-m+dp/hard/libc_nano.a(lib_a-errno.o)
                0x00000000d004caec                __errno
 .text.malloc   0x00000000d004caf8       0x10 /home/kbox/sidbox-applet-compiler/tools/bin/../lib/gcc/arm-none-eabi/9.3.1/../../../../arm-none-eabi/lib/thumb/v7e-m+dp/hard/libc_nano.a(lib_a-malloc.o)
                0x00000000d004caf8                malloc
 .text.memset   0x00000000d004cb08       0x10 /home/kbox/sidbox-applet-compiler/tools/bin/../lib/gcc/arm-none-eabi/9.3.1/../../../../arm-none-eabi/lib/thumb/v7e-m+dp/hard/libc_nano.a(lib_a-memset.o)
                0x00000000d004cb08                memset
 .text._free_r  0x00000000d004cb18       0xa0 /home/kbox/sidbox-applet-compiler/tools/bin/../lib/gcc/arm-none-eabi/9.3.1/../../../../arm-none-eabi/lib/thumb/v7e-m+dp/hard/libc_nano.a(lib_a-nano-freer.o)
                0x00000000d004cb18                _free_r
 .text._malloc_r
                0x00000000d004cbb8       0xb4 /home/kbox/sidbox-applet-compiler/tools/bin/../lib/gcc/arm-none-eabi/9.3.1/../../../../arm-none-eabi/lib/thumb/v7e-m+dp/hard/libc_nano.a(lib_a-nano-mallocr.o)
                0x00000000d004cbb8                _malloc_r
 .text.setbuf   0x00000000d004cc6c       0x10 /home/kbox/sidbox-applet-compiler/tools/bin/../lib/gcc/arm-none-eabi/9.3.1/../../../../arm-none-eabi/lib/thumb/v7e-m+dp/hard/libc_nano.a(lib_a-setbuf.o)
                0x00000000d004cc6c                setbuf
 .text.setvbuf  0x00000000d004cc7c      0x18c /home/kbox/sidbox-applet-compiler/tools/bin/../lib/gcc/arm-none-eabi/9.3.1/../../../../arm-none-eabi/lib/thumb/v7e-m+dp/hard/libc_nano.a(lib_a-setvbuf.o)
                0x00000000d004cc7c                setvbuf
 .text.__sflush_r
                0x00000000d004ce08      0x10c /home/kbox/sidbox-applet-compiler/tools/bin/../lib/gcc/arm-none-eabi/9.3.1/../../../../arm-none-eabi/lib/thumb/v7e-m+dp/hard/libc_nano.a(lib_a-fflush.o)
                0x00000000d004ce08                __sflush_r
 .text._fflush_r
                0x00000000d004cf14       0x78 /home/kbox/sidbox-applet-compiler/tools/bin/../lib/gcc/arm-none-eabi/9.3.1/../../../../arm-none-eabi/lib/thumb/v7e-m+dp/hard/libc_nano.a(lib_a-fflush.o)
                0x00000000d004cf14                _fflush_r
 .text.std      0x00000000d004cf8c       0x48 /home/kbox/sidbox-applet-compiler/tools/bin/../lib/gcc/arm-none-eabi/9.3.1/../../../../arm-none-eabi/lib/thumb/v7e-m+dp/hard/libc_nano.a(lib_a-findfp.o)
 .text._cleanup_r
                0x00000000d004cfd4        0xc /home/kbox/sidbox-applet-compiler/tools/bin/../lib/gcc/arm-none-eabi/9.3.1/../../../../arm-none-eabi/lib/thumb/v7e-m+dp/hard/libc_nano.a(lib_a-findfp.o)
                0x00000000d004cfd4                _cleanup_r
 .text.__sfmoreglue
                0x00000000d004cfe0       0x2c /home/kbox/sidbox-applet-compiler/tools/bin/../lib/gcc/arm-none-eabi/9.3.1/../../../../arm-none-eabi/lib/thumb/v7e-m+dp/hard/libc_nano.a(lib_a-findfp.o)
                0x00000000d004cfe0                __sfmoreglue
 .text.__sfp_lock_acquire
                0x00000000d004d00c        0xc /home/kbox/sidbox-applet-compiler/tools/bin/../lib/gcc/arm-none-eabi/9.3.1/../../../../arm-none-eabi/lib/thumb/v7e-m+dp/hard/libc_nano.a(lib_a-findfp.o)
                0x00000000d004d00c                __sfp_lock_acquire
 .text.__sfp_lock_release
                0x00000000d004d018        0xc /home/kbox/sidbox-applet-compiler/tools/bin/../lib/gcc/arm-none-eabi/9.3.1/../../../../arm-none-eabi/lib/thumb/v7e-m+dp/hard/libc_nano.a(lib_a-findfp.o)
                0x00000000d004d018                __sfp_lock_release
 .text.__sinit_lock_acquire
                0x00000000d004d024        0xc /home/kbox/sidbox-applet-compiler/tools/bin/../lib/gcc/arm-none-eabi/9.3.1/../../../../arm-none-eabi/lib/thumb/v7e-m+dp/hard/libc_nano.a(lib_a-findfp.o)
                0x00000000d004d024                __sinit_lock_acquire
 .text.__sinit_lock_release
                0x00000000d004d030        0xc /home/kbox/sidbox-applet-compiler/tools/bin/../lib/gcc/arm-none-eabi/9.3.1/../../../../arm-none-eabi/lib/thumb/v7e-m+dp/hard/libc_nano.a(lib_a-findfp.o)
                0x00000000d004d030                __sinit_lock_release
 .text.__sinit  0x00000000d004d03c       0x70 /home/kbox/sidbox-applet-compiler/tools/bin/../lib/gcc/arm-none-eabi/9.3.1/../../../../arm-none-eabi/lib/thumb/v7e-m+dp/hard/libc_nano.a(lib_a-findfp.o)
                0x00000000d004d03c                __sinit
 .text.__sfp    0x00000000d004d0ac       0x8c /home/kbox/sidbox-applet-compiler/tools/bin/../lib/gcc/arm-none-eabi/9.3.1/../../../../arm-none-eabi/lib/thumb/v7e-m+dp/hard/libc_nano.a(lib_a-findfp.o)
                0x00000000d004d0ac                __sfp
 .text._fwalk_reent
                0x00000000d004d138       0x3e /home/kbox/sidbox-applet-compiler/tools/bin/../lib/gcc/arm-none-eabi/9.3.1/../../../../arm-none-eabi/lib/thumb/v7e-m+dp/hard/libc_nano.a(lib_a-fwalk.o)
                0x00000000d004d138                _fwalk_reent
 .text.__retarget_lock_init_recursive
                0x00000000d004d176        0x2 /home/kbox/sidbox-applet-compiler/tools/bin/../lib/gcc/arm-none-eabi/9.3.1/../../../../arm-none-eabi/lib/thumb/v7e-m+dp/hard/libc_nano.a(lib_a-lock.o)
                0x00000000d004d176                __retarget_lock_init_recursive
 .text.__retarget_lock_acquire_recursive
                0x00000000d004d178        0x2 /home/kbox/sidbox-applet-compiler/tools/bin/../lib/gcc/arm-none-eabi/9.3.1/../../../../arm-none-eabi/lib/thumb/v7e-m+dp/hard/libc_nano.a(lib_a-lock.o)
                0x00000000d004d178                __retarget_lock_acquire_recursive
 .text.__retarget_lock_release_recursive
                0x00000000d004d17a        0x2 /home/kbox/sidbox-applet-compiler/tools/bin/../lib/gcc/arm-none-eabi/9.3.1/../../../../arm-none-eabi/lib/thumb/v7e-m+dp/hard/libc_nano.a(lib_a-lock.o)
                0x00000000d004d17a                __retarget_lock_release_recursive
 .text.__swhatbuf_r
                0x00000000d004d17c       0x48 /home/kbox/sidbox-applet-compiler/tools/bin/../lib/gcc/arm-none-eabi/9.3.1/../../../../arm-none-eabi/lib/thumb/v7e-m+dp/hard/libc_nano.a(lib_a-makebuf.o)
                0x00000000d004d17c                __swhatbuf_r
 .text.__malloc_lock
                0x00000000d004d1c4        0xc /home/kbox/sidbox-applet-compiler/tools/bin/../lib/gcc/arm-none-eabi/9.3.1/../../../../arm-none-eabi/lib/thumb/v7e-m+dp/hard/libc_nano.a(lib_a-mlock.o)
                0x00000000d004d1c4                __malloc_lock
 .text.__malloc_unlock
                0x00000000d004d1d0        0xc /home/kbox/sidbox-applet-compiler/tools/bin/../lib/gcc/arm-none-eabi/9.3.1/../../../../arm-none-eabi/lib/thumb/v7e-m+dp/hard/libc_nano.a(lib_a-mlock.o)
                0x00000000d004d1d0                __malloc_unlock
 .text.__sread  0x00000000d004d1dc       0x22 /home/kbox/sidbox-applet-compiler/tools/bin/../lib/gcc/arm-none-eabi/9.3.1/../../../../arm-none-eabi/lib/thumb/v7e-m+dp/hard/libc_nano.a(lib_a-stdio.o)
                0x00000000d004d1dc                __sread
 .text.__swrite
                0x00000000d004d1fe       0x38 /home/kbox/sidbox-applet-compiler/tools/bin/../lib/gcc/arm-none-eabi/9.3.1/../../../../arm-none-eabi/lib/thumb/v7e-m+dp/hard/libc_nano.a(lib_a-stdio.o)
                0x00000000d004d1fe                __swrite
 .text.__sseek  0x00000000d004d236       0x24 /home/kbox/sidbox-applet-compiler/tools/bin/../lib/gcc/arm-none-eabi/9.3.1/../../../../arm-none-eabi/lib/thumb/v7e-m+dp/hard/libc_nano.a(lib_a-stdio.o)
                0x00000000d004d236                __sseek
 .text.__sclose
                0x00000000d004d25a        0x8 /home/kbox/sidbox-applet-compiler/tools/bin/../lib/gcc/arm-none-eabi/9.3.1/../../../../arm-none-eabi/lib/thumb/v7e-m+dp/hard/libc_nano.a(lib_a-stdio.o)
                0x00000000d004d25a                __sclose
 *fill*         0x00000000d004d262        0x2 
 .text._close_r
                0x00000000d004d264       0x20 /home/kbox/sidbox-applet-compiler/tools/bin/../lib/gcc/arm-none-eabi/9.3.1/../../../../arm-none-eabi/lib/thumb/v7e-m+dp/hard/libc_nano.a(lib_a-closer.o)
                0x00000000d004d264                _close_r
 .text._fstat_r
                0x00000000d004d284       0x24 /home/kbox/sidbox-applet-compiler/tools/bin/../lib/gcc/arm-none-eabi/9.3.1/../../../../arm-none-eabi/lib/thumb/v7e-m+dp/hard/libc_nano.a(lib_a-fstatr.o)
                0x00000000d004d284                _fstat_r
 .text._lseek_r
                0x00000000d004d2a8       0x24 /home/kbox/sidbox-applet-compiler/tools/bin/../lib/gcc/arm-none-eabi/9.3.1/../../../../arm-none-eabi/lib/thumb/v7e-m+dp/hard/libc_nano.a(lib_a-lseekr.o)
                0x00000000d004d2a8                _lseek_r
 .text._read_r  0x00000000d004d2cc       0x24 /home/kbox/sidbox-applet-compiler/tools/bin/../lib/gcc/arm-none-eabi/9.3.1/../../../../arm-none-eabi/lib/thumb/v7e-m+dp/hard/libc_nano.a(lib_a-readr.o)
                0x00000000d004d2cc                _read_r
 *(.rodata*)
 .rodata        0x00000000d004d2f0       0x90 compiled/project/main.o
 .rodata.face_base_idx
                0x00000000d004d380        0x6 compiled/project/main.o
 *fill*         0x00000000d004d386        0x2 
 .rodata.message
                0x00000000d004d388      0x228 compiled/project/main.o
 *fill*         0x00000000d004d5b0       0x10 
 .rodata.tune   0x00000000d004d5c0     0x4850 compiled/project/main.o
                0x00000000d004d5c0                tune
 .rodata._global_impure_ptr
                0x00000000d0051e10        0x4 /home/kbox/sidbox-applet-compiler/tools/bin/../lib/gcc/arm-none-eabi/9.3.1/../../../../arm-none-eabi/lib/thumb/v7e-m+dp/hard/libc_nano.a(lib_a-impure.o)
                0x00000000d0051e10                _global_impure_ptr
 .rodata.__sf_fake_stderr
                0x00000000d0051e14       0x20 /home/kbox/sidbox-applet-compiler/tools/bin/../lib/gcc/arm-none-eabi/9.3.1/../../../../arm-none-eabi/lib/thumb/v7e-m+dp/hard/libc_nano.a(lib_a-findfp.o)
                0x00000000d0051e14                __sf_fake_stderr
 .rodata.__sf_fake_stdin
                0x00000000d0051e34       0x20 /home/kbox/sidbox-applet-compiler/tools/bin/../lib/gcc/arm-none-eabi/9.3.1/../../../../arm-none-eabi/lib/thumb/v7e-m+dp/hard/libc_nano.a(lib_a-findfp.o)
                0x00000000d0051e34                __sf_fake_stdin
 .rodata.__sf_fake_stdout
                0x00000000d0051e54       0x20 /home/kbox/sidbox-applet-compiler/tools/bin/../lib/gcc/arm-none-eabi/9.3.1/../../../../arm-none-eabi/lib/thumb/v7e-m+dp/hard/libc_nano.a(lib_a-findfp.o)
                0x00000000d0051e54                __sf_fake_stdout

.glue_7         0x00000000d0051e74        0x0
 .glue_7        0x00000000d0051e74        0x0 linker stubs

.glue_7t        0x00000000d0051e74        0x0
 .glue_7t       0x00000000d0051e74        0x0 linker stubs

.vfp11_veneer   0x00000000d0051e74        0x0
 .vfp11_veneer  0x00000000d0051e74        0x0 linker stubs

.v4_bx          0x00000000d0051e74        0x0
 .v4_bx         0x00000000d0051e74        0x0 linker stubs

.init           0x00000000d0051e74        0x4
 .init          0x00000000d0051e74        0x4 /home/kbox/sidbox-applet-compiler/tools/bin/../lib/gcc/arm-none-eabi/9.3.1/thumb/v7e-m+dp/hard/crti.o
                0x00000000d0051e74                _init

.fini           0x00000000d0051e78        0x4
 .fini          0x00000000d0051e78        0x4 /home/kbox/sidbox-applet-compiler/tools/bin/../lib/gcc/arm-none-eabi/9.3.1/thumb/v7e-m+dp/hard/crti.o
                0x00000000d0051e78                _fini

.iplt           0x00000000d0051e7c        0x0
 .iplt          0x00000000d0051e7c        0x0 compiled/graphics/graphics.o

.rel.dyn        0x00000000d0051e7c        0x0
 .rel.iplt      0x00000000d0051e7c        0x0 compiled/graphics/graphics.o

.data           0x00000000d0051e7c       0x70
 *(.data*)
 .data.last_morph
                0x00000000d0051e7c        0x4 compiled/project/main.o
 .data.morph_dir
                0x00000000d0051e80        0x4 compiled/project/main.o
 .data.scroll_y
                0x00000000d0051e84        0x4 compiled/project/main.o
 .data._impure_ptr
                0x00000000d0051e88        0x4 /home/kbox/sidbox-applet-compiler/tools/bin/../lib/gcc/arm-none-eabi/9.3.1/../../../../arm-none-eabi/lib/thumb/v7e-m+dp/hard/libc_nano.a(lib_a-impure.o)
                0x00000000d0051e88                _impure_ptr
 .data.impure_data
                0x00000000d0051e8c       0x60 /home/kbox/sidbox-applet-compiler/tools/bin/../lib/gcc/arm-none-eabi/9.3.1/../../../../arm-none-eabi/lib/thumb/v7e-m+dp/hard/libc_nano.a(lib_a-impure.o)

.igot.plt       0x00000000d0051eec        0x0
 .igot.plt      0x00000000d0051eec        0x0 compiled/graphics/graphics.o

.bss            0x00000000d0051f00     0x1d58
                0x00000000d0051f00                __bss_start__ = .
 *(.bss*)
 .bss.heap_end_u
                0x00000000d0051f00        0x4 compiled/syscalls.o
 .bss.in_write.8103
                0x00000000d0051f04        0x4 compiled/syscalls.o
 .bss.angle_x   0x00000000d0051f08        0x4 compiled/project/main.o
 .bss.angle_y   0x00000000d0051f0c        0x4 compiled/project/main.o
 .bss.angle_z   0x00000000d0051f10        0x4 compiled/project/main.o
 *fill*         0x00000000d0051f14        0xc 
 .bss.backbitmap
                0x00000000d0051f20       0x20 compiled/project/main.o
 .bss.border_in
                0x00000000d0051f40        0x4 compiled/project/main.o
 .bss.cube_verts
                0x00000000d0051f44      0x4b0 compiled/project/main.o
 .bss.db        0x00000000d00523f4        0x1 compiled/project/main.o
 *fill*         0x00000000d00523f5        0xb 
 .bss.demo_palette
                0x00000000d0052400      0x400 compiled/project/main.o
 .bss.faces     0x00000000d0052800      0x600 compiled/project/main.o
 .bss.front_a   0x00000000d0052e00        0x4 compiled/project/main.o
 *fill*         0x00000000d0052e04       0x1c 
 .bss.front_b   0x00000000d0052e20        0x4 compiled/project/main.o
 .bss.interp_verts
                0x00000000d0052e24      0x4b0 compiled/project/main.o
 .bss.morph     0x00000000d00532d4        0x4 compiled/project/main.o
 .bss.rotated_verts
                0x00000000d00532d8      0x4b0 compiled/project/main.o
 .bss.scroll_extent
                0x00000000d0053788        0x4 compiled/project/main.o
 .bss.sphere_verts
                0x00000000d005378c      0x4b0 compiled/project/main.o
 .bss.__malloc_free_list
                0x00000000d0053c3c        0x4 /home/kbox/sidbox-applet-compiler/tools/bin/../lib/gcc/arm-none-eabi/9.3.1/../../../../arm-none-eabi/lib/thumb/v7e-m+dp/hard/libc_nano.a(lib_a-nano-mallocr.o)
                0x00000000d0053c3c                __malloc_free_list
 .bss.__malloc_sbrk_start
                0x00000000d0053c40        0x4 /home/kbox/sidbox-applet-compiler/tools/bin/../lib/gcc/arm-none-eabi/9.3.1/../../../../arm-none-eabi/lib/thumb/v7e-m+dp/hard/libc_nano.a(lib_a-nano-mallocr.o)
                0x00000000d0053c40                __malloc_sbrk_start
 *(COMMON)
 COMMON         0x00000000d0053c44        0x4 compiled/syscalls.o
                0x00000000d0053c44                heap_size
 COMMON         0x00000000d0053c48        0x9 /home/kbox/sidbox-applet-compiler/tools/bin/../lib/gcc/arm-none-eabi/9.3.1/../../../../arm-none-eabi/lib/thumb/v7e-m+dp/hard/libc_nano.a(lib_a-lock.o)
                0x00000000d0053c48                __lock___atexit_recursive_mutex
                0x00000000d0053c49                __lock___arc4random_mutex
                0x00000000d0053c4a                __lock___env_recursive_mutex
                0x00000000d0053c4b                __lock___sinit_recursive_mutex
                0x00000000d0053c4c                __lock___malloc_recursive_mutex
                0x00000000d0053c4d                __lock___at_quick_exit_mutex
                0x00000000d0053c4e                __lock___dd_hash_mutex
                0x00000000d0053c4f                __lock___tz_mutex
                0x00000000d0053c50                __lock___sfp_recursive_mutex
 *fill*         0x00000000d0053c51        0x3 
 COMMON         0x00000000d0053c54        0x4 /home/kbox/sidbox-applet-compiler/tools/bin/../lib/gcc/arm-none-eabi/9.3.1/../../../../arm-none-eabi/lib/thumb/v7e-m+dp/hard/libc_nano.a(lib_a-reent.o)
                0x00000000d0053c54                errno
                0x00000000d0053c58                __bss_end__ = .

.stack          0x00000000d0053c58     0x2000
                0x00000000d0053c58                . = ALIGN (0x8)
                0x00000000d0053c58                __stack_start__ = .
                0x00000000d0055c58                . = (. + _stack_size)
 *fill*         0x00000000d0053c58     0x2000 
                0x00000000d0055c58                . = ALIGN (0x8)
                0x00000000d0055c58                __stack_end__ = .

.rodata
 *(.rodata*)
                [!provide]                        PROVIDE (__app_end_clear = __stack_end__)
                [!provide]                        PROVIDE (_estack = __stack_end__)
                0x00000000d0055c58                _end = .
                0x00000000d0055c58                __app_end = .
OUTPUT(compiled/applet.elf elf32-littlearm)
LOAD linker stubs

.ARM.attributes
                0x0000000000000000       0x2e
 .ARM.attributes
                0x0000000000000000       0x1e /home/kbox/sidbox-applet-compiler/tools/bin/../lib/gcc/arm-none-eabi/9.3.1/thumb/v7e-m+dp/hard/crti.o
 .ARM.attributes
                0x000000000000001e       0x2c compiled/graphics/graphics.o
 .ARM.attributes
                0x000000000000004a       0x2c compiled/syscalls.o
 .ARM.attributes
                0x0000000000000076       0x2c compiled/project/main.o
 .ARM.attributes
                0x00000000000000a2       0x32 /home/kbox/sidbox-applet-compiler/tools/bin/../lib/gcc/arm-none-eabi/9.3.1/../../../../arm-none-eabi/lib/thumb/v7e-m+dp/hard/libc_nano.a(lib_a-errno.o)
 .ARM.attributes
                0x00000000000000d4       0x30 /home/kbox/sidbox-applet-compiler/tools/bin/../lib/gcc/arm-none-eabi/9.3.1/../../../../arm-none-eabi/lib/thumb/v7e-m+dp/hard/libc_nano.a(lib_a-impure.o)
 .ARM.attributes
                0x0000000000000104       0x32 /home/kbox/sidbox-applet-compiler/tools/bin/../lib/gcc/arm-none-eabi/9.3.1/../../../../arm-none-eabi/lib/thumb/v7e-m+dp/hard/libc_nano.a(lib_a-malloc.o)
 .ARM.attributes
                0x0000000000000136       0x32 /home/kbox/sidbox-applet-compiler/tools/bin/../lib/gcc/arm-none-eabi/9.3.1/../../../../arm-none-eabi/lib/thumb/v7e-m+dp/hard/libc_nano.a(lib_a-memset.o)
 .ARM.attributes
                0x0000000000000168       0x32 /home/kbox/sidbox-applet-compiler/tools/bin/../lib/gcc/arm-none-eabi/9.3.1/../../../../arm-none-eabi/lib/thumb/v7e-m+dp/hard/libc_nano.a(lib_a-nano-freer.o)
 .ARM.attributes
                0x000000000000019a       0x32 /home/kbox/sidbox-applet-compiler/tools/bin/../lib/gcc/arm-none-eabi/9.3.1/../../../../arm-none-eabi/lib/thumb/v7e-m+dp/hard/libc_nano.a(lib_a-nano-mallocr.o)
 .ARM.attributes
                0x00000000000001cc       0x32 /home/kbox/sidbox-applet-compiler/tools/bin/../lib/gcc/arm-none-eabi/9.3.1/../../../../arm-none-eabi/lib/thumb/v7e-m+dp/hard/libc_nano.a(lib_a-setbuf.o)
 .ARM.attributes
                0x00000000000001fe       0x32 /home/kbox/sidbox-applet-compiler/tools/bin/../lib/gcc/arm-none-eabi/9.3.1/../../../../arm-none-eabi/lib/thumb/v7e-m+dp/hard/libc_nano.a(lib_a-setvbuf.o)
 .ARM.attributes
                0x0000000000000230       0x32 /home/kbox/sidbox-applet-compiler/tools/bin/../lib/gcc/arm-none-eabi/9.3.1/../../../../arm-none-eabi/lib/thumb/v7e-m+dp/hard/libc_nano.a(lib_a-fflush.o)
 .ARM.attributes
                0x0000000000000262       0x32 /home/kbox/sidbox-applet-compiler/tools/bin/../lib/gcc/arm-none-eabi/9.3.1/../../../../arm-none-eabi/lib/thumb/v7e-m+dp/hard/libc_nano.a(lib_a-findfp.o)
 .ARM.attributes
                0x0000000000000294       0x32 /home/kbox/sidbox-applet-compiler/tools/bin/../lib/gcc/arm-none-eabi/9.3.1/../../../../arm-none-eabi/lib/thumb/v7e-m+dp/hard/libc_nano.a(lib_a-fwalk.o)
 .ARM.attributes
                0x00000000000002c6       0x32 /home/kbox/sidbox-applet-compiler/tools/bin/../lib/gcc/arm-none-eabi/9.3.1/../../../../arm-none-eabi/lib/thumb/v7e-m+dp/hard/libc_nano.a(lib_a-lock.o)
 .ARM.attributes
                0x00000000000002f8       0x32 /home/kbox/sidbox-applet-compiler/tools/bin/../lib/gcc/arm-none-eabi/9.3.1/../../../../arm-none-eabi/lib/thumb/v7e-m+dp/hard/libc_nano.a(lib_a-makebuf.o)
 .ARM.attributes
                0x000000000000032a       0x32 /home/kbox/sidbox-applet-compiler/tools/bin/../lib/gcc/arm-none-eabi/9.3.1/../../../../arm-none-eabi/lib/thumb/v7e-m+dp/hard/libc_nano.a(lib_a-mlock.o)
 .ARM.attributes
                0x000000000000035c       0x32 /home/kbox/sidbox-applet-compiler/tools/bin/../lib/gcc/arm-none-eabi/9.3.1/../../../../arm-none-eabi/lib/thumb/v7e-m+dp/hard/libc_nano.a(lib_a-stdio.o)
 .ARM.attributes
                0x000000000000038e       0x32 /home/kbox/sidbox-applet-compiler/tools/bin/../lib/gcc/arm-none-eabi/9.3.1/../../../../arm-none-eabi/lib/thumb/v7e-m+dp/hard/libc_nano.a(lib_a-closer.o)
 .ARM.attributes
                0x00000000000003c0       0x32 /home/kbox/sidbox-applet-compiler/tools/bin/../lib/gcc/arm-none-eabi/9.3.1/../../../../arm-none-eabi/lib/thumb/v7e-m+dp/hard/libc_nano.a(lib_a-fstatr.o)
 .ARM.attributes
                0x00000000000003f2       0x32 /home/kbox/sidbox-applet-compiler/tools/bin/../lib/gcc/arm-none-eabi/9.3.1/../../../../arm-none-eabi/lib/thumb/v7e-m+dp/hard/libc_nano.a(lib_a-lseekr.o)
 .ARM.attributes
                0x0000000000000424       0x32 /home/kbox/sidbox-applet-compiler/tools/bin/../lib/gcc/arm-none-eabi/9.3.1/../../../../arm-none-eabi/lib/thumb/v7e-m+dp/hard/libc_nano.a(lib_a-readr.o)
 .ARM.attributes
                0x0000000000000456       0x32 /home/kbox/sidbox-applet-compiler/tools/bin/../lib/gcc/arm-none-eabi/9.3.1/../../../../arm-none-eabi/lib/thumb/v7e-m+dp/hard/libc_nano.a(lib_a-reent.o)

.comment        0x0000000000000000       0x53
 .comment       0x0000000000000000       0x53 compiled/graphics/graphics.o
                                         0x54 (size before relaxing)
 .comment       0x0000000000000053       0x54 compiled/syscalls.o
 .comment       0x0000000000000053       0x54 compiled/project/main.o

.debug_frame    0x0000000000000000      0x5f8
 .debug_frame   0x0000000000000000       0x20 /home/kbox/sidbox-applet-compiler/tools/bin/../lib/gcc/arm-none-eabi/9.3.1/../../../../arm-none-eabi/lib/thumb/v7e-m+dp/hard/libc_nano.a(lib_a-errno.o)
 .debug_frame   0x0000000000000020       0x30 /home/kbox/sidbox-applet-compiler/tools/bin/../lib/gcc/arm-none-eabi/9.3.1/../../../../arm-none-eabi/lib/thumb/v7e-m+dp/hard/libc_nano.a(lib_a-malloc.o)
 .debug_frame   0x0000000000000050       0x20 /home/kbox/sidbox-applet-compiler/tools/bin/../lib/gcc/arm-none-eabi/9.3.1/../../../../arm-none-eabi/lib/thumb/v7e-m+dp/hard/libc_nano.a(lib_a-memset.o)
 .debug_frame   0x0000000000000070       0x38 /home/kbox/sidbox-applet-compiler/tools/bin/../lib/gcc/arm-none-eabi/9.3.1/../../../../arm-none-eabi/lib/thumb/v7e-m+dp/hard/libc_nano.a(lib_a-nano-freer.o)
 .debug_frame   0x00000000000000a8       0x30 /home/kbox/sidbox-applet-compiler/tools/bin/../lib/gcc/arm-none-eabi/9.3.1/../../../../arm-none-eabi/lib/thumb/v7e-m+dp/hard/libc_nano.a(lib_a-nano-mallocr.o)
 .debug_frame   0x00000000000000d8       0x20 /home/kbox/sidbox-applet-compiler/tools/bin/../lib/gcc/arm-none-eabi/9.3.1/../../../../arm-none-eabi/lib/thumb/v7e-m+dp/hard/libc_nano.a(lib_a-setbuf.o)
 .debug_frame   0x00000000000000f8       0x38 /home/kbox/sidbox-applet-compiler/tools/bin/../lib/gcc/arm-none-eabi/9.3.1/../../../../arm-none-eabi/lib/thumb/v7e-m+dp/hard/libc_nano.a(lib_a-setvbuf.o)
 .debug_frame   0x0000000000000130       0x5c /home/kbox/sidbox-applet-compiler/tools/bin/../lib/gcc/arm-none-eabi/9.3.1/../../../../arm-none-eabi/lib/thumb/v7e-m+dp/hard/libc_nano.a(lib_a-fflush.o)
 .debug_frame   0x000000000000018c      0x14c /home/kbox/sidbox-applet-compiler/tools/bin/../lib/gcc/arm-none-eabi/9.3.1/../../../../arm-none-eabi/lib/thumb/v7e-m+dp/hard/libc_nano.a(lib_a-findfp.o)
 .debug_frame   0x00000000000002d8       0x54 /home/kbox/sidbox-applet-compiler/tools/bin/../lib/gcc/arm-none-eabi/9.3.1/../../../../arm-none-eabi/lib/thumb/v7e-m+dp/hard/libc_nano.a(lib_a-fwalk.o)
 .debug_frame   0x000000000000032c       0xb0 /home/kbox/sidbox-applet-compiler/tools/bin/../lib/gcc/arm-none-eabi/9.3.1/../../../../arm-none-eabi/lib/thumb/v7e-m+dp/hard/libc_nano.a(lib_a-lock.o)
 .debug_frame   0x00000000000003dc       0x58 /home/kbox/sidbox-applet-compiler/tools/bin/../lib/gcc/arm-none-eabi/9.3.1/../../../../arm-none-eabi/lib/thumb/v7e-m+dp/hard/libc_nano.a(lib_a-makebuf.o)
 .debug_frame   0x0000000000000434       0x30 /home/kbox/sidbox-applet-compiler/tools/bin/../lib/gcc/arm-none-eabi/9.3.1/../../../../arm-none-eabi/lib/thumb/v7e-m+dp/hard/libc_nano.a(lib_a-mlock.o)
 .debug_frame   0x0000000000000464       0x88 /home/kbox/sidbox-applet-compiler/tools/bin/../lib/gcc/arm-none-eabi/9.3.1/../../../../arm-none-eabi/lib/thumb/v7e-m+dp/hard/libc_nano.a(lib_a-stdio.o)
 .debug_frame   0x00000000000004ec       0x2c /home/kbox/sidbox-applet-compiler/tools/bin/../lib/gcc/arm-none-eabi/9.3.1/../../../../arm-none-eabi/lib/thumb/v7e-m+dp/hard/libc_nano.a(lib_a-closer.o)
 .debug_frame   0x0000000000000518       0x2c /home/kbox/sidbox-applet-compiler/tools/bin/../lib/gcc/arm-none-eabi/9.3.1/../../../../arm-none-eabi/lib/thumb/v7e-m+dp/hard/libc_nano.a(lib_a-fstatr.o)
 .debug_frame   0x0000000000000544       0x2c /home/kbox/sidbox-applet-compiler/tools/bin/../lib/gcc/arm-none-eabi/9.3.1/../../../../arm-none-eabi/lib/thumb/v7e-m+dp/hard/libc_nano.a(lib_a-lseekr.o)
 .debug_frame   0x0000000000000570       0x2c /home/kbox/sidbox-applet-compiler/tools/bin/../lib/gcc/arm-none-eabi/9.3.1/../../../../arm-none-eabi/lib/thumb/v7e-m+dp/hard/libc_nano.a(lib_a-readr.o)
 .debug_frame   0x000000000000059c       0x5c /home/kbox/sidbox-applet-compiler/tools/bin/../lib/gcc/arm-none-eabi/9.3.1/../../../../arm-none-eabi/lib/thumb/v7e-m+dp/hard/libc_nano.a(lib_a-reent.o)
