main.c:255:13:init_rgb332_palette	36	static
main.c:321:20:bmp_make_mask_info	8	static
main.c:893:16:jpeg_need_file_bytes	32	static
main.c:911:12:stb_file_read	32	static
main.c:928:13:stb_file_skip	32	static
main.c:945:12:stb_file_eof	0	static
main.c:873:16:jpeg_need_bytes	16	static
main.c:113:13:set_status	16	static
main.c:1757:13:render_view.constprop	40	static
main.c:1071:12:decode_pjpeg_mcus_to_image.constprop	72	static
main.c:241:13:free_image.constprop	8	static
main.c:1734:13:draw_message.constprop	40	static
main.c:1888:5:main	240	static
