stb_image.h:2467:13:stbi__idct_block	320	static
stb_image.h:3456:17:resample_row_1	0	static
stb_image.h:3465:17:stbi__resample_row_v_2	16	static
stb_image.h:3505:17:stbi__resample_row_hv_2	24	static
stb_image.h:3646:17:stbi__resample_row_generic	72	static
stb_image.h:3660:13:stbi__YCbCr_to_RGB_row	48	static
stb_image.h:1222:13:stbi__vertical_flip	2096	static
stb_image.h:3475:18:stbi__resample_row_h_2	24	static
stb_image.h:2003:12:stbi__build_huffman	32	static
stb_image.h:3242:12:stbi__free_jpeg_components.constprop	16	static
stb_image.h:1694:12:stbi__get16be	16	static
stb_image.h:2919:16:stbi__get_marker.isra.0	24	static
stb_image.h:2075:13:stbi__grow_buffer_unsafe	32	static
stb_image.h:2097:24:stbi__jpeg_huff_decode	24	static
stb_image.h:2210:12:stbi__jpeg_decode_block	56	static
stb_image.h:2265:12:stbi__jpeg_decode_block_prog_dc	32	static
stb_image.h:3099:12:stbi__process_marker	120	static
stb_image.h:3365:12:stbi__decode_jpeg_header	64	static
stb_image.h:3865:17:load_jpeg_image.constprop	320	static
stb_image.h:1286:22:stbi__load_and_postprocess_16bit	64	static
stb_image.h:1260:23:stbi__load_and_postprocess_8bit	64	static
stb_image.h:972:21:stbi_failure_reason	0	static
stb_image.h:1101:14:stbi_image_free	0	static
stb_image.h:1116:14:stbi_set_flip_vertically_on_load	0	static
stb_image.h:1415:18:stbi_load_16_from_memory	216	static
stb_image.h:1422:18:stbi_load_16_from_callbacks	232	static
stb_image.h:1429:18:stbi_load_from_memory	216	static
stb_image.h:1436:18:stbi_load_from_callbacks	232	static
stb_image.h:1517:13:stbi_is_hdr_from_memory	0	static
stb_image.h:1559:18:stbi_is_hdr_from_callbacks	0	static
stb_image.h:1581:16:stbi_hdr_to_ldr_gamma	0	static
stb_image.h:1582:16:stbi_hdr_to_ldr_scale	0	static
stb_image.h:7734:13:stbi_info_from_memory	216	static
stb_image.h:7741:13:stbi_info_from_callbacks	224	static
stb_image.h:7748:13:stbi_is_16_bit_from_memory	0	static
stb_image.h:7755:13:stbi_is_16_bit_from_callbacks	216	static
