player.c:52:6:ShieldBounceAsteroid	48	static
player.c:151:6:ShowShield	0	static
player.c:168:6:ShieldON	16	static
player.c:184:6:ShieldOFF	16	static
player.c:192:6:WrapRot	0	static
player.c:198:6:initShip	8	static
player.c:207:6:ShipUpdate	0	static
player.c:269:6:initBullets	0	static
player.c:277:6:fireBullet	40	static
player.c:324:6:doBullets	32	static
player.c:350:6:spawnTorpedo	32	static
player.c:401:6:initTorpedos3D	0	static
player.c:405:6:initPills3D	0	static
player.c:409:6:proc_photo_torps	72	static
player.c:521:6:spawnPill	24	static
player.c:553:6:procPills3D	36	static
player.c:622:9:UpdateHealth	0	static
player.c:633:6:SetPlayerLives	0	static
player.c:637:6:AddScore	0	static
player.c:641:6:SetWaves	0	static
