Archive member included to satisfy reference by file (symbol)

/opt/st/stm32cubeide_1.6.0/plugins/com.st.stm32cube.ide.mcu.externaltools.gnu-tools-for-stm32.9-2020-q2-update.linux64_1.5.0.202011040924/tools/bin/../lib/gcc/arm-none-eabi/9.3.1/../../../../arm-none-eabi/lib/thumb/v7e-m+dp/hard/libc_nano.a(lib_a-errno.o)
                              compiled/../../_coreapi_/syscalls.o (__errno)
/opt/st/stm32cubeide_1.6.0/plugins/com.st.stm32cube.ide.mcu.externaltools.gnu-tools-for-stm32.9-2020-q2-update.linux64_1.5.0.202011040924/tools/bin/../lib/gcc/arm-none-eabi/9.3.1/../../../../arm-none-eabi/lib/thumb/v7e-m+dp/hard/libc_nano.a(lib_a-exit.o)
                              /opt/st/stm32cubeide_1.6.0/plugins/com.st.stm32cube.ide.mcu.externaltools.gnu-tools-for-stm32.9-2020-q2-update.linux64_1.5.0.202011040924/tools/bin/../lib/gcc/arm-none-eabi/9.3.1/../../../../arm-none-eabi/lib/thumb/v7e-m+dp/hard/crt0.o (exit)
/opt/st/stm32cubeide_1.6.0/plugins/com.st.stm32cube.ide.mcu.externaltools.gnu-tools-for-stm32.9-2020-q2-update.linux64_1.5.0.202011040924/tools/bin/../lib/gcc/arm-none-eabi/9.3.1/../../../../arm-none-eabi/lib/thumb/v7e-m+dp/hard/libc_nano.a(lib_a-impure.o)
                              /opt/st/stm32cubeide_1.6.0/plugins/com.st.stm32cube.ide.mcu.externaltools.gnu-tools-for-stm32.9-2020-q2-update.linux64_1.5.0.202011040924/tools/bin/../lib/gcc/arm-none-eabi/9.3.1/../../../../arm-none-eabi/lib/thumb/v7e-m+dp/hard/libc_nano.a(lib_a-exit.o) (_global_impure_ptr)
/opt/st/stm32cubeide_1.6.0/plugins/com.st.stm32cube.ide.mcu.externaltools.gnu-tools-for-stm32.9-2020-q2-update.linux64_1.5.0.202011040924/tools/bin/../lib/gcc/arm-none-eabi/9.3.1/../../../../arm-none-eabi/lib/thumb/v7e-m+dp/hard/libc_nano.a(lib_a-init.o)
                              /opt/st/stm32cubeide_1.6.0/plugins/com.st.stm32cube.ide.mcu.externaltools.gnu-tools-for-stm32.9-2020-q2-update.linux64_1.5.0.202011040924/tools/bin/../lib/gcc/arm-none-eabi/9.3.1/../../../../arm-none-eabi/lib/thumb/v7e-m+dp/hard/crt0.o (__libc_init_array)
/opt/st/stm32cubeide_1.6.0/plugins/com.st.stm32cube.ide.mcu.externaltools.gnu-tools-for-stm32.9-2020-q2-update.linux64_1.5.0.202011040924/tools/bin/../lib/gcc/arm-none-eabi/9.3.1/../../../../arm-none-eabi/lib/thumb/v7e-m+dp/hard/libc_nano.a(lib_a-malloc.o)
                              compiled/../../_coreapi_/audio/audio.o (malloc)
/opt/st/stm32cubeide_1.6.0/plugins/com.st.stm32cube.ide.mcu.externaltools.gnu-tools-for-stm32.9-2020-q2-update.linux64_1.5.0.202011040924/tools/bin/../lib/gcc/arm-none-eabi/9.3.1/../../../../arm-none-eabi/lib/thumb/v7e-m+dp/hard/libc_nano.a(lib_a-memcmp.o)
                              compiled/../../_coreapi_/audio/audio.o (memcmp)
/opt/st/stm32cubeide_1.6.0/plugins/com.st.stm32cube.ide.mcu.externaltools.gnu-tools-for-stm32.9-2020-q2-update.linux64_1.5.0.202011040924/tools/bin/../lib/gcc/arm-none-eabi/9.3.1/../../../../arm-none-eabi/lib/thumb/v7e-m+dp/hard/libc_nano.a(lib_a-memcpy-stub.o)
                              compiled/project/graphics.o (memcpy)
/opt/st/stm32cubeide_1.6.0/plugins/com.st.stm32cube.ide.mcu.externaltools.gnu-tools-for-stm32.9-2020-q2-update.linux64_1.5.0.202011040924/tools/bin/../lib/gcc/arm-none-eabi/9.3.1/../../../../arm-none-eabi/lib/thumb/v7e-m+dp/hard/libc_nano.a(lib_a-memset.o)
                              /opt/st/stm32cubeide_1.6.0/plugins/com.st.stm32cube.ide.mcu.externaltools.gnu-tools-for-stm32.9-2020-q2-update.linux64_1.5.0.202011040924/tools/bin/../lib/gcc/arm-none-eabi/9.3.1/../../../../arm-none-eabi/lib/thumb/v7e-m+dp/hard/crt0.o (memset)
/opt/st/stm32cubeide_1.6.0/plugins/com.st.stm32cube.ide.mcu.externaltools.gnu-tools-for-stm32.9-2020-q2-update.linux64_1.5.0.202011040924/tools/bin/../lib/gcc/arm-none-eabi/9.3.1/../../../../arm-none-eabi/lib/thumb/v7e-m+dp/hard/libc_nano.a(lib_a-nano-freer.o)
                              /opt/st/stm32cubeide_1.6.0/plugins/com.st.stm32cube.ide.mcu.externaltools.gnu-tools-for-stm32.9-2020-q2-update.linux64_1.5.0.202011040924/tools/bin/../lib/gcc/arm-none-eabi/9.3.1/../../../../arm-none-eabi/lib/thumb/v7e-m+dp/hard/libc_nano.a(lib_a-malloc.o) (_free_r)
/opt/st/stm32cubeide_1.6.0/plugins/com.st.stm32cube.ide.mcu.externaltools.gnu-tools-for-stm32.9-2020-q2-update.linux64_1.5.0.202011040924/tools/bin/../lib/gcc/arm-none-eabi/9.3.1/../../../../arm-none-eabi/lib/thumb/v7e-m+dp/hard/libc_nano.a(lib_a-nano-mallocr.o)
                              /opt/st/stm32cubeide_1.6.0/plugins/com.st.stm32cube.ide.mcu.externaltools.gnu-tools-for-stm32.9-2020-q2-update.linux64_1.5.0.202011040924/tools/bin/../lib/gcc/arm-none-eabi/9.3.1/../../../../arm-none-eabi/lib/thumb/v7e-m+dp/hard/libc_nano.a(lib_a-malloc.o) (_malloc_r)
/opt/st/stm32cubeide_1.6.0/plugins/com.st.stm32cube.ide.mcu.externaltools.gnu-tools-for-stm32.9-2020-q2-update.linux64_1.5.0.202011040924/tools/bin/../lib/gcc/arm-none-eabi/9.3.1/../../../../arm-none-eabi/lib/thumb/v7e-m+dp/hard/libc_nano.a(lib_a-setbuf.o)
[...]
Memory Configuration

Name             Origin             Length             Attributes
APPLET           0x00000000d0040000 0x00000000005c0000 xr
*default*        0x0000000000000000 0xffffffffffffffff

Linker script and memory map

LOAD /opt/st/stm32cubeide_1.6.0/plugins/com.st.stm32cube.ide.mcu.externaltools.gnu-tools-for-stm32.9-2020-q2-update.linux64_1.5.0.202011040924/tools/bin/../lib/gcc/arm-none-eabi/9.3.1/thumb/v7e-m+dp/hard/crti.o
LOAD /opt/st/stm32cubeide_1.6.0/plugins/com.st.stm32cube.ide.mcu.externaltools.gnu-tools-for-stm32.9-2020-q2-update.linux64_1.5.0.202011040924/tools/bin/../lib/gcc/arm-none-eabi/9.3.1/thumb/v7e-m+dp/hard/crtbegin.o
LOAD /opt/st/stm32cubeide_1.6.0/plugins/com.st.stm32cube.ide.mcu.externaltools.gnu-tools-for-stm32.9-2020-q2-update.linux64_1.5.0.202011040924/tools/bin/../lib/gcc/arm-none-eabi/9.3.1/../../../../arm-none-eabi/lib/thumb/v7e-m+dp/hard/crt0.o
LOAD compiled/../../_coreapi_/graphics/graphics.o
LOAD compiled/../../_coreapi_/syscalls.o
LOAD compiled/../../_coreapi_/audio/audio.o
LOAD compiled/../../_coreapi_/apis.o
LOAD compiled/project/resource.o
LOAD compiled/project/sound.o
LOAD compiled/project/player.o
LOAD compiled/project/astroids.o
LOAD compiled/project/graphics.o
LOAD compiled/project/functions.o
LOAD compiled/project/main.o
START GROUP
LOAD /opt/st/stm32cubeide_1.6.0/plugins/com.st.stm32cube.ide.mcu.externaltools.gnu-tools-for-stm32.9-2020-q2-update.linux64_1.5.0.202011040924/tools/bin/../lib/gcc/arm-none-eabi/9.3.1/thumb/v7e-m+dp/hard/libgcc.a
LOAD /opt/st/stm32cubeide_1.6.0/plugins/com.st.stm32cube.ide.mcu.externaltools.gnu-tools-for-stm32.9-2020-q2-update.linux64_1.5.0.202011040924/tools/bin/../lib/gcc/arm-none-eabi/9.3.1/../../../../arm-none-eabi/lib/thumb/v7e-m+dp/hard/libc_nano.a
END GROUP
START GROUP
LOAD /opt/st/stm32cubeide_1.6.0/plugins/com.st.stm32cube.ide.mcu.externaltools.gnu-tools-for-stm32.9-2020-q2-update.linux64_1.5.0.202011040924/tools/bin/../lib/gcc/arm-none-eabi/9.3.1/thumb/v7e-m+dp/hard/libgcc.a
LOAD /opt/st/stm32cubeide_1.6.0/plugins/com.st.stm32cube.ide.mcu.externaltools.gnu-tools-for-stm32.9-2020-q2-update.linux64_1.5.0.202011040924/tools/bin/../lib/gcc/arm-none-eabi/9.3.1/../../../../arm-none-eabi/lib/thumb/v7e-m+dp/hard/libc_nano.a
LOAD /opt/st/stm32cubeide_1.6.0/plugins/com.st.stm32cube.ide.mcu.externaltools.gnu-tools-for-stm32.9-2020-q2-update.linux64_1.5.0.202011040924/tools/bin/../lib/gcc/arm-none-eabi/9.3.1/../../../../arm-none-eabi/lib/thumb/v7e-m+dp/hard/libnosys.a
END GROUP
START GROUP
LOAD /opt/st/stm32cubeide_1.6.0/plugins/com.st.stm32cube.ide.mcu.externaltools.gnu-tools-for-stm32.9-2020-q2-update.linux64_1.5.0.202011040924/tools/bin/../lib/gcc/arm-none-eabi/9.3.1/thumb/v7e-m+dp/hard/libgcc.a
LOAD /opt/st/stm32cubeide_1.6.0/plugins/com.st.stm32cube.ide.mcu.externaltools.gnu-tools-for-stm32.9-2020-q2-update.linux64_1.5.0.202011040924/tools/bin/../lib/gcc/arm-none-eabi/9.3.1/../../../../arm-none-eabi/lib/thumb/v7e-m+dp/hard/libc_nano.a
LOAD /opt/st/stm32cubeide_1.6.0/plugins/com.st.stm32cube.ide.mcu.externaltools.gnu-tools-for-stm32.9-2020-q2-update.linux64_1.5.0.202011040924/tools/bin/../lib/gcc/arm-none-eabi/9.3.1/../../../../arm-none-eabi/lib/thumb/v7e-m+dp/hard/libnosys.a
END GROUP
LOAD /opt/st/stm32cubeide_1.6.0/plugins/com.st.stm32cube.ide.mcu.externaltools.gnu-tools-for-stm32.9-2020-q2-update.linux64_1.5.0.202011040924/tools/bin/../lib/gcc/arm-none-eabi/9.3.1/thumb/v7e-m+dp/hard/crtend.o
LOAD /opt/st/stm32cubeide_1.6.0/plugins/com.st.stm32cube.ide.mcu.externaltools.gnu-tools-for-stm32.9-2020-q2-update.linux64_1.5.0.202011040924/tools/bin/../lib/gcc/arm-none-eabi/9.3.1/thumb/v7e-m+dp/hard/crtn.o
                0x00000000d0000000                _offset = 0xd0000000
                0x0000000000600000                _maxramavail = 0x600000
                0x0000000000040000                _largest_modfile = 0x40000
                0x0000000000000000                _largest_resource = 0x0
                0x0000000000040000                _startram = (((_largest_modfile + _largest_resource) + 0x1f) & 0xffffffffffffffe0)
                0x00000000d0040000                _applet_origin = (_offset + _startram)
                0x00000000005c0000                _applet_length = (_maxramavail - _startram)
                0x0000000000000001                ASSERT ((_startram < _maxramavail), Reserved space exceeds SDRAM size!)
                0x0000000000000001                ASSERT ((_applet_length > 0x0), No RAM left for applet after reserving music/resource space!)
                0x0000000000000200                _api_count = 0x200
                0x0000000000001000                _api_size = (0x8 * _api_count)
                0x000000002001f000                _api_location = (0x20020000 - _api_size)
                0x00000000d0040000                _appstart = ORIGIN (APPLET)
                0x0000000000002000                _stack_size = 0x2000
                [!provide]                        PROVIDE (__app_start = _appstart)
                0x000000002001f000                PROVIDE (__sidbox_api_location = _api_location)
                0x00000000d0040000                . = _appstart

.header         0x00000000d0040000       0x10
                0x00000000d0040000                . = ALIGN (0x4)
 *(.header)
 .header        0x00000000d0040000        0x8 compiled/../../_coreapi_/syscalls.o
                0x00000000d0040000                sdex_header
                0x00000000d0040008                . = ALIGN (0x4)
                0x00000000d0040008        0x4 LONG 0xd0040000 _appstart
                0x00000000d004000c        0x4 LONG 0x8fb8 (__stack_end__ - _appstart)

.text           0x00000000d0040010     0x42b7
                0x00000000d0040010                . = ALIGN (0x4)
 *(.text.applet_entry)
 .text.applet_entry
                0x00000000d0040010       0x2c compiled/../../_coreapi_/syscalls.o
                0x00000000d0040010                applet_entry
 *(.text*)
 .text.LoadPPB  0x00000000d004003c       0xa8 compiled/../../_coreapi_/graphics/graphics.o
                0x00000000d004003c                LoadPPB
 .text.initMalloc
                0x00000000d00400e4       0x18 compiled/../../_coreapi_/syscalls.o
                0x00000000d00400e4                initMalloc
 .text._write_r
                0x00000000d00400fc       0x60 compiled/../../_coreapi_/syscalls.o
                0x00000000d00400fc                _write_r
 .text._read    0x00000000d004015c       0x14 compiled/../../_coreapi_/syscalls.o
                0x00000000d004015c                _read
 .text._close   0x00000000d0040170        0x8 compiled/../../_coreapi_/syscalls.o
                0x00000000d0040170                _close
 .text._fstat   0x00000000d0040178        0xc compiled/../../_coreapi_/syscalls.o
                0x00000000d0040178                _fstat
 .text._lseek   0x00000000d0040184        0x4 compiled/../../_coreapi_/syscalls.o
                0x00000000d0040184                _lseek
 .text._sbrk_r  0x00000000d0040188       0x40 compiled/../../_coreapi_/syscalls.o
                0x00000000d0040188                _sbrk_r
 .text.LoadSFX  0x00000000d00401c8      0x110 compiled/../../_coreapi_/audio/audio.o
                0x00000000d00401c8                LoadSFX
 .text.freeSFX  0x00000000d00402d8        0x8 compiled/../../_coreapi_/audio/audio.o
                0x00000000d00402d8                freeSFX
 .text.loadSounds
                0x00000000d00402e0      0x57c compiled/project/sound.o
                0x00000000d00402e0                loadSounds
 .text.MusicPlay
                0x00000000d004085c       0x44 compiled/project/sound.o
                0x00000000d004085c                MusicPlay
 .text.spawnTorpedo
                0x00000000d00408a0      0x190 compiled/project/player.o
                0x00000000d00408a0                spawnTorpedo
 .text.initTorpedos3D
                0x00000000d0040a30       0x10 compiled/project/player.o
                0x00000000d0040a30                initTorpedos3D
 .text.initPills3D
                0x00000000d0040a40       0x10 compiled/project/player.o
                0x00000000d0040a40                initPills3D
 .text.proc_photo_torps
                0x00000000d0040a50      0x4c4 compiled/project/player.o
                0x00000000d0040a50                proc_photo_torps
 .text.procPills3D
                0x00000000d0040f14      0x274 compiled/project/player.o
                0x00000000d0040f14                procPills3D
 .text.UpdateHealth
                0x00000000d0041188       0x28 compiled/project/player.o
                0x00000000d0041188                UpdateHealth
 .text.SetPlayerLives
                0x00000000d00411b0        0xc compiled/project/player.o
                0x00000000d00411b0                SetPlayerLives
 .text.AddScore
                0x00000000d00411bc       0x10 compiled/project/player.o
                0x00000000d00411bc                AddScore
 .text.SpawnAstroid3D.part.0
                0x00000000d00411cc      0x170 compiled/project/astroids.o
 .text.SpawnAstroid3D
                0x00000000d004133c        0xc compiled/project/astroids.o
                0x00000000d004133c                SpawnAstroid3D
 .text.initAstroids3D
                0x00000000d0041348       0x20 compiled/project/astroids.o
                0x00000000d0041348                initAstroids3D
 .text.proc_astroids3D
                0x00000000d0041368      0x294 compiled/project/astroids.o
                0x00000000d0041368                proc_astroids3D
 .text.spawnExplode3d
                0x00000000d00415fc       0x64 compiled/project/graphics.o
                0x00000000d00415fc                spawnExplode3d
 .text.procExplodes3d
                0x00000000d0041660      0x1cc compiled/project/graphics.o
                0x00000000d0041660                procExplodes3d
 .text.LoadGraphics
                0x00000000d004182c       0xd8 compiled/project/graphics.o
                0x00000000d004182c                LoadGraphics
 .text.LoadShipGfx
                0x00000000d0041904      0x134 compiled/project/graphics.o
                0x00000000d0041904                LoadShipGfx
 .text.LoadCommonGameGraphics
                0x00000000d0041a38       0xb4 compiled/project/graphics.o
                0x00000000d0041a38                LoadCommonGameGraphics
 .text.render3Dstuff
                0x00000000d0041aec      0x748 compiled/project/graphics.o
                0x00000000d0041aec                render3Dstuff
 .text.drawPowerHealthBar
                0x00000000d0042234      0x144 compiled/project/graphics.o
                0x00000000d0042234                drawPowerHealthBar
 .text.drawPowerShieldBar
                0x00000000d0042378      0x148 compiled/project/graphics.o
                0x00000000d0042378                drawPowerShieldBar
 .text.DrawHUD  0x00000000d00424c0      0x2cc compiled/project/graphics.o
                0x00000000d00424c0                DrawHUD
 .text.sbx_rng_range
                0x00000000d004278c       0x30 compiled/project/functions.o
                0x00000000d004278c                sbx_rng_range
 .text.startup.main
                0x00000000d00427bc      0x870 compiled/project/main.o
                0x00000000d00427bc                main
 .text.__errno  0x00000000d004302c        0xc /opt/st/stm32cubeide_1.6.0/plugins/com.st.stm32cube.ide.mcu.externaltools.gnu-tools-for-stm32.9-2020-q2-update.linux64_1.5.0.202011040924/tools/bin/../lib/gcc/arm-none-eabi/9.3.1/../../../../arm-none-eabi/lib/thumb/v7e-m+dp/hard/libc_nano.a(lib_a-errno.o)
                0x00000000d004302c                __errno
 .text.malloc   0x00000000d0043038       0x10 /opt/st/stm32cubeide_1.6.0/plugins/com.st.stm32cube.ide.mcu.externaltools.gnu-tools-for-stm32.9-2020-q2-update.linux64_1.5.0.202011040924/tools/bin/../lib/gcc/arm-none-eabi/9.3.1/../../../../arm-none-eabi/lib/thumb/v7e-m+dp/hard/libc_nano.a(lib_a-malloc.o)
                0x00000000d0043038                malloc
 .text.free     0x00000000d0043048       0x10 /opt/st/stm32cubeide_1.6.0/plugins/com.st.stm32cube.ide.mcu.externaltools.gnu-tools-for-stm32.9-2020-q2-update.linux64_1.5.0.202011040924/tools/bin/../lib/gcc/arm-none-eabi/9.3.1/../../../../arm-none-eabi/lib/thumb/v7e-m+dp/hard/libc_nano.a(lib_a-malloc.o)
                0x00000000d0043048                free
 .text.memcmp   0x00000000d0043058       0x1c /opt/st/stm32cubeide_1.6.0/plugins/com.st.stm32cube.ide.mcu.externaltools.gnu-tools-for-stm32.9-2020-q2-update.linux64_1.5.0.202011040924/tools/bin/../lib/gcc/arm-none-eabi/9.3.1/../../../../arm-none-eabi/lib/thumb/v7e-m+dp/hard/libc_nano.a(lib_a-memcmp.o)
                0x00000000d0043058                memcmp
 .text.memcpy   0x00000000d0043074       0x1c /opt/st/stm32cubeide_1.6.0/plugins/com.st.stm32cube.ide.mcu.externaltools.gnu-tools-for-stm32.9-2020-q2-update.linux64_1.5.0.202011040924/tools/bin/../lib/gcc/arm-none-eabi/9.3.1/../../../../arm-none-eabi/lib/thumb/v7e-m+dp/hard/libc_nano.a(lib_a-memcpy-stub.o)
                0x00000000d0043074                memcpy
 .text.memset   0x00000000d0043090       0x10 /opt/st/stm32cubeide_1.6.0/plugins/com.st.stm32cube.ide.mcu.externaltools.gnu-tools-for-stm32.9-2020-q2-update.linux64_1.5.0.202011040924/tools/bin/../lib/gcc/arm-none-eabi/9.3.1/../../../../arm-none-eabi/lib/thumb/v7e-m+dp/hard/libc_nano.a(lib_a-memset.o)
                0x00000000d0043090                memset
 .text._free_r  0x00000000d00430a0       0xa0 /opt/st/stm32cubeide_1.6.0/plugins/com.st.stm32cube.ide.mcu.externaltools.gnu-tools-for-stm32.9-2020-q2-update.linux64_1.5.0.202011040924/tools/bin/../lib/gcc/arm-none-eabi/9.3.1/../../../../arm-none-eabi/lib/thumb/v7e-m+dp/hard/libc_nano.a(lib_a-nano-freer.o)
                0x00000000d00430a0                _free_r
 .text._malloc_r
                0x00000000d0043140       0xb4 /opt/st/stm32cubeide_1.6.0/plugins/com.st.stm32cube.ide.mcu.externaltools.gnu-tools-for-stm32.9-2020-q2-update.linux64_1.5.0.202011040924/tools/bin/../lib/gcc/arm-none-eabi/9.3.1/../../../../arm-none-eabi/lib/thumb/v7e-m+dp/hard/libc_nano.a(lib_a-nano-mallocr.o)
                0x00000000d0043140                _malloc_r
 .text.setbuf   0x00000000d00431f4       0x10 /opt/st/stm32cubeide_1.6.0/plugins/com.st.stm32cube.ide.mcu.externaltools.gnu-tools-for-stm32.9-2020-q2-update.linux64_1.5.0.202011040924/tools/bin/../lib/gcc/arm-none-eabi/9.3.1/../../../../arm-none-eabi/lib/thumb/v7e-m+dp/hard/libc_nano.a(lib_a-setbuf.o)
                0x00000000d00431f4                setbuf
 .text.setvbuf  0x00000000d0043204      0x18c /opt/st/stm32cubeide_1.6.0/plugins/com.st.stm32cube.ide.mcu.externaltools.gnu-tools-for-stm32.9-2020-q2-update.linux64_1.5.0.202011040924/tools/bin/../lib/gcc/arm-none-eabi/9.3.1/../../../../arm-none-eabi/lib/thumb/v7e-m+dp/hard/libc_nano.a(lib_a-setvbuf.o)
                0x00000000d0043204                setvbuf
 .text.sprintf  0x00000000d0043390       0x40 /opt/st/stm32cubeide_1.6.0/plugins/com.st.stm32cube.ide.mcu.externaltools.gnu-tools-for-stm32.9-2020-q2-update.linux64_1.5.0.202011040924/tools/bin/../lib/gcc/arm-none-eabi/9.3.1/../../../../arm-none-eabi/lib/thumb/v7e-m+dp/hard/libc_nano.a(lib_a-sprintf.o)
                0x00000000d0043390                sprintf
                0x00000000d0043390                siprintf
 .text.__sflush_r
                0x00000000d00433d0      0x10c /opt/st/stm32cubeide_1.6.0/plugins/com.st.stm32cube.ide.mcu.externaltools.gnu-tools-for-stm32.9-2020-q2-update.linux64_1.5.0.202011040924/tools/bin/../lib/gcc/arm-none-eabi/9.3.1/../../../../arm-none-eabi/lib/thumb/v7e-m+dp/hard/libc_nano.a(lib_a-fflush.o)
                0x00000000d00433d0                __sflush_r
 .text._fflush_r
                0x00000000d00434dc       0x78 /opt/st/stm32cubeide_1.6.0/plugins/com.st.stm32cube.ide.mcu.externaltools.gnu-tools-for-stm32.9-2020-q2-update.linux64_1.5.0.202011040924/tools/bin/../lib/gcc/arm-none-eabi/9.3.1/../../../../arm-none-eabi/lib/thumb/v7e-m+dp/hard/libc_nano.a(lib_a-fflush.o)
                0x00000000d00434dc                _fflush_r
 .text.std      0x00000000d0043554       0x48 /opt/st/stm32cubeide_1.6.0/plugins/com.st.stm32cube.ide.mcu.externaltools.gnu-tools-for-stm32.9-2020-q2-update.linux64_1.5.0.202011040924/tools/bin/../lib/gcc/arm-none-eabi/9.3.1/../../../../arm-none-eabi/lib/thumb/v7e-m+dp/hard/libc_nano.a(lib_a-findfp.o)
 .text._cleanup_r
                0x00000000d004359c        0xc /opt/st/stm32cubeide_1.6.0/plugins/com.st.stm32cube.ide.mcu.externaltools.gnu-tools-for-stm32.9-2020-q2-update.linux64_1.5.0.202011040924/tools/bin/../lib/gcc/arm-none-eabi/9.3.1/../../../../arm-none-eabi/lib/thumb/v7e-m+dp/hard/libc_nano.a(lib_a-findfp.o)
                0x00000000d004359c                _cleanup_r
 .text.__sfmoreglue
                0x00000000d00435a8       0x2c /opt/st/stm32cubeide_1.6.0/plugins/com.st.stm32cube.ide.mcu.externaltools.gnu-tools-for-stm32.9-2020-q2-update.linux64_1.5.0.202011040924/tools/bin/../lib/gcc/arm-none-eabi/9.3.1/../../../../arm-none-eabi/lib/thumb/v7e-m+dp/hard/libc_nano.a(lib_a-findfp.o)
                0x00000000d00435a8                __sfmoreglue
 .text.__sfp_lock_acquire
                0x00000000d00435d4        0xc /opt/st/stm32cubeide_1.6.0/plugins/com.st.stm32cube.ide.mcu.externaltools.gnu-tools-for-stm32.9-2020-q2-update.linux64_1.5.0.202011040924/tools/bin/../lib/gcc/arm-none-eabi/9.3.1/../../../../arm-none-eabi/lib/thumb/v7e-m+dp/hard/libc_nano.a(lib_a-findfp.o)
                0x00000000d00435d4                __sfp_lock_acquire
 .text.__sfp_lock_release
                0x00000000d00435e0        0xc /opt/st/stm32cubeide_1.6.0/plugins/com.st.stm32cube.ide.mcu.externaltools.gnu-tools-for-stm32.9-2020-q2-update.linux64_1.5.0.202011040924/tools/bin/../lib/gcc/arm-none-eabi/9.3.1/../../../../arm-none-eabi/lib/thumb/v7e-m+dp/hard/libc_nano.a(lib_a-findfp.o)
                0x00000000d00435e0                __sfp_lock_release
 .text.__sinit_lock_acquire
                0x00000000d00435ec        0xc /opt/st/stm32cubeide_1.6.0/plugins/com.st.stm32cube.ide.mcu.externaltools.gnu-tools-for-stm32.9-2020-q2-update.linux64_1.5.0.202011040924/tools/bin/../lib/gcc/arm-none-eabi/9.3.1/../../../../arm-none-eabi/lib/thumb/v7e-m+dp/hard/libc_nano.a(lib_a-findfp.o)
                0x00000000d00435ec                __sinit_lock_acquire
 .text.__sinit_lock_release
                0x00000000d00435f8        0xc /opt/st/stm32cubeide_1.6.0/plugins/com.st.stm32cube.ide.mcu.externaltools.gnu-tools-for-stm32.9-2020-q2-update.linux64_1.5.0.202011040924/tools/bin/../lib/gcc/arm-none-eabi/9.3.1/../../../../arm-none-eabi/lib/thumb/v7e-m+dp/hard/libc_nano.a(lib_a-findfp.o)
                0x00000000d00435f8                __sinit_lock_release
 .text.__sinit  0x00000000d0043604       0x70 /opt/st/stm32cubeide_1.6.0/plugins/com.st.stm32cube.ide.mcu.externaltools.gnu-tools-for-stm32.9-2020-q2-update.linux64_1.5.0.202011040924/tools/bin/../lib/gcc/arm-none-eabi/9.3.1/../../../../arm-none-eabi/lib/thumb/v7e-m+dp/hard/libc_nano.a(lib_a-findfp.o)
                0x00000000d0043604                __sinit
 .text.__sfp    0x00000000d0043674       0x8c /opt/st/stm32cubeide_1.6.0/plugins/com.st.stm32cube.ide.mcu.externaltools.gnu-tools-for-stm32.9-2020-q2-update.linux64_1.5.0.202011040924/tools/bin/../lib/gcc/arm-none-eabi/9.3.1/../../../../arm-none-eabi/lib/thumb/v7e-m+dp/hard/libc_nano.a(lib_a-findfp.o)
                0x00000000d0043674                __sfp
 .text._fwalk_reent
                0x00000000d0043700       0x3e /opt/st/stm32cubeide_1.6.0/plugins/com.st.stm32cube.ide.mcu.externaltools.gnu-tools-for-stm32.9-2020-q2-update.linux64_1.5.0.202011040924/tools/bin/../lib/gcc/arm-none-eabi/9.3.1/../../../../arm-none-eabi/lib/thumb/v7e-m+dp/hard/libc_nano.a(lib_a-fwalk.o)
                0x00000000d0043700                _fwalk_reent
 .text.__retarget_lock_init_recursive
                0x00000000d004373e        0x2 /opt/st/stm32cubeide_1.6.0/plugins/com.st.stm32cube.ide.mcu.externaltools.gnu-tools-for-stm32.9-2020-q2-update.linux64_1.5.0.202011040924/tools/bin/../lib/gcc/arm-none-eabi/9.3.1/../../../../arm-none-eabi/lib/thumb/v7e-m+dp/hard/libc_nano.a(lib_a-lock.o)
                0x00000000d004373e                __retarget_lock_init_recursive
 .text.__retarget_lock_acquire_recursive
                0x00000000d0043740        0x2 /opt/st/stm32cubeide_1.6.0/plugins/com.st.stm32cube.ide.mcu.externaltools.gnu-tools-for-stm32.9-2020-q2-update.linux64_1.5.0.202011040924/tools/bin/../lib/gcc/arm-none-eabi/9.3.1/../../../../arm-none-eabi/lib/thumb/v7e-m+dp/hard/libc_nano.a(lib_a-lock.o)
                0x00000000d0043740                __retarget_lock_acquire_recursive
 .text.__retarget_lock_release_recursive
                0x00000000d0043742        0x2 /opt/st/stm32cubeide_1.6.0/plugins/com.st.stm32cube.ide.mcu.externaltools.gnu-tools-for-stm32.9-2020-q2-update.linux64_1.5.0.202011040924/tools/bin/../lib/gcc/arm-none-eabi/9.3.1/../../../../arm-none-eabi/lib/thumb/v7e-m+dp/hard/libc_nano.a(lib_a-lock.o)
                0x00000000d0043742                __retarget_lock_release_recursive
 .text.__swhatbuf_r
                0x00000000d0043744       0x48 /opt/st/stm32cubeide_1.6.0/plugins/com.st.stm32cube.ide.mcu.externaltools.gnu-tools-for-stm32.9-2020-q2-update.linux64_1.5.0.202011040924/tools/bin/../lib/gcc/arm-none-eabi/9.3.1/../../../../arm-none-eabi/lib/thumb/v7e-m+dp/hard/libc_nano.a(lib_a-makebuf.o)
                0x00000000d0043744                __swhatbuf_r
 .text.__malloc_lock
                0x00000000d004378c        0xc /opt/st/stm32cubeide_1.6.0/plugins/com.st.stm32cube.ide.mcu.externaltools.gnu-tools-for-stm32.9-2020-q2-update.linux64_1.5.0.202011040924/tools/bin/../lib/gcc/arm-none-eabi/9.3.1/../../../../arm-none-eabi/lib/thumb/v7e-m+dp/hard/libc_nano.a(lib_a-mlock.o)
                0x00000000d004378c                __malloc_lock
 .text.__malloc_unlock
                0x00000000d0043798        0xc /opt/st/stm32cubeide_1.6.0/plugins/com.st.stm32cube.ide.mcu.externaltools.gnu-tools-for-stm32.9-2020-q2-update.linux64_1.5.0.202011040924/tools/bin/../lib/gcc/arm-none-eabi/9.3.1/../../../../arm-none-eabi/lib/thumb/v7e-m+dp/hard/libc_nano.a(lib_a-mlock.o)
                0x00000000d0043798                __malloc_unlock
 .text.__ssputs_r
                0x00000000d00437a4       0xb6 /opt/st/stm32cubeide_1.6.0/plugins/com.st.stm32cube.ide.mcu.externaltools.gnu-tools-for-stm32.9-2020-q2-update.linux64_1.5.0.202011040924/tools/bin/../lib/gcc/arm-none-eabi/9.3.1/../../../../arm-none-eabi/lib/thumb/v7e-m+dp/hard/libc_nano.a(lib_a-nano-svfprintf.o)
                0x00000000d00437a4                __ssputs_r
 *fill*         0x00000000d004385a        0x2 
 .text._svfprintf_r
                0x00000000d004385c      0x200 /opt/st/stm32cubeide_1.6.0/plugins/com.st.stm32cube.ide.mcu.externaltools.gnu-tools-for-stm32.9-2020-q2-update.linux64_1.5.0.202011040924/tools/bin/../lib/gcc/arm-none-eabi/9.3.1/../../../../arm-none-eabi/lib/thumb/v7e-m+dp/hard/libc_nano.a(lib_a-nano-svfprintf.o)
                0x00000000d004385c                _svfprintf_r
                0x00000000d004385c                _svfiprintf_r
 .text._printf_common
                0x00000000d0043a5c       0xda /opt/st/stm32cubeide_1.6.0/plugins/com.st.stm32cube.ide.mcu.externaltools.gnu-tools-for-stm32.9-2020-q2-update.linux64_1.5.0.202011040924/tools/bin/../lib/gcc/arm-none-eabi/9.3.1/../../../../arm-none-eabi/lib/thumb/v7e-m+dp/hard/libc_nano.a(lib_a-nano-vfprintf_i.o)
                0x00000000d0043a5c                _printf_common
 *fill*         0x00000000d0043b36        0x2 
 .text._printf_i
                0x00000000d0043b38      0x24c /opt/st/stm32cubeide_1.6.0/plugins/com.st.stm32cube.ide.mcu.externaltools.gnu-tools-for-stm32.9-2020-q2-update.linux64_1.5.0.202011040924/tools/bin/../lib/gcc/arm-none-eabi/9.3.1/../../../../arm-none-eabi/lib/thumb/v7e-m+dp/hard/libc_nano.a(lib_a-nano-vfprintf_i.o)
                0x00000000d0043b38                _printf_i
 .text.__sread  0x00000000d0043d84       0x22 /opt/st/stm32cubeide_1.6.0/plugins/com.st.stm32cube.ide.mcu.externaltools.gnu-tools-for-stm32.9-2020-q2-update.linux64_1.5.0.202011040924/tools/bin/../lib/gcc/arm-none-eabi/9.3.1/../../../../arm-none-eabi/lib/thumb/v7e-m+dp/hard/libc_nano.a(lib_a-stdio.o)
                0x00000000d0043d84                __sread
 .text.__swrite
                0x00000000d0043da6       0x38 /opt/st/stm32cubeide_1.6.0/plugins/com.st.stm32cube.ide.mcu.externaltools.gnu-tools-for-stm32.9-2020-q2-update.linux64_1.5.0.202011040924/tools/bin/../lib/gcc/arm-none-eabi/9.3.1/../../../../arm-none-eabi/lib/thumb/v7e-m+dp/hard/libc_nano.a(lib_a-stdio.o)
                0x00000000d0043da6                __swrite
 .text.__sseek  0x00000000d0043dde       0x24 /opt/st/stm32cubeide_1.6.0/plugins/com.st.stm32cube.ide.mcu.externaltools.gnu-tools-for-stm32.9-2020-q2-update.linux64_1.5.0.202011040924/tools/bin/../lib/gcc/arm-none-eabi/9.3.1/../../../../arm-none-eabi/lib/thumb/v7e-m+dp/hard/libc_nano.a(lib_a-stdio.o)
                0x00000000d0043dde                __sseek
 .text.__sclose
                0x00000000d0043e02        0x8 /opt/st/stm32cubeide_1.6.0/plugins/com.st.stm32cube.ide.mcu.externaltools.gnu-tools-for-stm32.9-2020-q2-update.linux64_1.5.0.202011040924/tools/bin/../lib/gcc/arm-none-eabi/9.3.1/../../../../arm-none-eabi/lib/thumb/v7e-m+dp/hard/libc_nano.a(lib_a-stdio.o)
                0x00000000d0043e02                __sclose
 *fill*         0x00000000d0043e0a        0x2 
 .text._close_r
                0x00000000d0043e0c       0x20 /opt/st/stm32cubeide_1.6.0/plugins/com.st.stm32cube.ide.mcu.externaltools.gnu-tools-for-stm32.9-2020-q2-update.linux64_1.5.0.202011040924/tools/bin/../lib/gcc/arm-none-eabi/9.3.1/../../../../arm-none-eabi/lib/thumb/v7e-m+dp/hard/libc_nano.a(lib_a-closer.o)
                0x00000000d0043e0c                _close_r
 .text._fstat_r
                0x00000000d0043e2c       0x24 /opt/st/stm32cubeide_1.6.0/plugins/com.st.stm32cube.ide.mcu.externaltools.gnu-tools-for-stm32.9-2020-q2-update.linux64_1.5.0.202011040924/tools/bin/../lib/gcc/arm-none-eabi/9.3.1/../../../../arm-none-eabi/lib/thumb/v7e-m+dp/hard/libc_nano.a(lib_a-fstatr.o)
                0x00000000d0043e2c                _fstat_r
 .text._lseek_r
                0x00000000d0043e50       0x24 /opt/st/stm32cubeide_1.6.0/plugins/com.st.stm32cube.ide.mcu.externaltools.gnu-tools-for-stm32.9-2020-q2-update.linux64_1.5.0.202011040924/tools/bin/../lib/gcc/arm-none-eabi/9.3.1/../../../../arm-none-eabi/lib/thumb/v7e-m+dp/hard/libc_nano.a(lib_a-lseekr.o)
                0x00000000d0043e50                _lseek_r
 *fill*         0x00000000d0043e74        0xc 
 .text          0x00000000d0043e80       0xa0 /opt/st/stm32cubeide_1.6.0/plugins/com.st.stm32cube.ide.mcu.externaltools.gnu-tools-for-stm32.9-2020-q2-update.linux64_1.5.0.202011040924/tools/bin/../lib/gcc/arm-none-eabi/9.3.1/../../../../arm-none-eabi/lib/thumb/v7e-m+dp/hard/libc_nano.a(lib_a-memchr.o)
                0x00000000d0043e80                memchr
 .text.memmove  0x00000000d0043f20       0x34 /opt/st/stm32cubeide_1.6.0/plugins/com.st.stm32cube.ide.mcu.externaltools.gnu-tools-for-stm32.9-2020-q2-update.linux64_1.5.0.202011040924/tools/bin/../lib/gcc/arm-none-eabi/9.3.1/../../../../arm-none-eabi/lib/thumb/v7e-m+dp/hard/libc_nano.a(lib_a-memmove.o)
                0x00000000d0043f20                memmove
 .text._realloc_r
                0x00000000d0043f54       0x4c /opt/st/stm32cubeide_1.6.0/plugins/com.st.stm32cube.ide.mcu.externaltools.gnu-tools-for-stm32.9-2020-q2-update.linux64_1.5.0.202011040924/tools/bin/../lib/gcc/arm-none-eabi/9.3.1/../../../../arm-none-eabi/lib/thumb/v7e-m+dp/hard/libc_nano.a(lib_a-nano-reallocr.o)
                0x00000000d0043f54                _realloc_r
 .text._read_r  0x00000000d0043fa0       0x24 /opt/st/stm32cubeide_1.6.0/plugins/com.st.stm32cube.ide.mcu.externaltools.gnu-tools-for-stm32.9-2020-q2-update.linux64_1.5.0.202011040924/tools/bin/../lib/gcc/arm-none-eabi/9.3.1/../../../../arm-none-eabi/lib/thumb/v7e-m+dp/hard/libc_nano.a(lib_a-readr.o)
                0x00000000d0043fa0                _read_r
 .text._malloc_usable_size_r
                0x00000000d0043fc4       0x10 /opt/st/stm32cubeide_1.6.0/plugins/com.st.stm32cube.ide.mcu.externaltools.gnu-tools-for-stm32.9-2020-q2-update.linux64_1.5.0.202011040924/tools/bin/../lib/gcc/arm-none-eabi/9.3.1/../../../../arm-none-eabi/lib/thumb/v7e-m+dp/hard/libc_nano.a(lib_a-nano-msizer.o)
                0x00000000d0043fc4                _malloc_usable_size_r
 *(.rodata*)
 .rodata.LoadSFX.str1.4
                0x00000000d0043fd4        0xd compiled/../../_coreapi_/audio/audio.o
 *fill*         0x00000000d0043fe1        0x3 
 .rodata.loadSounds.str1.4
                0x00000000d0043fe4       0x84 compiled/project/sound.o
 .rodata.MusicPlay.str1.4
                0x00000000d0044068       0x20 compiled/project/sound.o
 .rodata.shipframetunnel
                0x00000000d0044088       0x19 compiled/project/player.o
                0x00000000d0044088                shipframetunnel
 *fill*         0x00000000d00440a1        0x3 
 .rodata.LoadGraphics.str1.4
                0x00000000d00440a4       0x68 compiled/project/graphics.o
 .rodata.LoadShipGfx.str1.4
                0x00000000d004410c       0x6c compiled/project/graphics.o
 .rodata.LoadCommonGameGraphics.str1.4
                0x00000000d0044178       0x4c compiled/project/graphics.o
 .rodata.DrawHUD.str1.4
                0x00000000d00441c4       0x2f compiled/project/graphics.o
 *fill*         0x00000000d00441f3        0x1 
 .rodata.main.str1.4
                0x00000000d00441f4       0x39 compiled/project/main.o
 *fill*         0x00000000d004422d        0x3 
 .rodata._global_impure_ptr
                0x00000000d0044230        0x4 /opt/st/stm32cubeide_1.6.0/plugins/com.st.stm32cube.ide.mcu.externaltools.gnu-tools-for-stm32.9-2020-q2-update.linux64_1.5.0.202011040924/tools/bin/../lib/gcc/arm-none-eabi/9.3.1/../../../../arm-none-eabi/lib/thumb/v7e-m+dp/hard/libc_nano.a(lib_a-impure.o)
                0x00000000d0044230                _global_impure_ptr
 .rodata.__sf_fake_stderr
                0x00000000d0044234       0x20 /opt/st/stm32cubeide_1.6.0/plugins/com.st.stm32cube.ide.mcu.externaltools.gnu-tools-for-stm32.9-2020-q2-update.linux64_1.5.0.202011040924/tools/bin/../lib/gcc/arm-none-eabi/9.3.1/../../../../arm-none-eabi/lib/thumb/v7e-m+dp/hard/libc_nano.a(lib_a-findfp.o)
                0x00000000d0044234                __sf_fake_stderr
 .rodata.__sf_fake_stdin
                0x00000000d0044254       0x20 /opt/st/stm32cubeide_1.6.0/plugins/com.st.stm32cube.ide.mcu.externaltools.gnu-tools-for-stm32.9-2020-q2-update.linux64_1.5.0.202011040924/tools/bin/../lib/gcc/arm-none-eabi/9.3.1/../../../../arm-none-eabi/lib/thumb/v7e-m+dp/hard/libc_nano.a(lib_a-findfp.o)
                0x00000000d0044254                __sf_fake_stdin
 .rodata.__sf_fake_stdout
                0x00000000d0044274       0x20 /opt/st/stm32cubeide_1.6.0/plugins/com.st.stm32cube.ide.mcu.externaltools.gnu-tools-for-stm32.9-2020-q2-update.linux64_1.5.0.202011040924/tools/bin/../lib/gcc/arm-none-eabi/9.3.1/../../../../arm-none-eabi/lib/thumb/v7e-m+dp/hard/libc_nano.a(lib_a-findfp.o)
                0x00000000d0044274                __sf_fake_stdout
 .rodata._svfprintf_r.str1.1
                0x00000000d0044294       0x11 /opt/st/stm32cubeide_1.6.0/plugins/com.st.stm32cube.ide.mcu.externaltools.gnu-tools-for-stm32.9-2020-q2-update.linux64_1.5.0.202011040924/tools/bin/../lib/gcc/arm-none-eabi/9.3.1/../../../../arm-none-eabi/lib/thumb/v7e-m+dp/hard/libc_nano.a(lib_a-nano-svfprintf.o)
 .rodata._printf_i.str1.1
                0x00000000d00442a5       0x22 /opt/st/stm32cubeide_1.6.0/plugins/com.st.stm32cube.ide.mcu.externaltools.gnu-tools-for-stm32.9-2020-q2-update.linux64_1.5.0.202011040924/tools/bin/../lib/gcc/arm-none-eabi/9.3.1/../../../../arm-none-eabi/lib/thumb/v7e-m+dp/hard/libc_nano.a(lib_a-nano-vfprintf_i.o)

.glue_7         0x00000000d00442c8        0x0
 .glue_7        0x00000000d00442c8        0x0 linker stubs

.glue_7t        0x00000000d00442c8        0x0
 .glue_7t       0x00000000d00442c8        0x0 linker stubs

.vfp11_veneer   0x00000000d00442c8        0x0
 .vfp11_veneer  0x00000000d00442c8        0x0 linker stubs

.v4_bx          0x00000000d00442c8        0x0
 .v4_bx         0x00000000d00442c8        0x0 linker stubs

.init           0x00000000d00442c8        0x4
 .init          0x00000000d00442c8        0x4 /opt/st/stm32cubeide_1.6.0/plugins/com.st.stm32cube.ide.mcu.externaltools.gnu-tools-for-stm32.9-2020-q2-update.linux64_1.5.0.202011040924/tools/bin/../lib/gcc/arm-none-eabi/9.3.1/thumb/v7e-m+dp/hard/crti.o
                0x00000000d00442c8                _init

.fini           0x00000000d00442cc        0x4
 .fini          0x00000000d00442cc        0x4 /opt/st/stm32cubeide_1.6.0/plugins/com.st.stm32cube.ide.mcu.externaltools.gnu-tools-for-stm32.9-2020-q2-update.linux64_1.5.0.202011040924/tools/bin/../lib/gcc/arm-none-eabi/9.3.1/thumb/v7e-m+dp/hard/crti.o
                0x00000000d00442cc                _fini

.iplt           0x00000000d00442d0        0x0
 .iplt          0x00000000d00442d0        0x0 compiled/../../_coreapi_/graphics/graphics.o

.rel.dyn        0x00000000d00442d0        0x0
 .rel.iplt      0x00000000d00442d0        0x0 compiled/../../_coreapi_/graphics/graphics.o

.data           0x00000000d00442e0      0x880
 *(.data*)
 .data.frontclut
                0x00000000d00442e0      0x400 compiled/project/resource.o
                0x00000000d00442e0                frontclut
 .data.tunnelClut
                0x00000000d00446e0      0x400 compiled/project/resource.o
                0x00000000d00446e0                tunnelClut
 .data.health_VAL
                0x00000000d0044ae0        0x1 compiled/project/player.o
                0x00000000d0044ae0                health_VAL
 .data.shields_VAL
                0x00000000d0044ae1        0x1 compiled/project/player.o
                0x00000000d0044ae1                shields_VAL
 *fill*         0x00000000d0044ae2        0x2 
 .data.scoreSizes
                0x00000000d0044ae4       0x12 compiled/project/astroids.o
                0x00000000d0044ae4                scoreSizes
 *fill*         0x00000000d0044af6        0x2 
 .data.rng_state
                0x00000000d0044af8        0x4 compiled/project/functions.o
 .data._impure_ptr
                0x00000000d0044afc        0x4 /opt/st/stm32cubeide_1.6.0/plugins/com.st.stm32cube.ide.mcu.externaltools.gnu-tools-for-stm32.9-2020-q2-update.linux64_1.5.0.202011040924/tools/bin/../lib/gcc/arm-none-eabi/9.3.1/../../../../arm-none-eabi/lib/thumb/v7e-m+dp/hard/libc_nano.a(lib_a-impure.o)
                0x00000000d0044afc                _impure_ptr
 .data.impure_data
                0x00000000d0044b00       0x60 /opt/st/stm32cubeide_1.6.0/plugins/com.st.stm32cube.ide.mcu.externaltools.gnu-tools-for-stm32.9-2020-q2-update.linux64_1.5.0.202011040924/tools/bin/../lib/gcc/arm-none-eabi/9.3.1/../../../../arm-none-eabi/lib/thumb/v7e-m+dp/hard/libc_nano.a(lib_a-impure.o)

.igot.plt       0x00000000d0044b60        0x0
 .igot.plt      0x00000000d0044b60        0x0 compiled/../../_coreapi_/graphics/graphics.o

.bss            0x00000000d0044b60     0x2454
                0x00000000d0044b60                __bss_start__ = .
 *(.bss*)
 .bss.heap_end_u
                0x00000000d0044b60        0x4 compiled/../../_coreapi_/syscalls.o
 .bss.in_write.7321
                0x00000000d0044b64        0x4 compiled/../../_coreapi_/syscalls.o
 .bss.LIVES_VAL
                0x00000000d0044b68        0x1 compiled/project/player.o
                0x00000000d0044b68                LIVES_VAL
 *fill*         0x00000000d0044b69        0x3 
 .bss.SCORE_VAL
                0x00000000d0044b6c        0x4 compiled/project/player.o
                0x00000000d0044b6c                SCORE_VAL
 .bss.WAVES_VAL
                0x00000000d0044b70        0x1 compiled/project/player.o
                0x00000000d0044b70                WAVES_VAL
 .bss.render3dCount
                0x00000000d0044b71        0x1 compiled/project/graphics.o
                0x00000000d0044b71                render3dCount
 .bss.statusTmr
                0x00000000d0044b72        0x1 compiled/project/graphics.o
                0x00000000d0044b72                statusTmr
 .bss.FireState
                0x00000000d0044b73        0x1 compiled/project/main.o
                0x00000000d0044b73                FireState
 .bss.gdb       0x00000000d0044b74        0x1 compiled/project/main.o
                0x00000000d0044b74                gdb
 *fill*         0x00000000d0044b75        0x3 
 .bss.__malloc_free_list
                0x00000000d0044b78        0x4 /opt/st/stm32cubeide_1.6.0/plugins/com.st.stm32cube.ide.mcu.externaltools.gnu-tools-for-stm32.9-2020-q2-update.linux64_1.5.0.202011040924/tools/bin/../lib/gcc/arm-none-eabi/9.3.1/../../../../arm-none-eabi/lib/thumb/v7e-m+dp/hard/libc_nano.a(lib_a-nano-mallocr.o)
                0x00000000d0044b78                __malloc_free_list
 .bss.__malloc_sbrk_start
                0x00000000d0044b7c        0x4 /opt/st/stm32cubeide_1.6.0/plugins/com.st.stm32cube.ide.mcu.externaltools.gnu-tools-for-stm32.9-2020-q2-update.linux64_1.5.0.202011040924/tools/bin/../lib/gcc/arm-none-eabi/9.3.1/../../../../arm-none-eabi/lib/thumb/v7e-m+dp/hard/libc_nano.a(lib_a-nano-mallocr.o)
                0x00000000d0044b7c                __malloc_sbrk_start
 *(COMMON)
 COMMON         0x00000000d0044b80        0x4 compiled/../../_coreapi_/syscalls.o
                0x00000000d0044b80                heap_size
 *fill*         0x00000000d0044b84       0x1c 
 COMMON         0x00000000d0044ba0       0xc4 compiled/project/sound.o
                0x00000000d0044ba0                snd2firem
                0x00000000d0044bc0                sndExplodeSmall
                0x00000000d0044be0                sndThrust
                0x00000000d0044c00                snd1Test
                0x00000000d0044c20                sndCollide
                0x00000000d0044c40                sndShield
                0x00000000d0044c60                sndExplodeBig
 *fill*         0x00000000d0044c64       0x1c 
 COMMON         0x00000000d0044c80      0xbd0 compiled/project/player.o
                0x00000000d0044c80                shipshield
                0x00000000d0044ca0                shipInvincible
                0x00000000d0044ca4                bullet
                0x00000000d0045024                bullet3d
                0x00000000d0045640                shipbullet
                0x00000000d0045660                pills
                0x00000000d00457e0                shiptunnel
                0x00000000d0045800                shipVX
                0x00000000d0045820                shipmain
                0x00000000d0045840                shipVY
                0x00000000d0045844                shipRot
                0x00000000d0045848                shipX
                0x00000000d004584c                shipY
 *fill*         0x00000000d0045850       0x10 
 COMMON         0x00000000d0045860      0x620 compiled/project/astroids.o
                0x00000000d0045860                astroid_bob
                0x00000000d00458e0                astroids3d
                0x00000000d0045b80                astroids
 COMMON         0x00000000d0045e80      0xee0 compiled/project/graphics.o
                0x00000000d0045e80                pills_bob
                0x00000000d0045ea0                explodes
                0x00000000d0046420                powerhealth_bob
                0x00000000d0046440                photons_bob
                0x00000000d0046460                targSheild
                0x00000000d0046464                render3dList
                0x00000000d0046720                flames_bob
                0x00000000d0046740                targHealth
                0x00000000d0046760                font1616_bob
                0x00000000d0046780                vstring
                0x00000000d00467c0                explode_bob
                0x00000000d00467e0                flames
 COMMON         0x00000000d0046d60      0x244 compiled/project/main.o
                0x00000000d0046d60                tunnelsect
                0x00000000d0046e60                backbitmap
                0x00000000d0046e80                backscreenx
                0x00000000d0046e84                backscreeny
                0x00000000d0046e88                bm2
                0x00000000d0046ea0                tunnelbg
                0x00000000d0046fa0                bm1
 COMMON         0x00000000d0046fa4        0x9 /opt/st/stm32cubeide_1.6.0/plugins/com.st.stm32cube.ide.mcu.externaltools.gnu-tools-for-stm32.9-2020-q2-update.linux64_1.5.0.202011040924/tools/bin/../lib/gcc/arm-none-eabi/9.3.1/../../../../arm-none-eabi/lib/thumb/v7e-m+dp/hard/libc_nano.a(lib_a-lock.o)
                0x00000000d0046fa4                __lock___atexit_recursive_mutex
                0x00000000d0046fa5                __lock___arc4random_mutex
                0x00000000d0046fa6                __lock___env_recursive_mutex
                0x00000000d0046fa7                __lock___sinit_recursive_mutex
                0x00000000d0046fa8                __lock___malloc_recursive_mutex
                0x00000000d0046fa9                __lock___at_quick_exit_mutex
                0x00000000d0046faa                __lock___dd_hash_mutex
                0x00000000d0046fab                __lock___tz_mutex
                0x00000000d0046fac                __lock___sfp_recursive_mutex
 *fill*         0x00000000d0046fad        0x3 
 COMMON         0x00000000d0046fb0        0x4 /opt/st/stm32cubeide_1.6.0/plugins/com.st.stm32cube.ide.mcu.externaltools.gnu-tools-for-stm32.9-2020-q2-update.linux64_1.5.0.202011040924/tools/bin/../lib/gcc/arm-none-eabi/9.3.1/../../../../arm-none-eabi/lib/thumb/v7e-m+dp/hard/libc_nano.a(lib_a-reent.o)
                0x00000000d0046fb0                errno
                0x00000000d0046fb4                __bss_end__ = .

.stack          0x00000000d0046fb4     0x2004
                0x00000000d0046fb8                . = ALIGN (0x8)
 *fill*         0x00000000d0046fb4        0x4 
                0x00000000d0046fb8                __stack_start__ = .
                0x00000000d0048fb8                . = (. + _stack_size)
 *fill*         0x00000000d0046fb8     0x2000 
                0x00000000d0048fb8                . = ALIGN (0x8)
                0x00000000d0048fb8                __stack_end__ = .

.rodata
 *(.rodata*)
                [!provide]                        PROVIDE (__app_end_clear = __stack_end__)
                [!provide]                        PROVIDE (_estack = __stack_end__)
                0x00000000d0048fb8                _end = .
                0x00000000d0048fb8                __app_end = .
OUTPUT(compiled/applet.elf elf32-littlearm)
LOAD linker stubs

.ARM.attributes
                0x0000000000000000       0x2e
 .ARM.attributes
                0x0000000000000000       0x1e /opt/st/stm32cubeide_1.6.0/plugins/com.st.stm32cube.ide.mcu.externaltools.gnu-tools-for-stm32.9-2020-q2-update.linux64_1.5.0.202011040924/tools/bin/../lib/gcc/arm-none-eabi/9.3.1/thumb/v7e-m+dp/hard/crti.o
 .ARM.attributes
                0x000000000000001e       0x2c compiled/../../_coreapi_/graphics/graphics.o
 .ARM.attributes
                0x000000000000004a       0x2c compiled/../../_coreapi_/syscalls.o
 .ARM.attributes
                0x0000000000000076       0x2c compiled/../../_coreapi_/audio/audio.o
 .ARM.attributes
                0x00000000000000a2       0x31 compiled/project/resource.o
 .ARM.attributes
                0x00000000000000d3       0x2c compiled/project/sound.o
 .ARM.attributes
                0x00000000000000ff       0x2c compiled/project/player.o
 .ARM.attributes
                0x000000000000012b       0x2c compiled/project/astroids.o
 .ARM.attributes
                0x0000000000000157       0x2c compiled/project/graphics.o
 .ARM.attributes
                0x0000000000000183       0x2c compiled/project/functions.o
 .ARM.attributes
                0x00000000000001af       0x2c compiled/project/main.o
 .ARM.attributes
                0x00000000000001db       0x32 /opt/st/stm32cubeide_1.6.0/plugins/com.st.stm32cube.ide.mcu.externaltools.gnu-tools-for-stm32.9-2020-q2-update.linux64_1.5.0.202011040924/tools/bin/../lib/gcc/arm-none-eabi/9.3.1/../../../../arm-none-eabi/lib/thumb/v7e-m+dp/hard/libc_nano.a(lib_a-errno.o)
 .ARM.attributes
                0x000000000000020d       0x30 /opt/st/stm32cubeide_1.6.0/plugins/com.st.stm32cube.ide.mcu.externaltools.gnu-tools-for-stm32.9-2020-q2-update.linux64_1.5.0.202011040924/tools/bin/../lib/gcc/arm-none-eabi/9.3.1/../../../../arm-none-eabi/lib/thumb/v7e-m+dp/hard/libc_nano.a(lib_a-impure.o)
 .ARM.attributes
                0x000000000000023d       0x32 /opt/st/stm32cubeide_1.6.0/plugins/com.st.stm32cube.ide.mcu.externaltools.gnu-tools-for-stm32.9-2020-q2-update.linux64_1.5.0.202011040924/tools/bin/../lib/gcc/arm-none-eabi/9.3.1/../../../../arm-none-eabi/lib/thumb/v7e-m+dp/hard/libc_nano.a(lib_a-malloc.o)
 .ARM.attributes
                0x000000000000026f       0x32 /opt/st/stm32cubeide_1.6.0/plugins/com.st.stm32cube.ide.mcu.externaltools.gnu-tools-for-stm32.9-2020-q2-update.linux64_1.5.0.202011040924/tools/bin/../lib/gcc/arm-none-eabi/9.3.1/../../../../arm-none-eabi/lib/thumb/v7e-m+dp/hard/libc_nano.a(lib_a-memcmp.o)
 .ARM.attributes
                0x00000000000002a1       0x32 /opt/st/stm32cubeide_1.6.0/plugins/com.st.stm32cube.ide.mcu.externaltools.gnu-tools-for-stm32.9-2020-q2-update.linux64_1.5.0.202011040924/tools/bin/../lib/gcc/arm-none-eabi/9.3.1/../../../../arm-none-eabi/lib/thumb/v7e-m+dp/hard/libc_nano.a(lib_a-memcpy-stub.o)
 .ARM.attributes
                0x00000000000002d3       0x32 /opt/st/stm32cubeide_1.6.0/plugins/com.st.stm32cube.ide.mcu.externaltools.gnu-tools-for-stm32.9-2020-q2-update.linux64_1.5.0.202011040924/tools/bin/../lib/gcc/arm-none-eabi/9.3.1/../../../../arm-none-eabi/lib/thumb/v7e-m+dp/hard/libc_nano.a(lib_a-memset.o)
 .ARM.attributes
                0x0000000000000305       0x32 /opt/st/stm32cubeide_1.6.0/plugins/com.st.stm32cube.ide.mcu.externaltools.gnu-tools-for-stm32.9-2020-q2-update.linux64_1.5.0.202011040924/tools/bin/../lib/gcc/arm-none-eabi/9.3.1/../../../../arm-none-eabi/lib/thumb/v7e-m+dp/hard/libc_nano.a(lib_a-nano-freer.o)
 .ARM.attributes
                0x0000000000000337       0x32 /opt/st/stm32cubeide_1.6.0/plugins/com.st.stm32cube.ide.mcu.externaltools.gnu-tools-for-stm32.9-2020-q2-update.linux64_1.5.0.202011040924/tools/bin/../lib/gcc/arm-none-eabi/9.3.1/../../../../arm-none-eabi/lib/thumb/v7e-m+dp/hard/libc_nano.a(lib_a-nano-mallocr.o)
 .ARM.attributes
                0x0000000000000369       0x32 /opt/st/stm32cubeide_1.6.0/plugins/com.st.stm32cube.ide.mcu.externaltools.gnu-tools-for-stm32.9-2020-q2-update.linux64_1.5.0.202011040924/tools/bin/../lib/gcc/arm-none-eabi/9.3.1/../../../../arm-none-eabi/lib/thumb/v7e-m+dp/hard/libc_nano.a(lib_a-setbuf.o)
 .ARM.attributes
                0x000000000000039b       0x32 /opt/st/stm32cubeide_1.6.0/plugins/com.st.stm32cube.ide.mcu.externaltools.gnu-tools-for-stm32.9-2020-q2-update.linux64_1.5.0.202011040924/tools/bin/../lib/gcc/arm-none-eabi/9.3.1/../../../../arm-none-eabi/lib/thumb/v7e-m+dp/hard/libc_nano.a(lib_a-setvbuf.o)
 .ARM.attributes
                0x00000000000003cd       0x32 /opt/st/stm32cubeide_1.6.0/plugins/com.st.stm32cube.ide.mcu.externaltools.gnu-tools-for-stm32.9-2020-q2-update.linux64_1.5.0.202011040924/tools/bin/../lib/gcc/arm-none-eabi/9.3.1/../../../../arm-none-eabi/lib/thumb/v7e-m+dp/hard/libc_nano.a(lib_a-sprintf.o)
 .ARM.attributes
                0x00000000000003ff       0x32 /opt/st/stm32cubeide_1.6.0/plugins/com.st.stm32cube.ide.mcu.externaltools.gnu-tools-for-stm32.9-2020-q2-update.linux64_1.5.0.202011040924/tools/bin/../lib/gcc/arm-none-eabi/9.3.1/../../../../arm-none-eabi/lib/thumb/v7e-m+dp/hard/libc_nano.a(lib_a-fflush.o)
 .ARM.attributes
                0x0000000000000431       0x32 /opt/st/stm32cubeide_1.6.0/plugins/com.st.stm32cube.ide.mcu.externaltools.gnu-tools-for-stm32.9-2020-q2-update.linux64_1.5.0.202011040924/tools/bin/../lib/gcc/arm-none-eabi/9.3.1/../../../../arm-none-eabi/lib/thumb/v7e-m+dp/hard/libc_nano.a(lib_a-findfp.o)
 .ARM.attributes
                0x0000000000000463       0x32 /opt/st/stm32cubeide_1.6.0/plugins/com.st.stm32cube.ide.mcu.externaltools.gnu-tools-for-stm32.9-2020-q2-update.linux64_1.5.0.202011040924/tools/bin/../lib/gcc/arm-none-eabi/9.3.1/../../../../arm-none-eabi/lib/thumb/v7e-m+dp/hard/libc_nano.a(lib_a-fwalk.o)
 .ARM.attributes
                0x0000000000000495       0x32 /opt/st/stm32cubeide_1.6.0/plugins/com.st.stm32cube.ide.mcu.externaltools.gnu-tools-for-stm32.9-2020-q2-update.linux64_1.5.0.202011040924/tools/bin/../lib/gcc/arm-none-eabi/9.3.1/../../../../arm-none-eabi/lib/thumb/v7e-m+dp/hard/libc_nano.a(lib_a-lock.o)
 .ARM.attributes
                0x00000000000004c7       0x32 /opt/st/stm32cubeide_1.6.0/plugins/com.st.stm32cube.ide.mcu.externaltools.gnu-tools-for-stm32.9-2020-q2-update.linux64_1.5.0.202011040924/tools/bin/../lib/gcc/arm-none-eabi/9.3.1/../../../../arm-none-eabi/lib/thumb/v7e-m+dp/hard/libc_nano.a(lib_a-makebuf.o)
 .ARM.attributes
                0x00000000000004f9       0x32 /opt/st/stm32cubeide_1.6.0/plugins/com.st.stm32cube.ide.mcu.externaltools.gnu-tools-for-stm32.9-2020-q2-update.linux64_1.5.0.202011040924/tools/bin/../lib/gcc/arm-none-eabi/9.3.1/../../../../arm-none-eabi/lib/thumb/v7e-m+dp/hard/libc_nano.a(lib_a-mlock.o)
 .ARM.attributes
                0x000000000000052b       0x32 /opt/st/stm32cubeide_1.6.0/plugins/com.st.stm32cube.ide.mcu.externaltools.gnu-tools-for-stm32.9-2020-q2-update.linux64_1.5.0.202011040924/tools/bin/../lib/gcc/arm-none-eabi/9.3.1/../../../../arm-none-eabi/lib/thumb/v7e-m+dp/hard/libc_nano.a(lib_a-nano-svfprintf.o)
 .ARM.attributes
                0x000000000000055d       0x32 /opt/st/stm32cubeide_1.6.0/plugins/com.st.stm32cube.ide.mcu.externaltools.gnu-tools-for-stm32.9-2020-q2-update.linux64_1.5.0.202011040924/tools/bin/../lib/gcc/arm-none-eabi/9.3.1/../../../../arm-none-eabi/lib/thumb/v7e-m+dp/hard/libc_nano.a(lib_a-nano-vfprintf_i.o)
 .ARM.attributes
                0x000000000000058f       0x32 /opt/st/stm32cubeide_1.6.0/plugins/com.st.stm32cube.ide.mcu.externaltools.gnu-tools-for-stm32.9-2020-q2-update.linux64_1.5.0.202011040924/tools/bin/../lib/gcc/arm-none-eabi/9.3.1/../../../../arm-none-eabi/lib/thumb/v7e-m+dp/hard/libc_nano.a(lib_a-stdio.o)
 .ARM.attributes
                0x00000000000005c1       0x32 /opt/st/stm32cubeide_1.6.0/plugins/com.st.stm32cube.ide.mcu.externaltools.gnu-tools-for-stm32.9-2020-q2-update.linux64_1.5.0.202011040924/tools/bin/../lib/gcc/arm-none-eabi/9.3.1/../../../../arm-none-eabi/lib/thumb/v7e-m+dp/hard/libc_nano.a(lib_a-closer.o)
 .ARM.attributes
                0x00000000000005f3       0x32 /opt/st/stm32cubeide_1.6.0/plugins/com.st.stm32cube.ide.mcu.externaltools.gnu-tools-for-stm32.9-2020-q2-update.linux64_1.5.0.202011040924/tools/bin/../lib/gcc/arm-none-eabi/9.3.1/../../../../arm-none-eabi/lib/thumb/v7e-m+dp/hard/libc_nano.a(lib_a-fstatr.o)
 .ARM.attributes
                0x0000000000000625       0x32 /opt/st/stm32cubeide_1.6.0/plugins/com.st.stm32cube.ide.mcu.externaltools.gnu-tools-for-stm32.9-2020-q2-update.linux64_1.5.0.202011040924/tools/bin/../lib/gcc/arm-none-eabi/9.3.1/../../../../arm-none-eabi/lib/thumb/v7e-m+dp/hard/libc_nano.a(lib_a-lseekr.o)
 .ARM.attributes
                0x0000000000000657       0x1c /opt/st/stm32cubeide_1.6.0/plugins/com.st.stm32cube.ide.mcu.externaltools.gnu-tools-for-stm32.9-2020-q2-update.linux64_1.5.0.202011040924/tools/bin/../lib/gcc/arm-none-eabi/9.3.1/../../../../arm-none-eabi/lib/thumb/v7e-m+dp/hard/libc_nano.a(lib_a-memchr.o)
 .ARM.attributes
                0x0000000000000673       0x32 /opt/st/stm32cubeide_1.6.0/plugins/com.st.stm32cube.ide.mcu.externaltools.gnu-tools-for-stm32.9-2020-q2-update.linux64_1.5.0.202011040924/tools/bin/../lib/gcc/arm-none-eabi/9.3.1/../../../../arm-none-eabi/lib/thumb/v7e-m+dp/hard/libc_nano.a(lib_a-memmove.o)
 .ARM.attributes
                0x00000000000006a5       0x32 /opt/st/stm32cubeide_1.6.0/plugins/com.st.stm32cube.ide.mcu.externaltools.gnu-tools-for-stm32.9-2020-q2-update.linux64_1.5.0.202011040924/tools/bin/../lib/gcc/arm-none-eabi/9.3.1/../../../../arm-none-eabi/lib/thumb/v7e-m+dp/hard/libc_nano.a(lib_a-nano-reallocr.o)
 .ARM.attributes
                0x00000000000006d7       0x32 /opt/st/stm32cubeide_1.6.0/plugins/com.st.stm32cube.ide.mcu.externaltools.gnu-tools-for-stm32.9-2020-q2-update.linux64_1.5.0.202011040924/tools/bin/../lib/gcc/arm-none-eabi/9.3.1/../../../../arm-none-eabi/lib/thumb/v7e-m+dp/hard/libc_nano.a(lib_a-readr.o)
 .ARM.attributes
                0x0000000000000709       0x32 /opt/st/stm32cubeide_1.6.0/plugins/com.st.stm32cube.ide.mcu.externaltools.gnu-tools-for-stm32.9-2020-q2-update.linux64_1.5.0.202011040924/tools/bin/../lib/gcc/arm-none-eabi/9.3.1/../../../../arm-none-eabi/lib/thumb/v7e-m+dp/hard/libc_nano.a(lib_a-reent.o)
 .ARM.attributes
                0x000000000000073b       0x32 /opt/st/stm32cubeide_1.6.0/plugins/com.st.stm32cube.ide.mcu.externaltools.gnu-tools-for-stm32.9-2020-q2-update.linux64_1.5.0.202011040924/tools/bin/../lib/gcc/arm-none-eabi/9.3.1/../../../../arm-none-eabi/lib/thumb/v7e-m+dp/hard/libc_nano.a(lib_a-nano-msizer.o)

.comment        0x0000000000000000       0x53
 .comment       0x0000000000000000       0x53 compiled/../../_coreapi_/graphics/graphics.o
                                         0x54 (size before relaxing)
 .comment       0x0000000000000053       0x54 compiled/../../_coreapi_/syscalls.o
 .comment       0x0000000000000053       0x54 compiled/../../_coreapi_/audio/audio.o
 .comment       0x0000000000000053       0x54 compiled/project/resource.o
 .comment       0x0000000000000053       0x54 compiled/project/sound.o
 .comment       0x0000000000000053       0x54 compiled/project/player.o
 .comment       0x0000000000000053       0x54 compiled/project/astroids.o
 .comment       0x0000000000000053       0x54 compiled/project/graphics.o
 .comment       0x0000000000000053       0x54 compiled/project/functions.o
 .comment       0x0000000000000053       0x54 compiled/project/main.o

.debug_frame    0x0000000000000000      0x82c
 .debug_frame   0x0000000000000000       0x20 /opt/st/stm32cubeide_1.6.0/plugins/com.st.stm32cube.ide.mcu.externaltools.gnu-tools-for-stm32.9-2020-q2-update.linux64_1.5.0.202011040924/tools/bin/../lib/gcc/arm-none-eabi/9.3.1/../../../../arm-none-eabi/lib/thumb/v7e-m+dp/hard/libc_nano.a(lib_a-errno.o)
 .debug_frame   0x0000000000000020       0x30 /opt/st/stm32cubeide_1.6.0/plugins/com.st.stm32cube.ide.mcu.externaltools.gnu-tools-for-stm32.9-2020-q2-update.linux64_1.5.0.202011040924/tools/bin/../lib/gcc/arm-none-eabi/9.3.1/../../../../arm-none-eabi/lib/thumb/v7e-m+dp/hard/libc_nano.a(lib_a-malloc.o)
 .debug_frame   0x0000000000000050       0x2c /opt/st/stm32cubeide_1.6.0/plugins/com.st.stm32cube.ide.mcu.externaltools.gnu-tools-for-stm32.9-2020-q2-update.linux64_1.5.0.202011040924/tools/bin/../lib/gcc/arm-none-eabi/9.3.1/../../../../arm-none-eabi/lib/thumb/v7e-m+dp/hard/libc_nano.a(lib_a-memcmp.o)
 .debug_frame   0x000000000000007c       0x28 /opt/st/stm32cubeide_1.6.0/plugins/com.st.stm32cube.ide.mcu.externaltools.gnu-tools-for-stm32.9-2020-q2-update.linux64_1.5.0.202011040924/tools/bin/../lib/gcc/arm-none-eabi/9.3.1/../../../../arm-none-eabi/lib/thumb/v7e-m+dp/hard/libc_nano.a(lib_a-memcpy-stub.o)
 .debug_frame   0x00000000000000a4       0x20 /opt/st/stm32cubeide_1.6.0/plugins/com.st.stm32cube.ide.mcu.externaltools.gnu-tools-for-stm32.9-2020-q2-update.linux64_1.5.0.202011040924/tools/bin/../lib/gcc/arm-none-eabi/9.3.1/../../../../arm-none-eabi/lib/thumb/v7e-m+dp/hard/libc_nano.a(lib_a-memset.o)
 .debug_frame   0x00000000000000c4       0x38 /opt/st/stm32cubeide_1.6.0/plugins/com.st.stm32cube.ide.mcu.externaltools.gnu-tools-for-stm32.9-2020-q2-update.linux64_1.5.0.202011040924/tools/bin/../lib/gcc/arm-none-eabi/9.3.1/../../../../arm-none-eabi/lib/thumb/v7e-m+dp/hard/libc_nano.a(lib_a-nano-freer.o)
 .debug_frame   0x00000000000000fc       0x30 /opt/st/stm32cubeide_1.6.0/plugins/com.st.stm32cube.ide.mcu.externaltools.gnu-tools-for-stm32.9-2020-q2-update.linux64_1.5.0.202011040924/tools/bin/../lib/gcc/arm-none-eabi/9.3.1/../../../../arm-none-eabi/lib/thumb/v7e-m+dp/hard/libc_nano.a(lib_a-nano-mallocr.o)
 .debug_frame   0x000000000000012c       0x20 /opt/st/stm32cubeide_1.6.0/plugins/com.st.stm32cube.ide.mcu.externaltools.gnu-tools-for-stm32.9-2020-q2-update.linux64_1.5.0.202011040924/tools/bin/../lib/gcc/arm-none-eabi/9.3.1/../../../../arm-none-eabi/lib/thumb/v7e-m+dp/hard/libc_nano.a(lib_a-setbuf.o)
 .debug_frame   0x000000000000014c       0x38 /opt/st/stm32cubeide_1.6.0/plugins/com.st.stm32cube.ide.mcu.externaltools.gnu-tools-for-stm32.9-2020-q2-update.linux64_1.5.0.202011040924/tools/bin/../lib/gcc/arm-none-eabi/9.3.1/../../../../arm-none-eabi/lib/thumb/v7e-m+dp/hard/libc_nano.a(lib_a-setvbuf.o)
 .debug_frame   0x0000000000000184       0x6c /opt/st/stm32cubeide_1.6.0/plugins/com.st.stm32cube.ide.mcu.externaltools.gnu-tools-for-stm32.9-2020-q2-update.linux64_1.5.0.202011040924/tools/bin/../lib/gcc/arm-none-eabi/9.3.1/../../../../arm-none-eabi/lib/thumb/v7e-m+dp/hard/libc_nano.a(lib_a-sprintf.o)
 .debug_frame   0x00000000000001f0       0x5c /opt/st/stm32cubeide_1.6.0/plugins/com.st.stm32cube.ide.mcu.externaltools.gnu-tools-for-stm32.9-2020-q2-update.linux64_1.5.0.202011040924/tools/bin/../lib/gcc/arm-none-eabi/9.3.1/../../../../arm-none-eabi/lib/thumb/v7e-m+dp/hard/libc_nano.a(lib_a-fflush.o)
 .debug_frame   0x000000000000024c      0x14c /opt/st/stm32cubeide_1.6.0/plugins/com.st.stm32cube.ide.mcu.externaltools.gnu-tools-for-stm32.9-2020-q2-update.linux64_1.5.0.202011040924/tools/bin/../lib/gcc/arm-none-eabi/9.3.1/../../../../arm-none-eabi/lib/thumb/v7e-m+dp/hard/libc_nano.a(lib_a-findfp.o)
 .debug_frame   0x0000000000000398       0x54 /opt/st/stm32cubeide_1.6.0/plugins/com.st.stm32cube.ide.mcu.externaltools.gnu-tools-for-stm32.9-2020-q2-update.linux64_1.5.0.202011040924/tools/bin/../lib/gcc/arm-none-eabi/9.3.1/../../../../arm-none-eabi/lib/thumb/v7e-m+dp/hard/libc_nano.a(lib_a-fwalk.o)
 .debug_frame   0x00000000000003ec       0xb0 /opt/st/stm32cubeide_1.6.0/plugins/com.st.stm32cube.ide.mcu.externaltools.gnu-tools-for-stm32.9-2020-q2-update.linux64_1.5.0.202011040924/tools/bin/../lib/gcc/arm-none-eabi/9.3.1/../../../../arm-none-eabi/lib/thumb/v7e-m+dp/hard/libc_nano.a(lib_a-lock.o)
 .debug_frame   0x000000000000049c       0x58 /opt/st/stm32cubeide_1.6.0/plugins/com.st.stm32cube.ide.mcu.externaltools.gnu-tools-for-stm32.9-2020-q2-update.linux64_1.5.0.202011040924/tools/bin/../lib/gcc/arm-none-eabi/9.3.1/../../../../arm-none-eabi/lib/thumb/v7e-m+dp/hard/libc_nano.a(lib_a-makebuf.o)
 .debug_frame   0x00000000000004f4       0x30 /opt/st/stm32cubeide_1.6.0/plugins/com.st.stm32cube.ide.mcu.externaltools.gnu-tools-for-stm32.9-2020-q2-update.linux64_1.5.0.202011040924/tools/bin/../lib/gcc/arm-none-eabi/9.3.1/../../../../arm-none-eabi/lib/thumb/v7e-m+dp/hard/libc_nano.a(lib_a-mlock.o)
 .debug_frame   0x0000000000000524       0x90 /opt/st/stm32cubeide_1.6.0/plugins/com.st.stm32cube.ide.mcu.externaltools.gnu-tools-for-stm32.9-2020-q2-update.linux64_1.5.0.202011040924/tools/bin/../lib/gcc/arm-none-eabi/9.3.1/../../../../arm-none-eabi/lib/thumb/v7e-m+dp/hard/libc_nano.a(lib_a-nano-svfprintf.o)
 .debug_frame   0x00000000000005b4       0x60 /opt/st/stm32cubeide_1.6.0/plugins/com.st.stm32cube.ide.mcu.externaltools.gnu-tools-for-stm32.9-2020-q2-update.linux64_1.5.0.202011040924/tools/bin/../lib/gcc/arm-none-eabi/9.3.1/../../../../arm-none-eabi/lib/thumb/v7e-m+dp/hard/libc_nano.a(lib_a-nano-vfprintf_i.o)
 .debug_frame   0x0000000000000614       0x88 /opt/st/stm32cubeide_1.6.0/plugins/com.st.stm32cube.ide.mcu.externaltools.gnu-tools-for-stm32.9-2020-q2-update.linux64_1.5.0.202011040924/tools/bin/../lib/gcc/arm-none-eabi/9.3.1/../../../../arm-none-eabi/lib/thumb/v7e-m+dp/hard/libc_nano.a(lib_a-stdio.o)
 .debug_frame   0x000000000000069c       0x2c /opt/st/stm32cubeide_1.6.0/plugins/com.st.stm32cube.ide.mcu.externaltools.gnu-tools-for-stm32.9-2020-q2-update.linux64_1.5.0.202011040924/tools/bin/../lib/gcc/arm-none-eabi/9.3.1/../../../../arm-none-eabi/lib/thumb/v7e-m+dp/hard/libc_nano.a(lib_a-closer.o)
 .debug_frame   0x00000000000006c8       0x2c /opt/st/stm32cubeide_1.6.0/plugins/com.st.stm32cube.ide.mcu.externaltools.gnu-tools-for-stm32.9-2020-q2-update.linux64_1.5.0.202011040924/tools/bin/../lib/gcc/arm-none-eabi/9.3.1/../../../../arm-none-eabi/lib/thumb/v7e-m+dp/hard/libc_nano.a(lib_a-fstatr.o)
 .debug_frame   0x00000000000006f4       0x2c /opt/st/stm32cubeide_1.6.0/plugins/com.st.stm32cube.ide.mcu.externaltools.gnu-tools-for-stm32.9-2020-q2-update.linux64_1.5.0.202011040924/tools/bin/../lib/gcc/arm-none-eabi/9.3.1/../../../../arm-none-eabi/lib/thumb/v7e-m+dp/hard/libc_nano.a(lib_a-lseekr.o)
 .debug_frame   0x0000000000000720       0x28 /opt/st/stm32cubeide_1.6.0/plugins/com.st.stm32cube.ide.mcu.externaltools.gnu-tools-for-stm32.9-2020-q2-update.linux64_1.5.0.202011040924/tools/bin/../lib/gcc/arm-none-eabi/9.3.1/../../../../arm-none-eabi/lib/thumb/v7e-m+dp/hard/libc_nano.a(lib_a-memmove.o)
 .debug_frame   0x0000000000000748       0x3c /opt/st/stm32cubeide_1.6.0/plugins/com.st.stm32cube.ide.mcu.externaltools.gnu-tools-for-stm32.9-2020-q2-update.linux64_1.5.0.202011040924/tools/bin/../lib/gcc/arm-none-eabi/9.3.1/../../../../arm-none-eabi/lib/thumb/v7e-m+dp/hard/libc_nano.a(lib_a-nano-reallocr.o)
 .debug_frame   0x0000000000000784       0x2c /opt/st/stm32cubeide_1.6.0/plugins/com.st.stm32cube.ide.mcu.externaltools.gnu-tools-for-stm32.9-2020-q2-update.linux64_1.5.0.202011040924/tools/bin/../lib/gcc/arm-none-eabi/9.3.1/../../../../arm-none-eabi/lib/thumb/v7e-m+dp/hard/libc_nano.a(lib_a-readr.o)
 .debug_frame   0x00000000000007b0       0x5c /opt/st/stm32cubeide_1.6.0/plugins/com.st.stm32cube.ide.mcu.externaltools.gnu-tools-for-stm32.9-2020-q2-update.linux64_1.5.0.202011040924/tools/bin/../lib/gcc/arm-none-eabi/9.3.1/../../../../arm-none-eabi/lib/thumb/v7e-m+dp/hard/libc_nano.a(lib_a-reent.o)
 .debug_frame   0x000000000000080c       0x20 /opt/st/stm32cubeide_1.6.0/plugins/com.st.stm32cube.ide.mcu.externaltools.gnu-tools-for-stm32.9-2020-q2-update.linux64_1.5.0.202011040924/tools/bin/../lib/gcc/arm-none-eabi/9.3.1/../../../../arm-none-eabi/lib/thumb/v7e-m+dp/hard/libc_nano.a(lib_a-nano-msizer.o)
