Archive member included to satisfy reference by file (symbol)

/home/kbox/sidbox-applet-compiler/tools/bin/../lib/gcc/arm-none-eabi/9.3.1/../../../../arm-none-eabi/lib/thumb/v7e-m+dp/hard/libc_nano.a(lib_a-errno.o)
                              compiled/../../_coreapi_/syscalls.o (__errno)
/home/kbox/sidbox-applet-compiler/tools/bin/../lib/gcc/arm-none-eabi/9.3.1/../../../../arm-none-eabi/lib/thumb/v7e-m+dp/hard/libc_nano.a(lib_a-exit.o)
                              /home/kbox/sidbox-applet-compiler/tools/bin/../lib/gcc/arm-none-eabi/9.3.1/../../../../arm-none-eabi/lib/thumb/v7e-m+dp/hard/crt0.o (exit)
/home/kbox/sidbox-applet-compiler/tools/bin/../lib/gcc/arm-none-eabi/9.3.1/../../../../arm-none-eabi/lib/thumb/v7e-m+dp/hard/libc_nano.a(lib_a-impure.o)
                              /home/kbox/sidbox-applet-compiler/tools/bin/../lib/gcc/arm-none-eabi/9.3.1/../../../../arm-none-eabi/lib/thumb/v7e-m+dp/hard/libc_nano.a(lib_a-exit.o) (_global_impure_ptr)
/home/kbox/sidbox-applet-compiler/tools/bin/../lib/gcc/arm-none-eabi/9.3.1/../../../../arm-none-eabi/lib/thumb/v7e-m+dp/hard/libc_nano.a(lib_a-init.o)
                              /home/kbox/sidbox-applet-compiler/tools/bin/../lib/gcc/arm-none-eabi/9.3.1/../../../../arm-none-eabi/lib/thumb/v7e-m+dp/hard/crt0.o (__libc_init_array)
/home/kbox/sidbox-applet-compiler/tools/bin/../lib/gcc/arm-none-eabi/9.3.1/../../../../arm-none-eabi/lib/thumb/v7e-m+dp/hard/libc_nano.a(lib_a-malloc.o)
                              compiled/../../_coreapi_/graphics/graphics.o (malloc)
/home/kbox/sidbox-applet-compiler/tools/bin/../lib/gcc/arm-none-eabi/9.3.1/../../../../arm-none-eabi/lib/thumb/v7e-m+dp/hard/libc_nano.a(lib_a-memcmp.o)
                              compiled/../../_coreapi_/audio/audio.o (memcmp)
/home/kbox/sidbox-applet-compiler/tools/bin/../lib/gcc/arm-none-eabi/9.3.1/../../../../arm-none-eabi/lib/thumb/v7e-m+dp/hard/libc_nano.a(lib_a-memcpy-stub.o)
                              compiled/project/graphics.o (memcpy)
/home/kbox/sidbox-applet-compiler/tools/bin/../lib/gcc/arm-none-eabi/9.3.1/../../../../arm-none-eabi/lib/thumb/v7e-m+dp/hard/libc_nano.a(lib_a-memset.o)
                              /home/kbox/sidbox-applet-compiler/tools/bin/../lib/gcc/arm-none-eabi/9.3.1/../../../../arm-none-eabi/lib/thumb/v7e-m+dp/hard/crt0.o (memset)
/home/kbox/sidbox-applet-compiler/tools/bin/../lib/gcc/arm-none-eabi/9.3.1/../../../../arm-none-eabi/lib/thumb/v7e-m+dp/hard/libc_nano.a(lib_a-nano-freer.o)
                              /home/kbox/sidbox-applet-compiler/tools/bin/../lib/gcc/arm-none-eabi/9.3.1/../../../../arm-none-eabi/lib/thumb/v7e-m+dp/hard/libc_nano.a(lib_a-malloc.o) (_free_r)
/home/kbox/sidbox-applet-compiler/tools/bin/../lib/gcc/arm-none-eabi/9.3.1/../../../../arm-none-eabi/lib/thumb/v7e-m+dp/hard/libc_nano.a(lib_a-nano-mallocr.o)
                              /home/kbox/sidbox-applet-compiler/tools/bin/../lib/gcc/arm-none-eabi/9.3.1/../../../../arm-none-eabi/lib/thumb/v7e-m+dp/hard/libc_nano.a(lib_a-malloc.o) (_malloc_r)
/home/kbox/sidbox-applet-compiler/tools/bin/../lib/gcc/arm-none-eabi/9.3.1/../../../../arm-none-eabi/lib/thumb/v7e-m+dp/hard/libc_nano.a(lib_a-setbuf.o)
                              compiled/../../_coreapi_/syscalls.o (setbuf)
/home/kbox/sidbox-applet-compiler/tools/bin/../lib/gcc/arm-none-eabi/9.3.1/../../../../arm-none-eabi/lib/thumb/v7e-m+dp/hard/libc_nano.a(lib_a-setvbuf.o)
                              /home/kbox/sidbox-applet-compiler/tools/bin/../lib/gcc/arm-none-eabi/9.3.1/../../../../arm-none-eabi/lib/thumb/v7e-m+dp/hard/libc_nano.a(lib_a-setbuf.o) (setvbuf)
/home/kbox/sidbox-applet-compiler/tools/bin/../lib/gcc/arm-none-eabi/9.3.1/../../../../arm-none-eabi/lib/thumb/v7e-m+dp/hard/libc_nano.a(lib_a-sprintf.o)
                              compiled/project/graphics.o (sprintf)
/home/kbox/sidbox-applet-compiler/tools/bin/../lib/gcc/arm-none-eabi/9.3.1/../../../../arm-none-eabi/lib/thumb/v7e-m+dp/hard/libc_nano.a(lib_a-fflush.o)
                              /home/kbox/sidbox-applet-compiler/tools/bin/../lib/gcc/arm-none-eabi/9.3.1/../../../../arm-none-eabi/lib/thumb/v7e-m+dp/hard/libc_nano.a(lib_a-setvbuf.o) (_fflush_r)
/home/kbox/sidbox-applet-compiler/tools/bin/../lib/gcc/arm-none-eabi/9.3.1/../../../../arm-none-eabi/lib/thumb/v7e-m+dp/hard/libc_nano.a(lib_a-findfp.o)
                              /home/kbox/sidbox-applet-compiler/tools/bin/../lib/gcc/arm-none-eabi/9.3.1/../../../../arm-none-eabi/lib/thumb/v7e-m+dp/hard/libc_nano.a(lib_a-setvbuf.o) (__sinit)
/home/kbox/sidbox-applet-compiler/tools/bin/../lib/gcc/arm-none-eabi/9.3.1/../../../../arm-none-eabi/lib/thumb/v7e-m+dp/hard/libc_nano.a(lib_a-fwalk.o)
                              /home/kbox/sidbox-applet-compiler/tools/bin/../lib/gcc/arm-none-eabi/9.3.1/../../../../arm-none-eabi/lib/thumb/v7e-m+dp/hard/libc_nano.a(lib_a-findfp.o) (_fwalk)
[...]
Memory Configuration

Name             Origin             Length             Attributes
APPLET           0x00000000d0040000 0x00000000005c0000 xr
*default*        0x0000000000000000 0xffffffffffffffff

Linker script and memory map

LOAD /home/kbox/sidbox-applet-compiler/tools/bin/../lib/gcc/arm-none-eabi/9.3.1/thumb/v7e-m+dp/hard/crti.o
LOAD /home/kbox/sidbox-applet-compiler/tools/bin/../lib/gcc/arm-none-eabi/9.3.1/thumb/v7e-m+dp/hard/crtbegin.o
LOAD /home/kbox/sidbox-applet-compiler/tools/bin/../lib/gcc/arm-none-eabi/9.3.1/../../../../arm-none-eabi/lib/thumb/v7e-m+dp/hard/crt0.o
LOAD compiled/../../_coreapi_/graphics/graphics.o
LOAD compiled/../../_coreapi_/syscalls.o
LOAD compiled/../../_coreapi_/audio/audio.o
LOAD compiled/../../_coreapi_/crt/crt.o
LOAD compiled/../../_coreapi_/apis.o
LOAD compiled/project/resource.o
LOAD compiled/project/sound.o
LOAD compiled/project/player.o
LOAD compiled/project/astroids.o
LOAD compiled/project/graphics.o
LOAD compiled/project/functions.o
LOAD compiled/project/main.o
START GROUP
LOAD /home/kbox/sidbox-applet-compiler/tools/bin/../lib/gcc/arm-none-eabi/9.3.1/thumb/v7e-m+dp/hard/libgcc.a
LOAD /home/kbox/sidbox-applet-compiler/tools/bin/../lib/gcc/arm-none-eabi/9.3.1/../../../../arm-none-eabi/lib/thumb/v7e-m+dp/hard/libc_nano.a
END GROUP
START GROUP
LOAD /home/kbox/sidbox-applet-compiler/tools/bin/../lib/gcc/arm-none-eabi/9.3.1/thumb/v7e-m+dp/hard/libgcc.a
LOAD /home/kbox/sidbox-applet-compiler/tools/bin/../lib/gcc/arm-none-eabi/9.3.1/../../../../arm-none-eabi/lib/thumb/v7e-m+dp/hard/libc_nano.a
LOAD /home/kbox/sidbox-applet-compiler/tools/bin/../lib/gcc/arm-none-eabi/9.3.1/../../../../arm-none-eabi/lib/thumb/v7e-m+dp/hard/libnosys.a
END GROUP
START GROUP
LOAD /home/kbox/sidbox-applet-compiler/tools/bin/../lib/gcc/arm-none-eabi/9.3.1/thumb/v7e-m+dp/hard/libgcc.a
LOAD /home/kbox/sidbox-applet-compiler/tools/bin/../lib/gcc/arm-none-eabi/9.3.1/../../../../arm-none-eabi/lib/thumb/v7e-m+dp/hard/libc_nano.a
LOAD /home/kbox/sidbox-applet-compiler/tools/bin/../lib/gcc/arm-none-eabi/9.3.1/../../../../arm-none-eabi/lib/thumb/v7e-m+dp/hard/libnosys.a
END GROUP
LOAD /home/kbox/sidbox-applet-compiler/tools/bin/../lib/gcc/arm-none-eabi/9.3.1/thumb/v7e-m+dp/hard/crtend.o
LOAD /home/kbox/sidbox-applet-compiler/tools/bin/../lib/gcc/arm-none-eabi/9.3.1/thumb/v7e-m+dp/hard/crtn.o
                0x00000000d0000000                _offset = 0xd0000000
                0x0000000000600000                _maxramavail = 0x600000
                0x0000000000040000                _largest_modfile = 0x40000
                0x0000000000000000                _largest_resource = 0x0
                0x0000000000040000                _startram = (((_largest_modfile + _largest_resource) + 0x1f) & 0xffffffffffffffe0)
                0x00000000d0040000                _applet_origin = (_offset + _startram)
                0x00000000005c0000                _applet_length = (_maxramavail - _startram)
                0x0000000000000001                ASSERT ((_startram < _maxramavail), Reserved space exceeds SDRAM size!)
                0x0000000000000001                ASSERT ((_applet_length > 0x0), No RAM left for applet after reserving music/resource space!)
                0x0000000000000200                _api_count = 0x200
                0x0000000000001000                _api_size = (0x8 * _api_count)
                0x000000002001f000                _api_location = (0x20020000 - _api_size)
                0x00000000d0040000                _appstart = ORIGIN (APPLET)
                0x0000000000002000                _stack_size = 0x2000
                [!provide]                        PROVIDE (__app_start = _appstart)
                0x000000002001f000                PROVIDE (__sidbox_api_location = _api_location)
                0x00000000d0040000                . = _appstart

.header         0x00000000d0040000       0x10
                0x00000000d0040000                . = ALIGN (0x4)
 *(.header)
 .header        0x00000000d0040000        0x8 compiled/../../_coreapi_/syscalls.o
                0x00000000d0040000                sdex_header
                0x00000000d0040008                . = ALIGN (0x4)
                0x00000000d0040008        0x4 LONG 0xd0040000 _appstart
                0x00000000d004000c        0x4 LONG 0x8858 (__stack_end__ - _appstart)

.text           0x00000000d0040010     0x3b5f
                0x00000000d0040010                . = ALIGN (0x4)
 *(.text.applet_entry)
 .text.applet_entry
                0x00000000d0040010       0x2c compiled/../../_coreapi_/syscalls.o
                0x00000000d0040010                applet_entry
 *(.text*)
 .text.LoadPPB  0x00000000d004003c       0xa8 compiled/../../_coreapi_/graphics/graphics.o
                0x00000000d004003c                LoadPPB
 .text.initMalloc
                0x00000000d00400e4       0x18 compiled/../../_coreapi_/syscalls.o
                0x00000000d00400e4                initMalloc
 .text._write_r
                0x00000000d00400fc       0x60 compiled/../../_coreapi_/syscalls.o
                0x00000000d00400fc                _write_r
 .text._read    0x00000000d004015c       0x14 compiled/../../_coreapi_/syscalls.o
                0x00000000d004015c                _read
 .text._close   0x00000000d0040170        0x8 compiled/../../_coreapi_/syscalls.o
                0x00000000d0040170                _close
 .text._fstat   0x00000000d0040178        0xc compiled/../../_coreapi_/syscalls.o
                0x00000000d0040178                _fstat
 .text._lseek   0x00000000d0040184        0x4 compiled/../../_coreapi_/syscalls.o
                0x00000000d0040184                _lseek
 .text._sbrk_r  0x00000000d0040188       0x40 compiled/../../_coreapi_/syscalls.o
                0x00000000d0040188                _sbrk_r
 .text.LoadSFX  0x00000000d00401c8      0x110 compiled/../../_coreapi_/audio/audio.o
                0x00000000d00401c8                LoadSFX
 .text.loadSounds
                0x00000000d00402d8      0x57c compiled/project/sound.o
                0x00000000d00402d8                loadSounds
 .text.MusicPlay
                0x00000000d0040854       0x44 compiled/project/sound.o
                0x00000000d0040854                MusicPlay
 .text.ShieldBounceAsteroid
                0x00000000d0040898      0x2a0 compiled/project/player.o
                0x00000000d0040898                ShieldBounceAsteroid
 .text.ShowShield
                0x00000000d0040b38       0x90 compiled/project/player.o
                0x00000000d0040b38                ShowShield
 .text.ShieldON
                0x00000000d0040bc8       0x90 compiled/project/player.o
                0x00000000d0040bc8                ShieldON
 .text.ShieldOFF
                0x00000000d0040c58       0x38 compiled/project/player.o
                0x00000000d0040c58                ShieldOFF
 .text.initShip
                0x00000000d0040c90       0x44 compiled/project/player.o
                0x00000000d0040c90                initShip
 .text.ShipUpdate
                0x00000000d0040cd4      0x160 compiled/project/player.o
                0x00000000d0040cd4                ShipUpdate
 .text.initBullets
                0x00000000d0040e34       0x30 compiled/project/player.o
                0x00000000d0040e34                initBullets
 .text.fireBullet
                0x00000000d0040e64      0x170 compiled/project/player.o
                0x00000000d0040e64                fireBullet
 .text.doBullets
                0x00000000d0040fd4      0x124 compiled/project/player.o
                0x00000000d0040fd4                doBullets
 .text.SetPlayerLives
                0x00000000d00410f8        0xc compiled/project/player.o
                0x00000000d00410f8                SetPlayerLives
 .text.SpawnAstroid.part.0
                0x00000000d0041104      0x114 compiled/project/astroids.o
 .text.SpawnAstroid
                0x00000000d0041218        0xc compiled/project/astroids.o
                0x00000000d0041218                SpawnAstroid
 .text.initAstroids
                0x00000000d0041224       0x2c compiled/project/astroids.o
                0x00000000d0041224                initAstroids
 .text.proc_astroids
                0x00000000d0041250      0x4b0 compiled/project/astroids.o
                0x00000000d0041250                proc_astroids
 .text.initFlames
                0x00000000d0041700       0x20 compiled/project/graphics.o
                0x00000000d0041700                initFlames
 .text.initExplodes
                0x00000000d0041720       0x20 compiled/project/graphics.o
                0x00000000d0041720                initExplodes
 .text.spawnFlame
                0x00000000d0041740       0xf4 compiled/project/graphics.o
                0x00000000d0041740                spawnFlame
 .text.doFlames
                0x00000000d0041834      0x148 compiled/project/graphics.o
                0x00000000d0041834                doFlames
 .text.spawnExplode
                0x00000000d004197c       0x40 compiled/project/graphics.o
                0x00000000d004197c                spawnExplode
 .text.LoadGraphics
                0x00000000d00419bc       0xd8 compiled/project/graphics.o
                0x00000000d00419bc                LoadGraphics
 .text.LoadShipGfx
                0x00000000d0041a94      0x134 compiled/project/graphics.o
                0x00000000d0041a94                LoadShipGfx
 .text.LoadCommonGameGraphics
                0x00000000d0041bc8       0xb4 compiled/project/graphics.o
                0x00000000d0041bc8                LoadCommonGameGraphics
 .text.drawPowerHealthBar
                0x00000000d0041c7c      0x144 compiled/project/graphics.o
                0x00000000d0041c7c                drawPowerHealthBar
 .text.drawPowerShieldBar
                0x00000000d0041dc0      0x148 compiled/project/graphics.o
                0x00000000d0041dc0                drawPowerShieldBar
 .text.DrawHUD  0x00000000d0041f08      0x2cc compiled/project/graphics.o
                0x00000000d0041f08                DrawHUD
 .text.sbx_rng_range
                0x00000000d00421d4       0x30 compiled/project/functions.o
                0x00000000d00421d4                sbx_rng_range
 .text.startup.main
                0x00000000d0042204      0x614 compiled/project/main.o
                0x00000000d0042204                main
 .text.__errno  0x00000000d0042818        0xc /home/kbox/sidbox-applet-compiler/tools/bin/../lib/gcc/arm-none-eabi/9.3.1/../../../../arm-none-eabi/lib/thumb/v7e-m+dp/hard/libc_nano.a(lib_a-errno.o)
                0x00000000d0042818                __errno
 .text.malloc   0x00000000d0042824       0x10 /home/kbox/sidbox-applet-compiler/tools/bin/../lib/gcc/arm-none-eabi/9.3.1/../../../../arm-none-eabi/lib/thumb/v7e-m+dp/hard/libc_nano.a(lib_a-malloc.o)
                0x00000000d0042824                malloc
 .text.memcmp   0x00000000d0042834       0x1c /home/kbox/sidbox-applet-compiler/tools/bin/../lib/gcc/arm-none-eabi/9.3.1/../../../../arm-none-eabi/lib/thumb/v7e-m+dp/hard/libc_nano.a(lib_a-memcmp.o)
                0x00000000d0042834                memcmp
 .text.memcpy   0x00000000d0042850       0x1c /home/kbox/sidbox-applet-compiler/tools/bin/../lib/gcc/arm-none-eabi/9.3.1/../../../../arm-none-eabi/lib/thumb/v7e-m+dp/hard/libc_nano.a(lib_a-memcpy-stub.o)
                0x00000000d0042850                memcpy
 .text.memset   0x00000000d004286c       0x10 /home/kbox/sidbox-applet-compiler/tools/bin/../lib/gcc/arm-none-eabi/9.3.1/../../../../arm-none-eabi/lib/thumb/v7e-m+dp/hard/libc_nano.a(lib_a-memset.o)
                0x00000000d004286c                memset
 .text._free_r  0x00000000d004287c       0xa0 /home/kbox/sidbox-applet-compiler/tools/bin/../lib/gcc/arm-none-eabi/9.3.1/../../../../arm-none-eabi/lib/thumb/v7e-m+dp/hard/libc_nano.a(lib_a-nano-freer.o)
                0x00000000d004287c                _free_r
 .text._malloc_r
                0x00000000d004291c       0xb4 /home/kbox/sidbox-applet-compiler/tools/bin/../lib/gcc/arm-none-eabi/9.3.1/../../../../arm-none-eabi/lib/thumb/v7e-m+dp/hard/libc_nano.a(lib_a-nano-mallocr.o)
                0x00000000d004291c                _malloc_r
 .text.setbuf   0x00000000d00429d0       0x10 /home/kbox/sidbox-applet-compiler/tools/bin/../lib/gcc/arm-none-eabi/9.3.1/../../../../arm-none-eabi/lib/thumb/v7e-m+dp/hard/libc_nano.a(lib_a-setbuf.o)
                0x00000000d00429d0                setbuf
 .text.setvbuf  0x00000000d00429e0      0x18c /home/kbox/sidbox-applet-compiler/tools/bin/../lib/gcc/arm-none-eabi/9.3.1/../../../../arm-none-eabi/lib/thumb/v7e-m+dp/hard/libc_nano.a(lib_a-setvbuf.o)
                0x00000000d00429e0                setvbuf
 .text.sprintf  0x00000000d0042b6c       0x40 /home/kbox/sidbox-applet-compiler/tools/bin/../lib/gcc/arm-none-eabi/9.3.1/../../../../arm-none-eabi/lib/thumb/v7e-m+dp/hard/libc_nano.a(lib_a-sprintf.o)
                0x00000000d0042b6c                sprintf
                0x00000000d0042b6c                siprintf
 .text.__sflush_r
                0x00000000d0042bac      0x10c /home/kbox/sidbox-applet-compiler/tools/bin/../lib/gcc/arm-none-eabi/9.3.1/../../../../arm-none-eabi/lib/thumb/v7e-m+dp/hard/libc_nano.a(lib_a-fflush.o)
                0x00000000d0042bac                __sflush_r
 .text._fflush_r
                0x00000000d0042cb8       0x78 /home/kbox/sidbox-applet-compiler/tools/bin/../lib/gcc/arm-none-eabi/9.3.1/../../../../arm-none-eabi/lib/thumb/v7e-m+dp/hard/libc_nano.a(lib_a-fflush.o)
                0x00000000d0042cb8                _fflush_r
 .text.std      0x00000000d0042d30       0x48 /home/kbox/sidbox-applet-compiler/tools/bin/../lib/gcc/arm-none-eabi/9.3.1/../../../../arm-none-eabi/lib/thumb/v7e-m+dp/hard/libc_nano.a(lib_a-findfp.o)
 .text._cleanup_r
                0x00000000d0042d78        0xc /home/kbox/sidbox-applet-compiler/tools/bin/../lib/gcc/arm-none-eabi/9.3.1/../../../../arm-none-eabi/lib/thumb/v7e-m+dp/hard/libc_nano.a(lib_a-findfp.o)
                0x00000000d0042d78                _cleanup_r
 .text.__sfmoreglue
                0x00000000d0042d84       0x2c /home/kbox/sidbox-applet-compiler/tools/bin/../lib/gcc/arm-none-eabi/9.3.1/../../../../arm-none-eabi/lib/thumb/v7e-m+dp/hard/libc_nano.a(lib_a-findfp.o)
                0x00000000d0042d84                __sfmoreglue
 .text.__sfp_lock_acquire
                0x00000000d0042db0        0xc /home/kbox/sidbox-applet-compiler/tools/bin/../lib/gcc/arm-none-eabi/9.3.1/../../../../arm-none-eabi/lib/thumb/v7e-m+dp/hard/libc_nano.a(lib_a-findfp.o)
                0x00000000d0042db0                __sfp_lock_acquire
 .text.__sfp_lock_release
                0x00000000d0042dbc        0xc /home/kbox/sidbox-applet-compiler/tools/bin/../lib/gcc/arm-none-eabi/9.3.1/../../../../arm-none-eabi/lib/thumb/v7e-m+dp/hard/libc_nano.a(lib_a-findfp.o)
                0x00000000d0042dbc                __sfp_lock_release
 .text.__sinit_lock_acquire
                0x00000000d0042dc8        0xc /home/kbox/sidbox-applet-compiler/tools/bin/../lib/gcc/arm-none-eabi/9.3.1/../../../../arm-none-eabi/lib/thumb/v7e-m+dp/hard/libc_nano.a(lib_a-findfp.o)
                0x00000000d0042dc8                __sinit_lock_acquire
 .text.__sinit_lock_release
                0x00000000d0042dd4        0xc /home/kbox/sidbox-applet-compiler/tools/bin/../lib/gcc/arm-none-eabi/9.3.1/../../../../arm-none-eabi/lib/thumb/v7e-m+dp/hard/libc_nano.a(lib_a-findfp.o)
                0x00000000d0042dd4                __sinit_lock_release
 .text.__sinit  0x00000000d0042de0       0x70 /home/kbox/sidbox-applet-compiler/tools/bin/../lib/gcc/arm-none-eabi/9.3.1/../../../../arm-none-eabi/lib/thumb/v7e-m+dp/hard/libc_nano.a(lib_a-findfp.o)
                0x00000000d0042de0                __sinit
 .text.__sfp    0x00000000d0042e50       0x8c /home/kbox/sidbox-applet-compiler/tools/bin/../lib/gcc/arm-none-eabi/9.3.1/../../../../arm-none-eabi/lib/thumb/v7e-m+dp/hard/libc_nano.a(lib_a-findfp.o)
                0x00000000d0042e50                __sfp
 .text._fwalk_reent
                0x00000000d0042edc       0x3e /home/kbox/sidbox-applet-compiler/tools/bin/../lib/gcc/arm-none-eabi/9.3.1/../../../../arm-none-eabi/lib/thumb/v7e-m+dp/hard/libc_nano.a(lib_a-fwalk.o)
                0x00000000d0042edc                _fwalk_reent
 .text.__retarget_lock_init_recursive
                0x00000000d0042f1a        0x2 /home/kbox/sidbox-applet-compiler/tools/bin/../lib/gcc/arm-none-eabi/9.3.1/../../../../arm-none-eabi/lib/thumb/v7e-m+dp/hard/libc_nano.a(lib_a-lock.o)
                0x00000000d0042f1a                __retarget_lock_init_recursive
 .text.__retarget_lock_acquire_recursive
                0x00000000d0042f1c        0x2 /home/kbox/sidbox-applet-compiler/tools/bin/../lib/gcc/arm-none-eabi/9.3.1/../../../../arm-none-eabi/lib/thumb/v7e-m+dp/hard/libc_nano.a(lib_a-lock.o)
                0x00000000d0042f1c                __retarget_lock_acquire_recursive
 .text.__retarget_lock_release_recursive
                0x00000000d0042f1e        0x2 /home/kbox/sidbox-applet-compiler/tools/bin/../lib/gcc/arm-none-eabi/9.3.1/../../../../arm-none-eabi/lib/thumb/v7e-m+dp/hard/libc_nano.a(lib_a-lock.o)
                0x00000000d0042f1e                __retarget_lock_release_recursive
 .text.__swhatbuf_r
                0x00000000d0042f20       0x48 /home/kbox/sidbox-applet-compiler/tools/bin/../lib/gcc/arm-none-eabi/9.3.1/../../../../arm-none-eabi/lib/thumb/v7e-m+dp/hard/libc_nano.a(lib_a-makebuf.o)
                0x00000000d0042f20                __swhatbuf_r
 .text.__malloc_lock
                0x00000000d0042f68        0xc /home/kbox/sidbox-applet-compiler/tools/bin/../lib/gcc/arm-none-eabi/9.3.1/../../../../arm-none-eabi/lib/thumb/v7e-m+dp/hard/libc_nano.a(lib_a-mlock.o)
                0x00000000d0042f68                __malloc_lock
 .text.__malloc_unlock
                0x00000000d0042f74        0xc /home/kbox/sidbox-applet-compiler/tools/bin/../lib/gcc/arm-none-eabi/9.3.1/../../../../arm-none-eabi/lib/thumb/v7e-m+dp/hard/libc_nano.a(lib_a-mlock.o)
                0x00000000d0042f74                __malloc_unlock
 .text.__ssputs_r
                0x00000000d0042f80       0xb6 /home/kbox/sidbox-applet-compiler/tools/bin/../lib/gcc/arm-none-eabi/9.3.1/../../../../arm-none-eabi/lib/thumb/v7e-m+dp/hard/libc_nano.a(lib_a-nano-svfprintf.o)
                0x00000000d0042f80                __ssputs_r
 *fill*         0x00000000d0043036        0x2 
 .text._svfprintf_r
                0x00000000d0043038      0x200 /home/kbox/sidbox-applet-compiler/tools/bin/../lib/gcc/arm-none-eabi/9.3.1/../../../../arm-none-eabi/lib/thumb/v7e-m+dp/hard/libc_nano.a(lib_a-nano-svfprintf.o)
                0x00000000d0043038                _svfprintf_r
                0x00000000d0043038                _svfiprintf_r
 .text._printf_common
                0x00000000d0043238       0xda /home/kbox/sidbox-applet-compiler/tools/bin/../lib/gcc/arm-none-eabi/9.3.1/../../../../arm-none-eabi/lib/thumb/v7e-m+dp/hard/libc_nano.a(lib_a-nano-vfprintf_i.o)
                0x00000000d0043238                _printf_common
 *fill*         0x00000000d0043312        0x2 
 .text._printf_i
                0x00000000d0043314      0x24c /home/kbox/sidbox-applet-compiler/tools/bin/../lib/gcc/arm-none-eabi/9.3.1/../../../../arm-none-eabi/lib/thumb/v7e-m+dp/hard/libc_nano.a(lib_a-nano-vfprintf_i.o)
                0x00000000d0043314                _printf_i
 .text.__sread  0x00000000d0043560       0x22 /home/kbox/sidbox-applet-compiler/tools/bin/../lib/gcc/arm-none-eabi/9.3.1/../../../../arm-none-eabi/lib/thumb/v7e-m+dp/hard/libc_nano.a(lib_a-stdio.o)
                0x00000000d0043560                __sread
 .text.__swrite
                0x00000000d0043582       0x38 /home/kbox/sidbox-applet-compiler/tools/bin/../lib/gcc/arm-none-eabi/9.3.1/../../../../arm-none-eabi/lib/thumb/v7e-m+dp/hard/libc_nano.a(lib_a-stdio.o)
                0x00000000d0043582                __swrite
 .text.__sseek  0x00000000d00435ba       0x24 /home/kbox/sidbox-applet-compiler/tools/bin/../lib/gcc/arm-none-eabi/9.3.1/../../../../arm-none-eabi/lib/thumb/v7e-m+dp/hard/libc_nano.a(lib_a-stdio.o)
                0x00000000d00435ba                __sseek
 .text.__sclose
                0x00000000d00435de        0x8 /home/kbox/sidbox-applet-compiler/tools/bin/../lib/gcc/arm-none-eabi/9.3.1/../../../../arm-none-eabi/lib/thumb/v7e-m+dp/hard/libc_nano.a(lib_a-stdio.o)
                0x00000000d00435de                __sclose
 *fill*         0x00000000d00435e6        0x2 
 .text._close_r
                0x00000000d00435e8       0x20 /home/kbox/sidbox-applet-compiler/tools/bin/../lib/gcc/arm-none-eabi/9.3.1/../../../../arm-none-eabi/lib/thumb/v7e-m+dp/hard/libc_nano.a(lib_a-closer.o)
                0x00000000d00435e8                _close_r
 .text._fstat_r
                0x00000000d0043608       0x24 /home/kbox/sidbox-applet-compiler/tools/bin/../lib/gcc/arm-none-eabi/9.3.1/../../../../arm-none-eabi/lib/thumb/v7e-m+dp/hard/libc_nano.a(lib_a-fstatr.o)
                0x00000000d0043608                _fstat_r
 .text._lseek_r
                0x00000000d004362c       0x24 /home/kbox/sidbox-applet-compiler/tools/bin/../lib/gcc/arm-none-eabi/9.3.1/../../../../arm-none-eabi/lib/thumb/v7e-m+dp/hard/libc_nano.a(lib_a-lseekr.o)
                0x00000000d004362c                _lseek_r
 .text          0x00000000d0043650       0xa0 /home/kbox/sidbox-applet-compiler/tools/bin/../lib/gcc/arm-none-eabi/9.3.1/../../../../arm-none-eabi/lib/thumb/v7e-m+dp/hard/libc_nano.a(lib_a-memchr.o)
                0x00000000d0043650                memchr
 .text.memmove  0x00000000d00436f0       0x34 /home/kbox/sidbox-applet-compiler/tools/bin/../lib/gcc/arm-none-eabi/9.3.1/../../../../arm-none-eabi/lib/thumb/v7e-m+dp/hard/libc_nano.a(lib_a-memmove.o)
                0x00000000d00436f0                memmove
 .text._realloc_r
                0x00000000d0043724       0x4c /home/kbox/sidbox-applet-compiler/tools/bin/../lib/gcc/arm-none-eabi/9.3.1/../../../../arm-none-eabi/lib/thumb/v7e-m+dp/hard/libc_nano.a(lib_a-nano-reallocr.o)
                0x00000000d0043724                _realloc_r
 .text._read_r  0x00000000d0043770       0x24 /home/kbox/sidbox-applet-compiler/tools/bin/../lib/gcc/arm-none-eabi/9.3.1/../../../../arm-none-eabi/lib/thumb/v7e-m+dp/hard/libc_nano.a(lib_a-readr.o)
                0x00000000d0043770                _read_r
 .text._malloc_usable_size_r
                0x00000000d0043794       0x10 /home/kbox/sidbox-applet-compiler/tools/bin/../lib/gcc/arm-none-eabi/9.3.1/../../../../arm-none-eabi/lib/thumb/v7e-m+dp/hard/libc_nano.a(lib_a-nano-msizer.o)
                0x00000000d0043794                _malloc_usable_size_r
 *(.rodata*)
 .rodata.LoadSFX.str1.4
                0x00000000d00437a4        0xd compiled/../../_coreapi_/audio/audio.o
 *fill*         0x00000000d00437b1        0x3 
 .rodata.dirTable
                0x00000000d00437b4      0x120 compiled/project/resource.o
                0x00000000d00437b4                dirTable
 .rodata.loadSounds.str1.4
                0x00000000d00438d4       0x84 compiled/project/sound.o
 .rodata.MusicPlay.str1.4
                0x00000000d0043958       0x20 compiled/project/sound.o
 .rodata.LoadGraphics.str1.4
                0x00000000d0043978       0x68 compiled/project/graphics.o
 .rodata.LoadShipGfx.str1.4
                0x00000000d00439e0       0x6c compiled/project/graphics.o
 .rodata.LoadCommonGameGraphics.str1.4
                0x00000000d0043a4c       0x4c compiled/project/graphics.o
 .rodata.DrawHUD.str1.4
                0x00000000d0043a98       0x2f compiled/project/graphics.o
 *fill*         0x00000000d0043ac7        0x1 
 .rodata.main.str1.4
                0x00000000d0043ac8        0xd compiled/project/main.o
 *fill*         0x00000000d0043ad5        0x3 
 .rodata._global_impure_ptr
                0x00000000d0043ad8        0x4 /home/kbox/sidbox-applet-compiler/tools/bin/../lib/gcc/arm-none-eabi/9.3.1/../../../../arm-none-eabi/lib/thumb/v7e-m+dp/hard/libc_nano.a(lib_a-impure.o)
                0x00000000d0043ad8                _global_impure_ptr
 .rodata.__sf_fake_stderr
                0x00000000d0043adc       0x20 /home/kbox/sidbox-applet-compiler/tools/bin/../lib/gcc/arm-none-eabi/9.3.1/../../../../arm-none-eabi/lib/thumb/v7e-m+dp/hard/libc_nano.a(lib_a-findfp.o)
                0x00000000d0043adc                __sf_fake_stderr
 .rodata.__sf_fake_stdin
                0x00000000d0043afc       0x20 /home/kbox/sidbox-applet-compiler/tools/bin/../lib/gcc/arm-none-eabi/9.3.1/../../../../arm-none-eabi/lib/thumb/v7e-m+dp/hard/libc_nano.a(lib_a-findfp.o)
                0x00000000d0043afc                __sf_fake_stdin
 .rodata.__sf_fake_stdout
                0x00000000d0043b1c       0x20 /home/kbox/sidbox-applet-compiler/tools/bin/../lib/gcc/arm-none-eabi/9.3.1/../../../../arm-none-eabi/lib/thumb/v7e-m+dp/hard/libc_nano.a(lib_a-findfp.o)
                0x00000000d0043b1c                __sf_fake_stdout
 .rodata._svfprintf_r.str1.1
                0x00000000d0043b3c       0x11 /home/kbox/sidbox-applet-compiler/tools/bin/../lib/gcc/arm-none-eabi/9.3.1/../../../../arm-none-eabi/lib/thumb/v7e-m+dp/hard/libc_nano.a(lib_a-nano-svfprintf.o)
 .rodata._printf_i.str1.1
                0x00000000d0043b4d       0x22 /home/kbox/sidbox-applet-compiler/tools/bin/../lib/gcc/arm-none-eabi/9.3.1/../../../../arm-none-eabi/lib/thumb/v7e-m+dp/hard/libc_nano.a(lib_a-nano-vfprintf_i.o)

.glue_7         0x00000000d0043b70        0x0
 .glue_7        0x00000000d0043b70        0x0 linker stubs

.glue_7t        0x00000000d0043b70        0x0
 .glue_7t       0x00000000d0043b70        0x0 linker stubs

.vfp11_veneer   0x00000000d0043b70        0x0
 .vfp11_veneer  0x00000000d0043b70        0x0 linker stubs

.v4_bx          0x00000000d0043b70        0x0
 .v4_bx         0x00000000d0043b70        0x0 linker stubs

.init           0x00000000d0043b70        0x4
 .init          0x00000000d0043b70        0x4 /home/kbox/sidbox-applet-compiler/tools/bin/../lib/gcc/arm-none-eabi/9.3.1/thumb/v7e-m+dp/hard/crti.o
                0x00000000d0043b70                _init

.fini           0x00000000d0043b74        0x4
 .fini          0x00000000d0043b74        0x4 /home/kbox/sidbox-applet-compiler/tools/bin/../lib/gcc/arm-none-eabi/9.3.1/thumb/v7e-m+dp/hard/crti.o
                0x00000000d0043b74                _fini

.iplt           0x00000000d0043b78        0x0
 .iplt          0x00000000d0043b78        0x0 compiled/../../_coreapi_/graphics/graphics.o

.rel.dyn        0x00000000d0043b78        0x0
 .rel.iplt      0x00000000d0043b78        0x0 compiled/../../_coreapi_/graphics/graphics.o

.data           0x00000000d0043b80      0x880
 *(.data*)
 .data.backclut
                0x00000000d0043b80      0x400 compiled/project/resource.o
                0x00000000d0043b80                backclut
 .data.frontclut
                0x00000000d0043f80      0x400 compiled/project/resource.o
                0x00000000d0043f80                frontclut
 .data.health_VAL
                0x00000000d0044380        0x1 compiled/project/player.o
                0x00000000d0044380                health_VAL
 .data.shields_VAL
                0x00000000d0044381        0x1 compiled/project/player.o
                0x00000000d0044381                shields_VAL
 *fill*         0x00000000d0044382        0x2 
 .data.scoreSizes
                0x00000000d0044384       0x12 compiled/project/astroids.o
                0x00000000d0044384                scoreSizes
 *fill*         0x00000000d0044396        0x2 
 .data.rng_state
                0x00000000d0044398        0x4 compiled/project/functions.o
 .data._impure_ptr
                0x00000000d004439c        0x4 /home/kbox/sidbox-applet-compiler/tools/bin/../lib/gcc/arm-none-eabi/9.3.1/../../../../arm-none-eabi/lib/thumb/v7e-m+dp/hard/libc_nano.a(lib_a-impure.o)
                0x00000000d004439c                _impure_ptr
 .data.impure_data
                0x00000000d00443a0       0x60 /home/kbox/sidbox-applet-compiler/tools/bin/../lib/gcc/arm-none-eabi/9.3.1/../../../../arm-none-eabi/lib/thumb/v7e-m+dp/hard/libc_nano.a(lib_a-impure.o)

.igot.plt       0x00000000d0044400        0x0
 .igot.plt      0x00000000d0044400        0x0 compiled/../../_coreapi_/graphics/graphics.o

.bss            0x00000000d0044400     0x2454
                0x00000000d0044400                __bss_start__ = .
 *(.bss*)
 .bss.heap_end_u
                0x00000000d0044400        0x4 compiled/../../_coreapi_/syscalls.o
 .bss.in_write.7321
                0x00000000d0044404        0x4 compiled/../../_coreapi_/syscalls.o
 .bss.LIVES_VAL
                0x00000000d0044408        0x1 compiled/project/player.o
                0x00000000d0044408                LIVES_VAL
 *fill*         0x00000000d0044409        0x3 
 .bss.SCORE_VAL
                0x00000000d004440c        0x4 compiled/project/player.o
                0x00000000d004440c                SCORE_VAL
 .bss.WAVES_VAL
                0x00000000d0044410        0x1 compiled/project/player.o
                0x00000000d0044410                WAVES_VAL
 .bss.shieldActive
                0x00000000d0044411        0x1 compiled/project/player.o
                0x00000000d0044411                shieldActive
 .bss.shieldStep
                0x00000000d0044412        0x1 compiled/project/player.o
                0x00000000d0044412                shieldStep
 .bss.shipRotTmr
                0x00000000d0044413        0x1 compiled/project/player.o
                0x00000000d0044413                shipRotTmr
 .bss.statusTmr
                0x00000000d0044414        0x1 compiled/project/graphics.o
                0x00000000d0044414                statusTmr
 .bss.FireState
                0x00000000d0044415        0x1 compiled/project/main.o
                0x00000000d0044415                FireState
 .bss.gdb       0x00000000d0044416        0x1 compiled/project/main.o
                0x00000000d0044416                gdb
 .bss.lastFireState
                0x00000000d0044417        0x1 compiled/project/main.o
                0x00000000d0044417                lastFireState
 .bss.__malloc_free_list
                0x00000000d0044418        0x4 /home/kbox/sidbox-applet-compiler/tools/bin/../lib/gcc/arm-none-eabi/9.3.1/../../../../arm-none-eabi/lib/thumb/v7e-m+dp/hard/libc_nano.a(lib_a-nano-mallocr.o)
                0x00000000d0044418                __malloc_free_list
 .bss.__malloc_sbrk_start
                0x00000000d004441c        0x4 /home/kbox/sidbox-applet-compiler/tools/bin/../lib/gcc/arm-none-eabi/9.3.1/../../../../arm-none-eabi/lib/thumb/v7e-m+dp/hard/libc_nano.a(lib_a-nano-mallocr.o)
                0x00000000d004441c                __malloc_sbrk_start
 *(COMMON)
 COMMON         0x00000000d0044420        0x4 compiled/../../_coreapi_/syscalls.o
                0x00000000d0044420                heap_size
 *fill*         0x00000000d0044424       0x1c 
 COMMON         0x00000000d0044440       0xc4 compiled/project/sound.o
                0x00000000d0044440                snd2firem
                0x00000000d0044460                sndExplodeSmall
                0x00000000d0044480                sndThrust
                0x00000000d00444a0                snd1Test
                0x00000000d00444c0                sndCollide
                0x00000000d00444e0                sndShield
                0x00000000d0044500                sndExplodeBig
 *fill*         0x00000000d0044504       0x1c 
 COMMON         0x00000000d0044520      0xbd0 compiled/project/player.o
                0x00000000d0044520                shipshield
                0x00000000d0044540                shipInvincible
                0x00000000d0044544                bullet
                0x00000000d00448c4                bullet3d
                0x00000000d0044ee0                shipbullet
                0x00000000d0044f00                pills
                0x00000000d0045080                shiptunnel
                0x00000000d00450a0                shipVX
                0x00000000d00450c0                shipmain
                0x00000000d00450e0                shipVY
                0x00000000d00450e4                shipRot
                0x00000000d00450e8                shipX
                0x00000000d00450ec                shipY
 *fill*         0x00000000d00450f0       0x10 
 COMMON         0x00000000d0045100      0x620 compiled/project/astroids.o
                0x00000000d0045100                astroid_bob
                0x00000000d0045180                astroids3d
                0x00000000d0045420                astroids
 COMMON         0x00000000d0045720      0xee0 compiled/project/graphics.o
                0x00000000d0045720                pills_bob
                0x00000000d0045740                explodes
                0x00000000d0045cc0                powerhealth_bob
                0x00000000d0045ce0                photons_bob
                0x00000000d0045d00                targSheild
                0x00000000d0045d04                render3dList
                0x00000000d0045fc0                flames_bob
                0x00000000d0045fe0                targHealth
                0x00000000d0046000                font1616_bob
                0x00000000d0046020                vstring
                0x00000000d0046060                explode_bob
                0x00000000d0046080                flames
 COMMON         0x00000000d0046600      0x244 compiled/project/main.o
                0x00000000d0046600                tunnelsect
                0x00000000d0046700                backbitmap
                0x00000000d0046720                backscreenx
                0x00000000d0046724                backscreeny
                0x00000000d0046728                bm2
                0x00000000d0046740                tunnelbg
                0x00000000d0046840                bm1
 COMMON         0x00000000d0046844        0x9 /home/kbox/sidbox-applet-compiler/tools/bin/../lib/gcc/arm-none-eabi/9.3.1/../../../../arm-none-eabi/lib/thumb/v7e-m+dp/hard/libc_nano.a(lib_a-lock.o)
                0x00000000d0046844                __lock___atexit_recursive_mutex
                0x00000000d0046845                __lock___arc4random_mutex
                0x00000000d0046846                __lock___env_recursive_mutex
                0x00000000d0046847                __lock___sinit_recursive_mutex
                0x00000000d0046848                __lock___malloc_recursive_mutex
                0x00000000d0046849                __lock___at_quick_exit_mutex
                0x00000000d004684a                __lock___dd_hash_mutex
                0x00000000d004684b                __lock___tz_mutex
                0x00000000d004684c                __lock___sfp_recursive_mutex
 *fill*         0x00000000d004684d        0x3 
 COMMON         0x00000000d0046850        0x4 /home/kbox/sidbox-applet-compiler/tools/bin/../lib/gcc/arm-none-eabi/9.3.1/../../../../arm-none-eabi/lib/thumb/v7e-m+dp/hard/libc_nano.a(lib_a-reent.o)
                0x00000000d0046850                errno
                0x00000000d0046854                __bss_end__ = .

.stack          0x00000000d0046854     0x2004
                0x00000000d0046858                . = ALIGN (0x8)
 *fill*         0x00000000d0046854        0x4 
                0x00000000d0046858                __stack_start__ = .
                0x00000000d0048858                . = (. + _stack_size)
 *fill*         0x00000000d0046858     0x2000 
                0x00000000d0048858                . = ALIGN (0x8)
                0x00000000d0048858                __stack_end__ = .

.rodata
 *(.rodata*)
                [!provide]                        PROVIDE (__app_end_clear = __stack_end__)
                [!provide]                        PROVIDE (_estack = __stack_end__)
                0x00000000d0048858                _end = .
                0x00000000d0048858                __app_end = .
OUTPUT(compiled/applet.elf elf32-littlearm)
LOAD linker stubs

.ARM.attributes
                0x0000000000000000       0x2e
 .ARM.attributes
                0x0000000000000000       0x1e /home/kbox/sidbox-applet-compiler/tools/bin/../lib/gcc/arm-none-eabi/9.3.1/thumb/v7e-m+dp/hard/crti.o
 .ARM.attributes
                0x000000000000001e       0x2c compiled/../../_coreapi_/graphics/graphics.o
 .ARM.attributes
                0x000000000000004a       0x2c compiled/../../_coreapi_/syscalls.o
 .ARM.attributes
                0x0000000000000076       0x2c compiled/../../_coreapi_/audio/audio.o
 .ARM.attributes
                0x00000000000000a2       0x31 compiled/project/resource.o
 .ARM.attributes
                0x00000000000000d3       0x2c compiled/project/sound.o
 .ARM.attributes
                0x00000000000000ff       0x2c compiled/project/player.o
 .ARM.attributes
                0x000000000000012b       0x2c compiled/project/astroids.o
 .ARM.attributes
                0x0000000000000157       0x2c compiled/project/graphics.o
 .ARM.attributes
                0x0000000000000183       0x2c compiled/project/functions.o
 .ARM.attributes
                0x00000000000001af       0x2c compiled/project/main.o
 .ARM.attributes
                0x00000000000001db       0x32 /home/kbox/sidbox-applet-compiler/tools/bin/../lib/gcc/arm-none-eabi/9.3.1/../../../../arm-none-eabi/lib/thumb/v7e-m+dp/hard/libc_nano.a(lib_a-errno.o)
 .ARM.attributes
                0x000000000000020d       0x30 /home/kbox/sidbox-applet-compiler/tools/bin/../lib/gcc/arm-none-eabi/9.3.1/../../../../arm-none-eabi/lib/thumb/v7e-m+dp/hard/libc_nano.a(lib_a-impure.o)
 .ARM.attributes
                0x000000000000023d       0x32 /home/kbox/sidbox-applet-compiler/tools/bin/../lib/gcc/arm-none-eabi/9.3.1/../../../../arm-none-eabi/lib/thumb/v7e-m+dp/hard/libc_nano.a(lib_a-malloc.o)
 .ARM.attributes
                0x000000000000026f       0x32 /home/kbox/sidbox-applet-compiler/tools/bin/../lib/gcc/arm-none-eabi/9.3.1/../../../../arm-none-eabi/lib/thumb/v7e-m+dp/hard/libc_nano.a(lib_a-memcmp.o)
 .ARM.attributes
                0x00000000000002a1       0x32 /home/kbox/sidbox-applet-compiler/tools/bin/../lib/gcc/arm-none-eabi/9.3.1/../../../../arm-none-eabi/lib/thumb/v7e-m+dp/hard/libc_nano.a(lib_a-memcpy-stub.o)
 .ARM.attributes
                0x00000000000002d3       0x32 /home/kbox/sidbox-applet-compiler/tools/bin/../lib/gcc/arm-none-eabi/9.3.1/../../../../arm-none-eabi/lib/thumb/v7e-m+dp/hard/libc_nano.a(lib_a-memset.o)
 .ARM.attributes
                0x0000000000000305       0x32 /home/kbox/sidbox-applet-compiler/tools/bin/../lib/gcc/arm-none-eabi/9.3.1/../../../../arm-none-eabi/lib/thumb/v7e-m+dp/hard/libc_nano.a(lib_a-nano-freer.o)
 .ARM.attributes
                0x0000000000000337       0x32 /home/kbox/sidbox-applet-compiler/tools/bin/../lib/gcc/arm-none-eabi/9.3.1/../../../../arm-none-eabi/lib/thumb/v7e-m+dp/hard/libc_nano.a(lib_a-nano-mallocr.o)
 .ARM.attributes
                0x0000000000000369       0x32 /home/kbox/sidbox-applet-compiler/tools/bin/../lib/gcc/arm-none-eabi/9.3.1/../../../../arm-none-eabi/lib/thumb/v7e-m+dp/hard/libc_nano.a(lib_a-setbuf.o)
 .ARM.attributes
                0x000000000000039b       0x32 /home/kbox/sidbox-applet-compiler/tools/bin/../lib/gcc/arm-none-eabi/9.3.1/../../../../arm-none-eabi/lib/thumb/v7e-m+dp/hard/libc_nano.a(lib_a-setvbuf.o)
 .ARM.attributes
                0x00000000000003cd       0x32 /home/kbox/sidbox-applet-compiler/tools/bin/../lib/gcc/arm-none-eabi/9.3.1/../../../../arm-none-eabi/lib/thumb/v7e-m+dp/hard/libc_nano.a(lib_a-sprintf.o)
 .ARM.attributes
                0x00000000000003ff       0x32 /home/kbox/sidbox-applet-compiler/tools/bin/../lib/gcc/arm-none-eabi/9.3.1/../../../../arm-none-eabi/lib/thumb/v7e-m+dp/hard/libc_nano.a(lib_a-fflush.o)
 .ARM.attributes
                0x0000000000000431       0x32 /home/kbox/sidbox-applet-compiler/tools/bin/../lib/gcc/arm-none-eabi/9.3.1/../../../../arm-none-eabi/lib/thumb/v7e-m+dp/hard/libc_nano.a(lib_a-findfp.o)
 .ARM.attributes
                0x0000000000000463       0x32 /home/kbox/sidbox-applet-compiler/tools/bin/../lib/gcc/arm-none-eabi/9.3.1/../../../../arm-none-eabi/lib/thumb/v7e-m+dp/hard/libc_nano.a(lib_a-fwalk.o)
 .ARM.attributes
                0x0000000000000495       0x32 /home/kbox/sidbox-applet-compiler/tools/bin/../lib/gcc/arm-none-eabi/9.3.1/../../../../arm-none-eabi/lib/thumb/v7e-m+dp/hard/libc_nano.a(lib_a-lock.o)
 .ARM.attributes
                0x00000000000004c7       0x32 /home/kbox/sidbox-applet-compiler/tools/bin/../lib/gcc/arm-none-eabi/9.3.1/../../../../arm-none-eabi/lib/thumb/v7e-m+dp/hard/libc_nano.a(lib_a-makebuf.o)
 .ARM.attributes
                0x00000000000004f9       0x32 /home/kbox/sidbox-applet-compiler/tools/bin/../lib/gcc/arm-none-eabi/9.3.1/../../../../arm-none-eabi/lib/thumb/v7e-m+dp/hard/libc_nano.a(lib_a-mlock.o)
 .ARM.attributes
                0x000000000000052b       0x32 /home/kbox/sidbox-applet-compiler/tools/bin/../lib/gcc/arm-none-eabi/9.3.1/../../../../arm-none-eabi/lib/thumb/v7e-m+dp/hard/libc_nano.a(lib_a-nano-svfprintf.o)
 .ARM.attributes
                0x000000000000055d       0x32 /home/kbox/sidbox-applet-compiler/tools/bin/../lib/gcc/arm-none-eabi/9.3.1/../../../../arm-none-eabi/lib/thumb/v7e-m+dp/hard/libc_nano.a(lib_a-nano-vfprintf_i.o)
 .ARM.attributes
                0x000000000000058f       0x32 /home/kbox/sidbox-applet-compiler/tools/bin/../lib/gcc/arm-none-eabi/9.3.1/../../../../arm-none-eabi/lib/thumb/v7e-m+dp/hard/libc_nano.a(lib_a-stdio.o)
 .ARM.attributes
                0x00000000000005c1       0x32 /home/kbox/sidbox-applet-compiler/tools/bin/../lib/gcc/arm-none-eabi/9.3.1/../../../../arm-none-eabi/lib/thumb/v7e-m+dp/hard/libc_nano.a(lib_a-closer.o)
 .ARM.attributes
                0x00000000000005f3       0x32 /home/kbox/sidbox-applet-compiler/tools/bin/../lib/gcc/arm-none-eabi/9.3.1/../../../../arm-none-eabi/lib/thumb/v7e-m+dp/hard/libc_nano.a(lib_a-fstatr.o)
 .ARM.attributes
                0x0000000000000625       0x32 /home/kbox/sidbox-applet-compiler/tools/bin/../lib/gcc/arm-none-eabi/9.3.1/../../../../arm-none-eabi/lib/thumb/v7e-m+dp/hard/libc_nano.a(lib_a-lseekr.o)
 .ARM.attributes
                0x0000000000000657       0x1c /home/kbox/sidbox-applet-compiler/tools/bin/../lib/gcc/arm-none-eabi/9.3.1/../../../../arm-none-eabi/lib/thumb/v7e-m+dp/hard/libc_nano.a(lib_a-memchr.o)
 .ARM.attributes
                0x0000000000000673       0x32 /home/kbox/sidbox-applet-compiler/tools/bin/../lib/gcc/arm-none-eabi/9.3.1/../../../../arm-none-eabi/lib/thumb/v7e-m+dp/hard/libc_nano.a(lib_a-memmove.o)
 .ARM.attributes
                0x00000000000006a5       0x32 /home/kbox/sidbox-applet-compiler/tools/bin/../lib/gcc/arm-none-eabi/9.3.1/../../../../arm-none-eabi/lib/thumb/v7e-m+dp/hard/libc_nano.a(lib_a-nano-reallocr.o)
 .ARM.attributes
                0x00000000000006d7       0x32 /home/kbox/sidbox-applet-compiler/tools/bin/../lib/gcc/arm-none-eabi/9.3.1/../../../../arm-none-eabi/lib/thumb/v7e-m+dp/hard/libc_nano.a(lib_a-readr.o)
 .ARM.attributes
                0x0000000000000709       0x32 /home/kbox/sidbox-applet-compiler/tools/bin/../lib/gcc/arm-none-eabi/9.3.1/../../../../arm-none-eabi/lib/thumb/v7e-m+dp/hard/libc_nano.a(lib_a-reent.o)
 .ARM.attributes
                0x000000000000073b       0x32 /home/kbox/sidbox-applet-compiler/tools/bin/../lib/gcc/arm-none-eabi/9.3.1/../../../../arm-none-eabi/lib/thumb/v7e-m+dp/hard/libc_nano.a(lib_a-nano-msizer.o)

.comment        0x0000000000000000       0x53
 .comment       0x0000000000000000       0x53 compiled/../../_coreapi_/graphics/graphics.o
                                         0x54 (size before relaxing)
 .comment       0x0000000000000053       0x54 compiled/../../_coreapi_/syscalls.o
 .comment       0x0000000000000053       0x54 compiled/../../_coreapi_/audio/audio.o
 .comment       0x0000000000000053       0x54 compiled/project/resource.o
 .comment       0x0000000000000053       0x54 compiled/project/sound.o
 .comment       0x0000000000000053       0x54 compiled/project/player.o
 .comment       0x0000000000000053       0x54 compiled/project/astroids.o
 .comment       0x0000000000000053       0x54 compiled/project/graphics.o
 .comment       0x0000000000000053       0x54 compiled/project/functions.o
 .comment       0x0000000000000053       0x54 compiled/project/main.o

.debug_frame    0x0000000000000000      0x82c
 .debug_frame   0x0000000000000000       0x20 /home/kbox/sidbox-applet-compiler/tools/bin/../lib/gcc/arm-none-eabi/9.3.1/../../../../arm-none-eabi/lib/thumb/v7e-m+dp/hard/libc_nano.a(lib_a-errno.o)
 .debug_frame   0x0000000000000020       0x30 /home/kbox/sidbox-applet-compiler/tools/bin/../lib/gcc/arm-none-eabi/9.3.1/../../../../arm-none-eabi/lib/thumb/v7e-m+dp/hard/libc_nano.a(lib_a-malloc.o)
 .debug_frame   0x0000000000000050       0x2c /home/kbox/sidbox-applet-compiler/tools/bin/../lib/gcc/arm-none-eabi/9.3.1/../../../../arm-none-eabi/lib/thumb/v7e-m+dp/hard/libc_nano.a(lib_a-memcmp.o)
 .debug_frame   0x000000000000007c       0x28 /home/kbox/sidbox-applet-compiler/tools/bin/../lib/gcc/arm-none-eabi/9.3.1/../../../../arm-none-eabi/lib/thumb/v7e-m+dp/hard/libc_nano.a(lib_a-memcpy-stub.o)
 .debug_frame   0x00000000000000a4       0x20 /home/kbox/sidbox-applet-compiler/tools/bin/../lib/gcc/arm-none-eabi/9.3.1/../../../../arm-none-eabi/lib/thumb/v7e-m+dp/hard/libc_nano.a(lib_a-memset.o)
 .debug_frame   0x00000000000000c4       0x38 /home/kbox/sidbox-applet-compiler/tools/bin/../lib/gcc/arm-none-eabi/9.3.1/../../../../arm-none-eabi/lib/thumb/v7e-m+dp/hard/libc_nano.a(lib_a-nano-freer.o)
 .debug_frame   0x00000000000000fc       0x30 /home/kbox/sidbox-applet-compiler/tools/bin/../lib/gcc/arm-none-eabi/9.3.1/../../../../arm-none-eabi/lib/thumb/v7e-m+dp/hard/libc_nano.a(lib_a-nano-mallocr.o)
 .debug_frame   0x000000000000012c       0x20 /home/kbox/sidbox-applet-compiler/tools/bin/../lib/gcc/arm-none-eabi/9.3.1/../../../../arm-none-eabi/lib/thumb/v7e-m+dp/hard/libc_nano.a(lib_a-setbuf.o)
 .debug_frame   0x000000000000014c       0x38 /home/kbox/sidbox-applet-compiler/tools/bin/../lib/gcc/arm-none-eabi/9.3.1/../../../../arm-none-eabi/lib/thumb/v7e-m+dp/hard/libc_nano.a(lib_a-setvbuf.o)
 .debug_frame   0x0000000000000184       0x6c /home/kbox/sidbox-applet-compiler/tools/bin/../lib/gcc/arm-none-eabi/9.3.1/../../../../arm-none-eabi/lib/thumb/v7e-m+dp/hard/libc_nano.a(lib_a-sprintf.o)
 .debug_frame   0x00000000000001f0       0x5c /home/kbox/sidbox-applet-compiler/tools/bin/../lib/gcc/arm-none-eabi/9.3.1/../../../../arm-none-eabi/lib/thumb/v7e-m+dp/hard/libc_nano.a(lib_a-fflush.o)
 .debug_frame   0x000000000000024c      0x14c /home/kbox/sidbox-applet-compiler/tools/bin/../lib/gcc/arm-none-eabi/9.3.1/../../../../arm-none-eabi/lib/thumb/v7e-m+dp/hard/libc_nano.a(lib_a-findfp.o)
 .debug_frame   0x0000000000000398       0x54 /home/kbox/sidbox-applet-compiler/tools/bin/../lib/gcc/arm-none-eabi/9.3.1/../../../../arm-none-eabi/lib/thumb/v7e-m+dp/hard/libc_nano.a(lib_a-fwalk.o)
 .debug_frame   0x00000000000003ec       0xb0 /home/kbox/sidbox-applet-compiler/tools/bin/../lib/gcc/arm-none-eabi/9.3.1/../../../../arm-none-eabi/lib/thumb/v7e-m+dp/hard/libc_nano.a(lib_a-lock.o)
 .debug_frame   0x000000000000049c       0x58 /home/kbox/sidbox-applet-compiler/tools/bin/../lib/gcc/arm-none-eabi/9.3.1/../../../../arm-none-eabi/lib/thumb/v7e-m+dp/hard/libc_nano.a(lib_a-makebuf.o)
 .debug_frame   0x00000000000004f4       0x30 /home/kbox/sidbox-applet-compiler/tools/bin/../lib/gcc/arm-none-eabi/9.3.1/../../../../arm-none-eabi/lib/thumb/v7e-m+dp/hard/libc_nano.a(lib_a-mlock.o)
 .debug_frame   0x0000000000000524       0x90 /home/kbox/sidbox-applet-compiler/tools/bin/../lib/gcc/arm-none-eabi/9.3.1/../../../../arm-none-eabi/lib/thumb/v7e-m+dp/hard/libc_nano.a(lib_a-nano-svfprintf.o)
 .debug_frame   0x00000000000005b4       0x60 /home/kbox/sidbox-applet-compiler/tools/bin/../lib/gcc/arm-none-eabi/9.3.1/../../../../arm-none-eabi/lib/thumb/v7e-m+dp/hard/libc_nano.a(lib_a-nano-vfprintf_i.o)
 .debug_frame   0x0000000000000614       0x88 /home/kbox/sidbox-applet-compiler/tools/bin/../lib/gcc/arm-none-eabi/9.3.1/../../../../arm-none-eabi/lib/thumb/v7e-m+dp/hard/libc_nano.a(lib_a-stdio.o)
 .debug_frame   0x000000000000069c       0x2c /home/kbox/sidbox-applet-compiler/tools/bin/../lib/gcc/arm-none-eabi/9.3.1/../../../../arm-none-eabi/lib/thumb/v7e-m+dp/hard/libc_nano.a(lib_a-closer.o)
 .debug_frame   0x00000000000006c8       0x2c /home/kbox/sidbox-applet-compiler/tools/bin/../lib/gcc/arm-none-eabi/9.3.1/../../../../arm-none-eabi/lib/thumb/v7e-m+dp/hard/libc_nano.a(lib_a-fstatr.o)
 .debug_frame   0x00000000000006f4       0x2c /home/kbox/sidbox-applet-compiler/tools/bin/../lib/gcc/arm-none-eabi/9.3.1/../../../../arm-none-eabi/lib/thumb/v7e-m+dp/hard/libc_nano.a(lib_a-lseekr.o)
 .debug_frame   0x0000000000000720       0x28 /home/kbox/sidbox-applet-compiler/tools/bin/../lib/gcc/arm-none-eabi/9.3.1/../../../../arm-none-eabi/lib/thumb/v7e-m+dp/hard/libc_nano.a(lib_a-memmove.o)
 .debug_frame   0x0000000000000748       0x3c /home/kbox/sidbox-applet-compiler/tools/bin/../lib/gcc/arm-none-eabi/9.3.1/../../../../arm-none-eabi/lib/thumb/v7e-m+dp/hard/libc_nano.a(lib_a-nano-reallocr.o)
 .debug_frame   0x0000000000000784       0x2c /home/kbox/sidbox-applet-compiler/tools/bin/../lib/gcc/arm-none-eabi/9.3.1/../../../../arm-none-eabi/lib/thumb/v7e-m+dp/hard/libc_nano.a(lib_a-readr.o)
 .debug_frame   0x00000000000007b0       0x5c /home/kbox/sidbox-applet-compiler/tools/bin/../lib/gcc/arm-none-eabi/9.3.1/../../../../arm-none-eabi/lib/thumb/v7e-m+dp/hard/libc_nano.a(lib_a-reent.o)
 .debug_frame   0x000000000000080c       0x20 /home/kbox/sidbox-applet-compiler/tools/bin/../lib/gcc/arm-none-eabi/9.3.1/../../../../arm-none-eabi/lib/thumb/v7e-m+dp/hard/libc_nano.a(lib_a-nano-msizer.o)
